<?xml version="1.0" encoding="ISO-8859-1" ?>
<link_info>
   <banner>TI ARM Linker Unix v20.2.1.LTS</banner>
   <copyright>Copyright (c) 1996-2018 Texas Instruments Incorporated</copyright>
   <link_time>0x67603813</link_time>
   <link_errors>0x0</link_errors>
   <output_file>Nema17.out</output_file>
   <entry_point>
      <name>_c_int00_noargs</name>
      <address>0x486d</address>
   </entry_point>
   <input_file_list>
      <input_file id="fl-2">
         <path>./</path>
         <kind>object</kind>
         <file>hello.obj</file>
         <name>hello.obj</name>
      </input_file>
      <input_file id="fl-3">
         <path>./</path>
         <kind>object</kind>
         <file>tm4c123gh6pm_startup_ccs.obj</file>
         <name>tm4c123gh6pm_startup_ccs.obj</name>
      </input_file>
      <input_file id="fl-4">
         <path>./BasicMathFunctions/</path>
         <kind>object</kind>
         <file>arm_abs_f32.obj</file>
         <name>arm_abs_f32.obj</name>
      </input_file>
      <input_file id="fl-5">
         <path>./BasicMathFunctions/</path>
         <kind>object</kind>
         <file>arm_abs_q15.obj</file>
         <name>arm_abs_q15.obj</name>
      </input_file>
      <input_file id="fl-6">
         <path>./BasicMathFunctions/</path>
         <kind>object</kind>
         <file>arm_abs_q31.obj</file>
         <name>arm_abs_q31.obj</name>
      </input_file>
      <input_file id="fl-7">
         <path>./BasicMathFunctions/</path>
         <kind>object</kind>
         <file>arm_abs_q7.obj</file>
         <name>arm_abs_q7.obj</name>
      </input_file>
      <input_file id="fl-8">
         <path>./BasicMathFunctions/</path>
         <kind>object</kind>
         <file>arm_add_f32.obj</file>
         <name>arm_add_f32.obj</name>
      </input_file>
      <input_file id="fl-9">
         <path>./BasicMathFunctions/</path>
         <kind>object</kind>
         <file>arm_add_q15.obj</file>
         <name>arm_add_q15.obj</name>
      </input_file>
      <input_file id="fl-a">
         <path>./BasicMathFunctions/</path>
         <kind>object</kind>
         <file>arm_add_q31.obj</file>
         <name>arm_add_q31.obj</name>
      </input_file>
      <input_file id="fl-b">
         <path>./BasicMathFunctions/</path>
         <kind>object</kind>
         <file>arm_add_q7.obj</file>
         <name>arm_add_q7.obj</name>
      </input_file>
      <input_file id="fl-c">
         <path>./BasicMathFunctions/</path>
         <kind>object</kind>
         <file>arm_dot_prod_f32.obj</file>
         <name>arm_dot_prod_f32.obj</name>
      </input_file>
      <input_file id="fl-d">
         <path>./BasicMathFunctions/</path>
         <kind>object</kind>
         <file>arm_dot_prod_q15.obj</file>
         <name>arm_dot_prod_q15.obj</name>
      </input_file>
      <input_file id="fl-e">
         <path>./BasicMathFunctions/</path>
         <kind>object</kind>
         <file>arm_dot_prod_q31.obj</file>
         <name>arm_dot_prod_q31.obj</name>
      </input_file>
      <input_file id="fl-f">
         <path>./BasicMathFunctions/</path>
         <kind>object</kind>
         <file>arm_dot_prod_q7.obj</file>
         <name>arm_dot_prod_q7.obj</name>
      </input_file>
      <input_file id="fl-10">
         <path>./BasicMathFunctions/</path>
         <kind>object</kind>
         <file>arm_mult_f32.obj</file>
         <name>arm_mult_f32.obj</name>
      </input_file>
      <input_file id="fl-11">
         <path>./BasicMathFunctions/</path>
         <kind>object</kind>
         <file>arm_mult_q15.obj</file>
         <name>arm_mult_q15.obj</name>
      </input_file>
      <input_file id="fl-12">
         <path>./BasicMathFunctions/</path>
         <kind>object</kind>
         <file>arm_mult_q31.obj</file>
         <name>arm_mult_q31.obj</name>
      </input_file>
      <input_file id="fl-13">
         <path>./BasicMathFunctions/</path>
         <kind>object</kind>
         <file>arm_mult_q7.obj</file>
         <name>arm_mult_q7.obj</name>
      </input_file>
      <input_file id="fl-14">
         <path>./BasicMathFunctions/</path>
         <kind>object</kind>
         <file>arm_negate_f32.obj</file>
         <name>arm_negate_f32.obj</name>
      </input_file>
      <input_file id="fl-15">
         <path>./BasicMathFunctions/</path>
         <kind>object</kind>
         <file>arm_negate_q15.obj</file>
         <name>arm_negate_q15.obj</name>
      </input_file>
      <input_file id="fl-16">
         <path>./BasicMathFunctions/</path>
         <kind>object</kind>
         <file>arm_negate_q31.obj</file>
         <name>arm_negate_q31.obj</name>
      </input_file>
      <input_file id="fl-17">
         <path>./BasicMathFunctions/</path>
         <kind>object</kind>
         <file>arm_negate_q7.obj</file>
         <name>arm_negate_q7.obj</name>
      </input_file>
      <input_file id="fl-18">
         <path>./BasicMathFunctions/</path>
         <kind>object</kind>
         <file>arm_offset_f32.obj</file>
         <name>arm_offset_f32.obj</name>
      </input_file>
      <input_file id="fl-19">
         <path>./BasicMathFunctions/</path>
         <kind>object</kind>
         <file>arm_offset_q15.obj</file>
         <name>arm_offset_q15.obj</name>
      </input_file>
      <input_file id="fl-1a">
         <path>./BasicMathFunctions/</path>
         <kind>object</kind>
         <file>arm_offset_q31.obj</file>
         <name>arm_offset_q31.obj</name>
      </input_file>
      <input_file id="fl-1b">
         <path>./BasicMathFunctions/</path>
         <kind>object</kind>
         <file>arm_offset_q7.obj</file>
         <name>arm_offset_q7.obj</name>
      </input_file>
      <input_file id="fl-1c">
         <path>./BasicMathFunctions/</path>
         <kind>object</kind>
         <file>arm_scale_f32.obj</file>
         <name>arm_scale_f32.obj</name>
      </input_file>
      <input_file id="fl-1d">
         <path>./BasicMathFunctions/</path>
         <kind>object</kind>
         <file>arm_scale_q15.obj</file>
         <name>arm_scale_q15.obj</name>
      </input_file>
      <input_file id="fl-1e">
         <path>./BasicMathFunctions/</path>
         <kind>object</kind>
         <file>arm_scale_q31.obj</file>
         <name>arm_scale_q31.obj</name>
      </input_file>
      <input_file id="fl-1f">
         <path>./BasicMathFunctions/</path>
         <kind>object</kind>
         <file>arm_scale_q7.obj</file>
         <name>arm_scale_q7.obj</name>
      </input_file>
      <input_file id="fl-20">
         <path>./BasicMathFunctions/</path>
         <kind>object</kind>
         <file>arm_shift_q15.obj</file>
         <name>arm_shift_q15.obj</name>
      </input_file>
      <input_file id="fl-21">
         <path>./BasicMathFunctions/</path>
         <kind>object</kind>
         <file>arm_shift_q31.obj</file>
         <name>arm_shift_q31.obj</name>
      </input_file>
      <input_file id="fl-22">
         <path>./BasicMathFunctions/</path>
         <kind>object</kind>
         <file>arm_shift_q7.obj</file>
         <name>arm_shift_q7.obj</name>
      </input_file>
      <input_file id="fl-23">
         <path>./BasicMathFunctions/</path>
         <kind>object</kind>
         <file>arm_sub_f32.obj</file>
         <name>arm_sub_f32.obj</name>
      </input_file>
      <input_file id="fl-24">
         <path>./BasicMathFunctions/</path>
         <kind>object</kind>
         <file>arm_sub_q15.obj</file>
         <name>arm_sub_q15.obj</name>
      </input_file>
      <input_file id="fl-25">
         <path>./BasicMathFunctions/</path>
         <kind>object</kind>
         <file>arm_sub_q31.obj</file>
         <name>arm_sub_q31.obj</name>
      </input_file>
      <input_file id="fl-26">
         <path>./BasicMathFunctions/</path>
         <kind>object</kind>
         <file>arm_sub_q7.obj</file>
         <name>arm_sub_q7.obj</name>
      </input_file>
      <input_file id="fl-27">
         <path>./CommonTables/</path>
         <kind>object</kind>
         <file>arm_common_tables.obj</file>
         <name>arm_common_tables.obj</name>
      </input_file>
      <input_file id="fl-28">
         <path>./CommonTables/</path>
         <kind>object</kind>
         <file>arm_const_structs.obj</file>
         <name>arm_const_structs.obj</name>
      </input_file>
      <input_file id="fl-29">
         <path>./FastMathFunctions/</path>
         <kind>object</kind>
         <file>arm_cos_f32.obj</file>
         <name>arm_cos_f32.obj</name>
      </input_file>
      <input_file id="fl-2a">
         <path>./FastMathFunctions/</path>
         <kind>object</kind>
         <file>arm_cos_q15.obj</file>
         <name>arm_cos_q15.obj</name>
      </input_file>
      <input_file id="fl-2b">
         <path>./FastMathFunctions/</path>
         <kind>object</kind>
         <file>arm_cos_q31.obj</file>
         <name>arm_cos_q31.obj</name>
      </input_file>
      <input_file id="fl-2c">
         <path>./FastMathFunctions/</path>
         <kind>object</kind>
         <file>arm_sin_f32.obj</file>
         <name>arm_sin_f32.obj</name>
      </input_file>
      <input_file id="fl-2d">
         <path>./FastMathFunctions/</path>
         <kind>object</kind>
         <file>arm_sin_q15.obj</file>
         <name>arm_sin_q15.obj</name>
      </input_file>
      <input_file id="fl-2e">
         <path>./FastMathFunctions/</path>
         <kind>object</kind>
         <file>arm_sin_q31.obj</file>
         <name>arm_sin_q31.obj</name>
      </input_file>
      <input_file id="fl-2f">
         <path>./FastMathFunctions/</path>
         <kind>object</kind>
         <file>arm_sqrt_q15.obj</file>
         <name>arm_sqrt_q15.obj</name>
      </input_file>
      <input_file id="fl-30">
         <path>./FastMathFunctions/</path>
         <kind>object</kind>
         <file>arm_sqrt_q31.obj</file>
         <name>arm_sqrt_q31.obj</name>
      </input_file>
      <input_file id="fl-31">
         <path>./FreeRTOS/Source/</path>
         <kind>object</kind>
         <file>croutine.obj</file>
         <name>croutine.obj</name>
      </input_file>
      <input_file id="fl-32">
         <path>./FreeRTOS/Source/</path>
         <kind>object</kind>
         <file>event_groups.obj</file>
         <name>event_groups.obj</name>
      </input_file>
      <input_file id="fl-33">
         <path>./FreeRTOS/Source/</path>
         <kind>object</kind>
         <file>list.obj</file>
         <name>list.obj</name>
      </input_file>
      <input_file id="fl-34">
         <path>./FreeRTOS/Source/</path>
         <kind>object</kind>
         <file>queue.obj</file>
         <name>queue.obj</name>
      </input_file>
      <input_file id="fl-35">
         <path>./FreeRTOS/Source/</path>
         <kind>object</kind>
         <file>stream_buffer.obj</file>
         <name>stream_buffer.obj</name>
      </input_file>
      <input_file id="fl-36">
         <path>./FreeRTOS/Source/</path>
         <kind>object</kind>
         <file>tasks.obj</file>
         <name>tasks.obj</name>
      </input_file>
      <input_file id="fl-37">
         <path>./FreeRTOS/Source/</path>
         <kind>object</kind>
         <file>timers.obj</file>
         <name>timers.obj</name>
      </input_file>
      <input_file id="fl-38">
         <path>./FreeRTOS/Source/portable/CCS/ARM_CM4F/</path>
         <kind>object</kind>
         <file>port.obj</file>
         <name>port.obj</name>
      </input_file>
      <input_file id="fl-39">
         <path>./FreeRTOS/Source/portable/CCS/ARM_CM4F/</path>
         <kind>object</kind>
         <file>portasm.obj</file>
         <name>portasm.obj</name>
      </input_file>
      <input_file id="fl-3a">
         <path>./FreeRTOS/Source/portable/MemMang/</path>
         <kind>object</kind>
         <file>heap_2.obj</file>
         <name>heap_2.obj</name>
      </input_file>
      <input_file id="fl-3b">
         <path>./MatrixFunctions/</path>
         <kind>object</kind>
         <file>arm_mat_add_f32.obj</file>
         <name>arm_mat_add_f32.obj</name>
      </input_file>
      <input_file id="fl-3c">
         <path>./MatrixFunctions/</path>
         <kind>object</kind>
         <file>arm_mat_add_q15.obj</file>
         <name>arm_mat_add_q15.obj</name>
      </input_file>
      <input_file id="fl-3d">
         <path>./MatrixFunctions/</path>
         <kind>object</kind>
         <file>arm_mat_add_q31.obj</file>
         <name>arm_mat_add_q31.obj</name>
      </input_file>
      <input_file id="fl-3e">
         <path>./MatrixFunctions/</path>
         <kind>object</kind>
         <file>arm_mat_cmplx_mult_f32.obj</file>
         <name>arm_mat_cmplx_mult_f32.obj</name>
      </input_file>
      <input_file id="fl-3f">
         <path>./MatrixFunctions/</path>
         <kind>object</kind>
         <file>arm_mat_cmplx_mult_q15.obj</file>
         <name>arm_mat_cmplx_mult_q15.obj</name>
      </input_file>
      <input_file id="fl-40">
         <path>./MatrixFunctions/</path>
         <kind>object</kind>
         <file>arm_mat_cmplx_mult_q31.obj</file>
         <name>arm_mat_cmplx_mult_q31.obj</name>
      </input_file>
      <input_file id="fl-41">
         <path>./MatrixFunctions/</path>
         <kind>object</kind>
         <file>arm_mat_init_f32.obj</file>
         <name>arm_mat_init_f32.obj</name>
      </input_file>
      <input_file id="fl-42">
         <path>./MatrixFunctions/</path>
         <kind>object</kind>
         <file>arm_mat_init_q15.obj</file>
         <name>arm_mat_init_q15.obj</name>
      </input_file>
      <input_file id="fl-43">
         <path>./MatrixFunctions/</path>
         <kind>object</kind>
         <file>arm_mat_init_q31.obj</file>
         <name>arm_mat_init_q31.obj</name>
      </input_file>
      <input_file id="fl-44">
         <path>./MatrixFunctions/</path>
         <kind>object</kind>
         <file>arm_mat_inverse_f32.obj</file>
         <name>arm_mat_inverse_f32.obj</name>
      </input_file>
      <input_file id="fl-45">
         <path>./MatrixFunctions/</path>
         <kind>object</kind>
         <file>arm_mat_inverse_f64.obj</file>
         <name>arm_mat_inverse_f64.obj</name>
      </input_file>
      <input_file id="fl-46">
         <path>./MatrixFunctions/</path>
         <kind>object</kind>
         <file>arm_mat_mult_f32.obj</file>
         <name>arm_mat_mult_f32.obj</name>
      </input_file>
      <input_file id="fl-47">
         <path>./MatrixFunctions/</path>
         <kind>object</kind>
         <file>arm_mat_mult_fast_q15.obj</file>
         <name>arm_mat_mult_fast_q15.obj</name>
      </input_file>
      <input_file id="fl-48">
         <path>./MatrixFunctions/</path>
         <kind>object</kind>
         <file>arm_mat_mult_fast_q31.obj</file>
         <name>arm_mat_mult_fast_q31.obj</name>
      </input_file>
      <input_file id="fl-49">
         <path>./MatrixFunctions/</path>
         <kind>object</kind>
         <file>arm_mat_mult_q15.obj</file>
         <name>arm_mat_mult_q15.obj</name>
      </input_file>
      <input_file id="fl-4a">
         <path>./MatrixFunctions/</path>
         <kind>object</kind>
         <file>arm_mat_mult_q31.obj</file>
         <name>arm_mat_mult_q31.obj</name>
      </input_file>
      <input_file id="fl-4b">
         <path>./MatrixFunctions/</path>
         <kind>object</kind>
         <file>arm_mat_scale_f32.obj</file>
         <name>arm_mat_scale_f32.obj</name>
      </input_file>
      <input_file id="fl-4c">
         <path>./MatrixFunctions/</path>
         <kind>object</kind>
         <file>arm_mat_scale_q15.obj</file>
         <name>arm_mat_scale_q15.obj</name>
      </input_file>
      <input_file id="fl-4d">
         <path>./MatrixFunctions/</path>
         <kind>object</kind>
         <file>arm_mat_scale_q31.obj</file>
         <name>arm_mat_scale_q31.obj</name>
      </input_file>
      <input_file id="fl-4e">
         <path>./MatrixFunctions/</path>
         <kind>object</kind>
         <file>arm_mat_sub_f32.obj</file>
         <name>arm_mat_sub_f32.obj</name>
      </input_file>
      <input_file id="fl-4f">
         <path>./MatrixFunctions/</path>
         <kind>object</kind>
         <file>arm_mat_sub_q15.obj</file>
         <name>arm_mat_sub_q15.obj</name>
      </input_file>
      <input_file id="fl-50">
         <path>./MatrixFunctions/</path>
         <kind>object</kind>
         <file>arm_mat_sub_q31.obj</file>
         <name>arm_mat_sub_q31.obj</name>
      </input_file>
      <input_file id="fl-51">
         <path>./MatrixFunctions/</path>
         <kind>object</kind>
         <file>arm_mat_trans_f32.obj</file>
         <name>arm_mat_trans_f32.obj</name>
      </input_file>
      <input_file id="fl-52">
         <path>./MatrixFunctions/</path>
         <kind>object</kind>
         <file>arm_mat_trans_q15.obj</file>
         <name>arm_mat_trans_q15.obj</name>
      </input_file>
      <input_file id="fl-53">
         <path>./MatrixFunctions/</path>
         <kind>object</kind>
         <file>arm_mat_trans_q31.obj</file>
         <name>arm_mat_trans_q31.obj</name>
      </input_file>
      <input_file id="fl-54">
         <path>./SpecLibs/ADC_DMA_BurstMode/</path>
         <kind>object</kind>
         <file>ADC_DMA.obj</file>
         <name>ADC_DMA.obj</name>
      </input_file>
      <input_file id="fl-55">
         <path>./SpecLibs/AS7341/</path>
         <kind>object</kind>
         <file>AS7341.obj</file>
         <name>AS7341.obj</name>
      </input_file>
      <input_file id="fl-56">
         <path>./SpecLibs/DRV8825/</path>
         <kind>object</kind>
         <file>drv8825.obj</file>
         <name>drv8825.obj</name>
      </input_file>
      <input_file id="fl-57">
         <path>./SpecLibs/LinearMov/</path>
         <kind>object</kind>
         <file>LinMov.obj</file>
         <name>LinMov.obj</name>
      </input_file>
      <input_file id="fl-58">
         <path>./SpecLibs/MonoLight/</path>
         <kind>object</kind>
         <file>mono_light.obj</file>
         <name>mono_light.obj</name>
      </input_file>
      <input_file id="fl-59">
         <path>./SpecLibs/SpecResult/</path>
         <kind>object</kind>
         <file>SpecResult.obj</file>
         <name>SpecResult.obj</name>
      </input_file>
      <input_file id="fl-5a">
         <path>./drivers/</path>
         <kind>object</kind>
         <file>rtos_hw_drivers.obj</file>
         <name>rtos_hw_drivers.obj</name>
      </input_file>
      <input_file id="fl-5b">
         <path>./utils/</path>
         <kind>object</kind>
         <file>uartstdio.obj</file>
         <name>uartstdio.obj</name>
      </input_file>
      <input_file id="fl-5c">
         <path>./utils/</path>
         <kind>object</kind>
         <file>ustdlib.obj</file>
         <name>ustdlib.obj</name>
      </input_file>
      <input_file id="fl-62">
         <kind>object</kind>
         <file>&lt;internal&gt;</file>
         <name>&lt;internal&gt;</name>
      </input_file>
      <input_file id="fl-118">
         <path>/home/jao/ti/ccs1271/ccs/tools/compiler/ti-cgt-arm_20.2.1.LTS/lib/</path>
         <kind>archive</kind>
         <file>rtsv7M4_T_le_v4SPD16_eabi.lib</file>
         <name>e_exp.c.obj</name>
      </input_file>
      <input_file id="fl-119">
         <path>/home/jao/ti/ccs1271/ccs/tools/compiler/ti-cgt-arm_20.2.1.LTS/lib/</path>
         <kind>archive</kind>
         <file>rtsv7M4_T_le_v4SPD16_eabi.lib</file>
         <name>e_pow.c.obj</name>
      </input_file>
      <input_file id="fl-11a">
         <path>/home/jao/ti/ccs1271/ccs/tools/compiler/ti-cgt-arm_20.2.1.LTS/lib/</path>
         <kind>archive</kind>
         <file>rtsv7M4_T_le_v4SPD16_eabi.lib</file>
         <name>e_sqrt.c.obj</name>
      </input_file>
      <input_file id="fl-11b">
         <path>/home/jao/ti/ccs1271/ccs/tools/compiler/ti-cgt-arm_20.2.1.LTS/lib/</path>
         <kind>archive</kind>
         <file>rtsv7M4_T_le_v4SPD16_eabi.lib</file>
         <name>s_scalbn.c.obj</name>
      </input_file>
      <input_file id="fl-11c">
         <path>/home/jao/ti/ccs1271/ccs/tools/compiler/ti-cgt-arm_20.2.1.LTS/lib/</path>
         <kind>archive</kind>
         <file>rtsv7M4_T_le_v4SPD16_eabi.lib</file>
         <name>memset_t2.asm.obj</name>
      </input_file>
      <input_file id="fl-11d">
         <path>/home/jao/ti/ccs1271/ccs/tools/compiler/ti-cgt-arm_20.2.1.LTS/lib/</path>
         <kind>archive</kind>
         <file>rtsv7M4_T_le_v4SPD16_eabi.lib</file>
         <name>fd_add_t2.asm.obj</name>
      </input_file>
      <input_file id="fl-11e">
         <path>/home/jao/ti/ccs1271/ccs/tools/compiler/ti-cgt-arm_20.2.1.LTS/lib/</path>
         <kind>archive</kind>
         <file>rtsv7M4_T_le_v4SPD16_eabi.lib</file>
         <name>fd_cmp_t2.asm.obj</name>
      </input_file>
      <input_file id="fl-11f">
         <path>/home/jao/ti/ccs1271/ccs/tools/compiler/ti-cgt-arm_20.2.1.LTS/lib/</path>
         <kind>archive</kind>
         <file>rtsv7M4_T_le_v4SPD16_eabi.lib</file>
         <name>fd_div_t2.asm.obj</name>
      </input_file>
      <input_file id="fl-120">
         <path>/home/jao/ti/ccs1271/ccs/tools/compiler/ti-cgt-arm_20.2.1.LTS/lib/</path>
         <kind>archive</kind>
         <file>rtsv7M4_T_le_v4SPD16_eabi.lib</file>
         <name>fd_mul_t2.asm.obj</name>
      </input_file>
      <input_file id="fl-121">
         <path>/home/jao/ti/ccs1271/ccs/tools/compiler/ti-cgt-arm_20.2.1.LTS/lib/</path>
         <kind>archive</kind>
         <file>rtsv7M4_T_le_v4SPD16_eabi.lib</file>
         <name>fd_toi_t2.asm.obj</name>
      </input_file>
      <input_file id="fl-122">
         <path>/home/jao/ti/ccs1271/ccs/tools/compiler/ti-cgt-arm_20.2.1.LTS/lib/</path>
         <kind>archive</kind>
         <file>rtsv7M4_T_le_v4SPD16_eabi.lib</file>
         <name>fd_tos_t2.asm.obj</name>
      </input_file>
      <input_file id="fl-123">
         <path>/home/jao/ti/ccs1271/ccs/tools/compiler/ti-cgt-arm_20.2.1.LTS/lib/</path>
         <kind>archive</kind>
         <file>rtsv7M4_T_le_v4SPD16_eabi.lib</file>
         <name>fs_tod_t2.asm.obj</name>
      </input_file>
      <input_file id="fl-124">
         <path>/home/jao/ti/ccs1271/ccs/tools/compiler/ti-cgt-arm_20.2.1.LTS/lib/</path>
         <kind>archive</kind>
         <file>rtsv7M4_T_le_v4SPD16_eabi.lib</file>
         <name>i_tofd_t2.asm.obj</name>
      </input_file>
      <input_file id="fl-125">
         <path>/home/jao/ti/ccs1271/ccs/tools/compiler/ti-cgt-arm_20.2.1.LTS/lib/</path>
         <kind>archive</kind>
         <file>rtsv7M4_T_le_v4SPD16_eabi.lib</file>
         <name>ll_lsl_t2.asm.obj</name>
      </input_file>
      <input_file id="fl-126">
         <path>/home/jao/ti/ccs1271/ccs/tools/compiler/ti-cgt-arm_20.2.1.LTS/lib/</path>
         <kind>archive</kind>
         <file>rtsv7M4_T_le_v4SPD16_eabi.lib</file>
         <name>ll_mul_t2.asm.obj</name>
      </input_file>
      <input_file id="fl-127">
         <path>/home/jao/ti/ccs1271/ccs/tools/compiler/ti-cgt-arm_20.2.1.LTS/lib/</path>
         <kind>archive</kind>
         <file>rtsv7M4_T_le_v4SPD16_eabi.lib</file>
         <name>memcpy_t2.asm.obj</name>
      </input_file>
      <input_file id="fl-128">
         <path>/home/jao/ti/ccs1271/ccs/tools/compiler/ti-cgt-arm_20.2.1.LTS/lib/</path>
         <kind>archive</kind>
         <file>rtsv7M4_T_le_v4SPD16_eabi.lib</file>
         <name>u_divt2.asm.obj</name>
      </input_file>
      <input_file id="fl-129">
         <path>/home/jao/ti/ccs1271/ccs/tools/compiler/ti-cgt-arm_20.2.1.LTS/lib/</path>
         <kind>archive</kind>
         <file>rtsv7M4_T_le_v4SPD16_eabi.lib</file>
         <name>copy_zero_init.c.obj</name>
      </input_file>
      <input_file id="fl-12a">
         <path>/home/jao/ti/ccs1271/ccs/tools/compiler/ti-cgt-arm_20.2.1.LTS/lib/</path>
         <kind>archive</kind>
         <file>rtsv7M4_T_le_v4SPD16_eabi.lib</file>
         <name>copy_decompress_none.c.obj</name>
      </input_file>
      <input_file id="fl-12b">
         <path>/home/jao/ti/ccs1271/ccs/tools/compiler/ti-cgt-arm_20.2.1.LTS/lib/</path>
         <kind>archive</kind>
         <file>rtsv7M4_T_le_v4SPD16_eabi.lib</file>
         <name>copy_decompress_lzss.c.obj</name>
      </input_file>
      <input_file id="fl-12c">
         <path>/home/jao/ti/ccs1271/ccs/tools/compiler/ti-cgt-arm_20.2.1.LTS/lib/</path>
         <kind>archive</kind>
         <file>rtsv7M4_T_le_v4SPD16_eabi.lib</file>
         <name>errno.c.obj</name>
      </input_file>
      <input_file id="fl-12d">
         <path>/home/jao/ti/ccs1271/ccs/tools/compiler/ti-cgt-arm_20.2.1.LTS/lib/</path>
         <kind>archive</kind>
         <file>rtsv7M4_T_le_v4SPD16_eabi.lib</file>
         <name>boot_cortex_m.c.obj</name>
      </input_file>
      <input_file id="fl-12e">
         <path>/home/jao/ti/ccs1271/ccs/tools/compiler/ti-cgt-arm_20.2.1.LTS/lib/</path>
         <kind>archive</kind>
         <file>rtsv7M4_T_le_v4SPD16_eabi.lib</file>
         <name>s_copysign.c.obj</name>
      </input_file>
      <input_file id="fl-12f">
         <path>/home/jao/ti/ccs1271/ccs/tools/compiler/ti-cgt-arm_20.2.1.LTS/lib/</path>
         <kind>archive</kind>
         <file>rtsv7M4_T_le_v4SPD16_eabi.lib</file>
         <name>div0.asm.obj</name>
      </input_file>
      <input_file id="fl-130">
         <path>/home/jao/ti/ccs1271/ccs/tools/compiler/ti-cgt-arm_20.2.1.LTS/lib/</path>
         <kind>archive</kind>
         <file>rtsv7M4_T_le_v4SPD16_eabi.lib</file>
         <name>autoinit.c.obj</name>
      </input_file>
      <input_file id="fl-131">
         <path>/home/jao/ti/ccs1271/ccs/tools/compiler/ti-cgt-arm_20.2.1.LTS/lib/</path>
         <kind>archive</kind>
         <file>rtsv7M4_T_le_v4SPD16_eabi.lib</file>
         <name>pre_init.c.obj</name>
      </input_file>
      <input_file id="fl-132">
         <path>/home/jao/ti/ccs1271/ccs/tools/compiler/ti-cgt-arm_20.2.1.LTS/lib/</path>
         <kind>archive</kind>
         <file>rtsv7M4_T_le_v4SPD16_eabi.lib</file>
         <name>cpy_tbl.c.obj</name>
      </input_file>
      <input_file id="fl-133">
         <path>/home/jao/ti/ccs1271/ccs/tools/compiler/ti-cgt-arm_20.2.1.LTS/lib/</path>
         <kind>archive</kind>
         <file>rtsv7M4_T_le_v4SPD16_eabi.lib</file>
         <name>exit.c.obj</name>
      </input_file>
      <input_file id="fl-134">
         <path>/home/jao/ti/ccs1271/ccs/tools/compiler/ti-cgt-arm_20.2.1.LTS/lib/</path>
         <kind>archive</kind>
         <file>rtsv7M4_T_le_v4SPD16_eabi.lib</file>
         <name>_lock.c.obj</name>
      </input_file>
      <input_file id="fl-135">
         <path>/home/jao/ti/ccs1271/ccs/tools/compiler/ti-cgt-arm_20.2.1.LTS/lib/</path>
         <kind>archive</kind>
         <file>rtsv7M4_T_le_v4SPD16_eabi.lib</file>
         <name>args_main.c.obj</name>
      </input_file>
      <input_file id="fl-136">
         <path>/home/jao/curso/ufsm/Mestrado/Dissertacao/Pototip_DeVereda/ProjetoPrototipo/Tiva/EK-TM4C/driverlib/ccs/Debug/</path>
         <kind>archive</kind>
         <file>driverlib.lib</file>
         <name>adc.obj</name>
      </input_file>
      <input_file id="fl-137">
         <path>/home/jao/curso/ufsm/Mestrado/Dissertacao/Pototip_DeVereda/ProjetoPrototipo/Tiva/EK-TM4C/driverlib/ccs/Debug/</path>
         <kind>archive</kind>
         <file>driverlib.lib</file>
         <name>gpio.obj</name>
      </input_file>
      <input_file id="fl-138">
         <path>/home/jao/curso/ufsm/Mestrado/Dissertacao/Pototip_DeVereda/ProjetoPrototipo/Tiva/EK-TM4C/driverlib/ccs/Debug/</path>
         <kind>archive</kind>
         <file>driverlib.lib</file>
         <name>i2c.obj</name>
      </input_file>
      <input_file id="fl-139">
         <path>/home/jao/curso/ufsm/Mestrado/Dissertacao/Pototip_DeVereda/ProjetoPrototipo/Tiva/EK-TM4C/driverlib/ccs/Debug/</path>
         <kind>archive</kind>
         <file>driverlib.lib</file>
         <name>interrupt.obj</name>
      </input_file>
      <input_file id="fl-13a">
         <path>/home/jao/curso/ufsm/Mestrado/Dissertacao/Pototip_DeVereda/ProjetoPrototipo/Tiva/EK-TM4C/driverlib/ccs/Debug/</path>
         <kind>archive</kind>
         <file>driverlib.lib</file>
         <name>pwm.obj</name>
      </input_file>
      <input_file id="fl-13b">
         <path>/home/jao/curso/ufsm/Mestrado/Dissertacao/Pototip_DeVereda/ProjetoPrototipo/Tiva/EK-TM4C/driverlib/ccs/Debug/</path>
         <kind>archive</kind>
         <file>driverlib.lib</file>
         <name>sysctl.obj</name>
      </input_file>
      <input_file id="fl-13c">
         <path>/home/jao/curso/ufsm/Mestrado/Dissertacao/Pototip_DeVereda/ProjetoPrototipo/Tiva/EK-TM4C/driverlib/ccs/Debug/</path>
         <kind>archive</kind>
         <file>driverlib.lib</file>
         <name>timer.obj</name>
      </input_file>
      <input_file id="fl-13d">
         <path>/home/jao/curso/ufsm/Mestrado/Dissertacao/Pototip_DeVereda/ProjetoPrototipo/Tiva/EK-TM4C/driverlib/ccs/Debug/</path>
         <kind>archive</kind>
         <file>driverlib.lib</file>
         <name>uart.obj</name>
      </input_file>
      <input_file id="fl-13e">
         <path>/home/jao/curso/ufsm/Mestrado/Dissertacao/Pototip_DeVereda/ProjetoPrototipo/Tiva/EK-TM4C/driverlib/ccs/Debug/</path>
         <kind>archive</kind>
         <file>driverlib.lib</file>
         <name>udma.obj</name>
      </input_file>
      <input_file id="fl-13f">
         <path>/home/jao/curso/ufsm/Mestrado/Dissertacao/Pototip_DeVereda/ProjetoPrototipo/Tiva/EK-TM4C/driverlib/ccs/Debug/</path>
         <kind>archive</kind>
         <file>driverlib.lib</file>
         <name>cpu.obj</name>
      </input_file>
   </input_file_list>
   <object_component_list>
      <object_component id="oc-12">
         <name>.intvecs</name>
         <load_address>0x0</load_address>
         <run_address>0x0</run_address>
         <size>0x26c</size>
         <input_file_ref idref="fl-3"/>
      </object_component>
      <object_component id="oc-33f">
         <name>.text:pow</name>
         <load_address>0x26c</load_address>
         <run_address>0x26c</run_address>
         <size>0x9c0</size>
         <input_file_ref idref="fl-119"/>
      </object_component>
      <object_component id="oc-1b2">
         <name>.text:AS7341_Begin</name>
         <load_address>0xc2c</load_address>
         <run_address>0xc2c</run_address>
         <size>0x38c</size>
         <input_file_ref idref="fl-2"/>
      </object_component>
      <object_component id="oc-79e">
         <name>.text:exp</name>
         <load_address>0xfb8</load_address>
         <run_address>0xfb8</run_address>
         <size>0x328</size>
         <input_file_ref idref="fl-118"/>
      </object_component>
      <object_component id="oc-12f">
         <name>.text:UARTvprintf</name>
         <load_address>0x12e0</load_address>
         <run_address>0x12e0</run_address>
         <size>0x1ee</size>
         <input_file_ref idref="fl-5b"/>
      </object_component>
      <object_component id="oc-6e0">
         <name>.text:AS7341_SetI2cRegSMUX</name>
         <load_address>0x14ce</load_address>
         <run_address>0x14ce</run_address>
         <size>0x1e0</size>
         <input_file_ref idref="fl-55"/>
      </object_component>
      <object_component id="oc-4d8">
         <name>.text</name>
         <load_address>0x16ae</load_address>
         <run_address>0x16ae</run_address>
         <size>0x1b6</size>
         <input_file_ref idref="fl-11d"/>
      </object_component>
      <object_component id="oc-4a5">
         <name>.text:xChangeDirection</name>
         <load_address>0x1864</load_address>
         <run_address>0x1864</run_address>
         <size>0x190</size>
         <input_file_ref idref="fl-56"/>
      </object_component>
      <object_component id="oc-2b9">
         <name>.text:GPIOPadConfigSet</name>
         <load_address>0x19f4</load_address>
         <run_address>0x19f4</run_address>
         <size>0x16c</size>
         <input_file_ref idref="fl-137"/>
      </object_component>
      <object_component id="oc-a7">
         <name>.text:xTaskIncrementTick</name>
         <load_address>0x1b60</load_address>
         <run_address>0x1b60</run_address>
         <size>0x164</size>
         <input_file_ref idref="fl-36"/>
      </object_component>
      <object_component id="oc-4e2">
         <name>.text:sqrt</name>
         <load_address>0x1cc4</load_address>
         <run_address>0x1cc4</run_address>
         <size>0x158</size>
         <input_file_ref idref="fl-11a"/>
      </object_component>
      <object_component id="oc-362">
         <name>.text:AS7341_SetSMUXMini</name>
         <load_address>0x1e1c</load_address>
         <run_address>0x1e1c</run_address>
         <size>0x148</size>
         <input_file_ref idref="fl-55"/>
      </object_component>
      <object_component id="oc-40e">
         <name>.text:xTaskResumeAll</name>
         <load_address>0x1f64</load_address>
         <run_address>0x1f64</run_address>
         <size>0x144</size>
         <input_file_ref idref="fl-36"/>
      </object_component>
      <object_component id="oc-4dd">
         <name>.text</name>
         <load_address>0x20a8</load_address>
         <run_address>0x20a8</run_address>
         <size>0x136</size>
         <input_file_ref idref="fl-11f"/>
      </object_component>
      <object_component id="oc-33">
         <name>.text:FaultISR</name>
         <load_address>0x21de</load_address>
         <run_address>0x21de</run_address>
         <size>0x2</size>
         <input_file_ref idref="fl-3"/>
      </object_component>
      <object_component id="oc-490">
         <name>.text:TriggerPWMSigmoidFrequency</name>
         <load_address>0x21e0</load_address>
         <run_address>0x21e0</run_address>
         <size>0x12c</size>
         <input_file_ref idref="fl-56"/>
      </object_component>
      <object_component id="oc-304">
         <name>.text:NemaInterruptionConfig</name>
         <load_address>0x230c</load_address>
         <run_address>0x230c</run_address>
         <size>0x124</size>
         <input_file_ref idref="fl-56"/>
      </object_component>
      <object_component id="oc-533">
         <name>.text:xQueueSemaphoreTake</name>
         <load_address>0x2430</load_address>
         <run_address>0x2430</run_address>
         <size>0x124</size>
         <input_file_ref idref="fl-34"/>
      </object_component>
      <object_component id="oc-28f">
         <name>.text:SysCtlClockGet</name>
         <load_address>0x2554</load_address>
         <run_address>0x2554</run_address>
         <size>0x118</size>
         <input_file_ref idref="fl-13b"/>
      </object_component>
      <object_component id="oc-500">
         <name>.text:scalbn</name>
         <load_address>0x266c</load_address>
         <run_address>0x266c</run_address>
         <size>0x110</size>
         <input_file_ref idref="fl-11b"/>
      </object_component>
      <object_component id="oc-1a0">
         <name>.text:NemaConfig</name>
         <load_address>0x277c</load_address>
         <run_address>0x277c</run_address>
         <size>0x100</size>
         <input_file_ref idref="fl-56"/>
      </object_component>
      <object_component id="oc-4ee">
         <name>.text</name>
         <load_address>0x287c</load_address>
         <run_address>0x287c</run_address>
         <size>0xfc</size>
         <input_file_ref idref="fl-120"/>
      </object_component>
      <object_component id="oc-65b">
         <name>.text:vTaskGenericNotifyGiveFromISR</name>
         <load_address>0x2978</load_address>
         <run_address>0x2978</run_address>
         <size>0xfc</size>
         <input_file_ref idref="fl-36"/>
      </object_component>
      <object_component id="oc-782">
         <name>.text:xQueueReceive</name>
         <load_address>0x2a74</load_address>
         <run_address>0x2a74</run_address>
         <size>0xf4</size>
         <input_file_ref idref="fl-34"/>
      </object_component>
      <object_component id="oc-612">
         <name>.text:prvProcessReceivedCommands</name>
         <load_address>0x2b68</load_address>
         <run_address>0x2b68</run_address>
         <size>0xf0</size>
         <input_file_ref idref="fl-37"/>
      </object_component>
      <object_component id="oc-4ac">
         <name>.text:AS7341_i2cInit</name>
         <load_address>0x2c58</load_address>
         <run_address>0x2c58</run_address>
         <size>0xe8</size>
         <input_file_ref idref="fl-55"/>
      </object_component>
      <object_component id="oc-149">
         <name>.text:xTaskRemoveFromEventList</name>
         <load_address>0x2d40</load_address>
         <run_address>0x2d40</run_address>
         <size>0xe8</size>
         <input_file_ref idref="fl-36"/>
      </object_component>
      <object_component id="oc-25e">
         <name>.text:PinoutSet</name>
         <load_address>0x2e28</load_address>
         <run_address>0x2e28</run_address>
         <size>0xe4</size>
         <input_file_ref idref="fl-5a"/>
      </object_component>
      <object_component id="oc-2e7">
         <name>.text:prvAddNewTaskToReadyList</name>
         <load_address>0x2f0c</load_address>
         <run_address>0x2f0c</run_address>
         <size>0xe0</size>
         <input_file_ref idref="fl-36"/>
      </object_component>
      <object_component id="oc-3f">
         <name>.text</name>
         <load_address>0x2fec</load_address>
         <run_address>0x2fec</run_address>
         <size>0xda</size>
         <input_file_ref idref="fl-39"/>
      </object_component>
      <object_component id="oc-39">
         <name>.text:IntDefaultHandler</name>
         <load_address>0x30c6</load_address>
         <run_address>0x30c6</run_address>
         <size>0x2</size>
         <input_file_ref idref="fl-3"/>
      </object_component>
      <object_component id="oc-496">
         <name>.text:GPIOPortE_Handler</name>
         <load_address>0x30c8</load_address>
         <run_address>0x30c8</run_address>
         <size>0xd4</size>
         <input_file_ref idref="fl-56"/>
      </object_component>
      <object_component id="oc-6fb">
         <name>.text:xTaskPriorityInherit</name>
         <load_address>0x319c</load_address>
         <run_address>0x319c</run_address>
         <size>0xc0</size>
         <input_file_ref idref="fl-36"/>
      </object_component>
      <object_component id="oc-2d5">
         <name>.text:pvPortMalloc</name>
         <load_address>0x325c</load_address>
         <run_address>0x325c</run_address>
         <size>0xbc</size>
         <input_file_ref idref="fl-3a"/>
      </object_component>
      <object_component id="oc-6ee">
         <name>.text:prvAddCurrentTaskToDelayedList</name>
         <load_address>0x3318</load_address>
         <run_address>0x3318</run_address>
         <size>0xb0</size>
         <input_file_ref idref="fl-36"/>
      </object_component>
      <object_component id="oc-71f">
         <name>.text:vTaskPriorityDisinheritAfterTimeout</name>
         <load_address>0x33c8</load_address>
         <run_address>0x33c8</run_address>
         <size>0xa8</size>
         <input_file_ref idref="fl-36"/>
      </object_component>
      <object_component id="oc-64">
         <name>.text</name>
         <load_address>0x3470</load_address>
         <run_address>0x3470</run_address>
         <size>0x9c</size>
         <input_file_ref idref="fl-127"/>
      </object_component>
      <object_component id="oc-7f1">
         <name>.text:xQueueGenericReset</name>
         <load_address>0x350c</load_address>
         <run_address>0x350c</run_address>
         <size>0x9c</size>
         <input_file_ref idref="fl-34"/>
      </object_component>
      <object_component id="oc-a0">
         <name>.text:vTaskSwitchContext</name>
         <load_address>0x35a8</load_address>
         <run_address>0x35a8</run_address>
         <size>0x8c</size>
         <input_file_ref idref="fl-36"/>
      </object_component>
      <object_component id="oc-4f6">
         <name>.text:__aeabi_cdcmple</name>
         <load_address>0x3634</load_address>
         <run_address>0x3634</run_address>
         <size>0x86</size>
         <input_file_ref idref="fl-11e"/>
      </object_component>
      <object_component id="oc-4fb">
         <name>.text:__aeabi_cdrcmple</name>
         <load_address>0x36ba</load_address>
         <run_address>0x36ba</run_address>
         <size>0x86</size>
         <input_file_ref idref="fl-11e"/>
      </object_component>
      <object_component id="oc-2e1">
         <name>.text:prvInitialiseNewTask</name>
         <load_address>0x3740</load_address>
         <run_address>0x3740</run_address>
         <size>0x84</size>
         <input_file_ref idref="fl-36"/>
      </object_component>
      <object_component id="oc-f2">
         <name>.text</name>
         <load_address>0x37c4</load_address>
         <run_address>0x37c4</run_address>
         <size>0x7a</size>
         <input_file_ref idref="fl-11c"/>
      </object_component>
      <object_component id="oc-2d">
         <name>.text:NmiSR</name>
         <load_address>0x383e</load_address>
         <run_address>0x383e</run_address>
         <size>0x2</size>
         <input_file_ref idref="fl-3"/>
      </object_component>
      <object_component id="oc-647">
         <name>.text:PWM_SetDutyCycle</name>
         <load_address>0x3840</load_address>
         <run_address>0x3840</run_address>
         <size>0x78</size>
         <input_file_ref idref="fl-56"/>
      </object_component>
      <object_component id="oc-665">
         <name>.text:ulTaskGenericNotifyTake</name>
         <load_address>0x38b8</load_address>
         <run_address>0x38b8</run_address>
         <size>0x78</size>
         <input_file_ref idref="fl-36"/>
      </object_component>
      <object_component id="oc-520">
         <name>.text:AS7341_SetSMUX</name>
         <load_address>0x3930</load_address>
         <run_address>0x3930</run_address>
         <size>0x74</size>
         <input_file_ref idref="fl-55"/>
      </object_component>
      <object_component id="oc-60c">
         <name>.text:prvProcessTimerOrBlockTask</name>
         <load_address>0x39a4</load_address>
         <run_address>0x39a4</run_address>
         <size>0x70</size>
         <input_file_ref idref="fl-37"/>
      </object_component>
      <object_component id="oc-345">
         <name>.text</name>
         <load_address>0x3a14</load_address>
         <run_address>0x3a14</run_address>
         <size>0x6e</size>
         <input_file_ref idref="fl-122"/>
      </object_component>
      <object_component id="oc-3c4">
         <name>.text</name>
         <load_address>0x3a82</load_address>
         <run_address>0x3a82</run_address>
         <size>0x2</size>
         <input_file_ref idref="fl-12f"/>
      </object_component>
      <object_component id="oc-1ac">
         <name>.text:vTaskStartScheduler</name>
         <load_address>0x3a84</load_address>
         <run_address>0x3a84</run_address>
         <size>0x6c</size>
         <input_file_ref idref="fl-36"/>
      </object_component>
      <object_component id="oc-655">
         <name>.text:IntDisable</name>
         <load_address>0x3af0</load_address>
         <run_address>0x3af0</run_address>
         <size>0x68</size>
         <input_file_ref idref="fl-139"/>
      </object_component>
      <object_component id="oc-48a">
         <name>.text:IntEnable</name>
         <load_address>0x3b58</load_address>
         <run_address>0x3b58</run_address>
         <size>0x68</size>
         <input_file_ref idref="fl-139"/>
      </object_component>
      <object_component id="oc-15">
         <name>.text:decompress:lzss:__TI_decompress_lzss</name>
         <load_address>0x3bc0</load_address>
         <run_address>0x3bc0</run_address>
         <size>0x68</size>
         <input_file_ref idref="fl-12b"/>
      </object_component>
      <object_component id="oc-1a6">
         <name>.text:xTaskCreate</name>
         <load_address>0x3c28</load_address>
         <run_address>0x3c28</run_address>
         <size>0x66</size>
         <input_file_ref idref="fl-36"/>
      </object_component>
      <object_component id="oc-463">
         <name>.text:vApplicationIdleHook</name>
         <load_address>0x3c8e</load_address>
         <run_address>0x3c8e</run_address>
         <size>0x2</size>
         <input_file_ref idref="fl-2"/>
      </object_component>
      <object_component id="oc-264">
         <name>.text:prvConfigureUART</name>
         <load_address>0x3c90</load_address>
         <run_address>0x3c90</run_address>
         <size>0x64</size>
         <input_file_ref idref="fl-2"/>
      </object_component>
      <object_component id="oc-3d5">
         <name>.text:UARTStdioConfig</name>
         <load_address>0x3cf4</load_address>
         <run_address>0x3cf4</run_address>
         <size>0x60</size>
         <input_file_ref idref="fl-5b"/>
      </object_component>
      <object_component id="oc-433">
         <name>.text:prvInitialiseTaskLists</name>
         <load_address>0x3d54</load_address>
         <run_address>0x3d54</run_address>
         <size>0x60</size>
         <input_file_ref idref="fl-36"/>
      </object_component>
      <object_component id="oc-641">
         <name>.text:sigmoid</name>
         <load_address>0x3db4</load_address>
         <run_address>0x3db4</run_address>
         <size>0x60</size>
         <input_file_ref idref="fl-56"/>
      </object_component>
      <object_component id="oc-707">
         <name>.text:prvUnlockQueue</name>
         <load_address>0x3e14</load_address>
         <run_address>0x3e14</run_address>
         <size>0x5e</size>
         <input_file_ref idref="fl-34"/>
      </object_component>
      <object_component id="oc-ba">
         <name>.text:xQueueGiveFromISR</name>
         <load_address>0x3e72</load_address>
         <run_address>0x3e72</run_address>
         <size>0x5e</size>
         <input_file_ref idref="fl-34"/>
      </object_component>
      <object_component id="oc-440">
         <name>.text:prvCheckForValidListAndQueue</name>
         <load_address>0x3ed0</load_address>
         <run_address>0x3ed0</run_address>
         <size>0x5c</size>
         <input_file_ref idref="fl-37"/>
      </object_component>
      <object_component id="oc-374">
         <name>.text:AS7341_read</name>
         <load_address>0x3f2c</load_address>
         <run_address>0x3f2c</run_address>
         <size>0x58</size>
         <input_file_ref idref="fl-55"/>
      </object_component>
      <object_component id="oc-478">
         <name>.text:GPIOIntTypeSet</name>
         <load_address>0x3f84</load_address>
         <run_address>0x3f84</run_address>
         <size>0x58</size>
         <input_file_ref idref="fl-137"/>
      </object_component>
      <object_component id="oc-4a">
         <name>.text:PortDIntHanlder</name>
         <load_address>0x3fdc</load_address>
         <run_address>0x3fdc</run_address>
         <size>0x58</size>
         <input_file_ref idref="fl-55"/>
      </object_component>
      <object_component id="oc-713">
         <name>.text:xTaskCheckForTimeOut</name>
         <load_address>0x4034</load_address>
         <run_address>0x4034</run_address>
         <size>0x58</size>
         <input_file_ref idref="fl-36"/>
      </object_component>
      <object_component id="oc-27d">
         <name>.text:AnalogInit</name>
         <load_address>0x408c</load_address>
         <run_address>0x408c</run_address>
         <size>0x54</size>
         <input_file_ref idref="fl-56"/>
      </object_component>
      <object_component id="oc-2db">
         <name>.text:vPortFree</name>
         <load_address>0x40e0</load_address>
         <run_address>0x40e0</run_address>
         <size>0x54</size>
         <input_file_ref idref="fl-3a"/>
      </object_component>
      <object_component id="oc-36e">
         <name>.text:AS7341_BankAcessSet</name>
         <load_address>0x4134</load_address>
         <run_address>0x4134</run_address>
         <size>0x50</size>
         <input_file_ref idref="fl-55"/>
      </object_component>
      <object_component id="oc-34a">
         <name>.text:UART5_Init</name>
         <load_address>0x4184</load_address>
         <run_address>0x4184</run_address>
         <size>0x50</size>
         <input_file_ref idref="fl-59"/>
      </object_component>
      <object_component id="oc-22a">
         <name>.text:UARTwrite</name>
         <load_address>0x41d4</load_address>
         <run_address>0x41d4</run_address>
         <size>0x50</size>
         <input_file_ref idref="fl-5b"/>
      </object_component>
      <object_component id="oc-53a">
         <name>.text:AS7341_write</name>
         <load_address>0x4224</load_address>
         <run_address>0x4224</run_address>
         <size>0x4c</size>
         <input_file_ref idref="fl-55"/>
      </object_component>
      <object_component id="oc-283">
         <name>.text:GPIOPinConfigure</name>
         <load_address>0x4270</load_address>
         <run_address>0x4270</run_address>
         <size>0x4c</size>
         <input_file_ref idref="fl-137"/>
      </object_component>
      <object_component id="oc-68b">
         <name>.text:I2CMasterInitExpClk</name>
         <load_address>0x42bc</load_address>
         <run_address>0x42bc</run_address>
         <size>0x4c</size>
         <input_file_ref idref="fl-138"/>
      </object_component>
      <object_component id="oc-815">
         <name>.text</name>
         <load_address>0x4308</load_address>
         <run_address>0x4308</run_address>
         <size>0x48</size>
         <input_file_ref idref="fl-121"/>
      </object_component>
      <object_component id="oc-76f">
         <name>.text:vQueueWaitForMessageRestricted</name>
         <load_address>0x4350</load_address>
         <run_address>0x4350</run_address>
         <size>0x48</size>
         <input_file_ref idref="fl-34"/>
      </object_component>
      <object_component id="oc-4b2">
         <name>.text:AS7341_PowerOn</name>
         <load_address>0x4398</load_address>
         <run_address>0x4398</run_address>
         <size>0x46</size>
         <input_file_ref idref="fl-55"/>
      </object_component>
      <object_component id="oc-515">
         <name>.text:UARTConfigSetExpClk</name>
         <load_address>0x43de</load_address>
         <run_address>0x43de</run_address>
         <size>0x46</size>
         <input_file_ref idref="fl-13d"/>
      </object_component>
      <object_component id="oc-1c5">
         <name>.text:__TI_auto_init_nobinit_nopinit:__TI_auto_init_nobinit_nopinit</name>
         <load_address>0x4424</load_address>
         <run_address>0x4424</run_address>
         <size>0x44</size>
         <input_file_ref idref="fl-130"/>
      </object_component>
      <object_component id="oc-45d">
         <name>.text:prvCheckTasksWaitingTermination</name>
         <load_address>0x4468</load_address>
         <run_address>0x4468</run_address>
         <size>0x44</size>
         <input_file_ref idref="fl-36"/>
      </object_component>
      <object_component id="oc-776">
         <name>.text:prvInsertTimerInActiveList</name>
         <load_address>0x44ac</load_address>
         <run_address>0x44ac</run_address>
         <size>0x44</size>
         <input_file_ref idref="fl-37"/>
      </object_component>
      <object_component id="oc-5f0">
         <name>.text:xQueueGenericCreate</name>
         <load_address>0x44f0</load_address>
         <run_address>0x44f0</run_address>
         <size>0x42</size>
         <input_file_ref idref="fl-34"/>
      </object_component>
      <object_component id="oc-769">
         <name>.text:prvProcessExpiredTimer</name>
         <load_address>0x4534</load_address>
         <run_address>0x4534</run_address>
         <size>0x40</size>
         <input_file_ref idref="fl-37"/>
      </object_component>
      <object_component id="oc-230">
         <name>.text</name>
         <load_address>0x4574</load_address>
         <run_address>0x4574</run_address>
         <size>0x40</size>
         <input_file_ref idref="fl-128"/>
      </object_component>
      <object_component id="oc-5f6">
         <name>.text:vQueueAddToRegistry</name>
         <load_address>0x45b4</load_address>
         <run_address>0x45b4</run_address>
         <size>0x40</size>
         <input_file_ref idref="fl-34"/>
      </object_component>
      <object_component id="oc-805">
         <name>.text:vTaskPlaceOnEventListRestricted</name>
         <load_address>0x45f4</load_address>
         <run_address>0x45f4</run_address>
         <size>0x40</size>
         <input_file_ref idref="fl-36"/>
      </object_component>
      <object_component id="oc-2f4">
         <name>.text:xPortStartScheduler</name>
         <load_address>0x4634</load_address>
         <run_address>0x4634</run_address>
         <size>0x40</size>
         <input_file_ref idref="fl-38"/>
      </object_component>
      <object_component id="oc-2ee">
         <name>.text:xTimerCreateTimerTask</name>
         <load_address>0x4674</load_address>
         <run_address>0x4674</run_address>
         <size>0x40</size>
         <input_file_ref idref="fl-37"/>
      </object_component>
      <object_component id="oc-32e">
         <name>.text:AS7341_GetIntegrationTimeADC</name>
         <load_address>0x46b4</load_address>
         <run_address>0x46b4</run_address>
         <size>0x3c</size>
         <input_file_ref idref="fl-55"/>
      </object_component>
      <object_component id="oc-50">
         <name>.text:I2C1_IntHandler</name>
         <load_address>0x46f0</load_address>
         <run_address>0x46f0</run_address>
         <size>0x38</size>
         <input_file_ref idref="fl-55"/>
      </object_component>
      <object_component id="oc-679">
         <name>.text:SysCtlPeripheralReady</name>
         <load_address>0x4728</load_address>
         <run_address>0x4728</run_address>
         <size>0x38</size>
         <input_file_ref idref="fl-13b"/>
      </object_component>
      <object_component id="oc-63c">
         <name>.text</name>
         <load_address>0x4760</load_address>
         <run_address>0x4760</run_address>
         <size>0x38</size>
         <input_file_ref idref="fl-123"/>
      </object_component>
      <object_component id="oc-7db">
         <name>.text:vListInsert</name>
         <load_address>0x4798</load_address>
         <run_address>0x4798</run_address>
         <size>0x38</size>
         <input_file_ref idref="fl-33"/>
      </object_component>
      <object_component id="oc-2c5">
         <name>.text:GreenLightConfig</name>
         <load_address>0x47d0</load_address>
         <run_address>0x47d0</run_address>
         <size>0x34</size>
         <input_file_ref idref="fl-58"/>
      </object_component>
      <object_component id="oc-484">
         <name>.text:IntRegister</name>
         <load_address>0x4804</load_address>
         <run_address>0x4804</run_address>
         <size>0x34</size>
         <input_file_ref idref="fl-139"/>
      </object_component>
      <object_component id="oc-26b">
         <name>.text:SysCtlPeripheralEnable</name>
         <load_address>0x4838</load_address>
         <run_address>0x4838</run_address>
         <size>0x34</size>
         <input_file_ref idref="fl-13b"/>
      </object_component>
      <object_component id="oc-82">
         <name>.text:_c_int00_noargs:_c_int00_noargs</name>
         <load_address>0x486c</load_address>
         <run_address>0x486c</run_address>
         <size>0x34</size>
         <input_file_ref idref="fl-12d"/>
      </object_component>
      <object_component id="oc-35c">
         <name>.text:AS7341_PerformanceDbgInit</name>
         <load_address>0x48a0</load_address>
         <run_address>0x48a0</run_address>
         <size>0x30</size>
         <input_file_ref idref="fl-55"/>
      </object_component>
      <object_component id="oc-fe">
         <name>.text:main</name>
         <load_address>0x48d0</load_address>
         <run_address>0x48d0</run_address>
         <size>0x30</size>
         <input_file_ref idref="fl-2"/>
      </object_component>
      <object_component id="oc-408">
         <name>.text:prvHeapInit</name>
         <load_address>0x4900</load_address>
         <run_address>0x4900</run_address>
         <size>0x30</size>
         <input_file_ref idref="fl-3a"/>
      </object_component>
      <object_component id="oc-52c">
         <name>.text:vTaskDelay</name>
         <load_address>0x4930</load_address>
         <run_address>0x4930</run_address>
         <size>0x30</size>
         <input_file_ref idref="fl-36"/>
      </object_component>
      <object_component id="oc-33a">
         <name>.text</name>
         <load_address>0x4960</load_address>
         <run_address>0x4960</run_address>
         <size>0x2e</size>
         <input_file_ref idref="fl-124"/>
      </object_component>
      <object_component id="oc-37a">
         <name>.text:AS7341_DeviceStatus</name>
         <load_address>0x498e</load_address>
         <run_address>0x498e</run_address>
         <size>0x2c</size>
         <input_file_ref idref="fl-55"/>
      </object_component>
      <object_component id="oc-350">
         <name>.text:AS7341_GetStepADC</name>
         <load_address>0x49ba</load_address>
         <run_address>0x49ba</run_address>
         <size>0x2c</size>
         <input_file_ref idref="fl-55"/>
      </object_component>
      <object_component id="oc-3de">
         <name>.text:GPIODirModeSet</name>
         <load_address>0x49e6</load_address>
         <run_address>0x49e6</run_address>
         <size>0x2c</size>
         <input_file_ref idref="fl-137"/>
      </object_component>
      <object_component id="oc-7fe">
         <name>.text:prvSwitchTimerLists</name>
         <load_address>0x4a14</load_address>
         <run_address>0x4a14</run_address>
         <size>0x2c</size>
         <input_file_ref idref="fl-37"/>
      </object_component>
      <object_component id="oc-426">
         <name>.text:pxPortInitialiseStack</name>
         <load_address>0x4a40</load_address>
         <run_address>0x4a40</run_address>
         <size>0x2c</size>
         <input_file_ref idref="fl-38"/>
      </object_component>
      <object_component id="oc-44">
         <name>.text:xPortSysTickHandler</name>
         <load_address>0x4a6c</load_address>
         <run_address>0x4a6c</run_address>
         <size>0x2c</size>
         <input_file_ref idref="fl-38"/>
      </object_component>
      <object_component id="oc-6d4">
         <name>.text:AS7341_DisableSpecMen</name>
         <load_address>0x4a98</load_address>
         <run_address>0x4a98</run_address>
         <size>0x2a</size>
         <input_file_ref idref="fl-55"/>
      </object_component>
      <object_component id="oc-526">
         <name>.text:AS7341_EnableSpecMen</name>
         <load_address>0x4ac2</load_address>
         <run_address>0x4ac2</run_address>
         <size>0x2a</size>
         <input_file_ref idref="fl-55"/>
      </object_component>
      <object_component id="oc-6e6">
         <name>.text:AS7341_SMUXEnable</name>
         <load_address>0x4aec</load_address>
         <run_address>0x4aec</run_address>
         <size>0x2a</size>
         <input_file_ref idref="fl-55"/>
      </object_component>
      <object_component id="oc-77c">
         <name>.text:prvReloadTimer</name>
         <load_address>0x4b16</load_address>
         <run_address>0x4b16</run_address>
         <size>0x2a</size>
         <input_file_ref idref="fl-37"/>
      </object_component>
      <object_component id="oc-4b8">
         <name>.text:AS7341_DevivceConfig</name>
         <load_address>0x4b40</load_address>
         <run_address>0x4b40</run_address>
         <size>0x28</size>
         <input_file_ref idref="fl-55"/>
      </object_component>
      <object_component id="oc-767">
         <name>.text:prvSampleTimeNow</name>
         <load_address>0x4b68</load_address>
         <run_address>0x4b68</run_address>
         <size>0x28</size>
         <input_file_ref idref="fl-37"/>
      </object_component>
      <object_component id="oc-316">
         <name>.text:AS7341_SetStepADC</name>
         <load_address>0x4b90</load_address>
         <run_address>0x4b90</run_address>
         <size>0x26</size>
         <input_file_ref idref="fl-55"/>
      </object_component>
      <object_component id="oc-80e">
         <name>.text:prvCopyDataFromQueue</name>
         <load_address>0x4bb6</load_address>
         <run_address>0x4bb6</run_address>
         <size>0x26</size>
         <input_file_ref idref="fl-34"/>
      </object_component>
      <object_component id="oc-621">
         <name>.text:uxListRemove</name>
         <load_address>0x4bdc</load_address>
         <run_address>0x4bdc</run_address>
         <size>0x26</size>
         <input_file_ref idref="fl-33"/>
      </object_component>
      <object_component id="oc-757">
         <name>.text:prvInitialiseNewQueue</name>
         <load_address>0x4c02</load_address>
         <run_address>0x4c02</run_address>
         <size>0x24</size>
         <input_file_ref idref="fl-34"/>
      </object_component>
      <object_component id="oc-125">
         <name>.text:prvResetNextTaskUnblockTime</name>
         <load_address>0x4c28</load_address>
         <run_address>0x4c28</run_address>
         <size>0x24</size>
         <input_file_ref idref="fl-36"/>
      </object_component>
      <object_component id="oc-19a">
         <name>.text:prvSetupHardware</name>
         <load_address>0x4c4c</load_address>
         <run_address>0x4c4c</run_address>
         <size>0x24</size>
         <input_file_ref idref="fl-2"/>
      </object_component>
      <object_component id="oc-289">
         <name>.text:PWMGenConfigure</name>
         <load_address>0x4c70</load_address>
         <run_address>0x4c70</run_address>
         <size>0x22</size>
         <input_file_ref idref="fl-13a"/>
      </object_component>
      <object_component id="oc-6c5">
         <name>.text:UARTDisable</name>
         <load_address>0x4c94</load_address>
         <run_address>0x4c94</run_address>
         <size>0x20</size>
         <input_file_ref idref="fl-13d"/>
      </object_component>
      <object_component id="oc-606">
         <name>.text:prvGetNextExpireTime</name>
         <load_address>0x4cb4</load_address>
         <run_address>0x4cb4</run_address>
         <size>0x20</size>
         <input_file_ref idref="fl-37"/>
      </object_component>
      <object_component id="oc-29b">
         <name>.text:PWMPulseWidthSet</name>
         <load_address>0x4cd4</load_address>
         <run_address>0x4cd4</run_address>
         <size>0x1e</size>
         <input_file_ref idref="fl-13a"/>
      </object_component>
      <object_component id="oc-30a">
         <name>.text:AS7341_Boot</name>
         <load_address>0x4cf2</load_address>
         <run_address>0x4cf2</run_address>
         <size>0x1c</size>
         <input_file_ref idref="fl-55"/>
      </object_component>
      <object_component id="oc-4d0">
         <name>.text:AS7341_SetAcessAndRead</name>
         <load_address>0x4d0e</load_address>
         <run_address>0x4d0e</run_address>
         <size>0x1c</size>
         <input_file_ref idref="fl-55"/>
      </object_component>
      <object_component id="oc-380">
         <name>.text:AS7341_SetAcessAndWrite</name>
         <load_address>0x4d2a</load_address>
         <run_address>0x4d2a</run_address>
         <size>0x1c</size>
         <input_file_ref idref="fl-55"/>
      </object_component>
      <object_component id="oc-6da">
         <name>.text:AS7341_WriteI2cReg2SMUX_Sel</name>
         <load_address>0x4d46</load_address>
         <run_address>0x4d46</run_address>
         <size>0x1c</size>
         <input_file_ref idref="fl-55"/>
      </object_component>
      <object_component id="oc-556">
         <name>.text:WaitACK</name>
         <load_address>0x4d64</load_address>
         <run_address>0x4d64</run_address>
         <size>0x1c</size>
         <input_file_ref idref="fl-55"/>
      </object_component>
      <object_component id="oc-386">
         <name>.text:joinADC</name>
         <load_address>0x4d80</load_address>
         <run_address>0x4d80</run_address>
         <size>0x1c</size>
         <input_file_ref idref="fl-2"/>
      </object_component>
      <object_component id="oc-42d">
         <name>.text:vPortEnterCritical</name>
         <load_address>0x4d9c</load_address>
         <run_address>0x4d9c</run_address>
         <size>0x1c</size>
         <input_file_ref idref="fl-38"/>
      </object_component>
      <object_component id="oc-453">
         <name>.text:vPortSetupTimerInterrupt</name>
         <load_address>0x4db8</load_address>
         <run_address>0x4db8</run_address>
         <size>0x1c</size>
         <input_file_ref idref="fl-38"/>
      </object_component>
      <object_component id="oc-701">
         <name>.text:vTaskPlaceOnEventList</name>
         <load_address>0x4dd4</load_address>
         <run_address>0x4dd4</run_address>
         <size>0x1c</size>
         <input_file_ref idref="fl-36"/>
      </object_component>
      <object_component id="oc-49f">
         <name>.text:xDebaunceKey</name>
         <load_address>0x4df0</load_address>
         <run_address>0x4df0</run_address>
         <size>0x1c</size>
         <input_file_ref idref="fl-56"/>
      </object_component>
      <object_component id="oc-334">
         <name>.text:AS7341_GetGainADC</name>
         <load_address>0x4e0c</load_address>
         <run_address>0x4e0c</run_address>
         <size>0x1a</size>
         <input_file_ref idref="fl-55"/>
      </object_component>
      <object_component id="oc-2b3">
         <name>.text:GPIOPinTypeGPIOOutput</name>
         <load_address>0x4e26</load_address>
         <run_address>0x4e26</run_address>
         <size>0x1a</size>
         <input_file_ref idref="fl-137"/>
      </object_component>
      <object_component id="oc-ae">
         <name>.text:UARTprintf</name>
         <load_address>0x4e40</load_address>
         <run_address>0x4e40</run_address>
         <size>0x1a</size>
         <input_file_ref idref="fl-5b"/>
      </object_component>
      <object_component id="oc-6b0">
         <name>.text:copysign</name>
         <load_address>0x4e5a</load_address>
         <run_address>0x4e5a</run_address>
         <size>0x1a</size>
         <input_file_ref idref="fl-12e"/>
      </object_component>
      <object_component id="oc-6f5">
         <name>.text:prvIsQueueEmpty</name>
         <load_address>0x4e74</load_address>
         <run_address>0x4e74</run_address>
         <size>0x1a</size>
         <input_file_ref idref="fl-34"/>
      </object_component>
      <object_component id="oc-328">
         <name>.text:AS7341_SetGainADC</name>
         <load_address>0x4e8e</load_address>
         <run_address>0x4e8e</run_address>
         <size>0x18</size>
         <input_file_ref idref="fl-55"/>
      </object_component>
      <object_component id="oc-2ad">
         <name>.text:GPIOUnlockPin</name>
         <load_address>0x4ea8</load_address>
         <run_address>0x4ea8</run_address>
         <size>0x18</size>
         <input_file_ref idref="fl-137"/>
      </object_component>
      <object_component id="oc-725">
         <name>.text:pvTaskIncrementMutexHeldCount</name>
         <load_address>0x4ec0</load_address>
         <run_address>0x4ec0</run_address>
         <size>0x18</size>
         <input_file_ref idref="fl-36"/>
      </object_component>
      <object_component id="oc-439">
         <name>.text:vPortExitCritical</name>
         <load_address>0x4ed8</load_address>
         <run_address>0x4ed8</run_address>
         <size>0x18</size>
         <input_file_ref idref="fl-38"/>
      </object_component>
      <object_component id="oc-70d">
         <name>.text:vTaskInternalSetTimeOutState</name>
         <load_address>0x4ef0</load_address>
         <run_address>0x4ef0</run_address>
         <size>0x18</size>
         <input_file_ref idref="fl-36"/>
      </object_component>
      <object_component id="oc-31c">
         <name>.text:AS7341_SetTimeADC</name>
         <load_address>0x4f08</load_address>
         <run_address>0x4f08</run_address>
         <size>0x16</size>
         <input_file_ref idref="fl-55"/>
      </object_component>
      <object_component id="oc-322">
         <name>.text:AS7341_SetWtimeADC</name>
         <load_address>0x4f1e</load_address>
         <run_address>0x4f1e</run_address>
         <size>0x16</size>
         <input_file_ref idref="fl-55"/>
      </object_component>
      <object_component id="oc-46c">
         <name>.text:GPIOPinTypeGPIOInput</name>
         <load_address>0x4f34</load_address>
         <run_address>0x4f34</run_address>
         <size>0x16</size>
         <input_file_ref idref="fl-137"/>
      </object_component>
      <object_component id="oc-685">
         <name>.text:GPIOPinTypeI2C</name>
         <load_address>0x4f4a</load_address>
         <run_address>0x4f4a</run_address>
         <size>0x16</size>
         <input_file_ref idref="fl-137"/>
      </object_component>
      <object_component id="oc-67f">
         <name>.text:GPIOPinTypeI2CSCL</name>
         <load_address>0x4f60</load_address>
         <run_address>0x4f60</run_address>
         <size>0x16</size>
         <input_file_ref idref="fl-137"/>
      </object_component>
      <object_component id="oc-271">
         <name>.text:GPIOPinTypePWM</name>
         <load_address>0x4f76</load_address>
         <run_address>0x4f76</run_address>
         <size>0x16</size>
         <input_file_ref idref="fl-137"/>
      </object_component>
      <object_component id="oc-50f">
         <name>.text:GPIOPinTypeUART</name>
         <load_address>0x4f8c</load_address>
         <run_address>0x4f8c</run_address>
         <size>0x16</size>
         <input_file_ref idref="fl-137"/>
      </object_component>
      <object_component id="oc-719">
         <name>.text:prvGetDisinheritPriorityAfterTimeout</name>
         <load_address>0x4fa2</load_address>
         <run_address>0x4fa2</run_address>
         <size>0x16</size>
         <input_file_ref idref="fl-34"/>
      </object_component>
      <object_component id="oc-5dc">
         <name>.text:vListInitialise</name>
         <load_address>0x4fb8</load_address>
         <run_address>0x4fb8</run_address>
         <size>0x16</size>
         <input_file_ref idref="fl-33"/>
      </object_component>
      <object_component id="oc-66c">
         <name>.text:GreenLightTurnOff</name>
         <load_address>0x4fd0</load_address>
         <run_address>0x4fd0</run_address>
         <size>0x14</size>
         <input_file_ref idref="fl-58"/>
      </object_component>
      <object_component id="oc-2cb">
         <name>.text:GreenLightTurnOn</name>
         <load_address>0x4fe4</load_address>
         <run_address>0x4fe4</run_address>
         <size>0x14</size>
         <input_file_ref idref="fl-58"/>
      </object_component>
      <object_component id="oc-277">
         <name>.text:SysCtlPWMClockSet</name>
         <load_address>0x4ff8</load_address>
         <run_address>0x4ff8</run_address>
         <size>0x14</size>
         <input_file_ref idref="fl-13b"/>
      </object_component>
      <object_component id="oc-6cb">
         <name>.text:UARTEnable</name>
         <load_address>0x500c</load_address>
         <run_address>0x500c</run_address>
         <size>0x14</size>
         <input_file_ref idref="fl-13d"/>
      </object_component>
      <object_component id="oc-4bf">
         <name>.text:prvTaskCheckFreeStackSpace</name>
         <load_address>0x5020</load_address>
         <run_address>0x5020</run_address>
         <size>0x14</size>
         <input_file_ref idref="fl-36"/>
      </object_component>
      <object_component id="oc-446">
         <name>.text:prvTimerTask</name>
         <load_address>0x5034</load_address>
         <run_address>0x5034</run_address>
         <size>0x14</size>
         <input_file_ref idref="fl-37"/>
      </object_component>
      <object_component id="oc-7a5">
         <name>.text:PWMGenPeriodGet</name>
         <load_address>0x5048</load_address>
         <run_address>0x5048</run_address>
         <size>0x12</size>
         <input_file_ref idref="fl-13a"/>
      </object_component>
      <object_component id="oc-2a1">
         <name>.text:PWMOutputState</name>
         <load_address>0x505a</load_address>
         <run_address>0x505a</run_address>
         <size>0x12</size>
         <input_file_ref idref="fl-13a"/>
      </object_component>
      <object_component id="oc-627">
         <name>.text:prvDeleteTCB</name>
         <load_address>0x506c</load_address>
         <run_address>0x506c</run_address>
         <size>0x12</size>
         <input_file_ref idref="fl-36"/>
      </object_component>
      <object_component id="oc-356">
         <name>.text:AS7341_GetTimeADC</name>
         <load_address>0x507e</load_address>
         <run_address>0x507e</run_address>
         <size>0x10</size>
         <input_file_ref idref="fl-55"/>
      </object_component>
      <object_component id="oc-368">
         <name>.text:AS7341_WaitIntSig</name>
         <load_address>0x5090</load_address>
         <run_address>0x5090</run_address>
         <size>0x10</size>
         <input_file_ref idref="fl-55"/>
      </object_component>
      <object_component id="oc-21e">
         <name>.text:IntMasterDisable</name>
         <load_address>0x50a0</load_address>
         <run_address>0x50a0</run_address>
         <size>0x10</size>
         <input_file_ref idref="fl-139"/>
      </object_component>
      <object_component id="oc-697">
         <name>.text:IntMasterEnable</name>
         <load_address>0x50b0</load_address>
         <run_address>0x50b0</run_address>
         <size>0x10</size>
         <input_file_ref idref="fl-139"/>
      </object_component>
      <object_component id="oc-672">
         <name>.text:NemaDisable</name>
         <load_address>0x50c0</load_address>
         <run_address>0x50c0</run_address>
         <size>0x10</size>
         <input_file_ref idref="fl-56"/>
      </object_component>
      <object_component id="oc-295">
         <name>.text:PWMGenPeriodSet</name>
         <load_address>0x50d0</load_address>
         <run_address>0x50d0</run_address>
         <size>0x10</size>
         <input_file_ref idref="fl-13a"/>
      </object_component>
      <object_component id="oc-5d4">
         <name>.text:prvTaskExitError</name>
         <load_address>0x50e0</load_address>
         <run_address>0x50e0</run_address>
         <size>0x10</size>
         <input_file_ref idref="fl-38"/>
      </object_component>
      <object_component id="oc-310">
         <name>.text:uxTaskGetStackHighWaterMark</name>
         <load_address>0x50f0</load_address>
         <run_address>0x50f0</run_address>
         <size>0x10</size>
         <input_file_ref idref="fl-36"/>
      </object_component>
      <object_component id="oc-402">
         <name>.text:vTaskSuspendAll</name>
         <load_address>0x5100</load_address>
         <run_address>0x5100</run_address>
         <size>0x10</size>
         <input_file_ref idref="fl-36"/>
      </object_component>
      <object_component id="oc-472">
         <name>.text:GPIOIntDisable</name>
         <load_address>0x5110</load_address>
         <run_address>0x5110</run_address>
         <size>0xe</size>
         <input_file_ref idref="fl-137"/>
      </object_component>
      <object_component id="oc-64f">
         <name>.text:GPIOIntStatus</name>
         <load_address>0x511e</load_address>
         <run_address>0x511e</run_address>
         <size>0xe</size>
         <input_file_ref idref="fl-137"/>
      </object_component>
      <object_component id="oc-1b">
         <name>.text:decompress:none:__TI_decompress_none</name>
         <load_address>0x512c</load_address>
         <run_address>0x512c</run_address>
         <size>0xe</size>
         <input_file_ref idref="fl-12a"/>
      </object_component>
      <object_component id="oc-3b6">
         <name>.text:CPUcpsid</name>
         <load_address>0x513a</load_address>
         <run_address>0x513a</run_address>
         <size>0xc</size>
         <input_file_ref idref="fl-13f"/>
      </object_component>
      <object_component id="oc-7c0">
         <name>.text:CPUcpsie</name>
         <load_address>0x5146</load_address>
         <run_address>0x5146</run_address>
         <size>0xc</size>
         <input_file_ref idref="fl-13f"/>
      </object_component>
      <object_component id="oc-47e">
         <name>.text:GPIOIntEnable</name>
         <load_address>0x5152</load_address>
         <run_address>0x5152</run_address>
         <size>0xc</size>
         <input_file_ref idref="fl-137"/>
      </object_component>
      <object_component id="oc-2a7">
         <name>.text:PWMGenEnable</name>
         <load_address>0x515e</load_address>
         <run_address>0x515e</run_address>
         <size>0xc</size>
         <input_file_ref idref="fl-13a"/>
      </object_component>
      <object_component id="oc-76">
         <name>.text:decompress:ZI:__TI_zero_init</name>
         <load_address>0x516a</load_address>
         <run_address>0x516a</run_address>
         <size>0xc</size>
         <input_file_ref idref="fl-129"/>
      </object_component>
      <object_component id="oc-2fa">
         <name>.text:prvIdleTask</name>
         <load_address>0x5176</load_address>
         <run_address>0x5176</run_address>
         <size>0xc</size>
         <input_file_ref idref="fl-36"/>
      </object_component>
      <object_component id="oc-143">
         <name>.text:uxTaskGetNumberOfTasks</name>
         <load_address>0x5184</load_address>
         <run_address>0x5184</run_address>
         <size>0xc</size>
         <input_file_ref idref="fl-36"/>
      </object_component>
      <object_component id="oc-7e5">
         <name>.text:vTaskMissedYield</name>
         <load_address>0x5190</load_address>
         <run_address>0x5190</run_address>
         <size>0xc</size>
         <input_file_ref idref="fl-36"/>
      </object_component>
      <object_component id="oc-7f8">
         <name>.text:xTaskGetTickCount</name>
         <load_address>0x519c</load_address>
         <run_address>0x519c</run_address>
         <size>0xc</size>
         <input_file_ref idref="fl-36"/>
      </object_component>
      <object_component id="oc-7b8">
         <name>.text:I2CMasterEnable</name>
         <load_address>0x51a8</load_address>
         <run_address>0x51a8</run_address>
         <size>0xa</size>
         <input_file_ref idref="fl-138"/>
      </object_component>
      <object_component id="oc-c9">
         <name>.text:I2CMasterIntClear</name>
         <load_address>0x51b2</load_address>
         <run_address>0x51b2</run_address>
         <size>0x8</size>
         <input_file_ref idref="fl-138"/>
      </object_component>
      <object_component id="oc-691">
         <name>.text:I2CMasterIntEnableEx</name>
         <load_address>0x51ba</load_address>
         <run_address>0x51ba</run_address>
         <size>0x8</size>
         <input_file_ref idref="fl-138"/>
      </object_component>
      <object_component id="oc-544">
         <name>.text:I2CMasterSlaveAddrSet</name>
         <load_address>0x51c2</load_address>
         <run_address>0x51c2</run_address>
         <size>0x8</size>
         <input_file_ref idref="fl-138"/>
      </object_component>
      <object_component id="oc-4e8">
         <name>.text:__aeabi_errno_addr</name>
         <load_address>0x51cc</load_address>
         <run_address>0x51cc</run_address>
         <size>0x8</size>
         <input_file_ref idref="fl-12c"/>
      </object_component>
      <object_component id="oc-11b">
         <name>.text:vApplicationStackOverflowHook</name>
         <load_address>0x51d4</load_address>
         <run_address>0x51d4</run_address>
         <size>0x8</size>
         <input_file_ref idref="fl-2"/>
      </object_component>
      <object_component id="oc-b4">
         <name>.text:GPIOIntClear</name>
         <load_address>0x51dc</load_address>
         <run_address>0x51dc</run_address>
         <size>0x6</size>
[...]
      </symbol>
      <symbol id="sm-7c4">
         <name>AS7341_WriteI2cReg2SMUX_Sel</name>
         <value>0x4d47</value>
         <object_component_ref idref="oc-6da"/>
      </symbol>
      <symbol id="sm-7c5">
         <name>AS7341_DevivceConfig</name>
         <value>0x4b41</value>
         <object_component_ref idref="oc-4b8"/>
      </symbol>
      <symbol id="sm-7c6">
         <name>AS7341_SetTimeADC</name>
         <value>0x4f09</value>
         <object_component_ref idref="oc-31c"/>
      </symbol>
      <symbol id="sm-7c7">
         <name>AS7341_GetTimeADC</name>
         <value>0x507f</value>
         <object_component_ref idref="oc-356"/>
      </symbol>
      <symbol id="sm-7c8">
         <name>AS7341_SetI2cRegSMUX</name>
         <value>0x14cf</value>
         <object_component_ref idref="oc-6e0"/>
      </symbol>
      <symbol id="sm-878">
         <name>LinearMov_Mngr</name>
         <value>0x20005398</value>
      </symbol>
      <symbol id="sm-879">
         <name>ChangeDirStatus</name>
         <value>0x200053cc</value>
      </symbol>
      <symbol id="sm-87a">
         <name>NemaConfig</name>
         <value>0x277d</value>
         <object_component_ref idref="oc-1a0"/>
      </symbol>
      <symbol id="sm-87b">
         <name>GPIOPortE_Handler</name>
         <value>0x30c9</value>
         <object_component_ref idref="oc-496"/>
      </symbol>
      <symbol id="sm-87c">
         <name>AnalogInit</name>
         <value>0x408d</value>
         <object_component_ref idref="oc-27d"/>
      </symbol>
      <symbol id="sm-87d">
         <name>xChangeDirection</name>
         <value>0x1865</value>
         <object_component_ref idref="oc-4a5"/>
      </symbol>
      <symbol id="sm-87e">
         <name>xDebaunceKey</name>
         <value>0x4df1</value>
         <object_component_ref idref="oc-49f"/>
      </symbol>
      <symbol id="sm-87f">
         <name>xDebaunceKeyHandle</name>
         <value>0x20005620</value>
         <object_component_ref idref="oc-49c"/>
      </symbol>
      <symbol id="sm-880">
         <name>xChangeDirectionHandle</name>
         <value>0x20005624</value>
         <object_component_ref idref="oc-49c"/>
      </symbol>
      <symbol id="sm-881">
         <name>PWM_SetDutyCycle</name>
         <value>0x3841</value>
         <object_component_ref idref="oc-647"/>
      </symbol>
      <symbol id="sm-882">
         <name>TriggerPWMSigmoidFrequency</name>
         <value>0x21e1</value>
         <object_component_ref idref="oc-490"/>
      </symbol>
      <symbol id="sm-883">
         <name>sigmoid</name>
         <value>0x3db5</value>
         <object_component_ref idref="oc-641"/>
      </symbol>
      <symbol id="sm-884">
         <name>NemaDisable</name>
         <value>0x50c1</value>
         <object_component_ref idref="oc-672"/>
      </symbol>
      <symbol id="sm-885">
         <name>NemaInterruptionConfig</name>
         <value>0x230d</value>
         <object_component_ref idref="oc-304"/>
      </symbol>
      <symbol id="sm-8a6">
         <name>GreenLightConfig</name>
         <value>0x47d1</value>
         <object_component_ref idref="oc-2c5"/>
      </symbol>
      <symbol id="sm-8a7">
         <name>GreenLightTurnOn</name>
         <value>0x4fe5</value>
         <object_component_ref idref="oc-2cb"/>
      </symbol>
      <symbol id="sm-8a8">
         <name>GreenLightTurnOff</name>
         <value>0x4fd1</value>
         <object_component_ref idref="oc-66c"/>
      </symbol>
      <symbol id="sm-8bc">
         <name>UART5_Init</name>
         <value>0x4185</value>
         <object_component_ref idref="oc-34a"/>
      </symbol>
      <symbol id="sm-8ce">
         <name>PinoutSet</name>
         <value>0x2e29</value>
         <object_component_ref idref="oc-25e"/>
      </symbol>
      <symbol id="sm-93d">
         <name>UARTStdioConfig</name>
         <value>0x3cf5</value>
         <object_component_ref idref="oc-3d5"/>
      </symbol>
      <symbol id="sm-93e">
         <name>UARTwrite</name>
         <value>0x41d5</value>
         <object_component_ref idref="oc-22a"/>
      </symbol>
      <symbol id="sm-93f">
         <name>UARTprintf</name>
         <value>0x4e41</value>
         <object_component_ref idref="oc-ae"/>
      </symbol>
      <symbol id="sm-940">
         <name>UARTvprintf</name>
         <value>0x12e1</value>
         <object_component_ref idref="oc-12f"/>
      </symbol>
      <symbol id="sm-98d">
         <name>expl</name>
         <value>0xfb9</value>
         <object_component_ref idref="oc-79e"/>
      </symbol>
      <symbol id="sm-98e">
         <name>exp</name>
         <value>0xfb9</value>
         <object_component_ref idref="oc-79e"/>
      </symbol>
      <symbol id="sm-a1b">
         <name>pow</name>
         <value>0x26d</value>
         <object_component_ref idref="oc-33f"/>
      </symbol>
      <symbol id="sm-a1c">
         <name>powl</name>
         <value>0x26d</value>
         <object_component_ref idref="oc-33f"/>
      </symbol>
      <symbol id="sm-a3e">
         <name>sqrtl</name>
         <value>0x1cc5</value>
         <object_component_ref idref="oc-4e2"/>
      </symbol>
      <symbol id="sm-a3f">
         <name>sqrt</name>
         <value>0x1cc5</value>
         <object_component_ref idref="oc-4e2"/>
      </symbol>
      <symbol id="sm-a66">
         <name>scalbn</name>
         <value>0x266d</value>
         <object_component_ref idref="oc-500"/>
      </symbol>
      <symbol id="sm-a67">
         <name>scalbnl</name>
         <value>0x266d</value>
         <object_component_ref idref="oc-500"/>
      </symbol>
      <symbol id="sm-a68">
         <name>ldexpl</name>
         <value>0x266d</value>
         <object_component_ref idref="oc-500"/>
      </symbol>
      <symbol id="sm-a69">
         <name>ldexp</name>
         <value>0x266d</value>
         <object_component_ref idref="oc-500"/>
      </symbol>
      <symbol id="sm-a78">
         <name>__aeabi_memset</name>
         <value>0x37c7</value>
         <object_component_ref idref="oc-f2"/>
      </symbol>
      <symbol id="sm-a79">
         <name>memset</name>
         <value>0x37cd</value>
         <object_component_ref idref="oc-f2"/>
      </symbol>
      <symbol id="sm-a7a">
         <name>__aeabi_memset8</name>
         <value>0x37c7</value>
         <object_component_ref idref="oc-f2"/>
      </symbol>
      <symbol id="sm-a7b">
         <name>__aeabi_memset4</name>
         <value>0x37c7</value>
         <object_component_ref idref="oc-f2"/>
      </symbol>
      <symbol id="sm-a7c">
         <name>__aeabi_memclr8</name>
         <value>0x37c5</value>
         <object_component_ref idref="oc-f2"/>
      </symbol>
      <symbol id="sm-a7d">
         <name>__aeabi_memclr4</name>
         <value>0x37c5</value>
         <object_component_ref idref="oc-f2"/>
      </symbol>
      <symbol id="sm-a7e">
         <name>__aeabi_memclr</name>
         <value>0x37c5</value>
         <object_component_ref idref="oc-f2"/>
      </symbol>
      <symbol id="sm-a95">
         <name>__aeabi_dsub</name>
         <value>0x16af</value>
         <object_component_ref idref="oc-4d8"/>
      </symbol>
      <symbol id="sm-a96">
         <name>__aeabi_dadd</name>
         <value>0x16b9</value>
         <object_component_ref idref="oc-4d8"/>
      </symbol>
      <symbol id="sm-ab8">
         <name>__aeabi_cdcmpeq</name>
         <value>0x3635</value>
         <object_component_ref idref="oc-4f6"/>
      </symbol>
      <symbol id="sm-ab9">
         <name>__aeabi_cdcmple</name>
         <value>0x3635</value>
         <object_component_ref idref="oc-4f6"/>
      </symbol>
      <symbol id="sm-aba">
         <name>__aeabi_cdrcmple</name>
         <value>0x36bb</value>
         <object_component_ref idref="oc-4fb"/>
      </symbol>
      <symbol id="sm-ace">
         <name>__aeabi_ddiv</name>
         <value>0x20a9</value>
         <object_component_ref idref="oc-4dd"/>
      </symbol>
      <symbol id="sm-ad9">
         <name>__aeabi_dmul</name>
         <value>0x287d</value>
         <object_component_ref idref="oc-4ee"/>
      </symbol>
      <symbol id="sm-ae3">
         <name>__aeabi_d2iz</name>
         <value>0x4309</value>
         <object_component_ref idref="oc-815"/>
      </symbol>
      <symbol id="sm-aef">
         <name>__aeabi_d2f</name>
         <value>0x3a15</value>
         <object_component_ref idref="oc-345"/>
      </symbol>
      <symbol id="sm-afa">
         <name>__aeabi_f2d</name>
         <value>0x4761</value>
         <object_component_ref idref="oc-63c"/>
      </symbol>
      <symbol id="sm-b04">
         <name>__aeabi_i2d</name>
         <value>0x4961</value>
         <object_component_ref idref="oc-33a"/>
      </symbol>
      <symbol id="sm-b21">
         <name>memcpy</name>
         <value>0x3471</value>
         <object_component_ref idref="oc-64"/>
      </symbol>
      <symbol id="sm-b22">
         <name>__aeabi_memcpy</name>
         <value>0x3471</value>
         <object_component_ref idref="oc-64"/>
      </symbol>
      <symbol id="sm-b23">
         <name>__aeabi_memcpy8</name>
         <value>0x3471</value>
         <object_component_ref idref="oc-64"/>
      </symbol>
      <symbol id="sm-b24">
         <name>__aeabi_memcpy4</name>
         <value>0x3471</value>
         <object_component_ref idref="oc-64"/>
      </symbol>
      <symbol id="sm-b33">
         <name>__aeabi_uidivmod</name>
         <value>0x4575</value>
         <object_component_ref idref="oc-230"/>
      </symbol>
      <symbol id="sm-b34">
         <name>__aeabi_uidiv</name>
         <value>0x4575</value>
         <object_component_ref idref="oc-230"/>
      </symbol>
      <symbol id="sm-b46">
         <name>__TI_zero_init</name>
         <value>0x516b</value>
         <object_component_ref idref="oc-76"/>
      </symbol>
      <symbol id="sm-b5d">
         <name>__TI_decompress_none</name>
         <value>0x512d</value>
         <object_component_ref idref="oc-1b"/>
      </symbol>
      <symbol id="sm-b80">
         <name>__TI_decompress_lzss</name>
         <value>0x3bc1</value>
         <object_component_ref idref="oc-15"/>
      </symbol>
      <symbol id="sm-b96">
         <name>__aeabi_errno_addr</name>
         <value>0x51cd</value>
         <object_component_ref idref="oc-4e8"/>
      </symbol>
      <symbol id="sm-b97">
         <name>errno</name>
         <value>0x2000563c</value>
         <object_component_ref idref="oc-6a6"/>
      </symbol>
      <symbol id="sm-baa">
         <name>__stack</name>
         <value>0x200053e0</value>
         <object_component_ref idref="oc-24"/>
      </symbol>
      <symbol id="sm-bab">
         <name>_c_int00_noargs</name>
         <value>0x486d</value>
         <object_component_ref idref="oc-82"/>
      </symbol>
      <symbol id="sm-bb5">
         <name>copysign</name>
         <value>0x4e5b</value>
         <object_component_ref idref="oc-6b0"/>
      </symbol>
      <symbol id="sm-bb6">
         <name>copysignl</name>
         <value>0x4e5b</value>
         <object_component_ref idref="oc-6b0"/>
      </symbol>
      <symbol id="sm-bc0">
         <name>__aeabi_idiv0</name>
         <value>0x3a83</value>
         <object_component_ref idref="oc-3c4"/>
      </symbol>
      <symbol id="sm-bc1">
         <name>__aeabi_ldiv0</name>
         <value>0x3a83</value>
         <object_component_ref idref="oc-3c4"/>
      </symbol>
      <symbol id="sm-be9">
         <name>__TI_auto_init_nobinit_nopinit</name>
         <value>0x4425</value>
         <object_component_ref idref="oc-1c5"/>
      </symbol>
      <symbol id="sm-bf3">
         <name>_system_pre_init</name>
         <value>0x520d</value>
         <object_component_ref idref="oc-f8"/>
      </symbol>
      <symbol id="sm-bff">
         <name>C$$EXIT</name>
         <value>0x5211</value>
         <object_component_ref idref="oc-1b9"/>
      </symbol>
      <symbol id="sm-c00">
         <name>abort</name>
         <value>0x5211</value>
         <object_component_ref idref="oc-1b9"/>
      </symbol>
      <symbol id="sm-cb6">
         <name>GPIOPinTypePWM</name>
         <value>0x4f77</value>
         <object_component_ref idref="oc-271"/>
      </symbol>
      <symbol id="sm-cb7">
         <name>GPIOPinConfigure</name>
         <value>0x4271</value>
         <object_component_ref idref="oc-283"/>
      </symbol>
      <symbol id="sm-cb8">
         <name>GPIOPinTypeI2CSCL</name>
         <value>0x4f61</value>
         <object_component_ref idref="oc-67f"/>
      </symbol>
      <symbol id="sm-cb9">
         <name>GPIOIntDisable</name>
         <value>0x5111</value>
         <object_component_ref idref="oc-472"/>
      </symbol>
      <symbol id="sm-cba">
         <name>GPIOIntEnable</name>
         <value>0x5153</value>
         <object_component_ref idref="oc-47e"/>
      </symbol>
      <symbol id="sm-cbb">
         <name>GPIOPinTypeI2C</name>
         <value>0x4f4b</value>
         <object_component_ref idref="oc-685"/>
      </symbol>
      <symbol id="sm-cbc">
         <name>GPIOIntTypeSet</name>
         <value>0x3f85</value>
         <object_component_ref idref="oc-478"/>
      </symbol>
      <symbol id="sm-cbd">
         <name>GPIOPinTypeGPIOInput</name>
         <value>0x4f35</value>
         <object_component_ref idref="oc-46c"/>
      </symbol>
      <symbol id="sm-cbe">
         <name>GPIOIntClear</name>
         <value>0x51dd</value>
         <object_component_ref idref="oc-b4"/>
      </symbol>
      <symbol id="sm-cbf">
         <name>GPIOPinTypeUART</name>
         <value>0x4f8d</value>
         <object_component_ref idref="oc-50f"/>
      </symbol>
      <symbol id="sm-cc0">
         <name>GPIOIntStatus</name>
         <value>0x511f</value>
         <object_component_ref idref="oc-64f"/>
      </symbol>
      <symbol id="sm-cc1">
         <name>GPIOPinTypeGPIOOutput</name>
         <value>0x4e27</value>
         <object_component_ref idref="oc-2b3"/>
      </symbol>
      <symbol id="sm-cc2">
         <name>GPIODirModeSet</name>
         <value>0x49e7</value>
         <object_component_ref idref="oc-3de"/>
      </symbol>
      <symbol id="sm-cc3">
         <name>GPIOPinWrite</name>
         <value>0x51e3</value>
         <object_component_ref idref="oc-2bf"/>
      </symbol>
      <symbol id="sm-cc4">
         <name>GPIOPadConfigSet</name>
         <value>0x19f5</value>
         <object_component_ref idref="oc-2b9"/>
      </symbol>
      <symbol id="sm-cc5">
         <name>GPIOUnlockPin</name>
         <value>0x4ea9</value>
         <object_component_ref idref="oc-2ad"/>
      </symbol>
      <symbol id="sm-d0f">
         <name>I2CMasterDataPut</name>
         <value>0x5209</value>
         <object_component_ref idref="oc-54a"/>
      </symbol>
      <symbol id="sm-d10">
         <name>I2CMasterInitExpClk</name>
         <value>0x42bd</value>
         <object_component_ref idref="oc-68b"/>
      </symbol>
      <symbol id="sm-d11">
         <name>I2CMasterSlaveAddrSet</name>
         <value>0x51c3</value>
         <object_component_ref idref="oc-544"/>
      </symbol>
      <symbol id="sm-d12">
         <name>I2CMasterDataGet</name>
         <value>0x5205</value>
         <object_component_ref idref="oc-55c"/>
      </symbol>
      <symbol id="sm-d13">
         <name>I2CMasterIntEnableEx</name>
         <value>0x51bb</value>
         <object_component_ref idref="oc-691"/>
      </symbol>
      <symbol id="sm-d14">
         <name>I2CMasterControl</name>
         <value>0x5201</value>
         <object_component_ref idref="oc-550"/>
      </symbol>
      <symbol id="sm-d15">
         <name>I2CMasterEnable</name>
         <value>0x51a9</value>
         <object_component_ref idref="oc-7b8"/>
      </symbol>
      <symbol id="sm-d16">
         <name>I2CMasterIntClear</name>
         <value>0x51b3</value>
         <object_component_ref idref="oc-c9"/>
      </symbol>
      <symbol id="sm-d73">
         <name>IntEnable</name>
         <value>0x3b59</value>
         <object_component_ref idref="oc-48a"/>
      </symbol>
      <symbol id="sm-d74">
         <name>IntDisable</name>
         <value>0x3af1</value>
         <object_component_ref idref="oc-655"/>
      </symbol>
      <symbol id="sm-d75">
         <name>IntRegister</name>
         <value>0x4805</value>
         <object_component_ref idref="oc-484"/>
      </symbol>
      <symbol id="sm-d76">
         <name>IntMasterDisable</name>
         <value>0x50a1</value>
         <object_component_ref idref="oc-21e"/>
      </symbol>
      <symbol id="sm-d77">
         <name>g_pfnRAMVectors</name>
         <value>0x20000000</value>
         <object_component_ref idref="oc-633"/>
      </symbol>
      <symbol id="sm-d78">
         <name>IntMasterEnable</name>
         <value>0x50b1</value>
         <object_component_ref idref="oc-697"/>
      </symbol>
      <symbol id="sm-dad">
         <name>PWMGenPeriodSet</name>
         <value>0x50d1</value>
         <object_component_ref idref="oc-295"/>
      </symbol>
      <symbol id="sm-dae">
         <name>PWMPulseWidthSet</name>
         <value>0x4cd5</value>
         <object_component_ref idref="oc-29b"/>
      </symbol>
      <symbol id="sm-daf">
         <name>PWMGenPeriodGet</name>
         <value>0x5049</value>
         <object_component_ref idref="oc-7a5"/>
      </symbol>
      <symbol id="sm-db0">
         <name>PWMOutputState</name>
         <value>0x505b</value>
         <object_component_ref idref="oc-2a1"/>
      </symbol>
      <symbol id="sm-db1">
         <name>PWMGenEnable</name>
         <value>0x515f</value>
         <object_component_ref idref="oc-2a7"/>
      </symbol>
      <symbol id="sm-db2">
         <name>PWMGenConfigure</name>
         <value>0x4c71</value>
         <object_component_ref idref="oc-289"/>
      </symbol>
      <symbol id="sm-e04">
         <name>SysCtlDelay</name>
         <value>0x51ef</value>
         <object_component_ref idref="oc-64d"/>
      </symbol>
      <symbol id="sm-e05">
         <name>SysCtlPeripheralEnable</name>
         <value>0x4839</value>
         <object_component_ref idref="oc-26b"/>
      </symbol>
      <symbol id="sm-e06">
         <name>SysCtlClockGet</name>
         <value>0x2555</value>
         <object_component_ref idref="oc-28f"/>
      </symbol>
      <symbol id="sm-e07">
         <name>SysCtlPWMClockSet</name>
         <value>0x4ff9</value>
         <object_component_ref idref="oc-277"/>
      </symbol>
      <symbol id="sm-e08">
         <name>SysCtlPeripheralReady</name>
         <value>0x4729</value>
         <object_component_ref idref="oc-679"/>
      </symbol>
      <symbol id="sm-e32">
         <name>UARTConfigSetExpClk</name>
         <value>0x43df</value>
         <object_component_ref idref="oc-515"/>
      </symbol>
      <symbol id="sm-e33">
         <name>UARTDisable</name>
         <value>0x4c95</value>
         <object_component_ref idref="oc-6c5"/>
      </symbol>
      <symbol id="sm-e34">
         <name>UARTClockSourceSet</name>
         <value>0x51f5</value>
         <object_component_ref idref="oc-3cf"/>
      </symbol>
      <symbol id="sm-e35">
         <name>UARTEnable</name>
         <value>0x500d</value>
         <object_component_ref idref="oc-6cb"/>
      </symbol>
      <symbol id="sm-e48">
         <name>CPUcpsie</name>
         <value>0x5147</value>
         <object_component_ref idref="oc-7c0"/>
      </symbol>
      <symbol id="sm-e49">
         <name>CPUcpsid</name>
         <value>0x513b</value>
         <object_component_ref idref="oc-3b6"/>
      </symbol>
      <symbol id="sm-e4a">
         <name>__TI_static_base__</name>
         <value>0x0</value>
      </symbol>
      <symbol id="sm-e4d">
         <name>__mpu_init</name>
         <value>0x0</value>
      </symbol>
      <symbol id="sm-e4e">
         <name>_system_post_cinit</name>
         <value>0x0</value>
      </symbol>
   </symbol_table>
   <title>Link successful</title>
</link_info>
