******************************************************************************
                  TI ARM Linker Unix v20.2.1                   
******************************************************************************
>> Linked Mon Dec  2 11:05:35 2024

OUTPUT FILE NAME:   <Nema17.out>
ENTRY POINT SYMBOL: "_c_int00_noargs"  address: 0000ad45


MEMORY CONFIGURATION

         name            origin    length      used     unused   attr    fill
----------------------  --------  ---------  --------  --------  ----  --------
  FLASH                 00000000   00040000  0000b784  0003487c  R  X
  SRAM                  20000000   00008000  00006018  00001fe8  RW X


SEGMENT ALLOCATION MAP

run origin  load origin   length   init length attrs members
----------  ----------- ---------- ----------- ----- -------
00000000    00000000    0000b788   0000b788    r-x
  00000000    00000000    0000026c   0000026c    r-- .intvecs
  00000270    00000270    000062ac   000062ac    r-- .const
  0000651c    0000651c    000051fc   000051fc    r-x .text
  0000b718    0000b718    00000070   00000070    r-- .cinit
20000000    20000000    0000601c   00000000    rw-
  20000000    20000000    0000026c   00000000    rw- .vtable
  2000026c    2000026c    00005b20   00000000    rw- .bss
  20005d90    20005d90    00000200   00000000    rw- .stack
  20005f90    20005f90    0000008c   00000000    rw- .data


SECTION ALLOCATION MAP

 output                                  attributes/
section   page    origin      length       input sections
--------  ----  ----------  ----------   ----------------
.intvecs   0    00000000    0000026c     
                  00000000    0000026c     tm4c123gh6pm_startup_ccs.obj (.intvecs)

.const     0    00000270    000062ac     
                  00000270    00006108     AS7341.obj (.const:GeneralSpectralCorrectionMatrix)
                  00006378    00000090     driverlib.lib : gpio.obj (.const:g_pui32GPIOBaseAddrs)
                  00006408    0000006c                   : sysctl.obj (.const:g_pui32Xtals)
                  00006474    00000004     port.obj (.const)
                  00006478    00000030     rtsv7M4_T_le_v4SPD16_eabi.lib : e_exp.c.obj (.const:$O1$$)
                  000064a8    00000030                                   : e_pow.c.obj (.const:$O1$$)
                  000064d8    00000014     driverlib.lib : interrupt.obj (.const:g_pui32Dii16Regs)
                  000064ec    00000014                   : interrupt.obj (.const:g_pui32EnRegs)
                  00006500    0000000c     uartstdio.obj (.const:g_ui32UARTBase)
                  0000650c    0000000c     uartstdio.obj (.const:g_ui32UARTPeriph)
                  00006518    00000004     tasks.obj (.const)

.text      0    0000651c    000051fc     
                  0000651c    000009c0     rtsv7M4_T_le_v4SPD16_eabi.lib : e_pow.c.obj (.text:pow)
                  00006edc    0000033c     hello.obj (.text:AS7341_Begin)
                  00007218    00000328     rtsv7M4_T_le_v4SPD16_eabi.lib : e_exp.c.obj (.text:exp)
                  00007540    000001ee     uartstdio.obj (.text:UARTvprintf)
                  0000772e    000001e0     AS7341.obj (.text:AS7341_SetI2cRegSMUX)
                  0000790e    000001b6     rtsv7M4_T_le_v4SPD16_eabi.lib : fd_add_t2.asm.obj (.text)
                  00007ac4    0000018c     drv8825.obj (.text:xChangeDirection)
                  00007c50    0000016c     AS7341.obj (.text:AS7341_ReadChannels)
                  00007dbc    0000016c     driverlib.lib : gpio.obj (.text:GPIOPadConfigSet)
                  00007f28    00000164     tasks.obj (.text:xTaskIncrementTick)
                  0000808c    00000158     rtsv7M4_T_le_v4SPD16_eabi.lib : e_sqrt.c.obj (.text:sqrt)
                  000081e4    00000144     tasks.obj (.text:xTaskResumeAll)
                  00008328    00000136     rtsv7M4_T_le_v4SPD16_eabi.lib : fd_div_t2.asm.obj (.text)
                  0000845e    00000002     tm4c123gh6pm_startup_ccs.obj (.text:FaultISR)
                  00008460    00000130     drv8825.obj (.text:TriggerPWMSigmoidFrequency)
                  00008590    00000124     queue.obj (.text:xQueueSemaphoreTake)
                  000086b4    00000118     drv8825.obj (.text:NemaInterruptionConfig)
                  000087cc    00000118     driverlib.lib : sysctl.obj (.text:SysCtlClockGet)
                  000088e4    00000110     rtsv7M4_T_le_v4SPD16_eabi.lib : s_scalbn.c.obj (.text:scalbn)
                  000089f4    00000100     drv8825.obj (.text:NemaConfig)
                  00008af4    000000fc     rtsv7M4_T_le_v4SPD16_eabi.lib : fd_mul_t2.asm.obj (.text)
                  00008bf0    000000fc     tasks.obj (.text:vTaskGenericNotifyGiveFromISR)
                  00008cec    000000f4     queue.obj (.text:xQueueReceive)
                  00008de0    000000f0     arm_mat_mult_f32.obj (.text:arm_mat_mult_f32)
                  00008ed0    000000f0     timers.obj (.text:prvProcessReceivedCommands)
                  00008fc0    000000e8     AS7341.obj (.text:AS7341_i2cInit)
                  000090a8    000000e8     tasks.obj (.text:xTaskRemoveFromEventList)
                  00009190    000000e4     rtos_hw_drivers.obj (.text:PinoutSet)
                  00009274    000000e0     tasks.obj (.text:prvAddNewTaskToReadyList)
                  00009354    000000da     portasm.obj (.text)
                  0000942e    00000002     tm4c123gh6pm_startup_ccs.obj (.text:IntDefaultHandler)
                  00009430    000000d4     drv8825.obj (.text:GPIOPortE_Handler)
                  00009504    000000c0     tasks.obj (.text:xTaskPriorityInherit)
                  000095c4    000000bc     heap_2.obj (.text:pvPortMalloc)
                  00009680    000000b0     tasks.obj (.text:prvAddCurrentTaskToDelayedList)
                  00009730    000000a8     tasks.obj (.text:vTaskPriorityDisinheritAfterTimeout)
                  000097d8    0000009c     rtsv7M4_T_le_v4SPD16_eabi.lib : memcpy_t2.asm.obj (.text)
                  00009874    0000009c     queue.obj (.text:xQueueGenericReset)
                  00009910    0000008c     tasks.obj (.text:vTaskSwitchContext)
                  0000999c    00000086     rtsv7M4_T_le_v4SPD16_eabi.lib : fd_cmp_t2.asm.obj (.text:__aeabi_cdcmple)
                  00009a22    00000086                                   : fd_cmp_t2.asm.obj (.text:__aeabi_cdrcmple)
                  00009aa8    00000084     tasks.obj (.text:prvInitialiseNewTask)
                  00009b2c    0000007a     rtsv7M4_T_le_v4SPD16_eabi.lib : memset_t2.asm.obj (.text)
                  00009ba6    00000002     tm4c123gh6pm_startup_ccs.obj (.text:NmiSR)
                  00009ba8    00000078     drv8825.obj (.text:PWM_SetDutyCycle)
                  00009c20    00000078     tasks.obj (.text:ulTaskGenericNotifyTake)
                  00009c98    00000076     SpecResult.obj (.text:UART5_SendDataPacket)
                  00009d0e    00000074     AS7341.obj (.text:AS7341_SetSMUX)
                  00009d82    00000002     rtsv7M4_T_le_v4SPD16_eabi.lib : div0.asm.obj (.text)
                  00009d84    00000070     timers.obj (.text:prvProcessTimerOrBlockTask)
                  00009df4    0000006e     rtsv7M4_T_le_v4SPD16_eabi.lib : fd_tos_t2.asm.obj (.text)
                  00009e62    00000002     hello.obj (.text:vApplicationIdleHook)
                  00009e64    0000006c     tasks.obj (.text:vTaskStartScheduler)
                  00009ed0    00000068     driverlib.lib : interrupt.obj (.text:IntDisable)
                  00009f38    00000068                   : interrupt.obj (.text:IntEnable)
                  00009fa0    00000068     hello.obj (.text:SpectralReconstruction)
                  0000a008    00000068     rtsv7M4_T_le_v4SPD16_eabi.lib : copy_decompress_lzss.c.obj (.text:decompress:lzss:__TI_decompress_lzss)
                  0000a070    00000066     tasks.obj (.text:xTaskCreate)
                  0000a0d6    00000002     --HOLE-- [fill = 0]
                  0000a0d8    00000064     hello.obj (.text:prvConfigureUART)
                  0000a13c    00000060     uartstdio.obj (.text:UARTStdioConfig)
                  0000a19c    00000060     tasks.obj (.text:prvInitialiseTaskLists)
                  0000a1fc    00000060     drv8825.obj (.text:sigmoid)
                  0000a25c    0000005e     queue.obj (.text:prvUnlockQueue)
                  0000a2ba    0000005e     queue.obj (.text:xQueueGiveFromISR)
                  0000a318    0000005c     hello.obj (.text:Correction1)
                  0000a374    0000005c     timers.obj (.text:prvCheckForValidListAndQueue)
                  0000a3d0    00000058     AS7341.obj (.text:AS7341_read)
                  0000a428    00000058     driverlib.lib : gpio.obj (.text:GPIOIntTypeSet)
                  0000a480    00000058     tasks.obj (.text:xTaskCheckForTimeOut)
                  0000a4d8    00000054     drv8825.obj (.text:AnalogInit)
                  0000a52c    00000054     heap_2.obj (.text:vPortFree)
                  0000a580    00000050     AS7341.obj (.text:AS7341_BankAcessSet)
                  0000a5d0    00000050     hello.obj (.text:BasicCountConvertion)
                  0000a620    00000050     SpecResult.obj (.text:UART5_Init)
                  0000a670    00000050     uartstdio.obj (.text:UARTwrite)
                  0000a6c0    0000004c     AS7341.obj (.text:AS7341_write)
                  0000a70c    0000004c     driverlib.lib : gpio.obj (.text:GPIOPinConfigure)
                  0000a758    0000004c                   : i2c.obj (.text:I2CMasterInitExpClk)
                  0000a7a4    00000048     rtsv7M4_T_le_v4SPD16_eabi.lib : fd_toi_t2.asm.obj (.text)
                  0000a7ec    00000048     queue.obj (.text:vQueueWaitForMessageRestricted)
                  0000a834    00000046     AS7341.obj (.text:AS7341_PowerOn)
                  0000a87a    00000046     driverlib.lib : uart.obj (.text:UARTConfigSetExpClk)
                  0000a8c0    00000044     rtsv7M4_T_le_v4SPD16_eabi.lib : autoinit.c.obj (.text:__TI_auto_init_nobinit_nopinit:__TI_auto_init_nobinit_nopinit)
                  0000a904    00000044     tasks.obj (.text:prvCheckTasksWaitingTermination)
                  0000a948    00000044     timers.obj (.text:prvInsertTimerInActiveList)
                  0000a98c    00000042     queue.obj (.text:xQueueGenericCreate)
                  0000a9ce    00000002     --HOLE-- [fill = 0]
                  0000a9d0    00000040     timers.obj (.text:prvProcessExpiredTimer)
                  0000aa10    00000040     rtsv7M4_T_le_v4SPD16_eabi.lib : u_divt2.asm.obj (.text)
                  0000aa50    00000040     queue.obj (.text:vQueueAddToRegistry)
                  0000aa90    00000040     tasks.obj (.text:vTaskPlaceOnEventListRestricted)
                  0000aad0    00000040     port.obj (.text:xPortStartScheduler)
                  0000ab10    00000040     timers.obj (.text:xTimerCreateTimerTask)
                  0000ab50    0000003c     AS7341.obj (.text:AS7341_GetIntegrationTimeADC)
                  0000ab8c    0000003c     AS7341.obj (.text:PortDIntHanlder)
                  0000abc8    00000038     AS7341.obj (.text:I2C1_IntHandler)
                  0000ac00    00000038     driverlib.lib : sysctl.obj (.text:SysCtlPeripheralReady)
                  0000ac38    00000038     rtsv7M4_T_le_v4SPD16_eabi.lib : fs_tod_t2.asm.obj (.text)
                  0000ac70    00000038     list.obj (.text:vListInsert)
                  0000aca8    00000034     mono_light.obj (.text:GreenLightConfig)
                  0000acdc    00000034     driverlib.lib : interrupt.obj (.text:IntRegister)
                  0000ad10    00000034                   : sysctl.obj (.text:SysCtlPeripheralEnable)
                  0000ad44    00000034     rtsv7M4_T_le_v4SPD16_eabi.lib : boot_cortex_m.c.obj (.text:_c_int00_noargs:_c_int00_noargs)
                  0000ad78    00000030     AS7341.obj (.text:AS7341_PerformanceDbgInit)
                  0000ada8    00000030     hello.obj (.text:main)
                  0000add8    00000030     heap_2.obj (.text:prvHeapInit)
                  0000ae08    00000030     tasks.obj (.text:vTaskDelay)
                  0000ae38    0000002e     rtsv7M4_T_le_v4SPD16_eabi.lib : i_tofd_t2.asm.obj (.text)
                  0000ae66    0000002c     AS7341.obj (.text:AS7341_DeviceStatus)
                  0000ae92    0000002c     AS7341.obj (.text:AS7341_GetStepADC)
                  0000aebe    0000002c     driverlib.lib : gpio.obj (.text:GPIODirModeSet)
                  0000aeea    00000002     --HOLE-- [fill = 0]
                  0000aeec    0000002c     timers.obj (.text:prvSwitchTimerLists)
                  0000af18    0000002c     port.obj (.text:pxPortInitialiseStack)
                  0000af44    0000002c     port.obj (.text:xPortSysTickHandler)
                  0000af70    0000002a     AS7341.obj (.text:AS7341_DisableSpecMen)
                  0000af9a    0000002a     AS7341.obj (.text:AS7341_EnableSpecMen)
                  0000afc4    0000002a     AS7341.obj (.text:AS7341_SMUXEnable)
                  0000afee    0000002a     timers.obj (.text:prvReloadTimer)
                  0000b018    00000028     AS7341.obj (.text:AS7341_DevivceConfig)
                  0000b040    00000028     timers.obj (.text:prvSampleTimeNow)
                  0000b068    00000026     AS7341.obj (.text:AS7341_SetStepADC)
                  0000b08e    00000026     queue.obj (.text:prvCopyDataFromQueue)
                  0000b0b4    00000026     list.obj (.text:uxListRemove)
                  0000b0da    00000024     queue.obj (.text:prvInitialiseNewQueue)
                  0000b0fe    00000002     --HOLE-- [fill = 0]
                  0000b100    00000024     tasks.obj (.text:prvResetNextTaskUnblockTime)
                  0000b124    00000024     hello.obj (.text:prvSetupHardware)
                  0000b148    00000022     driverlib.lib : pwm.obj (.text:PWMGenConfigure)
                  0000b16a    00000002     --HOLE-- [fill = 0]
                  0000b16c    00000020                   : uart.obj (.text:UARTDisable)
                  0000b18c    00000020     timers.obj (.text:prvGetNextExpireTime)
                  0000b1ac    0000001e     driverlib.lib : pwm.obj (.text:PWMPulseWidthSet)
                  0000b1ca    0000001c     AS7341.obj (.text:AS7341_Boot)
                  0000b1e6    0000001c     AS7341.obj (.text:AS7341_SetAcessAndRead)
                  0000b202    0000001c     AS7341.obj (.text:AS7341_SetAcessAndWrite)
                  0000b21e    0000001c     AS7341.obj (.text:AS7341_WriteI2cReg2SMUX_Sel)
                  0000b23a    00000002     --HOLE-- [fill = 0]
                  0000b23c    0000001c     AS7341.obj (.text:WaitACK)
                  0000b258    0000001c     hello.obj (.text:joinADC)
                  0000b274    0000001c     port.obj (.text:vPortEnterCritical)
                  0000b290    0000001c     port.obj (.text:vPortSetupTimerInterrupt)
                  0000b2ac    0000001c     tasks.obj (.text:vTaskPlaceOnEventList)
                  0000b2c8    0000001c     drv8825.obj (.text:xDebaunceKey)
                  0000b2e4    0000001a     AS7341.obj (.text:AS7341_GetGainADC)
                  0000b2fe    0000001a     driverlib.lib : gpio.obj (.text:GPIOPinTypeGPIOOutput)
                  0000b318    0000001a     uartstdio.obj (.text:UARTprintf)
                  0000b332    0000001a     rtsv7M4_T_le_v4SPD16_eabi.lib : s_copysign.c.obj (.text:copysign)
                  0000b34c    0000001a     queue.obj (.text:prvIsQueueEmpty)
                  0000b366    00000018     AS7341.obj (.text:AS7341_SetGainADC)
                  0000b37e    00000002     --HOLE-- [fill = 0]
                  0000b380    00000018     driverlib.lib : gpio.obj (.text:GPIOUnlockPin)
                  0000b398    00000018     tasks.obj (.text:pvTaskIncrementMutexHeldCount)
                  0000b3b0    00000018     port.obj (.text:vPortExitCritical)
                  0000b3c8    00000018     tasks.obj (.text:vTaskInternalSetTimeOutState)
                  0000b3e0    00000016     AS7341.obj (.text:AS7341_SetTimeADC)
                  0000b3f6    00000016     AS7341.obj (.text:AS7341_SetWtimeADC)
                  0000b40c    00000016     driverlib.lib : gpio.obj (.text:GPIOPinTypeGPIOInput)
                  0000b422    00000016                   : gpio.obj (.text:GPIOPinTypeI2C)
                  0000b438    00000016                   : gpio.obj (.text:GPIOPinTypeI2CSCL)
                  0000b44e    00000016                   : gpio.obj (.text:GPIOPinTypePWM)
                  0000b464    00000016                   : gpio.obj (.text:GPIOPinTypeUART)
                  0000b47a    00000016     queue.obj (.text:prvGetDisinheritPriorityAfterTimeout)
                  0000b490    00000016     list.obj (.text:vListInitialise)
                  0000b4a6    00000002     --HOLE-- [fill = 0]
                  0000b4a8    00000014     mono_light.obj (.text:GreenLightTurnOff)
                  0000b4bc    00000014     mono_light.obj (.text:GreenLightTurnOn)
                  0000b4d0    00000014     driverlib.lib : sysctl.obj (.text:SysCtlPWMClockSet)
                  0000b4e4    00000014                   : uart.obj (.text:UARTEnable)
                  0000b4f8    00000014     tasks.obj (.text:prvTaskCheckFreeStackSpace)
                  0000b50c    00000014     timers.obj (.text:prvTimerTask)
                  0000b520    00000012     driverlib.lib : pwm.obj (.text:PWMGenPeriodGet)
                  0000b532    00000012                   : pwm.obj (.text:PWMOutputState)
                  0000b544    00000012     tasks.obj (.text:prvDeleteTCB)
                  0000b556    00000010     AS7341.obj (.text:AS7341_GetTimeADC)
                  0000b566    00000002     --HOLE-- [fill = 0]
                  0000b568    00000010     AS7341.obj (.text:AS7341_PerformanceDbgClr)
                  0000b578    00000010     AS7341.obj (.text:AS7341_PerformanceDbgSet)
                  0000b588    00000010     driverlib.lib : interrupt.obj (.text:IntMasterDisable)
                  0000b598    00000010                   : interrupt.obj (.text:IntMasterEnable)
                  0000b5a8    00000010     drv8825.obj (.text:NemaDisable)
                  0000b5b8    00000010     driverlib.lib : pwm.obj (.text:PWMGenPeriodSet)
                  0000b5c8    00000010     port.obj (.text:prvTaskExitError)
                  0000b5d8    00000010     tasks.obj (.text:uxTaskGetStackHighWaterMark)
                  0000b5e8    00000010     tasks.obj (.text:vTaskSuspendAll)
                  0000b5f8    0000000e     driverlib.lib : gpio.obj (.text:GPIOIntDisable)
                  0000b606    0000000e                   : gpio.obj (.text:GPIOIntStatus)
                  0000b614    0000000e     rtsv7M4_T_le_v4SPD16_eabi.lib : copy_decompress_none.c.obj (.text:decompress:none:__TI_decompress_none)
                  0000b622    0000000c     driverlib.lib : cpu.obj (.text:CPUcpsid)
                  0000b62e    0000000c                   : cpu.obj (.text:CPUcpsie)
                  0000b63a    0000000c                   : gpio.obj (.text:GPIOIntEnable)
                  0000b646    0000000c                   : pwm.obj (.text:PWMGenEnable)
                  0000b652    00000002     --HOLE-- [fill = 0]
                  0000b654    0000000c     SpecResult.obj (.text:UART5_SendByte)
                  0000b660    0000000c     rtsv7M4_T_le_v4SPD16_eabi.lib : copy_zero_init.c.obj (.text:decompress:ZI:__TI_zero_init)
                  0000b66c    0000000c     tasks.obj (.text:prvIdleTask)
                  0000b678    0000000c     tasks.obj (.text:uxTaskGetNumberOfTasks)
                  0000b684    0000000c     tasks.obj (.text:vTaskMissedYield)
                  0000b690    0000000c     tasks.obj (.text:xTaskGetTickCount)
                  0000b69c    0000000a     driverlib.lib : i2c.obj (.text:I2CMasterEnable)
                  0000b6a6    0000000a                   : uart.obj (.text:UARTCharPut)
                  0000b6b0    00000008                   : i2c.obj (.text:I2CMasterIntClear)
                  0000b6b8    00000008                   : i2c.obj (.text:I2CMasterIntEnableEx)
                  0000b6c0    00000008                   : i2c.obj (.text:I2CMasterSlaveAddrSet)
                  0000b6c8    00000008     rtsv7M4_T_le_v4SPD16_eabi.lib : errno.c.obj (.text:__aeabi_errno_addr)
                  0000b6d0    00000008     arm_mat_init_f32.obj (.text:arm_mat_init_f32)
                  0000b6d8    00000008     hello.obj (.text:vApplicationStackOverflowHook)
                  0000b6e0    00000006     driverlib.lib : gpio.obj (.text:GPIOIntClear)
                  0000b6e6    00000006                   : gpio.obj (.text:GPIOPinWrite)
                  0000b6ec    00000006     tm4c123gh6pm_startup_ccs.obj (.text:ResetISR)
                  0000b6f2    00000006     driverlib.lib : sysctl.obj (.text:SysCtlDelay)
                  0000b6f8    00000006                   : uart.obj (.text:UARTClockSourceSet)
                  0000b6fe    00000006     list.obj (.text:vListInitialiseItem)
                  0000b704    00000004     driverlib.lib : i2c.obj (.text:I2CMasterControl)
                  0000b708    00000004                   : i2c.obj (.text:I2CMasterDataGet)
                  0000b70c    00000004                   : i2c.obj (.text:I2CMasterDataPut)
                  0000b710    00000004     rtsv7M4_T_le_v4SPD16_eabi.lib : pre_init.c.obj (.text:_system_pre_init)
                  0000b714    00000004                                   : exit.c.obj (.text:abort:abort)

.cinit     0    0000b718    00000070     
                  0000b718    00000039     (.cinit..data.load) [load image, compression = lzss]
                  0000b751    00000003     --HOLE-- [fill = 0]
                  0000b754    0000000c     (__TI_handler_table)
                  0000b760    00000008     (.cinit..bss.load) [load image, compression = zero_init]
                  0000b768    00000008     (.cinit..vtable.load) [load image, compression = zero_init]
                  0000b770    00000018     (__TI_cinit_table)

.init_array 
*          0    00000000    00000000     UNINITIALIZED

.vtable    0    20000000    0000026c     UNINITIALIZED
                  20000000    0000026c     driverlib.lib : interrupt.obj (.vtable)

.bss       0    2000026c    00005b20     UNINITIALIZED
                  2000026c    00004f10     heap_2.obj (.bss:ucHeap)
                  2000517c    000009b0     (.common:Spectral400_600)
                  20005b2c    00000140     tasks.obj (.bss:pxReadyTasksLists)
                  20005c6c    00000050     (.common:xQueueRegistry)
                  20005cbc    00000014     timers.obj (.bss:xActiveTimerList1)
                  20005cd0    00000014     timers.obj (.bss:xActiveTimerList2)
                  20005ce4    00000014     tasks.obj (.bss:xDelayedTaskList1)
                  20005cf8    00000014     tasks.obj (.bss:xDelayedTaskList2)
                  20005d0c    00000014     tasks.obj (.bss:xPendingReadyList)
                  20005d20    00000014     tasks.obj (.bss:xSuspendedTaskList)
                  20005d34    00000014     tasks.obj (.bss:xTasksWaitingTermination)
                  20005d48    00000010     (.common:LinearMov_Mngr)
                  20005d58    00000008     tasks.obj (.bss)
                  20005d60    00000008     timers.obj (.bss)
                  20005d68    00000008     heap_2.obj (.bss:xEnd)
                  20005d70    00000008     heap_2.obj (.bss:xStart)
                  20005d78    00000004     (.common:AS7341_Semphr)
                  20005d7c    00000004     (.common:ChangeDirStatus)
                  20005d80    00000004     (.common:Gain)
                  20005d84    00000004     (.common:I2C1_Semphr)
                  20005d88    00000004     (.common:IntTime)

.data      0    20005f90    0000008c     UNINITIALIZED
                  20005f90    00000034     tasks.obj (.data)
                  20005fc4    0000002c     hello.obj (.data:PhotoOffset)
                  20005ff0    0000000c     timers.obj (.data)
                  20005ffc    00000008     drv8825.obj (.data)
                  20006004    00000008     heap_2.obj (.data)
                  2000600c    00000005     uartstdio.obj (.data)
                  20006011    00000001     AS7341.obj (.data)
                  20006012    00000002     --HOLE--
                  20006014    00000004     port.obj (.data)
                  20006018    00000004     rtsv7M4_T_le_v4SPD16_eabi.lib : errno.c.obj (.data)

.stack     0    20005d90    00000200     UNINITIALIZED
                  20005d90    00000004     rtsv7M4_T_le_v4SPD16_eabi.lib : boot_cortex_m.c.obj (.stack)
                  20005d94    000001fc     --HOLE--

__llvm_prf_cnts 
*          0    20000000    00000000     UNINITIALIZED

MODULE SUMMARY

       Module                         code    ro data   rw data
       ------                         ----    -------   -------
    ./
       hello.obj                      1326    0         2532   
       tm4c123gh6pm_startup_ccs.obj   12      620       0      
    +--+------------------------------+-------+---------+---------+
       Total:                         1338    620       2532   
                                                               
    ./FreeRTOS/Source/
       tasks.obj                      3120    4         480    
       queue.obj                      1204    0         80     
       timers.obj                     818     0         60     
       list.obj                       122     0         0      
    +--+------------------------------+-------+---------+---------+
       Total:                         5264    4         620    
                                                               
    ./FreeRTOS/Source/portable/CCS/ARM_CM4F/
       port.obj                       248     4         4      
       portasm.obj                    218     0         0      
    +--+------------------------------+-------+---------+---------+
       Total:                         466     4         4      
                                                               
    ./FreeRTOS/Source/portable/MemMang/
       heap_2.obj                     320     0         20264  
    +--+------------------------------+-------+---------+---------+
       Total:                         320     0         20264  
                                                               
    ./MatrixFunctions/
       arm_mat_mult_f32.obj           240     0         0      
       arm_mat_init_f32.obj           8       0         0      
    +--+------------------------------+-------+---------+---------+
       Total:                         248     0         0      
                                                               
    ./SpecLibs/AS7341/
       AS7341.obj                     2304    24840     9      
    +--+------------------------------+-------+---------+---------+
       Total:                         2304    24840     9      
                                                               
    ./SpecLibs/DRV8825/
       drv8825.obj                    1792    0         28     
    +--+------------------------------+-------+---------+---------+
       Total:                         1792    0         28     
                                                               
    ./SpecLibs/MonoLight/
       mono_light.obj                 92      0         0      
    +--+------------------------------+-------+---------+---------+
       Total:                         92      0         0      
                                                               
    ./SpecLibs/SpecResult/
       SpecResult.obj                 210     0         0      
    +--+------------------------------+-------+---------+---------+
       Total:                         210     0         0      
                                                               
    ./drivers/
       rtos_hw_drivers.obj            228     0         0      
    +--+------------------------------+-------+---------+---------+
       Total:                         228     0         0      
                                                               
    ./utils/
       uartstdio.obj                  696     24        5      
    +--+------------------------------+-------+---------+---------+
       Total:                         696     24        5      
                                                               
    /home/jao/curso/ufsm/Mestrado/Dissertacao/Pototip_DeVereda/ProjetoPrototipo/Tiva/EK-TM4C/driverlib/ccs/Debug/driverlib.lib
       interrupt.obj                  292     40        620    
       gpio.obj                       784     144       0      
       sysctl.obj                     414     108       0      
       uart.obj                       138     0         0      
       pwm.obj                        128     0         0      
       i2c.obj                        122     0         0      
       cpu.obj                        24      0         0      
    +--+------------------------------+-------+---------+---------+
       Total:                         1902    292       620    
                                                               
    /home/jao/ti/ccs1271/ccs/tools/compiler/ti-cgt-arm_20.2.1.LTS/lib/rtsv7M4_T_le_v4SPD16_eabi.lib
       e_pow.c.obj                    2496    48        0      
       e_exp.c.obj                    808     48        0      
       fd_add_t2.asm.obj              438     0         0      
       e_sqrt.c.obj                   344     0         0      
       fd_div_t2.asm.obj              310     0         0      
       s_scalbn.c.obj                 272     0         0      
       fd_cmp_t2.asm.obj              268     0         0      
       fd_mul_t2.asm.obj              252     0         0      
       memcpy_t2.asm.obj              156     0         0      
       memset_t2.asm.obj              122     0         0      
       fd_tos_t2.asm.obj              110     0         0      
       copy_decompress_lzss.c.obj     104     0         0      
       fd_toi_t2.asm.obj              72      0         0      
       autoinit.c.obj                 68      0         0      
       u_divt2.asm.obj                64      0         0      
       fs_tod_t2.asm.obj              56      0         0      
       boot_cortex_m.c.obj            52      0         0      
       i_tofd_t2.asm.obj              46      0         0      
       s_copysign.c.obj               26      0         0      
       copy_decompress_none.c.obj     14      0         0      
       copy_zero_init.c.obj           12      0         0      
       errno.c.obj                    8       0         4      
       exit.c.obj                     4       0         0      
       pre_init.c.obj                 4       0         0      
       div0.asm.obj                   2       0         0      
    +--+------------------------------+-------+---------+---------+
       Total:                         6108    96        4      
                                                               
       Stack:                         0       0         512    
       Linker Generated:              0       109       0      
    +--+------------------------------+-------+---------+---------+
       Grand Total:                   20968   25989     24598  


LINKER GENERATED COPY TABLES

__TI_cinit_table @ 0000b770 records: 3, size/record: 8, table size: 24
	.data: load addr=0000b718, load size=00000039 bytes, run addr=20005f90, run size=0000008c bytes, compression=lzss
	.bss: load addr=0000b760, load size=00000008 bytes, run addr=2000026c, run size=00005b20 bytes, compression=zero_init
	.vtable: load addr=0000b768, load size=00000008 bytes, run addr=20000000, run size=0000026c bytes, compression=zero_init


LINKER GENERATED HANDLER TABLE

__TI_handler_table @ 0000b754 records: 3, size/record: 4, table size: 12
	index: 0, handler: __TI_zero_init
	index: 1, handler: __TI_decompress_lzss
	index: 2, handler: __TI_decompress_none


GLOBAL SYMBOLS: SORTED ALPHABETICALLY BY Name 

address   name                               
-------   ----                               
0000a581  AS7341_BankAcessSet                
00006edd  AS7341_Begin                       
0000b1cb  AS7341_Boot                        
0000ae67  AS7341_DeviceStatus                
0000b019  AS7341_DevivceConfig               
0000af71  AS7341_DisableSpecMen              
0000af9b  AS7341_EnableSpecMen               
0000b2e5  AS7341_GetGainADC                  
0000ab51  AS7341_GetIntegrationTimeADC       
0000ae93  AS7341_GetStepADC                  
0000b557  AS7341_GetTimeADC                  
0000b569  AS7341_PerformanceDbgClr           
0000ad79  AS7341_PerformanceDbgInit          
0000b579  AS7341_PerformanceDbgSet           
0000a835  AS7341_PowerOn                     
00007c51  AS7341_ReadChannels                
0000afc5  AS7341_SMUXEnable                  
20005d78  AS7341_Semphr                      
0000b1e7  AS7341_SetAcessAndRead             
0000b203  AS7341_SetAcessAndWrite            
0000b367  AS7341_SetGainADC                  
0000772f  AS7341_SetI2cRegSMUX               
00009d0f  AS7341_SetSMUX                     
0000b069  AS7341_SetStepADC                  
0000b3e1  AS7341_SetTimeADC                  
0000b3f7  AS7341_SetWtimeADC                 
0000b21f  AS7341_WriteI2cReg2SMUX_Sel        
00008fc1  AS7341_i2cInit                     
0000a3d1  AS7341_read                        
0000a6c1  AS7341_write                       
0000a4d9  AnalogInit                         
20006011  BankAcessControlValue              
0000a5d1  BasicCountConvertion               
0000b715  C$$EXIT                            
0000b623  CPUcpsid                           
0000b62f  CPUcpsie                           
20005d7c  ChangeDirStatus                    
0000a319  Correction1                        
0000aebf  GPIODirModeSet                     
0000b6e1  GPIOIntClear                       
0000b5f9  GPIOIntDisable                     
0000b63b  GPIOIntEnable                      
0000b607  GPIOIntStatus                      
0000a429  GPIOIntTypeSet                     
00007dbd  GPIOPadConfigSet                   
0000a70d  GPIOPinConfigure                   
0000b40d  GPIOPinTypeGPIOInput               
0000b2ff  GPIOPinTypeGPIOOutput              
0000b423  GPIOPinTypeI2C                     
0000b439  GPIOPinTypeI2CSCL                  
0000b44f  GPIOPinTypePWM                     
0000b465  GPIOPinTypeUART                    
0000b6e7  GPIOPinWrite                       
00009431  GPIOPortE_Handler                  
0000b381  GPIOUnlockPin                      
20005d80  Gain                               
00000270  GeneralSpectralCorrectionMatrix    
0000aca9  GreenLightConfig                   
0000b4a9  GreenLightTurnOff                  
0000b4bd  GreenLightTurnOn                   
0000abc9  I2C1_IntHandler                    
20005d84  I2C1_Semphr                        
0000b705  I2CMasterControl                   
0000b709  I2CMasterDataGet                   
0000b70d  I2CMasterDataPut                   
0000b69d  I2CMasterEnable                    
0000a759  I2CMasterInitExpClk                
0000b6b1  I2CMasterIntClear                  
0000b6b9  I2CMasterIntEnableEx               
0000b6c1  I2CMasterSlaveAddrSet              
00009ed1  IntDisable                         
00009f39  IntEnable                          
0000b589  IntMasterDisable                   
0000b599  IntMasterEnable                    
0000acdd  IntRegister                        
20005d88  IntTime                            
20005d48  LinearMov_Mngr                     
000089f5  NemaConfig                         
0000b5a9  NemaDisable                        
000086b5  NemaInterruptionConfig             
0000b149  PWMGenConfigure                    
0000b647  PWMGenEnable                       
0000b521  PWMGenPeriodGet                    
0000b5b9  PWMGenPeriodSet                    
0000b533  PWMOutputState                     
0000b1ad  PWMPulseWidthSet                   
00009ba9  PWM_SetDutyCycle                   
20005fc4  PhotoOffset                        
00009191  PinoutSet                          
0000ab8d  PortDIntHanlder                    
0000b6ed  ResetISR                           
2000517c  Spectral400_600                    
00009fa1  SpectralReconstruction             
000087cd  SysCtlClockGet                     
0000b6f3  SysCtlDelay                        
0000b4d1  SysCtlPWMClockSet                  
0000ad11  SysCtlPeripheralEnable             
0000ac01  SysCtlPeripheralReady              
00008461  TriggerPWMSigmoidFrequency         
0000a621  UART5_Init                         
0000b655  UART5_SendByte                     
00009c99  UART5_SendDataPacket               
0000b6a7  UARTCharPut                        
0000b6f9  UARTClockSourceSet                 
0000a87b  UARTConfigSetExpClk                
0000b16d  UARTDisable                        
0000b4e5  UARTEnable                         
0000a13d  UARTStdioConfig                    
0000b319  UARTprintf                         
00007541  UARTvprintf                        
0000a671  UARTwrite                          
0000b23d  WaitACK                            
20005f90  __STACK_END                        
00000200  __STACK_SIZE                       
20005f90  __STACK_TOP                        
0000b770  __TI_CINIT_Base                    
0000b788  __TI_CINIT_Limit                   
0000b754  __TI_Handler_Table_Base            
0000b760  __TI_Handler_Table_Limit           
0000a8c1  __TI_auto_init_nobinit_nopinit     
0000a009  __TI_decompress_lzss               
0000b615  __TI_decompress_none               
ffffffff  __TI_pprof_out_hndl                
ffffffff  __TI_prof_data_size                
ffffffff  __TI_prof_data_start               
00000000  __TI_static_base__                 
0000b661  __TI_zero_init                     
0000999d  __aeabi_cdcmpeq                    
0000999d  __aeabi_cdcmple                    
00009a23  __aeabi_cdrcmple                   
00009df5  __aeabi_d2f                        
0000a7a5  __aeabi_d2iz                       
00007919  __aeabi_dadd                       
00008329  __aeabi_ddiv                       
00008af5  __aeabi_dmul                       
0000790f  __aeabi_dsub                       
0000b6c9  __aeabi_errno_addr                 
0000ac39  __aeabi_f2d                        
0000ae39  __aeabi_i2d                        
00009d83  __aeabi_idiv0                      
00009d83  __aeabi_ldiv0                      
00009b2d  __aeabi_memclr                     
00009b2d  __aeabi_memclr4                    
00009b2d  __aeabi_memclr8                    
000097d9  __aeabi_memcpy                     
000097d9  __aeabi_memcpy4                    
000097d9  __aeabi_memcpy8                    
00009b2f  __aeabi_memset                     
00009b2f  __aeabi_memset4                    
00009b2f  __aeabi_memset8                    
0000aa11  __aeabi_uidiv                      
0000aa11  __aeabi_uidivmod                   
ffffffff  __binit__                          
ffffffff  __c_args__                         
UNDEFED   __mpu_init                         
20005d90  __stack                            
20000000  __start___llvm_prf_cnts            
20000000  __stop___llvm_prf_cnts             
0000ad45  _c_int00_noargs                    
UNDEFED   _system_post_cinit                 
0000b711  _system_pre_init                   
0000b715  abort                              
0000b6d1  arm_mat_init_f32                   
00008de1  arm_mat_mult_f32                   
ffffffff  binit                              
0000b333  copysign                           
0000b333  copysignl                          
20006018  errno                              
00007219  exp                                
00007219  expl                               
20000000  g_pfnRAMVectors                    
00000000  g_pfnVectors                       
0000b259  joinADC                            
000088e5  ldexp                              
000088e5  ldexpl                             
0000ada9  main                               
000097d9  memcpy                             
00009b35  memset                             
0000651d  pow                                
0000651d  powl                               
000095c5  pvPortMalloc                       
0000b399  pvTaskIncrementMutexHeldCount      
20005f90  pxCurrentTCB                       
0000af19  pxPortInitialiseStack              
000088e5  scalbn                             
000088e5  scalbnl                            
0000a1fd  sigmoid                            
0000808d  sqrt                               
0000808d  sqrtl                              
00006474  ulMaxSyscallInterruptPriority      
00009365  ulPortGetIPSR                      
00009c21  ulTaskGenericNotifyTake            
0000b0b5  uxListRemove                       
0000b679  uxTaskGetNumberOfTasks             
0000b5d9  uxTaskGetStackHighWaterMark        
00006518  uxTopUsedPriority                  
00009e63  vApplicationIdleHook               
0000b6d9  vApplicationStackOverflowHook      
0000b491  vListInitialise                    
0000b6ff  vListInitialiseItem                
0000ac71  vListInsert                        
00009421  vPortEnableVFP                     
0000b275  vPortEnterCritical                 
0000b3b1  vPortExitCritical                  
0000a52d  vPortFree                          
000093dd  vPortSVCHandler                    
0000b291  vPortSetupTimerInterrupt           
000093fd  vPortStartFirstTask                
0000aa51  vQueueAddToRegistry                
0000a7ed  vQueueWaitForMessageRestricted     
0000ae09  vTaskDelay                         
00008bf1  vTaskGenericNotifyGiveFromISR      
0000b3c9  vTaskInternalSetTimeOutState       
0000b685  vTaskMissedYield                   
0000b2ad  vTaskPlaceOnEventList              
0000aa91  vTaskPlaceOnEventListRestricted    
00009731  vTaskPriorityDisinheritAfterTimeout
00009e65  vTaskStartScheduler                
0000b5e9  vTaskSuspendAll                    
00009911  vTaskSwitchContext                 
00007ac5  xChangeDirection                   
20006000  xChangeDirectionHandle             
0000b2c9  xDebaunceKey                       
20005ffc  xDebaunceKeyHandle                 
0000937d  xPortPendSVHandler                 
0000aad1  xPortStartScheduler                
0000af45  xPortSysTickHandler                
0000a98d  xQueueGenericCreate                
00009875  xQueueGenericReset                 
0000a2bb  xQueueGiveFromISR                  
00008ced  xQueueReceive                      
20005c6c  xQueueRegistry                     
00008591  xQueueSemaphoreTake                
0000a481  xTaskCheckForTimeOut               
0000a071  xTaskCreate                        
0000b691  xTaskGetTickCount                  
00007f29  xTaskIncrementTick                 
00009505  xTaskPriorityInherit               
000090a9  xTaskRemoveFromEventList           
000081e5  xTaskResumeAll                     
0000ab11  xTimerCreateTimerTask              


GLOBAL SYMBOLS: SORTED BY Symbol Address 

address   name                               
-------   ----                               
00000000  __TI_static_base__                 
00000000  g_pfnVectors                       
00000200  __STACK_SIZE                       
00000270  GeneralSpectralCorrectionMatrix    
00006474  ulMaxSyscallInterruptPriority      
00006518  uxTopUsedPriority                  
0000651d  pow                                
0000651d  powl                               
00006edd  AS7341_Begin                       
00007219  exp                                
00007219  expl                               
00007541  UARTvprintf                        
0000772f  AS7341_SetI2cRegSMUX               
0000790f  __aeabi_dsub                       
00007919  __aeabi_dadd                       
00007ac5  xChangeDirection                   
00007c51  AS7341_ReadChannels                
00007dbd  GPIOPadConfigSet                   
00007f29  xTaskIncrementTick                 
0000808d  sqrt                               
0000808d  sqrtl                              
000081e5  xTaskResumeAll                     
00008329  __aeabi_ddiv                       
00008461  TriggerPWMSigmoidFrequency         
00008591  xQueueSemaphoreTake                
000086b5  NemaInterruptionConfig             
000087cd  SysCtlClockGet                     
000088e5  ldexp                              
000088e5  ldexpl                             
000088e5  scalbn                             
000088e5  scalbnl                            
000089f5  NemaConfig                         
00008af5  __aeabi_dmul                       
00008bf1  vTaskGenericNotifyGiveFromISR      
00008ced  xQueueReceive                      
00008de1  arm_mat_mult_f32                   
00008fc1  AS7341_i2cInit                     
000090a9  xTaskRemoveFromEventList           
00009191  PinoutSet                          
00009365  ulPortGetIPSR                      
0000937d  xPortPendSVHandler                 
000093dd  vPortSVCHandler                    
000093fd  vPortStartFirstTask                
00009421  vPortEnableVFP                     
00009431  GPIOPortE_Handler                  
00009505  xTaskPriorityInherit               
000095c5  pvPortMalloc                       
00009731  vTaskPriorityDisinheritAfterTimeout
000097d9  __aeabi_memcpy                     
000097d9  __aeabi_memcpy4                    
000097d9  __aeabi_memcpy8                    
000097d9  memcpy                             
00009875  xQueueGenericReset                 
00009911  vTaskSwitchContext                 
0000999d  __aeabi_cdcmpeq                    
0000999d  __aeabi_cdcmple                    
00009a23  __aeabi_cdrcmple                   
00009b2d  __aeabi_memclr                     
00009b2d  __aeabi_memclr4                    
00009b2d  __aeabi_memclr8                    
00009b2f  __aeabi_memset                     
00009b2f  __aeabi_memset4                    
00009b2f  __aeabi_memset8                    
00009b35  memset                             
00009ba9  PWM_SetDutyCycle                   
00009c21  ulTaskGenericNotifyTake            
00009c99  UART5_SendDataPacket               
00009d0f  AS7341_SetSMUX                     
00009d83  __aeabi_idiv0                      
00009d83  __aeabi_ldiv0                      
00009df5  __aeabi_d2f                        
00009e63  vApplicationIdleHook               
00009e65  vTaskStartScheduler                
00009ed1  IntDisable                         
00009f39  IntEnable                          
00009fa1  SpectralReconstruction             
0000a009  __TI_decompress_lzss               
0000a071  xTaskCreate                        
0000a13d  UARTStdioConfig                    
0000a1fd  sigmoid                            
0000a2bb  xQueueGiveFromISR                  
0000a319  Correction1                        
0000a3d1  AS7341_read                        
0000a429  GPIOIntTypeSet                     
0000a481  xTaskCheckForTimeOut               
0000a4d9  AnalogInit                         
0000a52d  vPortFree                          
0000a581  AS7341_BankAcessSet                
0000a5d1  BasicCountConvertion               
0000a621  UART5_Init                         
0000a671  UARTwrite                          
0000a6c1  AS7341_write                       
0000a70d  GPIOPinConfigure                   
0000a759  I2CMasterInitExpClk                
0000a7a5  __aeabi_d2iz                       
0000a7ed  vQueueWaitForMessageRestricted     
0000a835  AS7341_PowerOn                     
0000a87b  UARTConfigSetExpClk                
0000a8c1  __TI_auto_init_nobinit_nopinit     
0000a98d  xQueueGenericCreate                
0000aa11  __aeabi_uidiv                      
0000aa11  __aeabi_uidivmod                   
0000aa51  vQueueAddToRegistry                
0000aa91  vTaskPlaceOnEventListRestricted    
0000aad1  xPortStartScheduler                
0000ab11  xTimerCreateTimerTask              
0000ab51  AS7341_GetIntegrationTimeADC       
0000ab8d  PortDIntHanlder                    
0000abc9  I2C1_IntHandler                    
0000ac01  SysCtlPeripheralReady              
0000ac39  __aeabi_f2d                        
0000ac71  vListInsert                        
0000aca9  GreenLightConfig                   
0000acdd  IntRegister                        
0000ad11  SysCtlPeripheralEnable             
0000ad45  _c_int00_noargs                    
0000ad79  AS7341_PerformanceDbgInit          
0000ada9  main                               
0000ae09  vTaskDelay                         
0000ae39  __aeabi_i2d                        
0000ae67  AS7341_DeviceStatus                
0000ae93  AS7341_GetStepADC                  
0000aebf  GPIODirModeSet                     
0000af19  pxPortInitialiseStack              
0000af45  xPortSysTickHandler                
0000af71  AS7341_DisableSpecMen              
0000af9b  AS7341_EnableSpecMen               
0000afc5  AS7341_SMUXEnable                  
0000b019  AS7341_DevivceConfig               
0000b069  AS7341_SetStepADC                  
0000b0b5  uxListRemove                       
0000b149  PWMGenConfigure                    
0000b16d  UARTDisable                        
0000b1ad  PWMPulseWidthSet                   
0000b1cb  AS7341_Boot                        
0000b1e7  AS7341_SetAcessAndRead             
0000b203  AS7341_SetAcessAndWrite            
0000b21f  AS7341_WriteI2cReg2SMUX_Sel        
0000b23d  WaitACK                            
0000b259  joinADC                            
0000b275  vPortEnterCritical                 
0000b291  vPortSetupTimerInterrupt           
0000b2ad  vTaskPlaceOnEventList              
0000b2c9  xDebaunceKey                       
0000b2e5  AS7341_GetGainADC                  
0000b2ff  GPIOPinTypeGPIOOutput              
0000b319  UARTprintf                         
0000b333  copysign                           
0000b333  copysignl                          
0000b367  AS7341_SetGainADC                  
0000b381  GPIOUnlockPin                      
0000b399  pvTaskIncrementMutexHeldCount      
0000b3b1  vPortExitCritical                  
0000b3c9  vTaskInternalSetTimeOutState       
0000b3e1  AS7341_SetTimeADC                  
0000b3f7  AS7341_SetWtimeADC                 
0000b40d  GPIOPinTypeGPIOInput               
0000b423  GPIOPinTypeI2C                     
0000b439  GPIOPinTypeI2CSCL                  
0000b44f  GPIOPinTypePWM                     
0000b465  GPIOPinTypeUART                    
0000b491  vListInitialise                    
0000b4a9  GreenLightTurnOff                  
0000b4bd  GreenLightTurnOn                   
0000b4d1  SysCtlPWMClockSet                  
0000b4e5  UARTEnable                         
0000b521  PWMGenPeriodGet                    
0000b533  PWMOutputState                     
0000b557  AS7341_GetTimeADC                  
0000b569  AS7341_PerformanceDbgClr           
0000b579  AS7341_PerformanceDbgSet           
0000b589  IntMasterDisable                   
0000b599  IntMasterEnable                    
0000b5a9  NemaDisable                        
0000b5b9  PWMGenPeriodSet                    
0000b5d9  uxTaskGetStackHighWaterMark        
0000b5e9  vTaskSuspendAll                    
0000b5f9  GPIOIntDisable                     
0000b607  GPIOIntStatus                      
0000b615  __TI_decompress_none               
0000b623  CPUcpsid                           
0000b62f  CPUcpsie                           
0000b63b  GPIOIntEnable                      
0000b647  PWMGenEnable                       
0000b655  UART5_SendByte                     
0000b661  __TI_zero_init                     
0000b679  uxTaskGetNumberOfTasks             
0000b685  vTaskMissedYield                   
0000b691  xTaskGetTickCount                  
0000b69d  I2CMasterEnable                    
0000b6a7  UARTCharPut                        
0000b6b1  I2CMasterIntClear                  
0000b6b9  I2CMasterIntEnableEx               
0000b6c1  I2CMasterSlaveAddrSet              
0000b6c9  __aeabi_errno_addr                 
0000b6d1  arm_mat_init_f32                   
0000b6d9  vApplicationStackOverflowHook      
0000b6e1  GPIOIntClear                       
0000b6e7  GPIOPinWrite                       
0000b6ed  ResetISR                           
0000b6f3  SysCtlDelay                        
0000b6f9  UARTClockSourceSet                 
0000b6ff  vListInitialiseItem                
0000b705  I2CMasterControl                   
0000b709  I2CMasterDataGet                   
0000b70d  I2CMasterDataPut                   
0000b711  _system_pre_init                   
0000b715  C$$EXIT                            
0000b715  abort                              
0000b754  __TI_Handler_Table_Base            
0000b760  __TI_Handler_Table_Limit           
0000b770  __TI_CINIT_Base                    
0000b788  __TI_CINIT_Limit                   
20000000  __start___llvm_prf_cnts            
20000000  __stop___llvm_prf_cnts             
20000000  g_pfnRAMVectors                    
2000517c  Spectral400_600                    
20005c6c  xQueueRegistry                     
20005d48  LinearMov_Mngr                     
20005d78  AS7341_Semphr                      
20005d7c  ChangeDirStatus                    
20005d80  Gain                               
20005d84  I2C1_Semphr                        
20005d88  IntTime                            
20005d90  __stack                            
20005f90  __STACK_END                        
20005f90  __STACK_TOP                        
20005f90  pxCurrentTCB                       
20005fc4  PhotoOffset                        
20005ffc  xDebaunceKeyHandle                 
20006000  xChangeDirectionHandle             
20006011  BankAcessControlValue              
20006018  errno                              
ffffffff  __TI_pprof_out_hndl                
ffffffff  __TI_prof_data_size                
ffffffff  __TI_prof_data_start               
ffffffff  __binit__                          
ffffffff  __c_args__                         
ffffffff  binit                              
UNDEFED   __mpu_init                         
UNDEFED   _system_post_cinit                 

[241 symbols]
