<?xml version="1.0" encoding="ISO-8859-1" ?>
<link_info>
   <banner>TI ARM Linker Unix v20.2.1.LTS</banner>
   <copyright>Copyright (c) 1996-2018 Texas Instruments Incorporated</copyright>
   <link_time>0x671a60e7</link_time>
   <link_errors>0x0</link_errors>
   <output_file>Nema17.out</output_file>
   <entry_point>
      <name>_c_int00_noargs</name>
      <address>0x4ec9</address>
   </entry_point>
   <input_file_list>
      <input_file id="fl-2">
         <path>./</path>
         <kind>object</kind>
         <file>hello.obj</file>
         <name>hello.obj</name>
      </input_file>
      <input_file id="fl-3">
         <path>./</path>
         <kind>object</kind>
         <file>tm4c123gh6pm_startup_ccs.obj</file>
         <name>tm4c123gh6pm_startup_ccs.obj</name>
      </input_file>
      <input_file id="fl-4">
         <path>./FreeRTOS/Source/</path>
         <kind>object</kind>
         <file>croutine.obj</file>
         <name>croutine.obj</name>
      </input_file>
      <input_file id="fl-5">
         <path>./FreeRTOS/Source/</path>
         <kind>object</kind>
         <file>event_groups.obj</file>
         <name>event_groups.obj</name>
      </input_file>
      <input_file id="fl-6">
         <path>./FreeRTOS/Source/</path>
         <kind>object</kind>
         <file>list.obj</file>
         <name>list.obj</name>
      </input_file>
      <input_file id="fl-7">
         <path>./FreeRTOS/Source/</path>
         <kind>object</kind>
         <file>queue.obj</file>
         <name>queue.obj</name>
      </input_file>
      <input_file id="fl-8">
         <path>./FreeRTOS/Source/</path>
         <kind>object</kind>
         <file>stream_buffer.obj</file>
         <name>stream_buffer.obj</name>
      </input_file>
      <input_file id="fl-9">
         <path>./FreeRTOS/Source/</path>
         <kind>object</kind>
         <file>tasks.obj</file>
         <name>tasks.obj</name>
      </input_file>
      <input_file id="fl-a">
         <path>./FreeRTOS/Source/</path>
         <kind>object</kind>
         <file>timers.obj</file>
         <name>timers.obj</name>
      </input_file>
      <input_file id="fl-b">
         <path>./FreeRTOS/Source/portable/CCS/ARM_CM4F/</path>
         <kind>object</kind>
         <file>port.obj</file>
         <name>port.obj</name>
      </input_file>
      <input_file id="fl-c">
         <path>./FreeRTOS/Source/portable/CCS/ARM_CM4F/</path>
         <kind>object</kind>
         <file>portasm.obj</file>
         <name>portasm.obj</name>
      </input_file>
      <input_file id="fl-d">
         <path>./FreeRTOS/Source/portable/MemMang/</path>
         <kind>object</kind>
         <file>heap_2.obj</file>
         <name>heap_2.obj</name>
      </input_file>
      <input_file id="fl-e">
         <path>./SpecLibs/AS7341/</path>
         <kind>object</kind>
         <file>AS7341.obj</file>
         <name>AS7341.obj</name>
      </input_file>
      <input_file id="fl-f">
         <path>./SpecLibs/DRV8825/</path>
         <kind>object</kind>
         <file>drv8825.obj</file>
         <name>drv8825.obj</name>
      </input_file>
      <input_file id="fl-10">
         <path>./drivers/</path>
         <kind>object</kind>
         <file>rtos_hw_drivers.obj</file>
         <name>rtos_hw_drivers.obj</name>
      </input_file>
      <input_file id="fl-11">
         <path>./utils/</path>
         <kind>object</kind>
         <file>uartstdio.obj</file>
         <name>uartstdio.obj</name>
      </input_file>
      <input_file id="fl-12">
         <path>./utils/</path>
         <kind>object</kind>
         <file>ustdlib.obj</file>
         <name>ustdlib.obj</name>
      </input_file>
      <input_file id="fl-18">
         <kind>object</kind>
         <file>&lt;internal&gt;</file>
         <name>&lt;internal&gt;</name>
      </input_file>
      <input_file id="fl-ce">
         <path>/home/jao/ti/ccs1271/ccs/tools/compiler/ti-cgt-arm_20.2.1.LTS/lib/</path>
         <kind>archive</kind>
         <file>rtsv7M4_T_le_v4SPD16_eabi.lib</file>
         <name>e_exp.c.obj</name>
      </input_file>
      <input_file id="fl-cf">
         <path>/home/jao/ti/ccs1271/ccs/tools/compiler/ti-cgt-arm_20.2.1.LTS/lib/</path>
         <kind>archive</kind>
         <file>rtsv7M4_T_le_v4SPD16_eabi.lib</file>
         <name>memset_t2.asm.obj</name>
      </input_file>
      <input_file id="fl-d0">
         <path>/home/jao/ti/ccs1271/ccs/tools/compiler/ti-cgt-arm_20.2.1.LTS/lib/</path>
         <kind>archive</kind>
         <file>rtsv7M4_T_le_v4SPD16_eabi.lib</file>
         <name>fd_add_t2.asm.obj</name>
      </input_file>
      <input_file id="fl-d1">
         <path>/home/jao/ti/ccs1271/ccs/tools/compiler/ti-cgt-arm_20.2.1.LTS/lib/</path>
         <kind>archive</kind>
         <file>rtsv7M4_T_le_v4SPD16_eabi.lib</file>
         <name>fd_cmp_t2.asm.obj</name>
      </input_file>
      <input_file id="fl-d2">
         <path>/home/jao/ti/ccs1271/ccs/tools/compiler/ti-cgt-arm_20.2.1.LTS/lib/</path>
         <kind>archive</kind>
         <file>rtsv7M4_T_le_v4SPD16_eabi.lib</file>
         <name>fd_div_t2.asm.obj</name>
      </input_file>
      <input_file id="fl-d3">
         <path>/home/jao/ti/ccs1271/ccs/tools/compiler/ti-cgt-arm_20.2.1.LTS/lib/</path>
         <kind>archive</kind>
         <file>rtsv7M4_T_le_v4SPD16_eabi.lib</file>
         <name>fd_mul_t2.asm.obj</name>
      </input_file>
      <input_file id="fl-d4">
         <path>/home/jao/ti/ccs1271/ccs/tools/compiler/ti-cgt-arm_20.2.1.LTS/lib/</path>
         <kind>archive</kind>
         <file>rtsv7M4_T_le_v4SPD16_eabi.lib</file>
         <name>fd_toi_t2.asm.obj</name>
      </input_file>
      <input_file id="fl-d5">
         <path>/home/jao/ti/ccs1271/ccs/tools/compiler/ti-cgt-arm_20.2.1.LTS/lib/</path>
         <kind>archive</kind>
         <file>rtsv7M4_T_le_v4SPD16_eabi.lib</file>
         <name>fd_tos_t2.asm.obj</name>
      </input_file>
      <input_file id="fl-d6">
         <path>/home/jao/ti/ccs1271/ccs/tools/compiler/ti-cgt-arm_20.2.1.LTS/lib/</path>
         <kind>archive</kind>
         <file>rtsv7M4_T_le_v4SPD16_eabi.lib</file>
         <name>fs_tod_t2.asm.obj</name>
      </input_file>
      <input_file id="fl-d7">
         <path>/home/jao/ti/ccs1271/ccs/tools/compiler/ti-cgt-arm_20.2.1.LTS/lib/</path>
         <kind>archive</kind>
         <file>rtsv7M4_T_le_v4SPD16_eabi.lib</file>
         <name>i_tofd_t2.asm.obj</name>
      </input_file>
      <input_file id="fl-d8">
         <path>/home/jao/ti/ccs1271/ccs/tools/compiler/ti-cgt-arm_20.2.1.LTS/lib/</path>
         <kind>archive</kind>
         <file>rtsv7M4_T_le_v4SPD16_eabi.lib</file>
         <name>memcpy_t2.asm.obj</name>
      </input_file>
      <input_file id="fl-d9">
         <path>/home/jao/ti/ccs1271/ccs/tools/compiler/ti-cgt-arm_20.2.1.LTS/lib/</path>
         <kind>archive</kind>
         <file>rtsv7M4_T_le_v4SPD16_eabi.lib</file>
         <name>u_divt2.asm.obj</name>
      </input_file>
      <input_file id="fl-da">
         <path>/home/jao/ti/ccs1271/ccs/tools/compiler/ti-cgt-arm_20.2.1.LTS/lib/</path>
         <kind>archive</kind>
         <file>rtsv7M4_T_le_v4SPD16_eabi.lib</file>
         <name>copy_zero_init.c.obj</name>
      </input_file>
      <input_file id="fl-db">
         <path>/home/jao/ti/ccs1271/ccs/tools/compiler/ti-cgt-arm_20.2.1.LTS/lib/</path>
         <kind>archive</kind>
         <file>rtsv7M4_T_le_v4SPD16_eabi.lib</file>
         <name>copy_decompress_none.c.obj</name>
      </input_file>
      <input_file id="fl-dc">
         <path>/home/jao/ti/ccs1271/ccs/tools/compiler/ti-cgt-arm_20.2.1.LTS/lib/</path>
         <kind>archive</kind>
         <file>rtsv7M4_T_le_v4SPD16_eabi.lib</file>
         <name>copy_decompress_lzss.c.obj</name>
      </input_file>
      <input_file id="fl-dd">
         <path>/home/jao/ti/ccs1271/ccs/tools/compiler/ti-cgt-arm_20.2.1.LTS/lib/</path>
         <kind>archive</kind>
         <file>rtsv7M4_T_le_v4SPD16_eabi.lib</file>
         <name>errno.c.obj</name>
      </input_file>
      <input_file id="fl-de">
         <path>/home/jao/ti/ccs1271/ccs/tools/compiler/ti-cgt-arm_20.2.1.LTS/lib/</path>
         <kind>archive</kind>
         <file>rtsv7M4_T_le_v4SPD16_eabi.lib</file>
         <name>boot_cortex_m.c.obj</name>
      </input_file>
      <input_file id="fl-df">
         <path>/home/jao/ti/ccs1271/ccs/tools/compiler/ti-cgt-arm_20.2.1.LTS/lib/</path>
         <kind>archive</kind>
         <file>rtsv7M4_T_le_v4SPD16_eabi.lib</file>
         <name>div0.asm.obj</name>
      </input_file>
      <input_file id="fl-e0">
         <path>/home/jao/ti/ccs1271/ccs/tools/compiler/ti-cgt-arm_20.2.1.LTS/lib/</path>
         <kind>archive</kind>
         <file>rtsv7M4_T_le_v4SPD16_eabi.lib</file>
         <name>autoinit.c.obj</name>
      </input_file>
      <input_file id="fl-e1">
         <path>/home/jao/ti/ccs1271/ccs/tools/compiler/ti-cgt-arm_20.2.1.LTS/lib/</path>
         <kind>archive</kind>
         <file>rtsv7M4_T_le_v4SPD16_eabi.lib</file>
         <name>pre_init.c.obj</name>
      </input_file>
      <input_file id="fl-e2">
         <path>/home/jao/ti/ccs1271/ccs/tools/compiler/ti-cgt-arm_20.2.1.LTS/lib/</path>
         <kind>archive</kind>
         <file>rtsv7M4_T_le_v4SPD16_eabi.lib</file>
         <name>cpy_tbl.c.obj</name>
      </input_file>
      <input_file id="fl-e3">
         <path>/home/jao/ti/ccs1271/ccs/tools/compiler/ti-cgt-arm_20.2.1.LTS/lib/</path>
         <kind>archive</kind>
         <file>rtsv7M4_T_le_v4SPD16_eabi.lib</file>
         <name>exit.c.obj</name>
      </input_file>
      <input_file id="fl-e4">
         <path>/home/jao/ti/ccs1271/ccs/tools/compiler/ti-cgt-arm_20.2.1.LTS/lib/</path>
         <kind>archive</kind>
         <file>rtsv7M4_T_le_v4SPD16_eabi.lib</file>
         <name>_lock.c.obj</name>
      </input_file>
      <input_file id="fl-e5">
         <path>/home/jao/ti/ccs1271/ccs/tools/compiler/ti-cgt-arm_20.2.1.LTS/lib/</path>
         <kind>archive</kind>
         <file>rtsv7M4_T_le_v4SPD16_eabi.lib</file>
         <name>args_main.c.obj</name>
      </input_file>
      <input_file id="fl-e6">
         <path>/home/jao/curso/ufsm/Mestrado/Dissertacao/Pototip_DeVereda/ProjetoPrototipo/Tiva/EK-TM4C/driverlib/ccs/Debug/</path>
         <kind>archive</kind>
         <file>driverlib.lib</file>
         <name>gpio.obj</name>
      </input_file>
      <input_file id="fl-e7">
         <path>/home/jao/curso/ufsm/Mestrado/Dissertacao/Pototip_DeVereda/ProjetoPrototipo/Tiva/EK-TM4C/driverlib/ccs/Debug/</path>
         <kind>archive</kind>
         <file>driverlib.lib</file>
         <name>i2c.obj</name>
      </input_file>
      <input_file id="fl-e8">
         <path>/home/jao/curso/ufsm/Mestrado/Dissertacao/Pototip_DeVereda/ProjetoPrototipo/Tiva/EK-TM4C/driverlib/ccs/Debug/</path>
         <kind>archive</kind>
         <file>driverlib.lib</file>
         <name>interrupt.obj</name>
      </input_file>
      <input_file id="fl-e9">
         <path>/home/jao/curso/ufsm/Mestrado/Dissertacao/Pototip_DeVereda/ProjetoPrototipo/Tiva/EK-TM4C/driverlib/ccs/Debug/</path>
         <kind>archive</kind>
         <file>driverlib.lib</file>
         <name>pwm.obj</name>
      </input_file>
      <input_file id="fl-ea">
         <path>/home/jao/curso/ufsm/Mestrado/Dissertacao/Pototip_DeVereda/ProjetoPrototipo/Tiva/EK-TM4C/driverlib/ccs/Debug/</path>
         <kind>archive</kind>
         <file>driverlib.lib</file>
         <name>sysctl.obj</name>
      </input_file>
      <input_file id="fl-eb">
         <path>/home/jao/curso/ufsm/Mestrado/Dissertacao/Pototip_DeVereda/ProjetoPrototipo/Tiva/EK-TM4C/driverlib/ccs/Debug/</path>
         <kind>archive</kind>
         <file>driverlib.lib</file>
         <name>timer.obj</name>
      </input_file>
      <input_file id="fl-ec">
         <path>/home/jao/curso/ufsm/Mestrado/Dissertacao/Pototip_DeVereda/ProjetoPrototipo/Tiva/EK-TM4C/driverlib/ccs/Debug/</path>
         <kind>archive</kind>
         <file>driverlib.lib</file>
         <name>uart.obj</name>
      </input_file>
      <input_file id="fl-ed">
         <path>/home/jao/curso/ufsm/Mestrado/Dissertacao/Pototip_DeVereda/ProjetoPrototipo/Tiva/EK-TM4C/driverlib/ccs/Debug/</path>
         <kind>archive</kind>
         <file>driverlib.lib</file>
         <name>cpu.obj</name>
      </input_file>
   </input_file_list>
   <object_component_list>
      <object_component id="oc-12">
         <name>.intvecs</name>
         <load_address>0x0</load_address>
         <run_address>0x0</run_address>
         <size>0x26c</size>
         <input_file_ref idref="fl-3"/>
      </object_component>
      <object_component id="oc-85">
         <name>.text</name>
         <load_address>0x26c</load_address>
         <run_address>0x26c</run_address>
         <size>0x1608</size>
         <input_file_ref idref="fl-9"/>
      </object_component>
      <object_component id="oc-38">
         <name>.text</name>
         <load_address>0x1874</load_address>
         <run_address>0x1874</run_address>
         <size>0xc94</size>
         <input_file_ref idref="fl-e"/>
      </object_component>
      <object_component id="oc-9b">
         <name>.text</name>
         <load_address>0x2508</load_address>
         <run_address>0x2508</run_address>
         <size>0x8d4</size>
         <input_file_ref idref="fl-7"/>
      </object_component>
      <object_component id="oc-260">
         <name>.text</name>
         <load_address>0x2ddc</load_address>
         <run_address>0x2ddc</run_address>
         <size>0x574</size>
         <input_file_ref idref="fl-f"/>
      </object_component>
      <object_component id="oc-ad">
         <name>.text</name>
         <load_address>0x3350</load_address>
         <run_address>0x3350</run_address>
         <size>0x354</size>
         <input_file_ref idref="fl-11"/>
      </object_component>
      <object_component id="oc-321">
         <name>.text:exp</name>
         <load_address>0x36a4</load_address>
         <run_address>0x36a4</run_address>
         <size>0x328</size>
         <input_file_ref idref="fl-ce"/>
      </object_component>
      <object_component id="oc-266">
         <name>.text</name>
         <load_address>0x39cc</load_address>
         <run_address>0x39cc</run_address>
         <size>0x220</size>
         <input_file_ref idref="fl-10"/>
      </object_component>
      <object_component id="oc-17c">
         <name>.text</name>
         <load_address>0x3bec</load_address>
         <run_address>0x3bec</run_address>
         <size>0x1b8</size>
         <input_file_ref idref="fl-2"/>
      </object_component>
      <object_component id="oc-31c">
         <name>.text</name>
         <load_address>0x3da4</load_address>
         <run_address>0x3da4</run_address>
         <size>0x1b6</size>
         <input_file_ref idref="fl-d0"/>
      </object_component>
      <object_component id="oc-2ed">
         <name>.text</name>
         <load_address>0x3f5a</load_address>
         <run_address>0x3f5a</run_address>
         <size>0x2</size>
         <input_file_ref idref="fl-df"/>
      </object_component>
      <object_component id="oc-1ff">
         <name>.text:GPIOPadConfigSet</name>
         <load_address>0x3f5c</load_address>
         <run_address>0x3f5c</run_address>
         <size>0x16c</size>
         <input_file_ref idref="fl-e6"/>
      </object_component>
      <object_component id="oc-1a0">
         <name>.text</name>
         <load_address>0x40c8</load_address>
         <run_address>0x40c8</run_address>
         <size>0x158</size>
         <input_file_ref idref="fl-d"/>
      </object_component>
      <object_component id="oc-138">
         <name>.text</name>
         <load_address>0x4220</load_address>
         <run_address>0x4220</run_address>
         <size>0x136</size>
         <input_file_ref idref="fl-d2"/>
      </object_component>
      <object_component id="oc-ef">
         <name>.text:SysCtlClockGet</name>
         <load_address>0x4358</load_address>
         <run_address>0x4358</run_address>
         <size>0x118</size>
         <input_file_ref idref="fl-ea"/>
      </object_component>
      <object_component id="oc-133">
         <name>.text</name>
         <load_address>0x4470</load_address>
         <run_address>0x4470</run_address>
         <size>0xfc</size>
         <input_file_ref idref="fl-d3"/>
      </object_component>
      <object_component id="oc-32">
         <name>.text</name>
         <load_address>0x456c</load_address>
         <run_address>0x456c</run_address>
         <size>0xe8</size>
         <input_file_ref idref="fl-b"/>
      </object_component>
      <object_component id="oc-2d">
         <name>.text</name>
         <load_address>0x4654</load_address>
         <run_address>0x4654</run_address>
         <size>0xda</size>
         <input_file_ref idref="fl-c"/>
      </object_component>
      <object_component id="oc-4c">
         <name>.text</name>
         <load_address>0x472e</load_address>
         <run_address>0x472e</run_address>
         <size>0x9c</size>
         <input_file_ref idref="fl-d8"/>
      </object_component>
      <object_component id="oc-194">
         <name>.text</name>
         <load_address>0x47ca</load_address>
         <run_address>0x47ca</run_address>
         <size>0x92</size>
         <input_file_ref idref="fl-6"/>
      </object_component>
      <object_component id="oc-3e9">
         <name>.text:__aeabi_cdcmple</name>
         <load_address>0x485c</load_address>
         <run_address>0x485c</run_address>
         <size>0x86</size>
         <input_file_ref idref="fl-d1"/>
      </object_component>
      <object_component id="oc-3e4">
         <name>.text:__aeabi_cdrcmple</name>
         <load_address>0x48e2</load_address>
         <run_address>0x48e2</run_address>
         <size>0x86</size>
         <input_file_ref idref="fl-d1"/>
      </object_component>
      <object_component id="oc-170">
         <name>.text</name>
         <load_address>0x4968</load_address>
         <run_address>0x4968</run_address>
         <size>0x7a</size>
         <input_file_ref idref="fl-cf"/>
      </object_component>
      <object_component id="oc-13d">
         <name>.text</name>
         <load_address>0x49e2</load_address>
         <run_address>0x49e2</run_address>
         <size>0x6e</size>
         <input_file_ref idref="fl-d5"/>
      </object_component>
      <object_component id="oc-39a">
         <name>.text:IntDisable</name>
         <load_address>0x4a50</load_address>
         <run_address>0x4a50</run_address>
         <size>0x68</size>
         <input_file_ref idref="fl-e8"/>
      </object_component>
      <object_component id="oc-101">
         <name>.text:IntEnable</name>
         <load_address>0x4ab8</load_address>
         <run_address>0x4ab8</run_address>
         <size>0x68</size>
         <input_file_ref idref="fl-e8"/>
      </object_component>
      <object_component id="oc-15">
         <name>.text:decompress:lzss:__TI_decompress_lzss</name>
         <load_address>0x4b20</load_address>
         <run_address>0x4b20</run_address>
         <size>0x68</size>
         <input_file_ref idref="fl-dc"/>
      </object_component>
      <object_component id="oc-376">
         <name>.text:TimerConfigure</name>
         <load_address>0x4b88</load_address>
         <run_address>0x4b88</run_address>
         <size>0x60</size>
         <input_file_ref idref="fl-eb"/>
      </object_component>
      <object_component id="oc-10d">
         <name>.text:GPIOIntTypeSet</name>
         <load_address>0x4be8</load_address>
         <run_address>0x4be8</run_address>
         <size>0x58</size>
         <input_file_ref idref="fl-e6"/>
      </object_component>
      <object_component id="oc-dd">
         <name>.text:GPIOPinConfigure</name>
         <load_address>0x4c40</load_address>
         <run_address>0x4c40</run_address>
         <size>0x4c</size>
         <input_file_ref idref="fl-e6"/>
      </object_component>
      <object_component id="oc-f5">
         <name>.text:I2CMasterInitExpClk</name>
         <load_address>0x4c8c</load_address>
         <run_address>0x4c8c</run_address>
         <size>0x4c</size>
         <input_file_ref idref="fl-e7"/>
      </object_component>
      <object_component id="oc-416">
         <name>.text:_TimerIntNumberGet</name>
         <load_address>0x4cd8</load_address>
         <run_address>0x4cd8</run_address>
         <size>0x4c</size>
         <input_file_ref idref="fl-eb"/>
      </object_component>
      <object_component id="oc-3f4">
         <name>.text</name>
         <load_address>0x4d24</load_address>
         <run_address>0x4d24</run_address>
         <size>0x48</size>
         <input_file_ref idref="fl-d4"/>
      </object_component>
      <object_component id="oc-27f">
         <name>.text:__TI_auto_init_nobinit_nopinit:__TI_auto_init_nobinit_nopinit</name>
         <load_address>0x4d6c</load_address>
         <run_address>0x4d6c</run_address>
         <size>0x44</size>
         <input_file_ref idref="fl-e0"/>
      </object_component>
      <object_component id="oc-1da">
         <name>.text</name>
         <load_address>0x4db0</load_address>
         <run_address>0x4db0</run_address>
         <size>0x40</size>
         <input_file_ref idref="fl-d9"/>
      </object_component>
      <object_component id="oc-d1">
         <name>.text:SysCtlPeripheralReady</name>
         <load_address>0x4df0</load_address>
         <run_address>0x4df0</run_address>
         <size>0x38</size>
         <input_file_ref idref="fl-ea"/>
      </object_component>
      <object_component id="oc-317">
         <name>.text</name>
         <load_address>0x4e28</load_address>
         <run_address>0x4e28</run_address>
         <size>0x38</size>
         <input_file_ref idref="fl-d6"/>
      </object_component>
      <object_component id="oc-352">
         <name>.text:IntRegister</name>
         <load_address>0x4e60</load_address>
         <run_address>0x4e60</run_address>
         <size>0x34</size>
         <input_file_ref idref="fl-e8"/>
      </object_component>
      <object_component id="oc-cb">
         <name>.text:SysCtlPeripheralEnable</name>
         <load_address>0x4e94</load_address>
         <run_address>0x4e94</run_address>
         <size>0x34</size>
         <input_file_ref idref="fl-ea"/>
      </object_component>
      <object_component id="oc-6a">
         <name>.text:_c_int00_noargs:_c_int00_noargs</name>
         <load_address>0x4ec8</load_address>
         <run_address>0x4ec8</run_address>
         <size>0x34</size>
         <input_file_ref idref="fl-de"/>
      </object_component>
      <object_component id="oc-12e">
         <name>.text</name>
         <load_address>0x4efc</load_address>
         <run_address>0x4efc</run_address>
         <size>0x2e</size>
         <input_file_ref idref="fl-d7"/>
      </object_component>
      <object_component id="oc-1f9">
         <name>.text:GPIODirModeSet</name>
         <load_address>0x4f2a</load_address>
         <run_address>0x4f2a</run_address>
         <size>0x2c</size>
         <input_file_ref idref="fl-e6"/>
      </object_component>
      <object_component id="oc-358">
         <name>.text:PWMGenConfigure</name>
         <load_address>0x4f56</load_address>
         <run_address>0x4f56</run_address>
         <size>0x22</size>
         <input_file_ref idref="fl-e9"/>
      </object_component>
      <object_component id="oc-333">
         <name>.text:PWMPulseWidthSet</name>
         <load_address>0x4f78</load_address>
         <run_address>0x4f78</run_address>
         <size>0x1e</size>
         <input_file_ref idref="fl-e9"/>
      </object_component>
      <object_component id="oc-58">
         <name>.text:decompress:ZI:__TI_zero_init_nomemset:__TI_zero_init_nomemset</name>
         <load_address>0x4f96</load_address>
         <run_address>0x4f96</run_address>
         <size>0x1c</size>
         <input_file_ref idref="fl-da"/>
      </object_component>
      <object_component id="oc-11f">
         <name>.text:GPIOPinTypeGPIOOutput</name>
         <load_address>0x4fb2</load_address>
         <run_address>0x4fb2</run_address>
         <size>0x1a</size>
         <input_file_ref idref="fl-e6"/>
      </object_component>
      <object_component id="oc-d7">
         <name>.text:GPIOUnlockPin</name>
         <load_address>0x4fcc</load_address>
         <run_address>0x4fcc</run_address>
         <size>0x18</size>
         <input_file_ref idref="fl-e6"/>
      </object_component>
      <object_component id="oc-327">
         <name>.text:SysCtlPWMClockGet</name>
         <load_address>0x4fe4</load_address>
         <run_address>0x4fe4</run_address>
         <size>0x18</size>
         <input_file_ref idref="fl-ea"/>
      </object_component>
      <object_component id="oc-382">
         <name>.text:TimerIntRegister</name>
         <load_address>0x4ffc</load_address>
         <run_address>0x4ffc</run_address>
         <size>0x18</size>
         <input_file_ref idref="fl-eb"/>
      </object_component>
      <object_component id="oc-107">
         <name>.text:GPIOPinTypeGPIOInput</name>
         <load_address>0x5014</load_address>
         <run_address>0x5014</run_address>
         <size>0x16</size>
         <input_file_ref idref="fl-e6"/>
      </object_component>
      <object_component id="oc-e9">
         <name>.text:GPIOPinTypeI2C</name>
         <load_address>0x502a</load_address>
         <run_address>0x502a</run_address>
         <size>0x16</size>
         <input_file_ref idref="fl-e6"/>
      </object_component>
      <object_component id="oc-e3">
         <name>.text:GPIOPinTypeI2CSCL</name>
         <load_address>0x5040</load_address>
         <run_address>0x5040</run_address>
         <size>0x16</size>
         <input_file_ref idref="fl-e6"/>
      </object_component>
      <object_component id="oc-36a">
         <name>.text:GPIOPinTypePWM</name>
         <load_address>0x5056</load_address>
         <run_address>0x5056</run_address>
         <size>0x16</size>
         <input_file_ref idref="fl-e6"/>
      </object_component>
      <object_component id="oc-370">
         <name>.text:SysCtlPWMClockSet</name>
         <load_address>0x506c</load_address>
         <run_address>0x506c</run_address>
         <size>0x14</size>
         <input_file_ref idref="fl-ea"/>
      </object_component>
      <object_component id="oc-32d">
         <name>.text:PWMGenPeriodGet</name>
         <load_address>0x5080</load_address>
         <run_address>0x5080</run_address>
         <size>0x12</size>
         <input_file_ref idref="fl-e9"/>
      </object_component>
      <object_component id="oc-35e">
         <name>.text:PWMOutputState</name>
         <load_address>0x5092</load_address>
         <run_address>0x5092</run_address>
         <size>0x12</size>
         <input_file_ref idref="fl-e9"/>
      </object_component>
      <object_component id="oc-37c">
         <name>.text:TimerLoadSet</name>
         <load_address>0x50a4</load_address>
         <run_address>0x50a4</run_address>
         <size>0x12</size>
         <input_file_ref idref="fl-eb"/>
      </object_component>
      <object_component id="oc-25a">
         <name>.text:IntMasterDisable</name>
         <load_address>0x50b6</load_address>
         <run_address>0x50b6</run_address>
         <size>0x10</size>
         <input_file_ref idref="fl-e8"/>
      </object_component>
      <object_component id="oc-119">
         <name>.text:IntMasterEnable</name>
         <load_address>0x50c6</load_address>
         <run_address>0x50c6</run_address>
         <size>0x10</size>
         <input_file_ref idref="fl-e8"/>
      </object_component>
      <object_component id="oc-339">
         <name>.text:PWMGenPeriodSet</name>
         <load_address>0x50d6</load_address>
         <run_address>0x50d6</run_address>
         <size>0x10</size>
         <input_file_ref idref="fl-e9"/>
      </object_component>
      <object_component id="oc-34c">
         <name>.text:GPIOIntDisable</name>
         <load_address>0x50e6</load_address>
         <run_address>0x50e6</run_address>
         <size>0xe</size>
         <input_file_ref idref="fl-e6"/>
      </object_component>
      <object_component id="oc-394">
         <name>.text:GPIOIntStatus</name>
         <load_address>0x50f4</load_address>
         <run_address>0x50f4</run_address>
         <size>0xe</size>
         <input_file_ref idref="fl-e6"/>
      </object_component>
      <object_component id="oc-38e">
         <name>.text:TimerEnable</name>
         <load_address>0x5102</load_address>
         <run_address>0x5102</run_address>
         <size>0xe</size>
         <input_file_ref idref="fl-eb"/>
      </object_component>
      <object_component id="oc-1b">
         <name>.text:decompress:none:__TI_decompress_none</name>
         <load_address>0x5110</load_address>
         <run_address>0x5110</run_address>
         <size>0xe</size>
         <input_file_ref idref="fl-db"/>
      </object_component>
      <object_component id="oc-310">
         <name>.text:CPUcpsid</name>
         <load_address>0x511e</load_address>
         <run_address>0x511e</run_address>
         <size>0xc</size>
         <input_file_ref idref="fl-ed"/>
      </object_component>
      <object_component id="oc-21b">
         <name>.text:CPUcpsie</name>
         <load_address>0x512a</load_address>
         <run_address>0x512a</run_address>
         <size>0xc</size>
         <input_file_ref idref="fl-ed"/>
      </object_component>
      <object_component id="oc-113">
         <name>.text:GPIOIntEnable</name>
         <load_address>0x5136</load_address>
         <run_address>0x5136</run_address>
         <size>0xc</size>
         <input_file_ref idref="fl-e6"/>
      </object_component>
      <object_component id="oc-364">
         <name>.text:PWMGenEnable</name>
         <load_address>0x5142</load_address>
         <run_address>0x5142</run_address>
         <size>0xc</size>
         <input_file_ref idref="fl-e9"/>
      </object_component>
      <object_component id="oc-27">
         <name>.text</name>
         <load_address>0x514e</load_address>
         <run_address>0x514e</run_address>
         <size>0xc</size>
         <input_file_ref idref="fl-3"/>
      </object_component>
      <object_component id="oc-20b">
         <name>.text:I2CMasterEnable</name>
         <load_address>0x515a</load_address>
         <run_address>0x515a</run_address>
         <size>0xa</size>
         <input_file_ref idref="fl-e7"/>
      </object_component>
      <object_component id="oc-a7">
         <name>.text:I2CMasterIntClear</name>
         <load_address>0x5164</load_address>
         <run_address>0x5164</run_address>
         <size>0x8</size>
         <input_file_ref idref="fl-e7"/>
      </object_component>
      <object_component id="oc-fb">
         <name>.text:I2CMasterIntEnableEx</name>
         <load_address>0x516c</load_address>
         <run_address>0x516c</run_address>
         <size>0x8</size>
         <input_file_ref idref="fl-e7"/>
      </object_component>
      <object_component id="oc-b3">
         <name>.text:I2CMasterSlaveAddrSet</name>
         <load_address>0x5174</load_address>
         <run_address>0x5174</run_address>
         <size>0x8</size>
         <input_file_ref idref="fl-e7"/>
      </object_component>
      <object_component id="oc-388">
         <name>.text:TimerIntEnable</name>
         <load_address>0x517c</load_address>
         <run_address>0x517c</run_address>
         <size>0x8</size>
         <input_file_ref idref="fl-eb"/>
      </object_component>
      <object_component id="oc-3ee">
         <name>.text:__aeabi_errno_addr</name>
         <load_address>0x5184</load_address>
         <run_address>0x5184</run_address>
         <size>0x8</size>
         <input_file_ref idref="fl-dd"/>
      </object_component>
      <object_component id="oc-a1">
         <name>.text:GPIOIntClear</name>
         <load_address>0x518c</load_address>
         <run_address>0x518c</run_address>
         <size>0x6</size>
         <input_file_ref idref="fl-e6"/>
      </object_component>
      <object_component id="oc-346">
         <name>.text:GPIOPinRead</name>
         <load_address>0x5192</load_address>
         <run_address>0x5192</run_address>
         <size>0x6</size>
         <input_file_ref idref="fl-e6"/>
      </object_component>
      <object_component id="oc-125">
         <name>.text:GPIOPinWrite</name>
         <load_address>0x5198</load_address>
         <run_address>0x5198</run_address>
         <size>0x6</size>
         <input_file_ref idref="fl-e6"/>
      </object_component>
      <object_component id="oc-33f">
         <name>.text:SysCtlDelay</name>
         <load_address>0x519e</load_address>
         <run_address>0x519e</run_address>
         <size>0x6</size>
         <input_file_ref idref="fl-ea"/>
      </object_component>
      <object_component id="oc-26c">
         <name>.text:UARTClockSourceSet</name>
         <load_address>0x51a4</load_address>
         <run_address>0x51a4</run_address>
         <size>0x6</size>
         <input_file_ref idref="fl-ec"/>
      </object_component>
      <object_component id="oc-bf">
         <name>.text:I2CMasterControl</name>
         <load_address>0x51aa</load_address>
         <run_address>0x51aa</run_address>
         <size>0x4</size>
         <input_file_ref idref="fl-e7"/>
      </object_component>
      <object_component id="oc-c5">
         <name>.text:I2CMasterDataGet</name>
         <load_address>0x51ae</load_address>
         <run_address>0x51ae</run_address>
         <size>0x4</size>
         <input_file_ref idref="fl-e7"/>
      </object_component>
      <object_component id="oc-b9">
         <name>.text:I2CMasterDataPut</name>
         <load_address>0x51b2</load_address>
         <run_address>0x51b2</run_address>
         <size>0x4</size>
         <input_file_ref idref="fl-e7"/>
      </object_component>
      <object_component id="oc-340">
         <name>.text:TimerIntClear</name>
         <load_address>0x51b6</load_address>
         <run_address>0x51b6</run_address>
         <size>0x4</size>
         <input_file_ref idref="fl-eb"/>
      </object_component>
      <object_component id="oc-176">
         <name>.text:_system_pre_init</name>
         <load_address>0x51ba</load_address>
         <run_address>0x51ba</run_address>
         <size>0x4</size>
         <input_file_ref idref="fl-e1"/>
      </object_component>
      <object_component id="oc-273">
         <name>.text:abort:abort</name>
         <load_address>0x51be</load_address>
         <run_address>0x51be</run_address>
         <size>0x4</size>
         <input_file_ref idref="fl-e3"/>
      </object_component>
      <object_component id="oc-1f5">
         <name>.const:g_pui32GPIOBaseAddrs</name>
         <load_address>0x51c8</load_address>
         <run_address>0x51c8</run_address>
         <size>0x90</size>
         <input_file_ref idref="fl-e6"/>
      </object_component>
      <object_component id="oc-207">
         <name>.const:g_pui32Xtals</name>
         <load_address>0x5258</load_address>
         <run_address>0x5258</run_address>
         <size>0x6c</size>
         <input_file_ref idref="fl-ea"/>
      </object_component>
      <object_component id="oc-472">
         <name>.const:g_ppui32TimerIntMap</name>
         <load_address>0x52c4</load_address>
         <run_address>0x52c4</run_address>
         <size>0x60</size>
         <input_file_ref idref="fl-eb"/>
      </object_component>
      <object_component id="oc-475">
         <name>.const:g_ppui32TimerIntMapSnowflake</name>
         <load_address>0x5324</load_address>
         <run_address>0x5324</run_address>
         <size>0x40</size>
         <input_file_ref idref="fl-eb"/>
      </object_component>
      <object_component id="oc-82">
         <name>.const</name>
         <load_address>0x5364</load_address>
         <run_address>0x5364</run_address>
         <size>0x4</size>
         <input_file_ref idref="fl-b"/>
      </object_component>
      <object_component id="oc-3f9">
         <name>.const:$O1$$</name>
         <load_address>0x5368</load_address>
         <run_address>0x5368</run_address>
         <size>0x30</size>
         <input_file_ref idref="fl-ce"/>
      </object_component>
      <object_component id="oc-1e2">
         <name>.const:$O2$$</name>
         <load_address>0x5398</load_address>
         <run_address>0x5398</run_address>
         <size>0x18</size>
         <input_file_ref idref="fl-11"/>
      </object_component>
      <object_component id="oc-420">
         <name>.const:g_pui32Dii16Regs</name>
         <load_address>0x53b0</load_address>
         <run_address>0x53b0</run_address>
         <size>0x14</size>
         <input_file_ref idref="fl-e8"/>
      </object_component>
      <object_component id="oc-213">
         <name>.const:g_pui32EnRegs</name>
         <load_address>0x53c4</load_address>
         <run_address>0x53c4</run_address>
         <size>0x14</size>
         <input_file_ref idref="fl-e8"/>
      </object_component>
      <object_component id="oc-1a6">
         <name>.const</name>
         <load_address>0x53d8</load_address>
         <run_address>0x53d8</run_address>
         <size>0x4</size>
         <input_file_ref idref="fl-9"/>
      </object_component>
      <object_component id="oc-4c0">
         <name>.cinit..data.load</name>
         <load_address>0x53e0</load_address>
         <run_address>0x53e0</run_address>
         <size>0x14</size>
      </object_component>
      <object_component id="oc-4bd">
         <name>__TI_handler_table</name>
         <load_address>0x53f4</load_address>
         <run_address>0x53f4</run_address>
         <size>0xc</size>
      </object_component>
      <object_component id="oc-4c1">
         <name>.cinit..bss.load</name>
         <load_address>0x5400</load_address>
         <run_address>0x5400</run_address>
         <size>0x8</size>
      </object_component>
      <object_component id="oc-4bf">
         <name>.cinit..vtable.load</name>
         <load_address>0x5408</load_address>
         <run_address>0x5408</run_address>
         <size>0x8</size>
      </object_component>
      <object_component id="oc-4be">
         <name>__TI_cinit_table</name>
         <load_address>0x5410</load_address>
         <run_address>0x5410</run_address>
         <size>0x18</size>
      </object_component>
      <object_component id="oc-40b">
         <name>.vtable</name>
         <uninitialized>true</uninitialized>
         <run_address>0x20000000</run_address>
         <size>0x26c</size>
         <input_file_ref idref="fl-e8"/>
      </object_component>
      <object_component id="oc-7f">
         <name>.data</name>
         <load_address>0x20005340</load_address>
         <run_address>0x20005340</run_address>
         <size>0x2c</size>
         <input_file_ref idref="fl-9"/>
      </object_component>
      <object_component id="oc-19a">
         <name>.data:$O1$$</name>
         <load_address>0x20005194</load_address>
         <run_address>0x20005194</run_address>
         <size>0x1ac</size>
         <input_file_ref idref="fl-9"/>
      </object_component>
      <object_component id="oc-8c">
         <name>.data</name>
         <load_address>0x20005388</load_address>
         <run_address>0x20005388</run_address>
         <size>0x4</size>
         <input_file_ref idref="fl-b"/>
      </object_component>
      <object_component id="oc-2cd">
         <name>.data:$O1$$</name>
         <load_address>0x2000026c</load_address>
         <run_address>0x2000026c</run_address>
         <size>0x4f28</size>
         <input_file_ref idref="fl-d"/>
      </object_component>
      <object_component id="oc-12b">
         <name>.data:$O1$$</name>
         <load_address>0x2000536c</load_address>
         <run_address>0x2000536c</run_address>
         <size>0xc</size>
         <input_file_ref idref="fl-e"/>
      </object_component>
      <object_component id="oc-3a0">
         <name>.data</name>
         <load_address>0x20005384</load_address>
         <run_address>0x20005384</run_address>
         <size>0x4</size>
         <input_file_ref idref="fl-f"/>
      </object_component>
      <object_component id="oc-3a5">
         <name>.data:$O1$$</name>
         <load_address>0x20005380</load_address>
         <run_address>0x20005380</run_address>
         <size>0x4</size>
         <input_file_ref idref="fl-10"/>
      </object_component>
      <object_component id="oc-1df">
         <name>.data:$O1$$</name>
         <load_address>0x20005378</load_address>
         <run_address>0x20005378</run_address>
         <size>0x8</size>
         <input_file_ref idref="fl-11"/>
      </object_component>
      <object_component id="oc-45d">
         <name>.data</name>
         <load_address>0x2000538c</load_address>
         <run_address>0x2000538c</run_address>
         <size>0x4</size>
         <input_file_ref idref="fl-dd"/>
      </object_component>
      <object_component id="oc-19d">
         <name>.bss</name>
         <uninitialized>true</uninitialized>
         <run_address>0x200055e0</run_address>
         <size>0x8</size>
         <input_file_ref idref="fl-9"/>
      </object_component>
      <object_component id="oc-1c8">
         <name>.common:xQueueRegistry</name>
         <uninitialized>true</uninitialized>
         <run_address>0x20005590</run_address>
         <size>0x50</size>
      </object_component>
      <object_component id="oc-24">
         <name>.stack</name>
         <uninitialized>true</uninitialized>
         <run_address>0x20005390</run_address>
         <size>0x4</size>
         <input_file_ref idref="fl-de"/>
      </object_component>
      <object_component id="oc-4c3">
         <name>.stack</name>
         <uninitialized>true</uninitialized>
         <run_address>0x20005390</run_address>
         <size>0x0</size>
      </object_component>
      <object_component id="oc-1c7">
         <name>.debug_info</name>
         <load_address>0x0</load_address>
         <run_address>0x0</run_address>
         <size>0x669</size>
         <input_file_ref idref="fl-2"/>
      </object_component>
      <object_component id="oc-17d">
         <name>.debug_info</name>
         <load_address>0x669</load_address>
         <run_address>0x669</run_address>
         <size>0x443</size>
         <input_file_ref idref="fl-2"/>
      </object_component>
      <object_component id="oc-1b8">
         <name>.debug_info</name>
         <load_address>0xaac</load_address>
         <run_address>0xaac</run_address>
         <size>0x315</size>
         <input_file_ref idref="fl-2"/>
      </object_component>
      <object_component id="oc-156">
         <name>.debug_info</name>
         <load_address>0xdc1</load_address>
         <run_address>0xdc1</run_address>
         <size>0x26b</size>
         <input_file_ref idref="fl-2"/>
      </object_component>
      <object_component id="oc-240">
         <name>.debug_info</name>
         <load_address>0x102c</load_address>
         <run_address>0x102c</run_address>
         <size>0x461</size>
         <input_file_ref idref="fl-2"/>
      </object_component>
      <object_component id="oc-231">
         <name>.debug_info</name>
         <load_address>0x148d</load_address>
         <run_address>0x148d</run_address>
         <size>0x4f</size>
         <input_file_ref idref="fl-2"/>
      </object_component>
      <object_component id="oc-226">
         <name>.debug_info</name>
         <load_address>0x14dc</load_address>
         <run_address>0x14dc</run_address>
         <size>0x2c</size>
         <input_file_ref idref="fl-2"/>
      </object_component>
      <object_component id="oc-145">
         <name>.debug_info</name>
         <load_address>0x1508</load_address>
         <run_address>0x1508</run_address>
         <size>0x8b</size>
         <input_file_ref idref="fl-2"/>
      </object_component>
      <object_component id="oc-91">
         <name>.debug_info</name>
         <load_address>0x1593</load_address>
         <run_address>0x1593</run_address>
         <size>0x2c</size>
         <input_file_ref idref="fl-2"/>
      </object_component>
      <object_component id="oc-245">
         <name>.debug_info</name>
         <load_address>0x15bf</load_address>
         <run_address>0x15bf</run_address>
         <size>0x2a4</size>
         <input_file_ref idref="fl-2"/>
      </object_component>
      <object_component id="oc-14a">
         <name>.debug_info</name>
         <load_address>0x1863</load_address>
         <run_address>0x1863</run_address>
         <size>0xbb</size>
         <input_file_ref idref="fl-2"/>
      </object_component>
      <object_component id="oc-96">
         <name>.debug_info</name>
         <load_address>0x191e</load_address>
         <run_address>0x191e</run_address>
         <size>0x53</size>
         <input_file_ref idref="fl-2"/>
      </object_component>
      <object_component id="oc-236">
         <name>.debug_info</name>
         <load_address>0x1971</load_address>
         <run_address>0x1971</run_address>
         <size>0xcc</size>
         <input_file_ref idref="fl-2"/>
      </object_component>
      <object_component id="oc-1e8">
         <name>.debug_info</name>
         <load_address>0x1a3d</load_address>
         <run_address>0x1a3d</run_address>
         <size>0x2c</size>
         <input_file_ref idref="fl-2"/>
      </object_component>
      <object_component id="oc-1bd">
         <name>.debug_info</name>
         <load_address>0x1a69</load_address>
         <run_address>0x1a69</run_address>
         <size>0x14c</size>
         <input_file_ref idref="fl-2"/>
      </object_component>
      <object_component id="oc-40">
         <name>.debug_info</name>
         <load_address>0x1bb5</load_address>
         <run_address>0x1bb5</run_address>
         <size>0x376</size>
         <input_file_ref idref="fl-3"/>
      </object_component>
      <object_component id="oc-13">
         <name>.debug_info</name>
         <load_address>0x1f2b</load_address>
         <run_address>0x1f2b</run_address>
         <size>0xe9</size>
         <input_file_ref idref="fl-3"/>
      </object_component>
      <object_component id="oc-28">
         <name>.debug_info</name>
         <load_address>0x2014</load_address>
         <run_address>0x2014</run_address>
         <size>0x265</size>
         <input_file_ref idref="fl-3"/>
      </object_component>
      <object_component id="oc-47">
         <name>.debug_info</name>
         <load_address>0x2279</load_address>
         <run_address>0x2279</run_address>
         <size>0x84</size>
         <input_file_ref idref="fl-3"/>
      </object_component>
      <object_component id="oc-2d5">
         <name>.debug_info</name>
         <load_address>0x22fd</load_address>
         <run_address>0x22fd</run_address>
         <size>0x1fb</size>
         <input_file_ref idref="fl-4"/>
      </object_component>
      <object_component id="oc-1c2">
         <name>.debug_info</name>
         <load_address>0x24f8</load_address>
         <run_address>0x24f8</run_address>
         <size>0x461</size>
         <input_file_ref idref="fl-4"/>
      </object_component>
      <object_component id="oc-3db">
         <name>.debug_info</name>
         <load_address>0x2959</load_address>
         <run_address>0x2959</run_address>
         <size>0xcc</size>
         <input_file_ref idref="fl-4"/>
      </object_component>
      <object_component id="oc-1b3">
         <name>.debug_info</name>
         <load_address>0x2a25</load_address>
         <run_address>0x2a25</run_address>
         <size>0x53</size>
         <input_file_ref idref="fl-4"/>
      </object_component>
      <object_component id="oc-3cd">
         <name>.debug_info</name>
         <load_address>0x2a78</load_address>
         <run_address>0x2a78</run_address>
         <size>0x691</size>
         <input_file_ref idref="fl-5"/>
      </object_component>
      <object_component id="oc-2b8">
         <name>.debug_info</name>
         <load_address>0x3109</load_address>
         <run_address>0x3109</run_address>
         <size>0x110</size>
         <input_file_ref idref="fl-5"/>
      </object_component>
      <object_component id="oc-2c2">
         <name>.debug_info</name>
         <load_address>0x3219</load_address>
         <run_address>0x3219</run_address>
         <size>0x461</size>
         <input_file_ref idref="fl-5"/>
      </object_component>
      <object_component id="oc-451">
         <name>.debug_info</name>
         <load_address>0x367a</load_address>
         <run_address>0x367a</run_address>
         <size>0x76</size>
         <input_file_ref idref="fl-5"/>
      </object_component>
      <object_component id="oc-456">
         <name>.debug_info</name>
         <load_address>0x36f0</load_address>
         <run_address>0x36f0</run_address>
         <size>0x39</size>
         <input_file_ref idref="fl-5"/>
      </object_component>
      <object_component id="oc-2b3">
         <name>.debug_info</name>
         <load_address>0x3729</load_address>
         <run_address>0x3729</run_address>
         <size>0x4f</size>
         <input_file_ref idref="fl-5"/>
      </object_component>
      <object_component id="oc-2c8">
         <name>.debug_info</name>
         <load_address>0x3778</load_address>
         <run_address>0x3778</run_address>
         <size>0x382</size>
         <input_file_ref idref="fl-6"/>
      </object_component>
      <object_component id="oc-195">
         <name>.debug_info</name>
         <load_address>0x3afa</load_address>
         <run_address>0x3afa</run_address>
         <size>0x4e7</size>
         <input_file_ref idref="fl-6"/>
      </object_component>
      <object_component id="oc-1c9">
         <name>.debug_info</name>
         <load_address>0x3fe1</load_address>
         <run_address>0x3fe1</run_address>
         <size>0x8cb</size>
         <input_file_ref idref="fl-7"/>
      </object_component>
      <object_component id="oc-9c">
         <name>.debug_info</name>
         <load_address>0x48ac</load_address>
         <run_address>0x48ac</run_address>
         <size>0x2d9a</size>
         <input_file_ref idref="fl-7"/>
      </object_component>
      <object_component id="oc-2da">
         <name>.debug_info</name>
         <load_address>0x7646</load_address>
         <run_address>0x7646</run_address>
         <size>0x23f</size>
         <input_file_ref idref="fl-7"/>
      </object_component>
      <object_component id="oc-1cc">
         <name>.debug_info</name>
         <load_address>0x7885</load_address>
         <run_address>0x7885</run_address>
         <size>0x46</size>
         <input_file_ref idref="fl-7"/>
      </object_component>
      <object_component id="oc-251">
         <name>.debug_info</name>
         <load_address>0x78cb</load_address>
         <run_address>0x78cb</run_address>
         <size>0x2c</size>
         <input_file_ref idref="fl-8"/>
      </object_component>
      <object_component id="oc-190">
         <name>.debug_info</name>
         <load_address>0x78f7</load_address>
         <run_address>0x78f7</run_address>
         <size>0x9d7</size>
         <input_file_ref idref="fl-9"/>
      </object_component>
      <object_component id="oc-80">
         <name>.debug_info</name>
         <load_address>0x82ce</load_address>
         <run_address>0x82ce</run_address>
         <size>0x2ef</size>
         <input_file_ref idref="fl-9"/>
      </object_component>
      <object_component id="oc-19e">
         <name>.debug_info</name>
         <load_address>0x85bd</load_address>
         <run_address>0x85bd</run_address>
         <size>0x133</size>
         <input_file_ref idref="fl-9"/>
      </object_component>
      <object_component id="oc-1a7">
         <name>.debug_info</name>
         <load_address>0x86f0</load_address>
         <run_address>0x86f0</run_address>
         <size>0xf1</size>
         <input_file_ref idref="fl-9"/>
      </object_component>
      <object_component id="oc-19b">
         <name>.debug_info</name>
         <load_address>0x87e1</load_address>
         <run_address>0x87e1</run_address>
         <size>0x257</size>
         <input_file_ref idref="fl-9"/>
      </object_component>
      <object_component id="oc-86">
         <name>.debug_info</name>
         <load_address>0x8a38</load_address>
         <run_address>0x8a38</run_address>
         <size>0x48ad</size>
         <input_file_ref idref="fl-9"/>
      </object_component>
      <object_component id="oc-1aa">
         <name>.debug_info</name>
         <load_address>0xd2e5</load_address>
         <run_address>0xd2e5</run_address>
         <size>0x30c</size>
         <input_file_ref idref="fl-9"/>
      </object_component>
      <object_component id="oc-2bd">
         <name>.debug_info</name>
         <load_address>0xd5f1</load_address>
         <run_address>0xd5f1</run_address>
         <size>0x145</size>
         <input_file_ref idref="fl-9"/>
      </object_component>
      <object_component id="oc-90">
         <name>.debug_info</name>
         <load_address>0xd736</load_address>
         <run_address>0xd736</run_address>
         <size>0x463</size>
         <input_file_ref idref="fl-b"/>
      </object_component>
      <object_component id="oc-83">
         <name>.debug_info</name>
         <load_address>0xdb99</load_address>
         <run_address>0xdb99</run_address>
         <size>0x11d</size>
         <input_file_ref idref="fl-b"/>
      </object_component>
      <object_component id="oc-8d">
         <name>.debug_info</name>
         <load_address>0xdcb6</load_address>
         <run_address>0xdcb6</run_address>
         <size>0x104</size>
         <input_file_ref idref="fl-b"/>
      </object_component>
      <object_component id="oc-33">
         <name>.debug_info</name>
         <load_address>0xddba</load_address>
         <run_address>0xddba</run_address>
         <size>0x721</size>
         <input_file_ref idref="fl-b"/>
      </object_component>
      <object_component id="oc-2e">
         <name>.debug_info</name>
         <load_address>0xe4db</load_address>
         <run_address>0xe4db</run_address>
         <size>0x252</size>
         <input_file_ref idref="fl-c"/>
      </object_component>
      <object_component id="oc-2d1">
         <name>.debug_info</name>
         <load_address>0xe72d</load_address>
         <run_address>0xe72d</run_address>
         <size>0x52d</size>
         <input_file_ref idref="fl-d"/>
      </object_component>
      <object_component id="oc-2ce">
         <name>.debug_info</name>
         <load_address>0xec5a</load_address>
         <run_address>0xec5a</run_address>
         <size>0x155</size>
         <input_file_ref idref="fl-d"/>
      </object_component>
      <object_component id="oc-1a1">
         <name>.debug_info</name>
         <load_address>0xedaf</load_address>
         <run_address>0xedaf</run_address>
         <size>0x68c</size>
         <input_file_ref idref="fl-d"/>
      </object_component>
      <object_component id="oc-3d2">
         <name>.debug_info</name>
         <load_address>0xf43b</load_address>
         <run_address>0xf43b</run_address>
         <size>0x62</size>
         <input_file_ref idref="fl-d"/>
      </object_component>
      <object_component id="oc-143">
         <name>.debug_info</name>
         <load_address>0xf49d</load_address>
         <run_address>0xf49d</run_address>
         <size>0xa3a</size>
         <input_file_ref idref="fl-e"/>
      </object_component>
      <object_component id="oc-12c">
         <name>.debug_info</name>
         <load_address>0xfed7</load_address>
         <run_address>0xfed7</run_address>
         <size>0x14b</size>
         <input_file_ref idref="fl-e"/>
      </object_component>
      <object_component id="oc-39">
         <name>.debug_info</name>
         <load_address>0x10022</load_address>
         <run_address>0x10022</run_address>
         <size>0x3153</size>
         <input_file_ref idref="fl-e"/>
      </object_component>
      <object_component id="oc-14f">
         <name>.debug_info</name>
         <load_address>0x13175</load_address>
         <run_address>0x13175</run_address>
         <size>0x1e11</size>
         <input_file_ref idref="fl-e"/>
      </object_component>
      <object_component id="oc-23b">
         <name>.debug_info</name>
         <load_address>0x14f86</load_address>
         <run_address>0x14f86</run_address>
         <size>0x35</size>
         <input_file_ref idref="fl-e"/>
      </object_component>
      <object_component id="oc-3a4">
         <name>.debug_info</name>
         <load_address>0x14fbb</load_address>
         <run_address>0x14fbb</run_address>
         <size>0xc5a</size>
         <input_file_ref idref="fl-f"/>
      </object_component>
      <object_component id="oc-3a1">
         <name>.debug_info</name>
         <load_address>0x15c15</load_address>
         <run_address>0x15c15</run_address>
         <size>0xf5</size>
         <input_file_ref idref="fl-f"/>
      </object_component>
      <object_component id="oc-261">
         <name>.debug_info</name>
         <load_address>0x15d0a</load_address>
         <run_address>0x15d0a</run_address>
         <size>0x1217</size>
         <input_file_ref idref="fl-f"/>
      </object_component>
      <object_component id="oc-3a9">
         <name>.debug_info</name>
         <load_address>0x16f21</load_address>
         <run_address>0x16f21</run_address>
         <size>0x353</size>
         <input_file_ref idref="fl-10"/>
      </object_component>
      <object_component id="oc-3a6">
         <name>.debug_info</name>
         <load_address>0x17274</load_address>
         <run_address>0x17274</run_address>
         <size>0xf1</size>
         <input_file_ref idref="fl-10"/>
      </object_component>
      <object_component id="oc-267">
         <name>.debug_info</name>
         <load_address>0x17365</load_address>
         <run_address>0x17365</run_address>
         <size>0x5c7</size>
         <input_file_ref idref="fl-10"/>
      </object_component>
      <object_component id="oc-1e6">
         <name>.debug_info</name>
         <load_address>0x1792c</load_address>
         <run_address>0x1792c</run_address>
         <size>0x361</size>
         <input_file_ref idref="fl-11"/>
      </object_component>
      <object_component id="oc-1e0">
         <name>.debug_info</name>
         <load_address>0x17c8d</load_address>
         <run_address>0x17c8d</run_address>
         <size>0xdb</size>
         <input_file_ref idref="fl-11"/>
      </object_component>
      <object_component id="oc-1e3">
         <name>.debug_info</name>
         <load_address>0x17d68</load_address>
         <run_address>0x17d68</run_address>
         <size>0x113</size>
         <input_file_ref idref="fl-11"/>
      </object_component>
      <object_component id="oc-ae">
         <name>.debug_info</name>
         <load_address>0x17e7b</load_address>
         <run_address>0x17e7b</run_address>
         <size>0x6fc</size>
         <input_file_ref idref="fl-11"/>
      </object_component>
      <object_component id="oc-465">
         <name>.debug_info</name>
         <load_address>0x18577</load_address>
         <run_address>0x18577</run_address>
         <size>0x324</size>
         <input_file_ref idref="fl-ce"/>
      </object_component>
      <object_component id="oc-3fa">
         <name>.debug_info</name>
         <load_address>0x1889b</load_address>
         <run_address>0x1889b</run_address>
         <size>0x130</size>
         <input_file_ref idref="fl-ce"/>
      </object_component>
      <object_component id="oc-322">
         <name>.debug_info</name>
         <load_address>0x189cb</load_address>
         <run_address>0x189cb</run_address>
         <size>0x4d5</size>
         <input_file_ref idref="fl-ce"/>
      </object_component>
      <object_component id="oc-467">
         <name>.debug_info</name>
         <load_address>0x18ea0</load_address>
         <run_address>0x18ea0</run_address>
         <size>0x46</size>
         <input_file_ref idref="fl-ce"/>
      </object_component>
      <object_component id="oc-3fd">
         <name>.debug_info</name>
         <load_address>0x18ee6</load_address>
         <run_address>0x18ee6</run_address>
         <size>0x39</size>
         <input_file_ref idref="fl-ce"/>
      </object_component>
      <object_component id="oc-171">
         <name>.debug_info</name>
         <load_address>0x18f1f</load_address>
         <run_address>0x18f1f</run_address>
         <size>0x147</size>
         <input_file_ref idref="fl-cf"/>
      </object_component>
      <object_component id="oc-31e">
         <name>.debug_info</name>
         <load_address>0x19066</load_address>
         <run_address>0x19066</run_address>
         <size>0x14c</size>
         <input_file_ref idref="fl-d0"/>
      </object_component>
      <object_component id="oc-3ec">
         <name>.debug_info</name>
         <load_address>0x191b2</load_address>
         <run_address>0x191b2</run_address>
         <size>0x128</size>
         <input_file_ref idref="fl-d1"/>
      </object_component>
      <object_component id="oc-3e5">
         <name>.debug_info</name>
         <load_address>0x192da</load_address>
         <run_address>0x192da</run_address>
         <size>0x12a</size>
         <input_file_ref idref="fl-d1"/>
      </object_component>
      <object_component id="oc-139">
         <name>.debug_info</name>
         <load_address>0x19404</load_address>
         <run_address>0x19404</run_address>
         <size>0x13a</size>
         <input_file_ref idref="fl-d2"/>
      </object_component>
      <object_component id="oc-136">
         <name>.debug_info</name>
         <load_address>0x1953e</load_address>
         <run_address>0x1953e</run_address>
         <size>0x13a</size>
         <input_file_ref idref="fl-d3"/>
      </object_component>
      <object_component id="oc-3f5">
         <name>.debug_info</name>
         <load_address>0x19678</load_address>
         <run_address>0x19678</run_address>
         <size>0x12e</size>
         <input_file_ref idref="fl-d4"/>
      </object_component>
      <object_component id="oc-13e">
         <name>.debug_info</name>
         <load_address>0x197a6</load_address>
         <run_address>0x197a6</run_address>
         <size>0x13e</size>
         <input_file_ref idref="fl-d5"/>
      </object_component>
      <object_component id="oc-318">
         <name>.debug_info</name>
         <load_address>0x198e4</load_address>
         <run_address>0x198e4</run_address>
         <size>0x12c</size>
         <input_file_ref idref="fl-d6"/>
      </object_component>
      <object_component id="oc-12f">
         <name>.debug_info</name>
         <load_address>0x19a10</load_address>
         <run_address>0x19a10</run_address>
         <size>0x12c</size>
         <input_file_ref idref="fl-d7"/>
      </object_component>
      <object_component id="oc-4d">
         <name>.debug_info</name>
         <load_address>0x19b3c</load_address>
         <run_address>0x19b3c</run_address>
         <size>0x119</size>
         <input_file_ref idref="fl-d8"/>
      </object_component>
      <object_component id="oc-1db">
         <name>.debug_info</name>
         <load_address>0x19c55</load_address>
         <run_address>0x19c55</run_address>
         <size>0x142</size>
         <input_file_ref idref="fl-d9"/>
      </object_component>
      <object_component id="oc-16f">
         <name>.debug_info</name>
         <load_address>0x19d97</load_address>
         <run_address>0x19d97</run_address>
         <size>0x2d4</size>
         <input_file_ref idref="fl-da"/>
      </object_component>
      <object_component id="oc-59">
         <name>.debug_info</name>
         <load_address>0x1a06b</load_address>
         <run_address>0x1a06b</run_address>
         <size>0x1d2</size>
         <input_file_ref idref="fl-da"/>
      </object_component>
      <object_component id="oc-16a">
         <name>.debug_info</name>
         <load_address>0x1a23d</load_address>
         <run_address>0x1a23d</run_address>
         <size>0x46</size>
         <input_file_ref idref="fl-da"/>
      </object_component>
      <object_component id="oc-57">
         <name>.debug_info</name>
         <load_address>0x1a283</load_address>
         <run_address>0x1a283</run_address>
         <size>0x2a8</size>
         <input_file_ref idref="fl-db"/>
      </object_component>
      <object_component id="oc-1c">
         <name>.debug_info</name>
         <load_address>0x1a52b</load_address>
         <run_address>0x1a52b</run_address>
         <size>0x1ea</size>
         <input_file_ref idref="fl-db"/>
      </object_component>
      <object_component id="oc-52">
         <name>.debug_info</name>
         <load_address>0x1a715</load_address>
         <run_address>0x1a715</run_address>
         <size>0x46</size>
         <input_file_ref idref="fl-db"/>
      </object_component>
      <object_component id="oc-162">
         <name>.debug_info</name>
         <load_address>0x1a75b</load_address>
         <run_address>0x1a75b</run_address>
         <size>0x2c</size>
         <input_file_ref idref="fl-db"/>
      </object_component>
      <object_component id="oc-160">
         <name>.debug_info</name>
         <load_address>0x1a787</load_address>
         <run_address>0x1a787</run_address>
         <size>0x29e</size>
         <input_file_ref idref="fl-dc"/>
      </object_component>
      <object_component id="oc-16">
         <name>.debug_info</name>
         <load_address>0x1aa25</load_address>
         <run_address>0x1aa25</run_address>
         <size>0x250</size>
         <input_file_ref idref="fl-dc"/>
      </object_component>
      <object_component id="oc-42">
         <name>.debug_info</name>
         <load_address>0x1ac75</load_address>
         <run_address>0x1ac75</run_address>
         <size>0x60</size>
         <input_file_ref idref="fl-dc"/>
      </object_component>
      <object_component id="oc-24a">
         <name>.debug_info</name>
         <load_address>0x1acd5</load_address>
         <run_address>0x1acd5</run_address>
         <size>0x46</size>
         <input_file_ref idref="fl-dc"/>
      </object_component>
      <object_component id="oc-15b">
         <name>.debug_info</name>
         <load_address>0x1ad1b</load_address>
         <run_address>0x1ad1b</run_address>
         <size>0x39</size>
         <input_file_ref idref="fl-dc"/>
      </object_component>
      <object_component id="oc-461">
         <name>.debug_info</name>
         <load_address>0x1ad54</load_address>
         <run_address>0x1ad54</run_address>
         <size>0x289</size>
         <input_file_ref idref="fl-dd"/>
      </object_component>
      <object_component id="oc-45e">
         <name>.debug_info</name>
         <load_address>0x1afdd</load_address>
         <run_address>0x1afdd</run_address>
         <size>0x10e</size>
         <input_file_ref idref="fl-dd"/>
      </object_component>
      <object_component id="oc-3ef">
         <name>.debug_info</name>
         <load_address>0x1b0eb</load_address>
         <run_address>0x1b0eb</run_address>
         <size>0x14e</size>
         <input_file_ref idref="fl-dd"/>
      </object_component>
      <object_component id="oc-25">
         <name>.debug_info</name>
         <load_address>0x1b239</load_address>
         <run_address>0x1b239</run_address>
         <size>0x10b</size>
         <input_file_ref idref="fl-de"/>
      </object_component>
      <object_component id="oc-6b">
         <name>.debug_info</name>
         <load_address>0x1b344</load_address>
         <run_address>0x1b344</run_address>
         <size>0x1a9</size>
         <input_file_ref idref="fl-de"/>
      </object_component>
      <object_component id="oc-2ee">
         <name>.debug_info</name>
         <load_address>0x1b4ed</load_address>
         <run_address>0x1b4ed</run_address>
         <size>0x115</size>
         <input_file_ref idref="fl-df"/>
      </object_component>
      <object_component id="oc-3b8">
         <name>.debug_info</name>
         <load_address>0x1b602</load_address>
         <run_address>0x1b602</run_address>
         <size>0x4b3</size>
         <input_file_ref idref="fl-e0"/>
      </object_component>
      <object_component id="oc-280">
         <name>.debug_info</name>
         <load_address>0x1bab5</load_address>
         <run_address>0x1bab5</run_address>
         <size>0x1a6</size>
         <input_file_ref idref="fl-e0"/>
      </object_component>
      <object_component id="oc-43e">
         <name>.debug_info</name>
         <load_address>0x1bc5b</load_address>
         <run_address>0x1bc5b</run_address>
         <size>0x39</size>
         <input_file_ref idref="fl-e0"/>
      </object_component>
      <object_component id="oc-47e">
         <name>.debug_info</name>
         <load_address>0x1bc94</load_address>
         <run_address>0x1bc94</run_address>
         <size>0x39</size>
         <input_file_ref idref="fl-e0"/>
      </object_component>
      <object_component id="oc-443">
         <name>.debug_info</name>
         <load_address>0x1bccd</load_address>
         <run_address>0x1bccd</run_address>
         <size>0x39</size>
         <input_file_ref idref="fl-e0"/>
      </object_component>
      <object_component id="oc-448">
         <name>.debug_info</name>
         <load_address>0x1bd06</load_address>
         <run_address>0x1bd06</run_address>
         <size>0xcd</size>
         <input_file_ref idref="fl-e0"/>
      </object_component>
      <object_component id="oc-177">
         <name>.debug_info</name>
         <load_address>0x1bdd3</load_address>
         <run_address>0x1bdd3</run_address>
         <size>0x153</size>
         <input_file_ref idref="fl-e1"/>
      </object_component>
      <object_component id="oc-274">
         <name>.debug_info</name>
         <load_address>0x1bf26</load_address>
         <run_address>0x1bf26</run_address>
         <size>0x122</size>
         <input_file_ref idref="fl-e3"/>
      </object_component>
      <object_component id="oc-1d7">
         <name>.debug_info</name>
         <load_address>0x1c048</load_address>
         <run_address>0x1c048</run_address>
         <size>0x3e4</size>
         <input_file_ref idref="fl-e6"/>
      </object_component>
      <object_component id="oc-1f6">
         <name>.debug_info</name>
         <load_address>0x1c42c</load_address>
         <run_address>0x1c42c</run_address>
         <size>0x164</size>
         <input_file_ref idref="fl-e6"/>
      </object_component>
      <object_component id="oc-d8">
         <name>.debug_info</name>
         <load_address>0x1c590</load_address>
         <run_address>0x1c590</run_address>
         <size>0x284</size>
         <input_file_ref idref="fl-e6"/>
      </object_component>
      <object_component id="oc-126">
         <name>.debug_info</name>
         <load_address>0x1c814</load_address>
         <run_address>0x1c814</run_address>
         <size>0x2ac</size>
         <input_file_ref idref="fl-e6"/>
      </object_component>
      <object_component id="oc-1fa">
         <name>.debug_info</name>
         <load_address>0x1cac0</load_address>
         <run_address>0x1cac0</run_address>
         <size>0x2bc</size>
         <input_file_ref idref="fl-e6"/>
      </object_component>
      <object_component id="oc-200">
         <name>.debug_info</name>
         <load_address>0x1cd7c</load_address>
         <run_address>0x1cd7c</run_address>
         <size>0x31f</size>
         <input_file_ref idref="fl-e6"/>
      </object_component>
      <object_component id="oc-36b">
         <name>.debug_info</name>
         <load_address>0x1d09b</load_address>
         <run_address>0x1d09b</run_address>
         <size>0x299</size>
         <input_file_ref idref="fl-e6"/>
      </object_component>
      <object_component id="oc-e4">
         <name>.debug_info</name>
         <load_address>0x1d334</load_address>
         <run_address>0x1d334</run_address>
         <size>0x29f</size>
         <input_file_ref idref="fl-e6"/>
      </object_component>
      <object_component id="oc-ea">
         <name>.debug_info</name>
         <load_address>0x1d5d3</load_address>
         <run_address>0x1d5d3</run_address>
         <size>0x299</size>
         <input_file_ref idref="fl-e6"/>
      </object_component>
      <object_component id="oc-120">
         <name>.debug_info</name>
         <load_address>0x1d86c</load_address>
         <run_address>0x1d86c</run_address>
         <size>0x2c0</size>
         <input_file_ref idref="fl-e6"/>
      </object_component>
      <object_component id="oc-108">
         <name>.debug_info</name>
         <load_address>0x1db2c</load_address>
         <run_address>0x1db2c</run_address>
         <size>0x2a5</size>
         <input_file_ref idref="fl-e6"/>
      </object_component>
      <object_component id="oc-347">
         <name>.debug_info</name>
         <load_address>0x1ddd1</load_address>
         <run_address>0x1ddd1</run_address>
         <size>0x284</size>
         <input_file_ref idref="fl-e6"/>
      </object_component>
      <object_component id="oc-de">
         <name>.debug_info</name>
         <load_address>0x1e055</load_address>
         <run_address>0x1e055</run_address>
         <size>0x289</size>
         <input_file_ref idref="fl-e6"/>
      </object_component>
      <object_component id="oc-10e">
         <name>.debug_info</name>
         <load_address>0x1e2de</load_address>
         <run_address>0x1e2de</run_address>
         <size>0x2c4</size>
         <input_file_ref idref="fl-e6"/>
      </object_component>
      <object_component id="oc-395">
         <name>.debug_info</name>
         <load_address>0x1e5a2</load_address>
         <run_address>0x1e5a2</run_address>
         <size>0x288</size>
         <input_file_ref idref="fl-e6"/>
      </object_component>
      <object_component id="oc-114">
         <name>.debug_info</name>
         <load_address>0x1e82a</load_address>
         <run_address>0x1e82a</run_address>
         <size>0x298</size>
         <input_file_ref idref="fl-e6"/>
      </object_component>
      <object_component id="oc-34d">
         <name>.debug_info</name>
         <load_address>0x1eac2</load_address>
         <run_address>0x1eac2</run_address>
         <size>0x29a</size>
         <input_file_ref idref="fl-e6"/>
      </object_component>
      <object_component id="oc-a2">
         <name>.debug_info</name>
         <load_address>0x1ed5c</load_address>
         <run_address>0x1ed5c</run_address>
         <size>0x296</size>
         <input_file_ref idref="fl-e6"/>
      </object_component>
      <object_component id="oc-2e6">
         <name>.debug_info</name>
         <load_address>0x1eff2</load_address>
         <run_address>0x1eff2</run_address>
         <size>0x26b</size>
         <input_file_ref idref="fl-e6"/>
      </object_component>
      <object_component id="oc-2df">
         <name>.debug_info</name>
         <load_address>0x1f25d</load_address>
         <run_address>0x1f25d</run_address>
         <size>0x297</size>
         <input_file_ref idref="fl-e6"/>
      </object_component>
      <object_component id="oc-2ff">
         <name>.debug_info</name>
         <load_address>0x1f4f4</load_address>
         <run_address>0x1f4f4</run_address>
         <size>0xef</size>
         <input_file_ref idref="fl-e6"/>
      </object_component>
      <object_component id="oc-1d2">
         <name>.debug_info</name>
         <load_address>0x1f5e3</load_address>
         <run_address>0x1f5e3</run_address>
         <size>0xbb</size>
         <input_file_ref idref="fl-e6"/>
      </object_component>
      <object_component id="oc-1d9">
         <name>.debug_info</name>
         <load_address>0x1f69e</load_address>
         <run_address>0x1f69e</run_address>
         <size>0x3d5</size>
         <input_file_ref idref="fl-e7"/>
      </object_component>
      <object_component id="oc-b4">
         <name>.debug_info</name>
         <load_address>0x1fa73</load_address>
         <run_address>0x1fa73</run_address>
         <size>0x2d7</size>
         <input_file_ref idref="fl-e7"/>
      </object_component>
      <object_component id="oc-fc">
         <name>.debug_info</name>
         <load_address>0x1fd4a</load_address>
         <run_address>0x1fd4a</run_address>
         <size>0x2a3</size>
         <input_file_ref idref="fl-e7"/>
      </object_component>
      <object_component id="oc-a8">
         <name>.debug_info</name>
         <load_address>0x1ffed</load_address>
         <run_address>0x1ffed</run_address>
         <size>0x25b</size>
         <input_file_ref idref="fl-e7"/>
      </object_component>
      <object_component id="oc-20c">
         <name>.debug_info</name>
         <load_address>0x20248</load_address>
         <run_address>0x20248</run_address>
         <size>0x257</size>
         <input_file_ref idref="fl-e7"/>
      </object_component>
      <object_component id="oc-f6">
         <name>.debug_info</name>
         <load_address>0x2049f</load_address>
         <run_address>0x2049f</run_address>
         <size>0x2f1</size>
         <input_file_ref idref="fl-e7"/>
      </object_component>
      <object_component id="oc-ba">
         <name>.debug_info</name>
         <load_address>0x20790</load_address>
         <run_address>0x20790</run_address>
         <size>0x287</size>
         <input_file_ref idref="fl-e7"/>
      </object_component>
      <object_component id="oc-c6">
         <name>.debug_info</name>
         <load_address>0x20a17</load_address>
         <run_address>0x20a17</run_address>
         <size>0x25d</size>
         <input_file_ref idref="fl-e7"/>
      </object_component>
      <object_component id="oc-c0">
         <name>.debug_info</name>
         <load_address>0x20c74</load_address>
         <run_address>0x20c74</run_address>
         <size>0x287</size>
         <input_file_ref idref="fl-e7"/>
      </object_component>
      <object_component id="oc-217">
         <name>.debug_info</name>
         <load_address>0x20efb</load_address>
         <run_address>0x20efb</run_address>
         <size>0x3b7</size>
         <input_file_ref idref="fl-e8"/>
      </object_component>
      <object_component id="oc-214">
         <name>.debug_info</name>
         <load_address>0x212b2</load_address>
         <run_address>0x212b2</run_address>
         <size>0x15b</size>
         <input_file_ref idref="fl-e8"/>
      </object_component>
      <object_component id="oc-421">
         <name>.debug_info</name>
         <load_address>0x2140d</load_address>
         <run_address>0x2140d</run_address>
         <size>0x161</size>
         <input_file_ref idref="fl-e8"/>
      </object_component>
      <object_component id="oc-40c">
         <name>.debug_info</name>
         <load_address>0x2156e</load_address>
         <run_address>0x2156e</run_address>
         <size>0x160</size>
         <input_file_ref idref="fl-e8"/>
      </object_component>
      <object_component id="oc-353">
         <name>.debug_info</name>
         <load_address>0x216ce</load_address>
         <run_address>0x216ce</run_address>
         <size>0x2ca</size>
         <input_file_ref idref="fl-e8"/>
      </object_component>
      <object_component id="oc-11a">
         <name>.debug_info</name>
         <load_address>0x21998</load_address>
         <run_address>0x21998</run_address>
         <size>0x247</size>
         <input_file_ref idref="fl-e8"/>
      </object_component>
      <object_component id="oc-25b">
         <name>.debug_info</name>
         <load_address>0x21bdf</load_address>
         <run_address>0x21bdf</run_address>
         <size>0x249</size>
         <input_file_ref idref="fl-e8"/>
      </object_component>
      <object_component id="oc-102">
         <name>.debug_info</name>
         <load_address>0x21e28</load_address>
         <run_address>0x21e28</run_address>
         <size>0x271</size>
         <input_file_ref idref="fl-e8"/>
      </object_component>
[...]
         <object_component_ref idref="oc-38"/>
      </symbol>
      <symbol id="sm-4c1">
         <name>PortDIntHanlder</name>
         <value>0x188b</value>
         <object_component_ref idref="oc-38"/>
      </symbol>
      <symbol id="sm-4c2">
         <name>AS7341_WriteI2cReg2SMUX_Sel</name>
         <value>0x1bf1</value>
         <object_component_ref idref="oc-38"/>
      </symbol>
      <symbol id="sm-4c3">
         <name>AS7341_DevivceConfig</name>
         <value>0x23e9</value>
         <object_component_ref idref="oc-38"/>
      </symbol>
      <symbol id="sm-4c4">
         <name>AS7341_ADC_Config</name>
         <value>0x24b1</value>
         <object_component_ref idref="oc-38"/>
      </symbol>
      <symbol id="sm-4c5">
         <name>AS7341_SetTimeADC</name>
         <value>0x1c97</value>
         <object_component_ref idref="oc-38"/>
      </symbol>
      <symbol id="sm-4c6">
         <name>AS7341_GetTimeADC</name>
         <value>0x2051</value>
         <object_component_ref idref="oc-38"/>
      </symbol>
      <symbol id="sm-4c7">
         <name>AS7341_SetI2cRegSMUX</name>
         <value>0x1d09</value>
         <object_component_ref idref="oc-38"/>
      </symbol>
      <symbol id="sm-514">
         <name>NemaConfig</name>
         <value>0x30fd</value>
         <object_component_ref idref="oc-260"/>
      </symbol>
      <symbol id="sm-515">
         <name>GPIOPortE_Handler</name>
         <value>0x3245</value>
         <object_component_ref idref="oc-260"/>
      </symbol>
      <symbol id="sm-516">
         <name>AnalogInit</name>
         <value>0x309f</value>
         <object_component_ref idref="oc-260"/>
      </symbol>
      <symbol id="sm-517">
         <name>NemaEnable</name>
         <value>0x308b</value>
         <object_component_ref idref="oc-260"/>
      </symbol>
      <symbol id="sm-518">
         <name>LinearMovValidation</name>
         <value>0x31c1</value>
         <object_component_ref idref="oc-260"/>
      </symbol>
      <symbol id="sm-519">
         <name>xDebaunceKey</name>
         <value>0x2ddd</value>
         <object_component_ref idref="oc-260"/>
      </symbol>
      <symbol id="sm-51a">
         <name>xDebaunceKeyHandle</name>
         <value>0x20005384</value>
         <object_component_ref idref="oc-3a0"/>
      </symbol>
      <symbol id="sm-51b">
         <name>StepLoop</name>
         <value>0x2ff1</value>
         <object_component_ref idref="oc-260"/>
      </symbol>
      <symbol id="sm-51c">
         <name>getPWMFrequency</name>
         <value>0x2e3f</value>
         <object_component_ref idref="oc-260"/>
      </symbol>
      <symbol id="sm-51d">
         <name>PWM_SetDutyCycle</name>
         <value>0x2e61</value>
         <object_component_ref idref="oc-260"/>
      </symbol>
      <symbol id="sm-51e">
         <name>TrigggerPWMSigmoidFrequency</name>
         <value>0x2ecb</value>
         <object_component_ref idref="oc-260"/>
      </symbol>
      <symbol id="sm-51f">
         <name>Timer0IntHandler</name>
         <value>0x2fcd</value>
         <object_component_ref idref="oc-260"/>
      </symbol>
      <symbol id="sm-520">
         <name>sigmoid</name>
         <value>0x2df9</value>
         <object_component_ref idref="oc-260"/>
      </symbol>
      <symbol id="sm-521">
         <name>NemaDisable</name>
         <value>0x3095</value>
         <object_component_ref idref="oc-260"/>
      </symbol>
      <symbol id="sm-522">
         <name>NemaInterruptionConfig</name>
         <value>0x2ffd</value>
         <object_component_ref idref="oc-260"/>
      </symbol>
      <symbol id="sm-54a">
         <name>LEDWrite</name>
         <value>0x3aa3</value>
         <object_component_ref idref="oc-266"/>
      </symbol>
      <symbol id="sm-54b">
         <name>LEDRead</name>
         <value>0x3afd</value>
         <object_component_ref idref="oc-266"/>
      </symbol>
      <symbol id="sm-54c">
         <name>PinoutSet</name>
         <value>0x39cd</value>
         <object_component_ref idref="oc-266"/>
      </symbol>
      <symbol id="sm-54d">
         <name>ButtonsInit</name>
         <value>0x3b89</value>
         <object_component_ref idref="oc-266"/>
      </symbol>
      <symbol id="sm-54e">
         <name>ButtonsPoll</name>
         <value>0x3b1b</value>
         <object_component_ref idref="oc-266"/>
      </symbol>
      <symbol id="sm-5ab">
         <name>UARTgetc</name>
         <value>0x35ff</value>
         <object_component_ref idref="oc-ad"/>
      </symbol>
      <symbol id="sm-5ac">
         <name>UARTgets</name>
         <value>0x3581</value>
         <object_component_ref idref="oc-ad"/>
      </symbol>
      <symbol id="sm-5ad">
         <name>UARTStdioConfig</name>
         <value>0x3619</value>
         <object_component_ref idref="oc-ad"/>
      </symbol>
      <symbol id="sm-5ae">
         <name>UARTwrite</name>
         <value>0x3351</value>
         <object_component_ref idref="oc-ad"/>
      </symbol>
      <symbol id="sm-5af">
         <name>UARTprintf</name>
         <value>0x3567</value>
         <object_component_ref idref="oc-ad"/>
      </symbol>
      <symbol id="sm-5b0">
         <name>UARTvprintf</name>
         <value>0x3399</value>
         <object_component_ref idref="oc-ad"/>
      </symbol>
      <symbol id="sm-5fd">
         <name>expl</name>
         <value>0x36a5</value>
         <object_component_ref idref="oc-321"/>
      </symbol>
      <symbol id="sm-5fe">
         <name>exp</name>
         <value>0x36a5</value>
         <object_component_ref idref="oc-321"/>
      </symbol>
      <symbol id="sm-60d">
         <name>__aeabi_memset</name>
         <value>0x496b</value>
         <object_component_ref idref="oc-170"/>
      </symbol>
      <symbol id="sm-60e">
         <name>memset</name>
         <value>0x4971</value>
         <object_component_ref idref="oc-170"/>
      </symbol>
      <symbol id="sm-60f">
         <name>__aeabi_memset8</name>
         <value>0x496b</value>
         <object_component_ref idref="oc-170"/>
      </symbol>
      <symbol id="sm-610">
         <name>__aeabi_memset4</name>
         <value>0x496b</value>
         <object_component_ref idref="oc-170"/>
      </symbol>
      <symbol id="sm-611">
         <name>__aeabi_memclr8</name>
         <value>0x4969</value>
         <object_component_ref idref="oc-170"/>
      </symbol>
      <symbol id="sm-612">
         <name>__aeabi_memclr4</name>
         <value>0x4969</value>
         <object_component_ref idref="oc-170"/>
      </symbol>
      <symbol id="sm-613">
         <name>__aeabi_memclr</name>
         <value>0x4969</value>
         <object_component_ref idref="oc-170"/>
      </symbol>
      <symbol id="sm-62a">
         <name>__aeabi_dsub</name>
         <value>0x3da5</value>
         <object_component_ref idref="oc-31c"/>
      </symbol>
      <symbol id="sm-62b">
         <name>__aeabi_dadd</name>
         <value>0x3daf</value>
         <object_component_ref idref="oc-31c"/>
      </symbol>
      <symbol id="sm-64d">
         <name>__aeabi_cdcmpeq</name>
         <value>0x485d</value>
         <object_component_ref idref="oc-3e9"/>
      </symbol>
      <symbol id="sm-64e">
         <name>__aeabi_cdcmple</name>
         <value>0x485d</value>
         <object_component_ref idref="oc-3e9"/>
      </symbol>
      <symbol id="sm-64f">
         <name>__aeabi_cdrcmple</name>
         <value>0x48e3</value>
         <object_component_ref idref="oc-3e4"/>
      </symbol>
      <symbol id="sm-663">
         <name>__aeabi_ddiv</name>
         <value>0x4221</value>
         <object_component_ref idref="oc-138"/>
      </symbol>
      <symbol id="sm-66e">
         <name>__aeabi_dmul</name>
         <value>0x4471</value>
         <object_component_ref idref="oc-133"/>
      </symbol>
      <symbol id="sm-678">
         <name>__aeabi_d2iz</name>
         <value>0x4d25</value>
         <object_component_ref idref="oc-3f4"/>
      </symbol>
      <symbol id="sm-684">
         <name>__aeabi_d2f</name>
         <value>0x49e3</value>
         <object_component_ref idref="oc-13d"/>
      </symbol>
      <symbol id="sm-68f">
         <name>__aeabi_f2d</name>
         <value>0x4e29</value>
         <object_component_ref idref="oc-317"/>
      </symbol>
      <symbol id="sm-699">
         <name>__aeabi_i2d</name>
         <value>0x4efd</value>
         <object_component_ref idref="oc-12e"/>
      </symbol>
      <symbol id="sm-6b4">
         <name>memcpy</name>
         <value>0x472f</value>
         <object_component_ref idref="oc-4c"/>
      </symbol>
      <symbol id="sm-6b5">
         <name>__aeabi_memcpy</name>
         <value>0x472f</value>
         <object_component_ref idref="oc-4c"/>
      </symbol>
      <symbol id="sm-6b6">
         <name>__aeabi_memcpy8</name>
         <value>0x472f</value>
         <object_component_ref idref="oc-4c"/>
      </symbol>
      <symbol id="sm-6b7">
         <name>__aeabi_memcpy4</name>
         <value>0x472f</value>
         <object_component_ref idref="oc-4c"/>
      </symbol>
      <symbol id="sm-6c6">
         <name>__aeabi_uidivmod</name>
         <value>0x4db1</value>
         <object_component_ref idref="oc-1da"/>
      </symbol>
      <symbol id="sm-6c7">
         <name>__aeabi_uidiv</name>
         <value>0x4db1</value>
         <object_component_ref idref="oc-1da"/>
      </symbol>
      <symbol id="sm-6db">
         <name>__TI_zero_init_nomemset</name>
         <value>0x4f97</value>
         <object_component_ref idref="oc-58"/>
      </symbol>
      <symbol id="sm-6f2">
         <name>__TI_decompress_none</name>
         <value>0x5111</value>
         <object_component_ref idref="oc-1b"/>
      </symbol>
      <symbol id="sm-715">
         <name>__TI_decompress_lzss</name>
         <value>0x4b21</value>
         <object_component_ref idref="oc-15"/>
      </symbol>
      <symbol id="sm-72b">
         <name>__aeabi_errno_addr</name>
         <value>0x5185</value>
         <object_component_ref idref="oc-3ee"/>
      </symbol>
      <symbol id="sm-72c">
         <name>errno</name>
         <value>0x2000538c</value>
         <object_component_ref idref="oc-45d"/>
      </symbol>
      <symbol id="sm-73f">
         <name>__stack</name>
         <value>0x20005390</value>
         <object_component_ref idref="oc-24"/>
      </symbol>
      <symbol id="sm-740">
         <name>_c_int00_noargs</name>
         <value>0x4ec9</value>
         <object_component_ref idref="oc-6a"/>
      </symbol>
      <symbol id="sm-74a">
         <name>__aeabi_idiv0</name>
         <value>0x3f5b</value>
         <object_component_ref idref="oc-2ed"/>
      </symbol>
      <symbol id="sm-74b">
         <name>__aeabi_ldiv0</name>
         <value>0x3f5b</value>
         <object_component_ref idref="oc-2ed"/>
      </symbol>
      <symbol id="sm-773">
         <name>__TI_auto_init_nobinit_nopinit</name>
         <value>0x4d6d</value>
         <object_component_ref idref="oc-27f"/>
      </symbol>
      <symbol id="sm-77d">
         <name>_system_pre_init</name>
         <value>0x51bb</value>
         <object_component_ref idref="oc-176"/>
      </symbol>
      <symbol id="sm-789">
         <name>C$$EXIT</name>
         <value>0x51bf</value>
         <object_component_ref idref="oc-273"/>
      </symbol>
      <symbol id="sm-78a">
         <name>abort</name>
         <value>0x51bf</value>
         <object_component_ref idref="oc-273"/>
      </symbol>
      <symbol id="sm-83c">
         <name>GPIOPinTypePWM</name>
         <value>0x5057</value>
         <object_component_ref idref="oc-36a"/>
      </symbol>
      <symbol id="sm-83d">
         <name>GPIOPinConfigure</name>
         <value>0x4c41</value>
         <object_component_ref idref="oc-dd"/>
      </symbol>
      <symbol id="sm-83e">
         <name>GPIOPinTypeI2CSCL</name>
         <value>0x5041</value>
         <object_component_ref idref="oc-e3"/>
      </symbol>
      <symbol id="sm-83f">
         <name>GPIOIntDisable</name>
         <value>0x50e7</value>
         <object_component_ref idref="oc-34c"/>
      </symbol>
      <symbol id="sm-840">
         <name>GPIOIntEnable</name>
         <value>0x5137</value>
         <object_component_ref idref="oc-113"/>
      </symbol>
      <symbol id="sm-841">
         <name>GPIOPinTypeI2C</name>
         <value>0x502b</value>
         <object_component_ref idref="oc-e9"/>
      </symbol>
      <symbol id="sm-842">
         <name>GPIOIntTypeSet</name>
         <value>0x4be9</value>
         <object_component_ref idref="oc-10d"/>
      </symbol>
      <symbol id="sm-843">
         <name>GPIOPinTypeGPIOInput</name>
         <value>0x5015</value>
         <object_component_ref idref="oc-107"/>
      </symbol>
      <symbol id="sm-844">
         <name>GPIOIntClear</name>
         <value>0x518d</value>
         <object_component_ref idref="oc-a1"/>
      </symbol>
      <symbol id="sm-845">
         <name>GPIOIntStatus</name>
         <value>0x50f5</value>
         <object_component_ref idref="oc-394"/>
      </symbol>
      <symbol id="sm-846">
         <name>GPIOPinTypeGPIOOutput</name>
         <value>0x4fb3</value>
         <object_component_ref idref="oc-11f"/>
      </symbol>
      <symbol id="sm-847">
         <name>GPIOPinRead</name>
         <value>0x5193</value>
         <object_component_ref idref="oc-346"/>
      </symbol>
      <symbol id="sm-848">
         <name>GPIODirModeSet</name>
         <value>0x4f2b</value>
         <object_component_ref idref="oc-1f9"/>
      </symbol>
      <symbol id="sm-849">
         <name>GPIOPinWrite</name>
         <value>0x5199</value>
         <object_component_ref idref="oc-125"/>
      </symbol>
      <symbol id="sm-84a">
         <name>GPIOPadConfigSet</name>
         <value>0x3f5d</value>
         <object_component_ref idref="oc-1ff"/>
      </symbol>
      <symbol id="sm-84b">
         <name>GPIOUnlockPin</name>
         <value>0x4fcd</value>
         <object_component_ref idref="oc-d7"/>
      </symbol>
      <symbol id="sm-895">
         <name>I2CMasterDataPut</name>
         <value>0x51b3</value>
         <object_component_ref idref="oc-b9"/>
      </symbol>
      <symbol id="sm-896">
         <name>I2CMasterInitExpClk</name>
         <value>0x4c8d</value>
         <object_component_ref idref="oc-f5"/>
      </symbol>
      <symbol id="sm-897">
         <name>I2CMasterSlaveAddrSet</name>
         <value>0x5175</value>
         <object_component_ref idref="oc-b3"/>
      </symbol>
      <symbol id="sm-898">
         <name>I2CMasterDataGet</name>
         <value>0x51af</value>
         <object_component_ref idref="oc-c5"/>
      </symbol>
      <symbol id="sm-899">
         <name>I2CMasterIntEnableEx</name>
         <value>0x516d</value>
         <object_component_ref idref="oc-fb"/>
      </symbol>
      <symbol id="sm-89a">
         <name>I2CMasterControl</name>
         <value>0x51ab</value>
         <object_component_ref idref="oc-bf"/>
      </symbol>
      <symbol id="sm-89b">
         <name>I2CMasterEnable</name>
         <value>0x515b</value>
         <object_component_ref idref="oc-20b"/>
      </symbol>
      <symbol id="sm-89c">
         <name>I2CMasterIntClear</name>
         <value>0x5165</value>
         <object_component_ref idref="oc-a7"/>
      </symbol>
      <symbol id="sm-8f9">
         <name>IntEnable</name>
         <value>0x4ab9</value>
         <object_component_ref idref="oc-101"/>
      </symbol>
      <symbol id="sm-8fa">
         <name>IntDisable</name>
         <value>0x4a51</value>
         <object_component_ref idref="oc-39a"/>
      </symbol>
      <symbol id="sm-8fb">
         <name>IntRegister</name>
         <value>0x4e61</value>
         <object_component_ref idref="oc-352"/>
      </symbol>
      <symbol id="sm-8fc">
         <name>IntMasterDisable</name>
         <value>0x50b7</value>
         <object_component_ref idref="oc-25a"/>
      </symbol>
      <symbol id="sm-8fd">
         <name>g_pfnRAMVectors</name>
         <value>0x20000000</value>
         <object_component_ref idref="oc-40b"/>
      </symbol>
      <symbol id="sm-8fe">
         <name>IntMasterEnable</name>
         <value>0x50c7</value>
         <object_component_ref idref="oc-119"/>
      </symbol>
      <symbol id="sm-933">
         <name>PWMGenPeriodSet</name>
         <value>0x50d7</value>
         <object_component_ref idref="oc-339"/>
      </symbol>
      <symbol id="sm-934">
         <name>PWMPulseWidthSet</name>
         <value>0x4f79</value>
         <object_component_ref idref="oc-333"/>
      </symbol>
      <symbol id="sm-935">
         <name>PWMGenPeriodGet</name>
         <value>0x5081</value>
         <object_component_ref idref="oc-32d"/>
      </symbol>
      <symbol id="sm-936">
         <name>PWMOutputState</name>
         <value>0x5093</value>
         <object_component_ref idref="oc-35e"/>
      </symbol>
      <symbol id="sm-937">
         <name>PWMGenEnable</name>
         <value>0x5143</value>
         <object_component_ref idref="oc-364"/>
      </symbol>
      <symbol id="sm-938">
         <name>PWMGenConfigure</name>
         <value>0x4f57</value>
         <object_component_ref idref="oc-358"/>
      </symbol>
      <symbol id="sm-994">
         <name>SysCtlPWMClockGet</name>
         <value>0x4fe5</value>
         <object_component_ref idref="oc-327"/>
      </symbol>
      <symbol id="sm-995">
         <name>SysCtlDelay</name>
         <value>0x519f</value>
         <object_component_ref idref="oc-33f"/>
      </symbol>
      <symbol id="sm-996">
         <name>SysCtlPeripheralEnable</name>
         <value>0x4e95</value>
         <object_component_ref idref="oc-cb"/>
      </symbol>
      <symbol id="sm-997">
         <name>SysCtlClockGet</name>
         <value>0x4359</value>
         <object_component_ref idref="oc-ef"/>
      </symbol>
      <symbol id="sm-998">
         <name>SysCtlPWMClockSet</name>
         <value>0x506d</value>
         <object_component_ref idref="oc-370"/>
      </symbol>
      <symbol id="sm-999">
         <name>SysCtlPeripheralReady</name>
         <value>0x4df1</value>
         <object_component_ref idref="oc-d1"/>
      </symbol>
      <symbol id="sm-9f4">
         <name>TimerLoadSet</name>
         <value>0x50a5</value>
         <object_component_ref idref="oc-37c"/>
      </symbol>
      <symbol id="sm-9f5">
         <name>TimerIntRegister</name>
         <value>0x4ffd</value>
         <object_component_ref idref="oc-382"/>
      </symbol>
      <symbol id="sm-9f6">
         <name>TimerEnable</name>
         <value>0x5103</value>
         <object_component_ref idref="oc-38e"/>
      </symbol>
      <symbol id="sm-9f7">
         <name>TimerIntEnable</name>
         <value>0x517d</value>
         <object_component_ref idref="oc-388"/>
      </symbol>
      <symbol id="sm-9f8">
         <name>TimerConfigure</name>
         <value>0x4b89</value>
         <object_component_ref idref="oc-376"/>
      </symbol>
      <symbol id="sm-9f9">
         <name>TimerIntClear</name>
         <value>0x51b7</value>
         <object_component_ref idref="oc-340"/>
      </symbol>
      <symbol id="sm-a06">
         <name>UARTClockSourceSet</name>
         <value>0x51a5</value>
         <object_component_ref idref="oc-26c"/>
      </symbol>
      <symbol id="sm-a18">
         <name>CPUcpsie</name>
         <value>0x512b</value>
         <object_component_ref idref="oc-21b"/>
      </symbol>
      <symbol id="sm-a19">
         <name>CPUcpsid</name>
         <value>0x511f</value>
         <object_component_ref idref="oc-310"/>
      </symbol>
      <symbol id="sm-a1a">
         <name>__TI_static_base__</name>
         <value>0x0</value>
      </symbol>
      <symbol id="sm-a1d">
         <name>__mpu_init</name>
         <value>0x0</value>
      </symbol>
      <symbol id="sm-a1e">
         <name>_system_post_cinit</name>
         <value>0x0</value>
      </symbol>
   </symbol_table>
   <title>Link successful</title>
</link_info>
