******************************************************************************
                  TI ARM Linker Unix v20.2.1                   
******************************************************************************
>> Linked Fri Oct 31 13:59:48 2025

OUTPUT FILE NAME:   <Nema17.out>
ENTRY POINT SYMBOL: "_c_int00_noargs"  address: 00004f4d


MEMORY CONFIGURATION

         name            origin    length      used     unused   attr    fill
----------------------  --------  ---------  --------  --------  ----  --------
  FLASH                 00000000   00040000  00005d3e  0003a2c2  R  X
  SRAM                  20000000   00008000  00005e71  0000218f  RW X


SEGMENT ALLOCATION MAP

run origin  load origin   length   init length attrs members
----------  ----------- ---------- ----------- ----- -------
00000000    00000000    00005d40   00005d40    r-x
  00000000    00000000    0000026c   0000026c    r-- .intvecs
  0000026c    0000026c    0000580a   0000580a    r-x .text
  00005a78    00005a78    00000270   00000270    r-- .const
  00005ce8    00005ce8    00000058   00000058    r-- .cinit
20000000    20000000    000002f0   00000000    rw-
  20000000    20000000    0000026c   00000000    rw- .vtable
  2000026c    2000026c    00000084   00000000    rw- .data
20000400    20000400    00005b88   00000000    rw-
  20000400    20000400    00005981   00000000    rw- .bss
  20005d88    20005d88    00000200   00000000    rw- .stack


SECTION ALLOCATION MAP

 output                                  attributes/
section   page    origin      length       input sections
--------  ----  ----------  ----------   ----------------
.intvecs   0    00000000    0000026c     
                  00000000    0000026c     tm4c123gh6pm_startup_ccs.obj (.intvecs)

.text      0    0000026c    0000580a     
                  0000026c    000009c0     rtsv7M4_T_le_v4SPD16_eabi.lib : e_pow.c.obj (.text:pow)
                  00000c2c    00000328     hello.obj (.text:AS7341_Begin)
                  00000f54    00000328     rtsv7M4_T_le_v4SPD16_eabi.lib : e_exp.c.obj (.text:exp)
                  0000127c    000001ee     uartstdio.obj (.text:UARTvprintf)
                  0000146a    00000002     tm4c123gh6pm_startup_ccs.obj (.text:FaultISR)
                  0000146c    000001ec     ADC_DMA.obj (.text:BurstDMA_Check)
                  00001658    000001e0     AS7341.obj (.text:AS7341_SetI2cRegSMUX)
                  00001838    000001e0     drv8825.obj (.text:NemaInterruptionConfig)
                  00001a18    000001b6     rtsv7M4_T_le_v4SPD16_eabi.lib : fd_add_t2.asm.obj (.text)
                  00001bce    00000002     tm4c123gh6pm_startup_ccs.obj (.text:IntDefaultHandler)
                  00001bd0    0000018c     drv8825.obj (.text:xChangeDirection)
                  00001d5c    0000016c     driverlib.lib : gpio.obj (.text:GPIOPadConfigSet)
                  00001ec8    00000164     tasks.obj (.text:xTaskIncrementTick)
                  0000202c    00000158     rtsv7M4_T_le_v4SPD16_eabi.lib : e_sqrt.c.obj (.text:sqrt)
                  00002184    0000014c     drv8825.obj (.text:TriggerPWMSigmoidFrequency)
                  000022d0    00000148     AS7341.obj (.text:AS7341_SetSMUXMini)
                  00002418    00000144     tasks.obj (.text:xTaskResumeAll)
                  0000255c    00000136     rtsv7M4_T_le_v4SPD16_eabi.lib : fd_div_t2.asm.obj (.text)
                  00002692    00000002     tm4c123gh6pm_startup_ccs.obj (.text:NmiSR)
                  00002694    00000124     queue.obj (.text:xQueueSemaphoreTake)
                  000027b8    00000120     drv8825.obj (.text:NemaConfig)
                  000028d8    00000118     AS7341.obj (.text:AS7341_i2cInit)
                  000029f0    00000118     driverlib.lib : sysctl.obj (.text:SysCtlClockGet)
                  00002b08    00000110     rtsv7M4_T_le_v4SPD16_eabi.lib : s_scalbn.c.obj (.text:scalbn)
                  00002c18    000000fc                                   : fd_mul_t2.asm.obj (.text)
                  00002d14    000000fc     tasks.obj (.text:vTaskGenericNotifyGiveFromISR)
                  00002e10    000000f4     queue.obj (.text:xQueueReceive)
                  00002f04    000000f0     timers.obj (.text:prvProcessReceivedCommands)
                  00002ff4    000000e8     tasks.obj (.text:xTaskRemoveFromEventList)
                  000030dc    000000e4     rtos_hw_drivers.obj (.text:PinoutSet)
                  000031c0    000000e0     tasks.obj (.text:prvAddNewTaskToReadyList)
                  000032a0    000000da     portasm.obj (.text)
                  0000337a    00000002     rtsv7M4_T_le_v4SPD16_eabi.lib : div0.asm.obj (.text)
                  0000337c    000000d4     drv8825.obj (.text:GPIOPortE_Handler)
                  00003450    000000d0     SpecResult.obj (.text:UART5_Init)
                  00003520    000000c0     heap_2.obj (.text:pvPortMalloc)
                  000035e0    000000c0     tasks.obj (.text:vTaskDelete)
                  000036a0    000000c0     tasks.obj (.text:xTaskPriorityInherit)
                  00003760    000000bc     drv8825.obj (.text:xTrackInterfMov)
                  0000381c    000000b0     tasks.obj (.text:prvAddCurrentTaskToDelayedList)
                  000038cc    000000a8     tasks.obj (.text:vTaskPriorityDisinheritAfterTimeout)
                  00003974    0000009c     rtsv7M4_T_le_v4SPD16_eabi.lib : memcpy_t2.asm.obj (.text)
                  00003a10    0000009c     queue.obj (.text:xQueueGenericReset)
                  00003aac    0000008c     tasks.obj (.text:vTaskSwitchContext)
                  00003b38    00000086     rtsv7M4_T_le_v4SPD16_eabi.lib : fd_cmp_t2.asm.obj (.text:__aeabi_cdcmple)
                  00003bbe    00000086                                   : fd_cmp_t2.asm.obj (.text:__aeabi_cdrcmple)
                  00003c44    00000084     tasks.obj (.text:prvInitialiseNewTask)
                  00003cc8    0000007a     rtsv7M4_T_le_v4SPD16_eabi.lib : memset_t2.asm.obj (.text)
                  00003d42    00000002     hello.obj (.text:vApplicationIdleHook)
                  00003d44    00000078     drv8825.obj (.text:PWM_SetDutyCycle)
                  00003dbc    00000078     tasks.obj (.text:ulTaskGenericNotifyTake)
                  00003e34    00000076     SpecResult.obj (.text:UART5_SendDataPacket)
                  00003eaa    00000074     AS7341.obj (.text:AS7341_SetSMUX)
                  00003f1e    00000002     --HOLE-- [fill = 0]
                  00003f20    00000074     hello.obj (.text:main)
                  00003f94    00000070     timers.obj (.text:prvProcessTimerOrBlockTask)
                  00004004    0000006e     rtsv7M4_T_le_v4SPD16_eabi.lib : fd_tos_t2.asm.obj (.text)
                  00004072    00000002     --HOLE-- [fill = 0]
                  00004074    0000006c     tasks.obj (.text:vTaskStartScheduler)
                  000040e0    00000068     AS7341.obj (.text:AS7341_AnalogAproxConfig)
                  00004148    00000068     driverlib.lib : interrupt.obj (.text:IntDisable)
                  000041b0    00000068                   : interrupt.obj (.text:IntEnable)
                  00004218    00000068     rtsv7M4_T_le_v4SPD16_eabi.lib : copy_decompress_lzss.c.obj (.text:decompress:lzss:__TI_decompress_lzss)
                  00004280    00000066     tasks.obj (.text:xTaskCreate)
                  000042e6    00000002     --HOLE-- [fill = 0]
                  000042e8    00000064     hello.obj (.text:prvConfigureUART)
                  0000434c    00000060     uartstdio.obj (.text:UARTStdioConfig)
                  000043ac    00000060     tasks.obj (.text:prvInitialiseTaskLists)
                  0000440c    00000060     drv8825.obj (.text:sigmoid)
                  0000446c    0000005e     queue.obj (.text:prvUnlockQueue)
                  000044ca    0000005e     queue.obj (.text:xQueueGiveFromISR)
                  00004528    0000005c     timers.obj (.text:prvCheckForValidListAndQueue)
                  00004584    00000058     AS7341.obj (.text:AS7341_read)
                  000045dc    00000058     driverlib.lib : gpio.obj (.text:GPIOIntTypeSet)
                  00004634    00000058     tasks.obj (.text:xTaskCheckForTimeOut)
                  0000468c    00000054     heap_2.obj (.text:vPortFree)
                  000046e0    00000050     AS7341.obj (.text:AS7341_BankAcessSet)
                  00004730    00000050     uartstdio.obj (.text:UARTwrite)
                  00004780    0000004c     AS7341.obj (.text:AS7341_write)
                  000047cc    0000004c     driverlib.lib : gpio.obj (.text:GPIOPinConfigure)
                  00004818    0000004c                   : i2c.obj (.text:I2CMasterInitExpClk)
                  00004864    00000048     rtsv7M4_T_le_v4SPD16_eabi.lib : fd_toi_t2.asm.obj (.text)
                  000048ac    00000048     driverlib.lib : udma.obj (.text:uDMAChannelAttributeDisable)
                  000048f4    00000048     queue.obj (.text:vQueueWaitForMessageRestricted)
                  0000493c    00000046     AS7341.obj (.text:AS7341_PowerOn)
                  00004982    00000046     driverlib.lib : uart.obj (.text:UARTConfigSetExpClk)
                  000049c8    00000044     SpecResult.obj (.text:UART5IntHandler)
                  00004a0c    00000044     rtsv7M4_T_le_v4SPD16_eabi.lib : autoinit.c.obj (.text:__TI_auto_init_nobinit_nopinit:__TI_auto_init_nobinit_nopinit)
                  00004a50    00000044     tasks.obj (.text:prvCheckTasksWaitingTermination)
                  00004a94    00000044     timers.obj (.text:prvInsertTimerInActiveList)
                  00004ad8    00000044     driverlib.lib : udma.obj (.text:uDMAChannelAttributeEnable)
                  00004b1c    00000042     queue.obj (.text:xQueueGenericCreate)
                  00004b5e    00000002     --HOLE-- [fill = 0]
                  00004b60    00000040     timers.obj (.text:prvProcessExpiredTimer)
                  00004ba0    00000040     rtsv7M4_T_le_v4SPD16_eabi.lib : u_divt2.asm.obj (.text)
                  00004be0    00000040     queue.obj (.text:vQueueAddToRegistry)
                  00004c20    00000040     tasks.obj (.text:vTaskPlaceOnEventListRestricted)
                  00004c60    00000040     port.obj (.text:xPortStartScheduler)
                  00004ca0    00000040     timers.obj (.text:xTimerCreateTimerTask)
                  00004ce0    0000003c     AS7341.obj (.text:AS7341_GetIntegrationTimeADC)
                  00004d1c    0000003c     AS7341.obj (.text:PortDIntHanlder)
                  00004d58    0000003a     AS7341.obj (.text:AS7341_DevivceConfig)
                  00004d92    00000002     --HOLE-- [fill = 0]
                  00004d94    00000038     AS7341.obj (.text:I2C1_IntHandler)
                  00004dcc    00000038     AS7341.obj (.text:I2C2_IntHandler)
                  00004e04    00000038     driverlib.lib : sysctl.obj (.text:SysCtlPeripheralReady)
                  00004e3c    00000038     rtsv7M4_T_le_v4SPD16_eabi.lib : fs_tod_t2.asm.obj (.text)
                  00004e74    00000038     ADC_DMA.obj (.text:uDMAErrIntHandler)
                  00004eac    00000038     list.obj (.text:vListInsert)
                  00004ee4    00000034     driverlib.lib : interrupt.obj (.text:IntRegister)
                  00004f18    00000034                   : sysctl.obj (.text:SysCtlPeripheralEnable)
                  00004f4c    00000034     rtsv7M4_T_le_v4SPD16_eabi.lib : boot_cortex_m.c.obj (.text:_c_int00_noargs:_c_int00_noargs)
                  00004f80    00000030     AS7341.obj (.text:AS7341_PerformanceDbgInit)
                  00004fb0    00000030     SpecResult.obj (.text:UART5_DbgInit)
                  00004fe0    00000030     heap_2.obj (.text:prvHeapInit)
                  00005010    00000030     tasks.obj (.text:vTaskDelay)
                  00005040    0000002e     rtsv7M4_T_le_v4SPD16_eabi.lib : i_tofd_t2.asm.obj (.text)
                  0000506e    0000002c     AS7341.obj (.text:AS7341_DeviceStatus)
                  0000509a    0000002c     AS7341.obj (.text:AS7341_GetStepADC)
                  000050c6    0000002c     driverlib.lib : gpio.obj (.text:GPIODirModeSet)
                  000050f2    00000002     --HOLE-- [fill = 0]
                  000050f4    0000002c     timers.obj (.text:prvSwitchTimerLists)
                  00005120    0000002c     port.obj (.text:pxPortInitialiseStack)
                  0000514c    0000002c     driverlib.lib : udma.obj (.text:uDMAChannelAssign)
                  00005178    0000002c     hello.obj (.text:vApplicationStackOverflowHook)
                  000051a4    0000002c     port.obj (.text:xPortSysTickHandler)
                  000051d0    0000002a     AS7341.obj (.text:AS7341_DisableSpecMen)
                  000051fa    0000002a     AS7341.obj (.text:AS7341_EnableSpecMen)
                  00005224    0000002a     AS7341.obj (.text:AS7341_SMUXEnable)
                  0000524e    0000002a     timers.obj (.text:prvReloadTimer)
                  00005278    00000028     timers.obj (.text:prvSampleTimeNow)
                  000052a0    00000028     driverlib.lib : udma.obj (.text:uDMAChannelModeGet)
                  000052c8    00000026     AS7341.obj (.text:AS7341_SetStepADC)
                  000052ee    00000026     queue.obj (.text:prvCopyDataFromQueue)
                  00005314    00000024     AS7341.obj (.text:AS7341_BufferConfig)
                  00005338    00000024     driverlib.lib : interrupt.obj (.text:IntPrioritySet)
                  0000535c    00000024     queue.obj (.text:prvInitialiseNewQueue)
                  00005380    00000024     tasks.obj (.text:prvResetNextTaskUnblockTime)
                  000053a4    00000024     hello.obj (.text:prvSetupHardware)
                  000053c8    00000024     driverlib.lib : udma.obj (.text:uDMAChannelControlSet)
                  000053ec    00000022     AS7341.obj (.text:AS7341_Boot)
                  0000540e    00000022     driverlib.lib : pwm.obj (.text:PWMGenConfigure)
                  00005430    00000022     list.obj (.text:uxListRemove)
                  00005452    00000002     --HOLE-- [fill = 0]
                  00005454    00000020     driverlib.lib : uart.obj (.text:UARTDisable)
                  00005474    00000020     timers.obj (.text:prvGetNextExpireTime)
                  00005494    00000020     driverlib.lib : udma.obj (.text:uDMAChannelIsEnabled)
                  000054b4    0000001e     AS7341.obj (.text:AS7341_SetAcessAndRead)
                  000054d2    0000001e     AS7341.obj (.text:AS7341_SetAcessAndWrite)
                  000054f0    0000001e     driverlib.lib : pwm.obj (.text:PWMPulseWidthSet)
                  0000550e    0000001c     AS7341.obj (.text:AS7341_WriteI2cReg2SMUX_Sel)
                  0000552a    00000002     --HOLE-- [fill = 0]
                  0000552c    0000001c     ADC_DMA.obj (.text:uDMAIntHandler)
                  00005548    0000001c     port.obj (.text:vPortEnterCritical)
                  00005564    0000001c     port.obj (.text:vPortSetupTimerInterrupt)
                  00005580    0000001c     tasks.obj (.text:vTaskPlaceOnEventList)
                  0000559c    0000001c     drv8825.obj (.text:xDebaunceKey)
                  000055b8    0000001a     AS7341.obj (.text:AS7341_GetGainADC)
                  000055d2    0000001a     driverlib.lib : gpio.obj (.text:GPIOPinTypeGPIOOutput)
                  000055ec    0000001a     uartstdio.obj (.text:UARTprintf)
                  00005606    0000001a     rtsv7M4_T_le_v4SPD16_eabi.lib : s_copysign.c.obj (.text:copysign)
                  00005620    0000001a     queue.obj (.text:prvIsQueueEmpty)
                  0000563a    00000018     AS7341.obj (.text:AS7341_SetGainADC)
                  00005652    00000002     --HOLE-- [fill = 0]
                  00005654    00000018     driverlib.lib : gpio.obj (.text:GPIOUnlockPin)
                  0000566c    00000018     AS7341.obj (.text:WaitACK)
                  00005684    00000018     tasks.obj (.text:pvTaskIncrementMutexHeldCount)
                  0000569c    00000018     list.obj (.text:vListInsertEnd)
                  000056b4    00000018     port.obj (.text:vPortExitCritical)
                  000056cc    00000018     tasks.obj (.text:vTaskInternalSetTimeOutState)
                  000056e4    00000016     AS7341.obj (.text:AS7341_SetTimeADC)
                  000056fa    00000016     AS7341.obj (.text:AS7341_SetWtimeADC)
                  00005710    00000016     driverlib.lib : gpio.obj (.text:GPIOPinTypeGPIOInput)
                  00005726    00000016                   : gpio.obj (.text:GPIOPinTypeI2C)
                  0000573c    00000016                   : gpio.obj (.text:GPIOPinTypeI2CSCL)
                  00005752    00000016                   : gpio.obj (.text:GPIOPinTypePWM)
                  00005768    00000016                   : gpio.obj (.text:GPIOPinTypeUART)
                  0000577e    00000016     queue.obj (.text:prvGetDisinheritPriorityAfterTimeout)
                  00005794    00000016     list.obj (.text:vListInitialise)
                  000057aa    00000002     --HOLE-- [fill = 0]
                  000057ac    00000014     driverlib.lib : sysctl.obj (.text:SysCtlPWMClockSet)
                  000057c0    00000014                   : uart.obj (.text:UARTEnable)
                  000057d4    00000014     tasks.obj (.text:prvTaskCheckFreeStackSpace)
                  000057e8    00000014     timers.obj (.text:prvTimerTask)
                  000057fc    00000012     hello.obj (.text:NemaTaskCreation)
                  0000580e    00000012     driverlib.lib : pwm.obj (.text:PWMGenPeriodGet)
                  00005820    00000012                   : pwm.obj (.text:PWMOutputState)
                  00005832    00000012     tasks.obj (.text:prvDeleteTCB)
                  00005844    00000010     AS7341.obj (.text:AS7341_GetTimeADC)
                  00005854    00000010     AS7341.obj (.text:AS7341_PerformanceDbgClr)
                  00005864    00000010     AS7341.obj (.text:AS7341_PerformanceDbgSet)
                  00005874    00000010     driverlib.lib : interrupt.obj (.text:IntMasterDisable)
                  00005884    00000010                   : interrupt.obj (.text:IntMasterEnable)
                  00005894    00000010     drv8825.obj (.text:NemaDisable)
                  000058a4    00000010     driverlib.lib : pwm.obj (.text:PWMGenPeriodSet)
                  000058b4    00000010     SpecResult.obj (.text:UART5_DbgRst)
                  000058c4    00000010     port.obj (.text:prvTaskExitError)
                  000058d4    00000010     driverlib.lib : udma.obj (.text:uDMAEnable)
                  000058e4    00000010     tasks.obj (.text:uxTaskGetStackHighWaterMark)
                  000058f4    00000010     tasks.obj (.text:vTaskSuspendAll)
                  00005904    0000000e     driverlib.lib : gpio.obj (.text:GPIOIntDisable)
                  00005912    0000000e                   : gpio.obj (.text:GPIOIntStatus)
                  00005920    0000000e                   : uart.obj (.text:UARTCharPutNonBlocking)
                  0000592e    0000000e     rtsv7M4_T_le_v4SPD16_eabi.lib : copy_decompress_none.c.obj (.text:decompress:none:__TI_decompress_none)
                  0000593c    0000000c     driverlib.lib : cpu.obj (.text:CPUcpsid)
                  00005948    0000000c                   : cpu.obj (.text:CPUcpsie)
                  00005954    0000000c                   : gpio.obj (.text:GPIOIntEnable)
                  00005960    0000000c                   : pwm.obj (.text:PWMGenEnable)
                  0000596c    0000000c     SpecResult.obj (.text:UART5_SendByte)
                  00005978    0000000c     rtsv7M4_T_le_v4SPD16_eabi.lib : copy_zero_init.c.obj (.text:decompress:ZI:__TI_zero_init)
                  00005984    0000000c     tasks.obj (.text:prvIdleTask)
                  00005990    0000000c     driverlib.lib : udma.obj (.text:uDMAControlBaseSet)
                  0000599c    0000000c                   : udma.obj (.text:uDMAErrorStatusClear)
                  000059a8    0000000c                   : udma.obj (.text:uDMAErrorStatusGet)
                  000059b4    0000000c                   : udma.obj (.text:uDMAIntClear)
                  000059c0    0000000c     tasks.obj (.text:uxTaskGetNumberOfTasks)
                  000059cc    0000000c     tasks.obj (.text:vTaskMissedYield)
                  000059d8    0000000c     tasks.obj (.text:xTaskGetTickCount)
                  000059e4    0000000a     driverlib.lib : i2c.obj (.text:I2CMasterEnable)
                  000059ee    0000000a                   : uart.obj (.text:UARTFIFOEnable)
                  000059f8    0000000a                   : uart.obj (.text:UARTIntStatus)
                  00005a02    00000008                   : i2c.obj (.text:I2CMasterIntClear)
                  00005a0a    00000008                   : i2c.obj (.text:I2CMasterIntEnableEx)
                  00005a12    00000008                   : i2c.obj (.text:I2CMasterSlaveAddrSet)
                  00005a1a    00000008                   : uart.obj (.text:UARTDMAEnable)
                  00005a22    00000008                   : uart.obj (.text:UARTIntEnable)
                  00005a2a    00000002     --HOLE-- [fill = 0]
                  00005a2c    00000008     rtsv7M4_T_le_v4SPD16_eabi.lib : errno.c.obj (.text:__aeabi_errno_addr)
                  00005a34    00000006     driverlib.lib : gpio.obj (.text:GPIOIntClear)
                  00005a3a    00000006                   : gpio.obj (.text:GPIOPinRead)
                  00005a40    00000006                   : gpio.obj (.text:GPIOPinWrite)
                  00005a46    00000006     tm4c123gh6pm_startup_ccs.obj (.text:ResetISR)
                  00005a4c    00000006     driverlib.lib : sysctl.obj (.text:SysCtlDelay)
                  00005a52    00000006                   : uart.obj (.text:UARTClockSourceSet)
                  00005a58    00000006     list.obj (.text:vListInitialiseItem)
                  00005a5e    00000004     driverlib.lib : i2c.obj (.text:I2CMasterControl)
                  00005a62    00000004                   : i2c.obj (.text:I2CMasterDataGet)
                  00005a66    00000004                   : i2c.obj (.text:I2CMasterDataPut)
                  00005a6a    00000004                   : uart.obj (.text:UARTIntClear)
                  00005a6e    00000004     rtsv7M4_T_le_v4SPD16_eabi.lib : pre_init.c.obj (.text:_system_pre_init)
                  00005a72    00000004                                   : exit.c.obj (.text:abort:abort)

.const     0    00005a78    00000270     
                  00005a78    0000009c     driverlib.lib : interrupt.obj (.const:g_pui32Regs)
                  00005b14    00000090                   : gpio.obj (.const:g_pui32GPIOBaseAddrs)
                  00005ba4    0000006c                   : sysctl.obj (.const:g_pui32Xtals)
                  00005c10    00000030     rtsv7M4_T_le_v4SPD16_eabi.lib : e_exp.c.obj (.const:$O1$$)
                  00005c40    00000030                                   : e_pow.c.obj (.const:$O1$$)
                  00005c70    00000018     ADC_DMA.obj (.const:.string:$P$T1$2)
                  00005c88    00000014     driverlib.lib : interrupt.obj (.const:g_pui32Dii16Regs)
                  00005c9c    00000014                   : interrupt.obj (.const:g_pui32EnRegs)
                  00005cb0    0000000c     drv8825.obj (.const:.string:$P$T0$1)
                  00005cbc    0000000c     hello.obj (.const:.string:$P$T2$1)
                  00005cc8    0000000c     uartstdio.obj (.const:g_ui32UARTBase)
                  00005cd4    0000000c     uartstdio.obj (.const:g_ui32UARTPeriph)
                  00005ce0    00000004     port.obj (.const)
                  00005ce4    00000004     tasks.obj (.const)

.cinit     0    00005ce8    00000058     
                  00005ce8    00000023     (.cinit..data.load) [load image, compression = lzss]
                  00005d0b    00000001     --HOLE-- [fill = 0]
                  00005d0c    0000000c     (__TI_handler_table)
                  00005d18    00000008     (.cinit..bss.load) [load image, compression = zero_init]
                  00005d20    00000008     (.cinit..vtable.load) [load image, compression = zero_init]
                  00005d28    00000018     (__TI_cinit_table)

.init_array 
*          0    00000000    00000000     UNINITIALIZED

.vtable    0    20000000    0000026c     UNINITIALIZED
                  20000000    0000026c     driverlib.lib : interrupt.obj (.vtable)

.data      0    2000026c    00000084     UNINITIALIZED
                  2000026c    00000034     tasks.obj (.data)
                  200002a0    00000010     ADC_DMA.obj (.data)
                  200002b0    0000000c     drv8825.obj (.data)
                  200002bc    0000000c     timers.obj (.data)
                  200002c8    00000008     AS7341.obj (.data)
                  200002d0    00000008     heap_2.obj (.data)
                  200002d8    00000005     uartstdio.obj (.data)
                  200002dd    00000003     --HOLE--
                  200002e0    00000004     SpecResult.obj (.data)
                  200002e4    00000004     hello.obj (.data)
                  200002e8    00000004     port.obj (.data)
                  200002ec    00000004     rtsv7M4_T_le_v4SPD16_eabi.lib : errno.c.obj (.data)

.bss       0    20000400    00005981     UNINITIALIZED
                  20000400    00004f10     heap_2.obj (.bss:ucHeap)
                  20005310    00000050     (.common:xQueueRegistry)
                  20005360    00000014     timers.obj (.bss:xActiveTimerList1)
                  20005374    00000014     timers.obj (.bss:xActiveTimerList2)
                  20005388    00000014     tasks.obj (.bss:xDelayedTaskList1)
                  2000539c    00000014     tasks.obj (.bss:xDelayedTaskList2)
                  200053b0    00000014     tasks.obj (.bss:xPendingReadyList)
                  200053c4    00000014     tasks.obj (.bss:xSuspendedTaskList)
                  200053d8    00000014     tasks.obj (.bss:xTasksWaitingTermination)
                  200053ec    00000010     (.common:LinearMov_Mngr)
                  200053fc    00000004     (.common:AS7341_Semphr)
                  20005400    00000400     (.common:pui8ControlTable)
                  20005800    00000400     (.common:pui8ControlTableUART)
                  20005c00    00000140     tasks.obj (.bss:pxReadyTasksLists)
                  20005d40    00000010     (.common:StepCount)
                  20005d50    00000008     tasks.obj (.bss)
                  20005d58    00000008     timers.obj (.bss)
                  20005d60    00000008     heap_2.obj (.bss:xEnd)
                  20005d68    00000008     heap_2.obj (.bss:xStart)
                  20005d70    00000004     (.common:ChangeDirStatus)
                  20005d74    00000004     (.common:Gain)
                  20005d78    00000004     (.common:I2C1_Semphr)
                  20005d7c    00000004     (.common:IntTime)
                  20005d80    00000001     (.common:AS7341_pooling)

.stack     0    20005d88    00000200     UNINITIALIZED
                  20005d88    00000004     rtsv7M4_T_le_v4SPD16_eabi.lib : boot_cortex_m.c.obj (.stack)
                  20005d8c    000001fc     --HOLE--

__llvm_prf_cnts 
*          0    20000000    00000000     UNINITIALIZED

MODULE SUMMARY

       Module                         code    ro data   rw data
       ------                         ----    -------   -------
    ./
       hello.obj                      1124    12        2061   
       tm4c123gh6pm_startup_ccs.obj   12      620       0      
    +--+------------------------------+-------+---------+---------+
       Total:                         1136    632       2061   
                                                               
    ./FreeRTOS/Source/
       tasks.obj                      3312    4         480    
       queue.obj                      1204    0         80     
       timers.obj                     818     0         60     
       list.obj                       142     0         0      
    +--+------------------------------+-------+---------+---------+
       Total:                         5476    4         620    
                                                               
    ./FreeRTOS/Source/portable/CCS/ARM_CM4F/
       port.obj                       248     4         4      
       portasm.obj                    218     0         0      
    +--+------------------------------+-------+---------+---------+
       Total:                         466     4         4      
                                                               
    ./FreeRTOS/Source/portable/MemMang/
       heap_2.obj                     324     0         20264  
    +--+------------------------------+-------+---------+---------+
       Total:                         324     0         20264  
                                                               
    ./SpecLibs/ADC_DMA_BurstMode/
       ADC_DMA.obj                    576     24        16     
    +--+------------------------------+-------+---------+---------+
       Total:                         576     24        16     
                                                               
    ./SpecLibs/AS7341/
       AS7341.obj                     2536    0         16     
    +--+------------------------------+-------+---------+---------+
       Total:                         2536    0         16     
                                                               
    ./SpecLibs/DRV8825/
       drv8825.obj                    2156    12        48     
    +--+------------------------------+-------+---------+---------+
       Total:                         2156    12        48     
                                                               
    ./SpecLibs/SpecResult/
       SpecResult.obj                 470     0         4      
    +--+------------------------------+-------+---------+---------+
       Total:                         470     0         4      
                                                               
    ./drivers/
       rtos_hw_drivers.obj            228     0         0      
    +--+------------------------------+-------+---------+---------+
       Total:                         228     0         0      
                                                               
    ./utils/
       uartstdio.obj                  696     24        5      
    +--+------------------------------+-------+---------+---------+
       Total:                         696     24        5      
                                                               
    /home/jao/curso/ufsm/Mestrado/Dissertacao/Pototip_DeVereda/ProjetoPrototipo/Tiva/EK-TM4C/driverlib/ccs/Debug/driverlib.lib
       interrupt.obj                  328     196       620    
       gpio.obj                       790     144       0      
       sysctl.obj                     414     108       0      
       udma.obj                       356     0         0      
       uart.obj                       182     0         0      
       pwm.obj                        128     0         0      
       i2c.obj                        122     0         0      
       cpu.obj                        24      0         0      
    +--+------------------------------+-------+---------+---------+
       Total:                         2344    448       620    
                                                               
    /home/jao/ti/ccs1271/ccs/tools/compiler/ti-cgt-arm_20.2.1.LTS/lib/rtsv7M4_T_le_v4SPD16_eabi.lib
       e_pow.c.obj                    2496    48        0      
       e_exp.c.obj                    808     48        0      
       fd_add_t2.asm.obj              438     0         0      
       e_sqrt.c.obj                   344     0         0      
       fd_div_t2.asm.obj              310     0         0      
       s_scalbn.c.obj                 272     0         0      
       fd_cmp_t2.asm.obj              268     0         0      
       fd_mul_t2.asm.obj              252     0         0      
       memcpy_t2.asm.obj              156     0         0      
       memset_t2.asm.obj              122     0         0      
       fd_tos_t2.asm.obj              110     0         0      
       copy_decompress_lzss.c.obj     104     0         0      
       fd_toi_t2.asm.obj              72      0         0      
       autoinit.c.obj                 68      0         0      
       u_divt2.asm.obj                64      0         0      
       fs_tod_t2.asm.obj              56      0         0      
       boot_cortex_m.c.obj            52      0         0      
       i_tofd_t2.asm.obj              46      0         0      
       s_copysign.c.obj               26      0         0      
       copy_decompress_none.c.obj     14      0         0      
       copy_zero_init.c.obj           12      0         0      
       errno.c.obj                    8       0         4      
       exit.c.obj                     4       0         0      
       pre_init.c.obj                 4       0         0      
       div0.asm.obj                   2       0         0      
    +--+------------------------------+-------+---------+---------+
       Total:                         6108    96        4      
                                                               
       Stack:                         0       0         512    
       Linker Generated:              0       87        0      
    +--+------------------------------+-------+---------+---------+
       Grand Total:                   22516   1331      24174  


LINKER GENERATED COPY TABLES

__TI_cinit_table @ 00005d28 records: 3, size/record: 8, table size: 24
	.data: load addr=00005ce8, load size=00000023 bytes, run addr=2000026c, run size=00000084 bytes, compression=lzss
	.bss: load addr=00005d18, load size=00000008 bytes, run addr=20000400, run size=00005981 bytes, compression=zero_init
	.vtable: load addr=00005d20, load size=00000008 bytes, run addr=20000000, run size=0000026c bytes, compression=zero_init


LINKER GENERATED HANDLER TABLE

__TI_handler_table @ 00005d0c records: 3, size/record: 4, table size: 12
	index: 0, handler: __TI_zero_init
	index: 1, handler: __TI_decompress_lzss
	index: 2, handler: __TI_decompress_none


GLOBAL SYMBOLS: SORTED ALPHABETICALLY BY Name 

address   name                               
-------   ----                               
200002a8  ADC_result                         
000040e1  AS7341_AnalogAproxConfig           
000046e1  AS7341_BankAcessSet                
00000c2d  AS7341_Begin                       
000053ed  AS7341_Boot                        
00005315  AS7341_BufferConfig                
0000506f  AS7341_DeviceStatus                
00004d59  AS7341_DevivceConfig               
000051d1  AS7341_DisableSpecMen              
000051fb  AS7341_EnableSpecMen               
000055b9  AS7341_GetGainADC                  
00004ce1  AS7341_GetIntegrationTimeADC       
0000509b  AS7341_GetStepADC                  
00005845  AS7341_GetTimeADC                  
200002e4  AS7341_Handle                      
00005855  AS7341_PerformanceDbgClr           
00004f81  AS7341_PerformanceDbgInit          
00005865  AS7341_PerformanceDbgSet           
0000493d  AS7341_PowerOn                     
00005225  AS7341_SMUXEnable                  
200053fc  AS7341_Semphr                      
000054b5  AS7341_SetAcessAndRead             
000054d3  AS7341_SetAcessAndWrite            
0000563b  AS7341_SetGainADC                  
00001659  AS7341_SetI2cRegSMUX               
00003eab  AS7341_SetSMUX                     
000022d1  AS7341_SetSMUXMini                 
000052c9  AS7341_SetStepADC                  
000056e5  AS7341_SetTimeADC                  
000056fb  AS7341_SetWtimeADC                 
0000550f  AS7341_WriteI2cReg2SMUX_Sel        
000028d9  AS7341_i2cInit                     
20005d80  AS7341_pooling                     
00004585  AS7341_read                        
00004781  AS7341_write                       
200002c8  BankAcessControlValue              
200002c9  BankAcessSet                       
0000146d  BurstDMA_Check                     
00005a73  C$$EXIT                            
0000593d  CPUcpsid                           
00005949  CPUcpsie                           
20005d70  ChangeDirStatus                    
000050c7  GPIODirModeSet                     
00005a35  GPIOIntClear                       
00005905  GPIOIntDisable                     
00005955  GPIOIntEnable                      
00005913  GPIOIntStatus                      
000045dd  GPIOIntTypeSet                     
00001d5d  GPIOPadConfigSet                   
000047cd  GPIOPinConfigure                   
00005a3b  GPIOPinRead                        
00005711  GPIOPinTypeGPIOInput               
000055d3  GPIOPinTypeGPIOOutput              
00005727  GPIOPinTypeI2C                     
0000573d  GPIOPinTypeI2CSCL                  
00005753  GPIOPinTypePWM                     
00005769  GPIOPinTypeUART                    
00005a41  GPIOPinWrite                       
0000337d  GPIOPortE_Handler                  
00005655  GPIOUnlockPin                      
20005d74  Gain                               
00004d95  I2C1_IntHandler                    
20005d78  I2C1_Semphr                        
00004dcd  I2C2_IntHandler                    
00005a5f  I2CMasterControl                   
00005a63  I2CMasterDataGet                   
00005a67  I2CMasterDataPut                   
000059e5  I2CMasterEnable                    
00004819  I2CMasterInitExpClk                
00005a03  I2CMasterIntClear                  
00005a0b  I2CMasterIntEnableEx               
00005a13  I2CMasterSlaveAddrSet              
00004149  IntDisable                         
000041b1  IntEnable                          
00005875  IntMasterDisable                   
00005885  IntMasterEnable                    
00005339  IntPrioritySet                     
00004ee5  IntRegister                        
20005d7c  IntTime                            
200053ec  LinearMov_Mngr                     
000027b9  NemaConfig                         
00005895  NemaDisable                        
00001839  NemaInterruptionConfig             
000057fd  NemaTaskCreation                   
0000540f  PWMGenConfigure                    
00005961  PWMGenEnable                       
0000580f  PWMGenPeriodGet                    
000058a5  PWMGenPeriodSet                    
00005821  PWMOutputState                     
000054f1  PWMPulseWidthSet                   
00003d45  PWM_SetDutyCycle                   
000030dd  PinoutSet                          
00004d1d  PortDIntHanlder                    
00005a47  ResetISR                           
20005d40  StepCount                          
000029f1  SysCtlClockGet                     
00005a4d  SysCtlDelay                        
000057ad  SysCtlPWMClockSet                  
00004f19  SysCtlPeripheralEnable             
00004e05  SysCtlPeripheralReady              
00002185  TriggerPWMSigmoidFrequency         
000049c9  UART5IntHandler                    
00004fb1  UART5_DbgInit                      
000058b5  UART5_DbgRst                       
00003451  UART5_Init                         
0000596d  UART5_SendByte                     
00003e35  UART5_SendDataPacket               
00005921  UARTCharPutNonBlocking             
00005a53  UARTClockSourceSet                 
00004983  UARTConfigSetExpClk                
00005a1b  UARTDMAEnable                      
00005455  UARTDisable                        
000057c1  UARTEnable                         
000059ef  UARTFIFOEnable                     
00005a6b  UARTIntClear                       
00005a23  UARTIntEnable                      
000059f9  UARTIntStatus                      
0000434d  UARTStdioConfig                    
200002ac  UART_Tx                            
000055ed  UARTprintf                         
0000127d  UARTvprintf                        
00004731  UARTwrite                          
0000566d  WaitACK                            
20005f88  __STACK_END                        
00000200  __STACK_SIZE                       
20005f88  __STACK_TOP                        
00005d28  __TI_CINIT_Base                    
00005d40  __TI_CINIT_Limit                   
00005d0c  __TI_Handler_Table_Base            
00005d18  __TI_Handler_Table_Limit           
00004a0d  __TI_auto_init_nobinit_nopinit     
00004219  __TI_decompress_lzss               
0000592f  __TI_decompress_none               
ffffffff  __TI_pprof_out_hndl                
ffffffff  __TI_prof_data_size                
ffffffff  __TI_prof_data_start               
00000000  __TI_static_base__                 
00005979  __TI_zero_init                     
00003b39  __aeabi_cdcmpeq                    
00003b39  __aeabi_cdcmple                    
00003bbf  __aeabi_cdrcmple                   
00004005  __aeabi_d2f                        
00004865  __aeabi_d2iz                       
00001a23  __aeabi_dadd                       
0000255d  __aeabi_ddiv                       
00002c19  __aeabi_dmul                       
00001a19  __aeabi_dsub                       
00005a2d  __aeabi_errno_addr                 
00004e3d  __aeabi_f2d                        
00005041  __aeabi_i2d                        
0000337b  __aeabi_idiv0                      
0000337b  __aeabi_ldiv0                      
00003cc9  __aeabi_memclr                     
00003cc9  __aeabi_memclr4                    
00003cc9  __aeabi_memclr8                    
00003975  __aeabi_memcpy                     
00003975  __aeabi_memcpy4                    
00003975  __aeabi_memcpy8                    
00003ccb  __aeabi_memset                     
00003ccb  __aeabi_memset4                    
00003ccb  __aeabi_memset8                    
00004ba1  __aeabi_uidiv                      
00004ba1  __aeabi_uidivmod                   
ffffffff  __binit__                          
ffffffff  __c_args__                         
UNDEFED   __mpu_init                         
20005d88  __stack                            
20000000  __start___llvm_prf_cnts            
20000000  __stop___llvm_prf_cnts             
00004f4d  _c_int00_noargs                    
UNDEFED   _system_post_cinit                 
00005a6f  _system_pre_init                   
00005a73  abort                              
200002a0  adc_count                          
ffffffff  binit                              
00005607  copysign                           
00005607  copysignl                          
200002a4  dma_count                          
200002ec  errno                              
00000f55  exp                                
00000f55  expl                               
20000000  g_pfnRAMVectors                    
00000000  g_pfnVectors                       
00002b09  ldexp                              
00002b09  ldexpl                             
00003f21  main                               
00003975  memcpy                             
00003cd1  memset                             
0000026d  pow                                
0000026d  powl                               
20005400  pui8ControlTable                   
20005800  pui8ControlTableUART               
00003521  pvPortMalloc                       
00005685  pvTaskIncrementMutexHeldCount      
2000026c  pxCurrentTCB                       
00005121  pxPortInitialiseStack              
00002b09  scalbn                             
00002b09  scalbnl                            
0000440d  sigmoid                            
0000202d  sqrt                               
0000202d  sqrtl                              
0000514d  uDMAChannelAssign                  
000048ad  uDMAChannelAttributeDisable        
00004ad9  uDMAChannelAttributeEnable         
000053c9  uDMAChannelControlSet              
00005495  uDMAChannelIsEnabled               
000052a1  uDMAChannelModeGet                 
00005991  uDMAControlBaseSet                 
000058d5  uDMAEnable                         
00004e75  uDMAErrIntHandler                  
0000599d  uDMAErrorStatusClear               
000059a9  uDMAErrorStatusGet                 
000059b5  uDMAIntClear                       
0000552d  uDMAIntHandler                     
200002e0  uart_count                         
00005ce0  ulMaxSyscallInterruptPriority      
000032b1  ulPortGetIPSR                      
00003dbd  ulTaskGenericNotifyTake            
00005431  uxListRemove                       
000059c1  uxTaskGetNumberOfTasks             
000058e5  uxTaskGetStackHighWaterMark        
00005ce4  uxTopUsedPriority                  
00003d43  vApplicationIdleHook               
00005179  vApplicationStackOverflowHook      
00005795  vListInitialise                    
00005a59  vListInitialiseItem                
00004ead  vListInsert                        
0000569d  vListInsertEnd                     
0000336d  vPortEnableVFP                     
00005549  vPortEnterCritical                 
000056b5  vPortExitCritical                  
0000468d  vPortFree                          
00003329  vPortSVCHandler                    
00005565  vPortSetupTimerInterrupt           
00003349  vPortStartFirstTask                
00004be1  vQueueAddToRegistry                
000048f5  vQueueWaitForMessageRestricted     
00005011  vTaskDelay                         
000035e1  vTaskDelete                        
00002d15  vTaskGenericNotifyGiveFromISR      
000056cd  vTaskInternalSetTimeOutState       
000059cd  vTaskMissedYield                   
00005581  vTaskPlaceOnEventList              
00004c21  vTaskPlaceOnEventListRestricted    
000038cd  vTaskPriorityDisinheritAfterTimeout
00004075  vTaskStartScheduler                
000058f5  vTaskSuspendAll                    
00003aad  vTaskSwitchContext                 
200002cc  xAS7341_DebaunceIntHandle          
00001bd1  xChangeDirection                   
200002b4  xChangeDirectionHandle             
0000559d  xDebaunceKey                       
200002b0  xDebaunceKeyHandle                 
000032c9  xPortPendSVHandler                 
00004c61  xPortStartScheduler                
000051a5  xPortSysTickHandler                
00004b1d  xQueueGenericCreate                
00003a11  xQueueGenericReset                 
000044cb  xQueueGiveFromISR                  
00002e11  xQueueReceive                      
20005310  xQueueRegistry                     
00002695  xQueueSemaphoreTake                
00004635  xTaskCheckForTimeOut               
00004281  xTaskCreate                        
000059d9  xTaskGetTickCount                  
00001ec9  xTaskIncrementTick                 
000036a1  xTaskPriorityInherit               
00002ff5  xTaskRemoveFromEventList           
00002419  xTaskResumeAll                     
00004ca1  xTimerCreateTimerTask              
00003761  xTrackInterfMov                    
200002b8  xTrackInterfMovHandle              


GLOBAL SYMBOLS: SORTED BY Symbol Address 

address   name                               
-------   ----                               
00000000  __TI_static_base__                 
00000000  g_pfnVectors                       
00000200  __STACK_SIZE                       
0000026d  pow                                
0000026d  powl                               
00000c2d  AS7341_Begin                       
00000f55  exp                                
00000f55  expl                               
0000127d  UARTvprintf                        
0000146d  BurstDMA_Check                     
00001659  AS7341_SetI2cRegSMUX               
00001839  NemaInterruptionConfig             
00001a19  __aeabi_dsub                       
00001a23  __aeabi_dadd                       
00001bd1  xChangeDirection                   
00001d5d  GPIOPadConfigSet                   
00001ec9  xTaskIncrementTick                 
0000202d  sqrt                               
0000202d  sqrtl                              
00002185  TriggerPWMSigmoidFrequency         
000022d1  AS7341_SetSMUXMini                 
00002419  xTaskResumeAll                     
0000255d  __aeabi_ddiv                       
00002695  xQueueSemaphoreTake                
000027b9  NemaConfig                         
000028d9  AS7341_i2cInit                     
000029f1  SysCtlClockGet                     
00002b09  ldexp                              
00002b09  ldexpl                             
00002b09  scalbn                             
00002b09  scalbnl                            
00002c19  __aeabi_dmul                       
00002d15  vTaskGenericNotifyGiveFromISR      
00002e11  xQueueReceive                      
00002ff5  xTaskRemoveFromEventList           
000030dd  PinoutSet                          
000032b1  ulPortGetIPSR                      
000032c9  xPortPendSVHandler                 
00003329  vPortSVCHandler                    
00003349  vPortStartFirstTask                
0000336d  vPortEnableVFP                     
0000337b  __aeabi_idiv0                      
0000337b  __aeabi_ldiv0                      
0000337d  GPIOPortE_Handler                  
00003451  UART5_Init                         
00003521  pvPortMalloc                       
000035e1  vTaskDelete                        
000036a1  xTaskPriorityInherit               
00003761  xTrackInterfMov                    
000038cd  vTaskPriorityDisinheritAfterTimeout
00003975  __aeabi_memcpy                     
00003975  __aeabi_memcpy4                    
00003975  __aeabi_memcpy8                    
00003975  memcpy                             
00003a11  xQueueGenericReset                 
00003aad  vTaskSwitchContext                 
00003b39  __aeabi_cdcmpeq                    
00003b39  __aeabi_cdcmple                    
00003bbf  __aeabi_cdrcmple                   
00003cc9  __aeabi_memclr                     
00003cc9  __aeabi_memclr4                    
00003cc9  __aeabi_memclr8                    
00003ccb  __aeabi_memset                     
00003ccb  __aeabi_memset4                    
00003ccb  __aeabi_memset8                    
00003cd1  memset                             
00003d43  vApplicationIdleHook               
00003d45  PWM_SetDutyCycle                   
00003dbd  ulTaskGenericNotifyTake            
00003e35  UART5_SendDataPacket               
00003eab  AS7341_SetSMUX                     
00003f21  main                               
00004005  __aeabi_d2f                        
00004075  vTaskStartScheduler                
000040e1  AS7341_AnalogAproxConfig           
00004149  IntDisable                         
000041b1  IntEnable                          
00004219  __TI_decompress_lzss               
00004281  xTaskCreate                        
0000434d  UARTStdioConfig                    
0000440d  sigmoid                            
000044cb  xQueueGiveFromISR                  
00004585  AS7341_read                        
000045dd  GPIOIntTypeSet                     
00004635  xTaskCheckForTimeOut               
0000468d  vPortFree                          
000046e1  AS7341_BankAcessSet                
00004731  UARTwrite                          
00004781  AS7341_write                       
000047cd  GPIOPinConfigure                   
00004819  I2CMasterInitExpClk                
00004865  __aeabi_d2iz                       
000048ad  uDMAChannelAttributeDisable        
000048f5  vQueueWaitForMessageRestricted     
0000493d  AS7341_PowerOn                     
00004983  UARTConfigSetExpClk                
000049c9  UART5IntHandler                    
00004a0d  __TI_auto_init_nobinit_nopinit     
00004ad9  uDMAChannelAttributeEnable         
00004b1d  xQueueGenericCreate                
00004ba1  __aeabi_uidiv                      
00004ba1  __aeabi_uidivmod                   
00004be1  vQueueAddToRegistry                
00004c21  vTaskPlaceOnEventListRestricted    
00004c61  xPortStartScheduler                
00004ca1  xTimerCreateTimerTask              
00004ce1  AS7341_GetIntegrationTimeADC       
00004d1d  PortDIntHanlder                    
00004d59  AS7341_DevivceConfig               
00004d95  I2C1_IntHandler                    
00004dcd  I2C2_IntHandler                    
00004e05  SysCtlPeripheralReady              
00004e3d  __aeabi_f2d                        
00004e75  uDMAErrIntHandler                  
00004ead  vListInsert                        
00004ee5  IntRegister                        
00004f19  SysCtlPeripheralEnable             
00004f4d  _c_int00_noargs                    
00004f81  AS7341_PerformanceDbgInit          
00004fb1  UART5_DbgInit                      
00005011  vTaskDelay                         
00005041  __aeabi_i2d                        
0000506f  AS7341_DeviceStatus                
0000509b  AS7341_GetStepADC                  
000050c7  GPIODirModeSet                     
00005121  pxPortInitialiseStack              
0000514d  uDMAChannelAssign                  
00005179  vApplicationStackOverflowHook      
000051a5  xPortSysTickHandler                
000051d1  AS7341_DisableSpecMen              
000051fb  AS7341_EnableSpecMen               
00005225  AS7341_SMUXEnable                  
000052a1  uDMAChannelModeGet                 
000052c9  AS7341_SetStepADC                  
00005315  AS7341_BufferConfig                
00005339  IntPrioritySet                     
000053c9  uDMAChannelControlSet              
000053ed  AS7341_Boot                        
0000540f  PWMGenConfigure                    
00005431  uxListRemove                       
00005455  UARTDisable                        
00005495  uDMAChannelIsEnabled               
000054b5  AS7341_SetAcessAndRead             
000054d3  AS7341_SetAcessAndWrite            
000054f1  PWMPulseWidthSet                   
0000550f  AS7341_WriteI2cReg2SMUX_Sel        
0000552d  uDMAIntHandler                     
00005549  vPortEnterCritical                 
00005565  vPortSetupTimerInterrupt           
00005581  vTaskPlaceOnEventList              
0000559d  xDebaunceKey                       
000055b9  AS7341_GetGainADC                  
000055d3  GPIOPinTypeGPIOOutput              
000055ed  UARTprintf                         
00005607  copysign                           
00005607  copysignl                          
0000563b  AS7341_SetGainADC                  
00005655  GPIOUnlockPin                      
0000566d  WaitACK                            
00005685  pvTaskIncrementMutexHeldCount      
0000569d  vListInsertEnd                     
000056b5  vPortExitCritical                  
000056cd  vTaskInternalSetTimeOutState       
000056e5  AS7341_SetTimeADC                  
000056fb  AS7341_SetWtimeADC                 
00005711  GPIOPinTypeGPIOInput               
00005727  GPIOPinTypeI2C                     
0000573d  GPIOPinTypeI2CSCL                  
00005753  GPIOPinTypePWM                     
00005769  GPIOPinTypeUART                    
00005795  vListInitialise                    
000057ad  SysCtlPWMClockSet                  
000057c1  UARTEnable                         
000057fd  NemaTaskCreation                   
0000580f  PWMGenPeriodGet                    
00005821  PWMOutputState                     
00005845  AS7341_GetTimeADC                  
00005855  AS7341_PerformanceDbgClr           
00005865  AS7341_PerformanceDbgSet           
00005875  IntMasterDisable                   
00005885  IntMasterEnable                    
00005895  NemaDisable                        
000058a5  PWMGenPeriodSet                    
000058b5  UART5_DbgRst                       
000058d5  uDMAEnable                         
000058e5  uxTaskGetStackHighWaterMark        
000058f5  vTaskSuspendAll                    
00005905  GPIOIntDisable                     
00005913  GPIOIntStatus                      
00005921  UARTCharPutNonBlocking             
0000592f  __TI_decompress_none               
0000593d  CPUcpsid                           
00005949  CPUcpsie                           
00005955  GPIOIntEnable                      
00005961  PWMGenEnable                       
0000596d  UART5_SendByte                     
00005979  __TI_zero_init                     
00005991  uDMAControlBaseSet                 
0000599d  uDMAErrorStatusClear               
000059a9  uDMAErrorStatusGet                 
000059b5  uDMAIntClear                       
000059c1  uxTaskGetNumberOfTasks             
000059cd  vTaskMissedYield                   
000059d9  xTaskGetTickCount                  
000059e5  I2CMasterEnable                    
000059ef  UARTFIFOEnable                     
000059f9  UARTIntStatus                      
00005a03  I2CMasterIntClear                  
00005a0b  I2CMasterIntEnableEx               
00005a13  I2CMasterSlaveAddrSet              
00005a1b  UARTDMAEnable                      
00005a23  UARTIntEnable                      
00005a2d  __aeabi_errno_addr                 
00005a35  GPIOIntClear                       
00005a3b  GPIOPinRead                        
00005a41  GPIOPinWrite                       
00005a47  ResetISR                           
00005a4d  SysCtlDelay                        
00005a53  UARTClockSourceSet                 
00005a59  vListInitialiseItem                
00005a5f  I2CMasterControl                   
00005a63  I2CMasterDataGet                   
00005a67  I2CMasterDataPut                   
00005a6b  UARTIntClear                       
00005a6f  _system_pre_init                   
00005a73  C$$EXIT                            
00005a73  abort                              
00005ce0  ulMaxSyscallInterruptPriority      
00005ce4  uxTopUsedPriority                  
00005d0c  __TI_Handler_Table_Base            
00005d18  __TI_Handler_Table_Limit           
00005d28  __TI_CINIT_Base                    
00005d40  __TI_CINIT_Limit                   
20000000  __start___llvm_prf_cnts            
20000000  __stop___llvm_prf_cnts             
20000000  g_pfnRAMVectors                    
2000026c  pxCurrentTCB                       
200002a0  adc_count                          
200002a4  dma_count                          
200002a8  ADC_result                         
200002ac  UART_Tx                            
200002b0  xDebaunceKeyHandle                 
200002b4  xChangeDirectionHandle             
200002b8  xTrackInterfMovHandle              
200002c8  BankAcessControlValue              
200002c9  BankAcessSet                       
200002cc  xAS7341_DebaunceIntHandle          
200002e0  uart_count                         
200002e4  AS7341_Handle                      
200002ec  errno                              
20005310  xQueueRegistry                     
200053ec  LinearMov_Mngr                     
200053fc  AS7341_Semphr                      
20005400  pui8ControlTable                   
20005800  pui8ControlTableUART               
20005d40  StepCount                          
20005d70  ChangeDirStatus                    
20005d74  Gain                               
20005d78  I2C1_Semphr                        
20005d7c  IntTime                            
20005d80  AS7341_pooling                     
20005d88  __stack                            
20005f88  __STACK_END                        
20005f88  __STACK_TOP                        
ffffffff  __TI_pprof_out_hndl                
ffffffff  __TI_prof_data_size                
ffffffff  __TI_prof_data_start               
ffffffff  __binit__                          
ffffffff  __c_args__                         
ffffffff  binit                              
UNDEFED   __mpu_init                         
UNDEFED   _system_post_cinit                 

[272 symbols]
