******************************************************************************
                  TI ARM Linker Unix v20.2.1                   
******************************************************************************
>> Linked Sat Apr 12 11:26:01 2025

OUTPUT FILE NAME:   <Nema17.out>
ENTRY POINT SYMBOL: "_c_int00_noargs"  address: 00005311


MEMORY CONFIGURATION

         name            origin    length      used     unused   attr    fill
----------------------  --------  ---------  --------  --------  ----  --------
  FLASH                 00000000   00040000  000062a4  00039d5c  R  X
  SRAM                  20000000   00008000  00005e8d  00002173  RW X


SEGMENT ALLOCATION MAP

run origin  load origin   length   init length attrs members
----------  ----------- ---------- ----------- ----- -------
00000000    00000000    000062a8   000062a8    r-x
  00000000    00000000    0000026c   0000026c    r-- .intvecs
  0000026c    0000026c    00005d44   00005d44    r-x .text
  00005fb0    00005fb0    0000029c   0000029c    r-- .const
  00006250    00006250    00000058   00000058    r-- .cinit
20000000    20000000    000002f0   00000000    rw-
  20000000    20000000    0000026c   00000000    rw- .vtable
  2000026c    2000026c    00000084   00000000    rw- .data
20000400    20000400    00005ba0   00000000    rw-
  20000400    20000400    0000599d   00000000    rw- .bss
  20005da0    20005da0    00000200   00000000    rw- .stack


SECTION ALLOCATION MAP

 output                                  attributes/
section   page    origin      length       input sections
--------  ----  ----------  ----------   ----------------
.intvecs   0    00000000    0000026c     
                  00000000    0000026c     tm4c123gh6pm_startup_ccs.obj (.intvecs)

.text      0    0000026c    00005d44     
                  0000026c    000009c0     rtsv7M4_T_le_v4SPD16_eabi.lib : e_pow.c.obj (.text:pow)
                  00000c2c    0000030c     hello.obj (.text:AS7341_Begin)
                  00000f38    000001ee     uartstdio.obj (.text:UARTvprintf)
                  00001126    00000002     tm4c123gh6pm_startup_ccs.obj (.text:FaultISR)
                  00001128    000001ec     ADC_DMA.obj (.text:BurstDMA_Check)
                  00001314    000001e0     AS7341.obj (.text:AS7341_SetI2cRegSMUX)
                  000014f4    000001c0     drv8825.obj (.text:NemaInterruptionConfig)
                  000016b4    000001b6     rtsv7M4_T_le_v4SPD16_eabi.lib : fd_add_t2.asm.obj (.text)
                  0000186a    00000002     tm4c123gh6pm_startup_ccs.obj (.text:IntDefaultHandler)
                  0000186c    0000018c     drv8825.obj (.text:xChangeDirection)
                  000019f8    0000016c     driverlib.lib : gpio.obj (.text:GPIOPadConfigSet)
                  00001b64    00000164     tasks.obj (.text:xTaskIncrementTick)
                  00001cc8    00000158     rtsv7M4_T_le_v4SPD16_eabi.lib : e_sqrt.c.obj (.text:sqrt)
                  00001e20    00000148     AS7341.obj (.text:AS7341_SetSMUXMini)
                  00001f68    00000144     tasks.obj (.text:xTaskResumeAll)
                  000020ac    00000136     rtsv7M4_T_le_v4SPD16_eabi.lib : fd_div_t2.asm.obj (.text)
                  000021e2    00000002     tm4c123gh6pm_startup_ccs.obj (.text:NmiSR)
                  000021e4    00000124     queue.obj (.text:xQueueSemaphoreTake)
                  00002308    00000118     driverlib.lib : sysctl.obj (.text:SysCtlClockGet)
                  00002420    00000110     hello.obj (.text:ADC_DMA_Reader)
                  00002530    00000110     ADC_DMA.obj (.text:InitGPIOTrigger)
                  00002640    00000110     rtsv7M4_T_le_v4SPD16_eabi.lib : s_scalbn.c.obj (.text:scalbn)
                  00002750    0000010c     drv8825.obj (.text:NemaConfig)
                  0000285c    00000108     AS7341.obj (.text:AS7341_i2cInit)
                  00002964    000000fc     rtsv7M4_T_le_v4SPD16_eabi.lib : fd_mul_t2.asm.obj (.text)
                  00002a60    000000fc     tasks.obj (.text:vTaskGenericNotifyGiveFromISR)
                  00002b5c    000000f4     queue.obj (.text:xQueueReceive)
                  00002c50    000000f0     timers.obj (.text:prvProcessReceivedCommands)
                  00002d40    000000e8     tasks.obj (.text:xTaskRemoveFromEventList)
                  00002e28    000000e4     rtos_hw_drivers.obj (.text:PinoutSet)
                  00002f0c    000000e0     tasks.obj (.text:prvAddNewTaskToReadyList)
                  00002fec    000000da     portasm.obj (.text)
                  000030c6    00000002     rtsv7M4_T_le_v4SPD16_eabi.lib : div0.asm.obj (.text)
                  000030c8    000000d4     drv8825.obj (.text:GPIOPortE_Handler)
                  0000319c    000000d4     ADC_DMA.obj (.text:InitADC)
                  00003270    000000d0     SpecResult.obj (.text:UART5_Init)
                  00003340    000000c0     tasks.obj (.text:vTaskDelete)
                  00003400    000000c0     tasks.obj (.text:xTaskPriorityInherit)
                  000034c0    000000bc     ADC_DMA.obj (.text:GPIOFIntHandler)
                  0000357c    000000bc     heap_2.obj (.text:pvPortMalloc)
                  00003638    000000bc     drv8825.obj (.text:xTrackInterfMov)
                  000036f4    000000b8     ADC_DMA.obj (.text:BurstModeConfig)
                  000037ac    000000b4     tasks.obj (.text:vTaskRemoveFromUnorderedEventList)
                  00003860    000000b0     tasks.obj (.text:prvAddCurrentTaskToDelayedList)
                  00003910    000000a8     tasks.obj (.text:vTaskPriorityDisinheritAfterTimeout)
                  000039b8    000000a8     event_groups.obj (.text:xEventGroupWaitBits)
                  00003a60    000000a4     ADC_DMA.obj (.text:ADCIntHanlder)
                  00003b04    0000009c     rtsv7M4_T_le_v4SPD16_eabi.lib : memcpy_t2.asm.obj (.text)
                  00003ba0    0000009c     queue.obj (.text:xQueueGenericReset)
                  00003c3c    00000090     tasks.obj (.text:xTaskPriorityDisinherit)
                  00003ccc    0000008c     hello.obj (.text:main)
                  00003d58    0000008c     tasks.obj (.text:vTaskSwitchContext)
                  00003de4    00000086     rtsv7M4_T_le_v4SPD16_eabi.lib : fd_cmp_t2.asm.obj (.text:__aeabi_cdcmple)
                  00003e6a    00000086                                   : fd_cmp_t2.asm.obj (.text:__aeabi_cdrcmple)
                  00003ef0    00000084     tasks.obj (.text:prvInitialiseNewTask)
                  00003f74    0000007c     driverlib.lib : udma.obj (.text:uDMAChannelTransferSet)
                  00003ff0    0000007a                   : adc.obj (.text:ADCSequenceStepConfigure)
                  0000406a    0000007a     rtsv7M4_T_le_v4SPD16_eabi.lib : memset_t2.asm.obj (.text)
                  000040e4    00000078     tasks.obj (.text:ulTaskGenericNotifyTake)
                  0000415c    00000076     SpecResult.obj (.text:UART5_SendDataPacket)
                  000041d2    00000076     queue.obj (.text:prvCopyDataToQueue)
                  00004248    00000074     AS7341.obj (.text:AS7341_SetSMUX)
                  000042bc    00000070     ADC_DMA.obj (.text:InitDMA)
                  0000432c    00000070     timers.obj (.text:prvProcessTimerOrBlockTask)
                  0000439c    0000006e     rtsv7M4_T_le_v4SPD16_eabi.lib : fd_tos_t2.asm.obj (.text)
                  0000440a    00000002     hello.obj (.text:vApplicationIdleHook)
                  0000440c    0000006c     tasks.obj (.text:vTaskStartScheduler)
                  00004478    00000068     driverlib.lib : interrupt.obj (.text:IntDisable)
                  000044e0    00000068                   : interrupt.obj (.text:IntEnable)
                  00004548    00000068     rtsv7M4_T_le_v4SPD16_eabi.lib : copy_decompress_lzss.c.obj (.text:decompress:lzss:__TI_decompress_lzss)
                  000045b0    00000068     queue.obj (.text:xQueueGenericSendFromISR)
                  00004618    00000066     tasks.obj (.text:xTaskCreate)
                  0000467e    00000002     --HOLE-- [fill = 0]
                  00004680    00000064     hello.obj (.text:prvConfigureUART)
                  000046e4    00000064     event_groups.obj (.text:xEventGroupSetBits)
                  00004748    00000060     uartstdio.obj (.text:UARTStdioConfig)
                  000047a8    00000060     tasks.obj (.text:prvInitialiseTaskLists)
                  00004808    0000005e     queue.obj (.text:prvUnlockQueue)
                  00004866    0000005e     queue.obj (.text:xQueueGiveFromISR)
                  000048c4    0000005c     timers.obj (.text:prvCheckForValidListAndQueue)
                  00004920    00000058     AS7341.obj (.text:AS7341_read)
                  00004978    00000058     driverlib.lib : gpio.obj (.text:GPIOIntTypeSet)
                  000049d0    00000058     tasks.obj (.text:xTaskCheckForTimeOut)
                  00004a28    00000054     drv8825.obj (.text:AnalogInit)
                  00004a7c    00000054     heap_2.obj (.text:vPortFree)
                  00004ad0    00000050     AS7341.obj (.text:AS7341_BankAcessSet)
                  00004b20    00000050     uartstdio.obj (.text:UARTwrite)
                  00004b70    0000004e     driverlib.lib : adc.obj (.text:ADCSequenceConfigure)
                  00004bbe    00000002     --HOLE-- [fill = 0]
                  00004bc0    0000004c     AS7341.obj (.text:AS7341_write)
                  00004c0c    0000004c     driverlib.lib : gpio.obj (.text:GPIOPinConfigure)
                  00004c58    0000004c                   : i2c.obj (.text:I2CMasterInitExpClk)
                  00004ca4    00000048                   : udma.obj (.text:uDMAChannelAttributeDisable)
                  00004cec    00000048     queue.obj (.text:vQueueWaitForMessageRestricted)
                  00004d34    00000046     AS7341.obj (.text:AS7341_PowerOn)
                  00004d7a    00000046     driverlib.lib : uart.obj (.text:UARTConfigSetExpClk)
                  00004dc0    00000044     SpecResult.obj (.text:UART5IntHandler)
                  00004e04    00000044     rtsv7M4_T_le_v4SPD16_eabi.lib : autoinit.c.obj (.text:__TI_auto_init_nobinit_nopinit:__TI_auto_init_nobinit_nopinit)
                  00004e48    00000044     tasks.obj (.text:prvCheckTasksWaitingTermination)
                  00004e8c    00000044     timers.obj (.text:prvInsertTimerInActiveList)
                  00004ed0    00000044     driverlib.lib : udma.obj (.text:uDMAChannelAttributeEnable)
                  00004f14    00000042     queue.obj (.text:xQueueGenericCreate)
                  00004f56    00000002     --HOLE-- [fill = 0]
                  00004f58    00000040     timers.obj (.text:prvProcessExpiredTimer)
                  00004f98    00000040     rtsv7M4_T_le_v4SPD16_eabi.lib : u_divt2.asm.obj (.text)
                  00004fd8    00000040     queue.obj (.text:vQueueAddToRegistry)
                  00005018    00000040     tasks.obj (.text:vTaskPlaceOnEventListRestricted)
                  00005058    00000040     tasks.obj (.text:vTaskPlaceOnUnorderedEventList)
                  00005098    00000040     port.obj (.text:xPortStartScheduler)
                  000050d8    00000040     timers.obj (.text:xTimerCreateTimerTask)
                  00005118    0000003c     AS7341.obj (.text:AS7341_GetIntegrationTimeADC)
                  00005154    0000003a     AS7341.obj (.text:AS7341_DevivceConfig)
                  0000518e    00000002     --HOLE-- [fill = 0]
                  00005190    00000038     AS7341.obj (.text:I2C1_IntHandler)
                  000051c8    00000038     AS7341.obj (.text:PortDIntHanlder)
                  00005200    00000038     driverlib.lib : sysctl.obj (.text:SysCtlPeripheralReady)
                  00005238    00000038     ADC_DMA.obj (.text:uDMAErrIntHandler)
                  00005270    00000038     list.obj (.text:vListInsert)
                  000052a8    00000034     driverlib.lib : interrupt.obj (.text:IntRegister)
                  000052dc    00000034                   : sysctl.obj (.text:SysCtlPeripheralEnable)
                  00005310    00000034     rtsv7M4_T_le_v4SPD16_eabi.lib : boot_cortex_m.c.obj (.text:_c_int00_noargs:_c_int00_noargs)
                  00005344    00000030     AS7341.obj (.text:AS7341_PerformanceDbgInit)
                  00005374    00000030     SpecResult.obj (.text:UART5_DbgInit)
                  000053a4    00000030     heap_2.obj (.text:prvHeapInit)
                  000053d4    00000030     tasks.obj (.text:vTaskDelay)
                  00005404    0000002e     rtsv7M4_T_le_v4SPD16_eabi.lib : i_tofd_t2.asm.obj (.text)
                  00005432    0000002c     AS7341.obj (.text:AS7341_DeviceStatus)
                  0000545e    0000002c     AS7341.obj (.text:AS7341_GetStepADC)
                  0000548a    0000002c     driverlib.lib : gpio.obj (.text:GPIODirModeSet)
                  000054b6    00000002     --HOLE-- [fill = 0]
                  000054b8    0000002c     ADC_DMA.obj (.text:InitInterruptions)
                  000054e4    0000002c     timers.obj (.text:prvSwitchTimerLists)
                  00005510    0000002c     port.obj (.text:pxPortInitialiseStack)
                  0000553c    0000002c     driverlib.lib : udma.obj (.text:uDMAChannelAssign)
                  00005568    0000002c     port.obj (.text:xPortSysTickHandler)
                  00005594    0000002a     AS7341.obj (.text:AS7341_DisableSpecMen)
                  000055be    0000002a     AS7341.obj (.text:AS7341_EnableSpecMen)
                  000055e8    0000002a     AS7341.obj (.text:AS7341_SMUXEnable)
                  00005612    0000002a     timers.obj (.text:prvReloadTimer)
                  0000563c    00000028     timers.obj (.text:prvSampleTimeNow)
                  00005664    00000028     driverlib.lib : udma.obj (.text:uDMAChannelModeGet)
                  0000568c    00000028     timers.obj (.text:xTimerPendFunctionCallFromISR)
                  000056b4    00000026     AS7341.obj (.text:AS7341_SetStepADC)
                  000056da    00000026     queue.obj (.text:prvCopyDataFromQueue)
                  00005700    00000026     list.obj (.text:uxListRemove)
                  00005726    00000024     AS7341.obj (.text:AS7341_BufferConfig)
                  0000574a    00000002     --HOLE-- [fill = 0]
                  0000574c    00000024     driverlib.lib : interrupt.obj (.text:IntPrioritySet)
                  00005770    00000024     queue.obj (.text:prvInitialiseNewQueue)
                  00005794    00000024     tasks.obj (.text:prvResetNextTaskUnblockTime)
                  000057b8    00000024     hello.obj (.text:prvSetupHardware)
                  000057dc    00000024     driverlib.lib : udma.obj (.text:uDMAChannelControlSet)
                  00005800    00000022     AS7341.obj (.text:AS7341_Boot)
                  00005822    00000022     driverlib.lib : pwm.obj (.text:PWMGenConfigure)
                  00005844    00000020                   : uart.obj (.text:UARTDisable)
                  00005864    00000020     timers.obj (.text:prvGetNextExpireTime)
                  00005884    00000020     driverlib.lib : udma.obj (.text:uDMAChannelIsEnabled)
                  000058a4    0000001e                   : pwm.obj (.text:PWMPulseWidthSet)
                  000058c2    0000001c     AS7341.obj (.text:AS7341_SetAcessAndRead)
                  000058de    0000001c     AS7341.obj (.text:AS7341_SetAcessAndWrite)
                  000058fa    0000001c     AS7341.obj (.text:AS7341_WriteI2cReg2SMUX_Sel)
                  00005916    00000002     --HOLE-- [fill = 0]
                  00005918    0000001c     AS7341.obj (.text:WaitACK)
                  00005934    0000001c     ADC_DMA.obj (.text:uDMAIntHandler)
                  00005950    0000001c     port.obj (.text:vPortEnterCritical)
                  0000596c    0000001c     port.obj (.text:vPortSetupTimerInterrupt)
                  00005988    0000001c     tasks.obj (.text:vTaskPlaceOnEventList)
                  000059a4    0000001c     drv8825.obj (.text:xDebaunceKey)
                  000059c0    0000001a     AS7341.obj (.text:AS7341_GetGainADC)
                  000059da    0000001a     driverlib.lib : gpio.obj (.text:GPIOPinTypeGPIOOutput)
                  000059f4    0000001a     uartstdio.obj (.text:UARTprintf)
                  00005a0e    0000001a     rtsv7M4_T_le_v4SPD16_eabi.lib : s_copysign.c.obj (.text:copysign)
                  00005a28    0000001a     queue.obj (.text:prvIsQueueEmpty)
                  00005a42    0000001a     event_groups.obj (.text:xEventGroupCreate)
                  00005a5c    00000018     driverlib.lib : adc.obj (.text:ADCProcessorTrigger)
                  00005a74    00000018     AS7341.obj (.text:AS7341_SetGainADC)
                  00005a8c    00000018     driverlib.lib : gpio.obj (.text:GPIOUnlockPin)
                  00005aa4    00000018     tasks.obj (.text:pvTaskIncrementMutexHeldCount)
                  00005abc    00000018     driverlib.lib : udma.obj (.text:uDMAChannelEnable)
                  00005ad4    00000018     tasks.obj (.text:uxTaskResetEventItemValue)
                  00005aec    00000018     list.obj (.text:vListInsertEnd)
                  00005b04    00000018     port.obj (.text:vPortExitCritical)
                  00005b1c    00000018     tasks.obj (.text:vTaskInternalSetTimeOutState)
                  00005b34    00000018     event_groups.obj (.text:xEventGroupSetBitsFromISR)
                  00005b4c    00000016     AS7341.obj (.text:AS7341_SetTimeADC)
                  00005b62    00000016     AS7341.obj (.text:AS7341_SetWtimeADC)
                  00005b78    00000016     driverlib.lib : gpio.obj (.text:GPIOPinTypeADC)
                  00005b8e    00000016                   : gpio.obj (.text:GPIOPinTypeGPIOInput)
                  00005ba4    00000016                   : gpio.obj (.text:GPIOPinTypeI2C)
                  00005bba    00000016                   : gpio.obj (.text:GPIOPinTypeI2CSCL)
                  00005bd0    00000016                   : gpio.obj (.text:GPIOPinTypePWM)
                  00005be6    00000016                   : gpio.obj (.text:GPIOPinTypeUART)
                  00005bfc    00000016     queue.obj (.text:prvGetDisinheritPriorityAfterTimeout)
                  00005c12    00000016     event_groups.obj (.text:prvTestWaitCondition)
                  00005c28    00000016     list.obj (.text:vListInitialise)
                  00005c3e    00000002     --HOLE-- [fill = 0]
                  00005c40    00000014     mono_light.obj (.text:GreenLightTurnOff)
                  00005c54    00000014     driverlib.lib : sysctl.obj (.text:SysCtlPWMClockSet)
                  00005c68    00000014                   : uart.obj (.text:UARTEnable)
                  00005c7c    00000014     tasks.obj (.text:prvTaskCheckFreeStackSpace)
                  00005c90    00000014     timers.obj (.text:prvTimerTask)
                  00005ca4    00000012     hello.obj (.text:NemaTaskCreation)
                  00005cb6    00000012     driverlib.lib : pwm.obj (.text:PWMOutputState)
                  00005cc8    00000012     tasks.obj (.text:prvDeleteTCB)
                  00005cda    00000010     driverlib.lib : adc.obj (.text:ADCIntEnable)
                  00005cea    00000010                   : adc.obj (.text:ADCSequenceDMAEnable)
                  00005cfa    00000002     --HOLE-- [fill = 0]
                  00005cfc    00000010     ADC_DMA.obj (.text:ADCTriggerDbgRst)
                  00005d0c    00000010     ADC_DMA.obj (.text:ADCTriggerDbgSet)
                  00005d1c    00000010     AS7341.obj (.text:AS7341_GetTimeADC)
                  00005d2c    00000010     AS7341.obj (.text:AS7341_PerformanceDbgClr)
                  00005d3c    00000010     AS7341.obj (.text:AS7341_PerformanceDbgSet)
                  00005d4c    00000010     driverlib.lib : interrupt.obj (.text:IntMasterDisable)
                  00005d5c    00000010                   : interrupt.obj (.text:IntMasterEnable)
                  00005d6c    00000010     drv8825.obj (.text:NemaDisable)
                  00005d7c    00000010     driverlib.lib : pwm.obj (.text:PWMGenPeriodSet)
                  00005d8c    00000010     SpecResult.obj (.text:UART5_DbgRst)
                  00005d9c    00000010     SpecResult.obj (.text:UART5_DbgSet)
                  00005dac    00000010     port.obj (.text:prvTaskExitError)
                  00005dbc    00000010     driverlib.lib : udma.obj (.text:uDMAEnable)
                  00005dcc    00000010                   : udma.obj (.text:uDMAIntRegister)
                  00005ddc    00000010     tasks.obj (.text:uxTaskGetStackHighWaterMark)
                  00005dec    00000010     tasks.obj (.text:vTaskSuspendAll)
                  00005dfc    0000000e     driverlib.lib : adc.obj (.text:ADCIntDisable)
                  00005e0a    0000000e                   : adc.obj (.text:ADCSequenceDisable)
                  00005e18    0000000e                   : adc.obj (.text:ADCSequenceEnable)
                  00005e26    0000000e                   : gpio.obj (.text:GPIOIntDisable)
                  00005e34    0000000e                   : gpio.obj (.text:GPIOIntStatus)
                  00005e42    0000000e                   : uart.obj (.text:UARTCharPutNonBlocking)
                  00005e50    0000000e     rtsv7M4_T_le_v4SPD16_eabi.lib : copy_decompress_none.c.obj (.text:decompress:none:__TI_decompress_none)
                  00005e5e    0000000c     driverlib.lib : cpu.obj (.text:CPUcpsid)
                  00005e6a    0000000c                   : cpu.obj (.text:CPUcpsie)
                  00005e76    0000000c                   : gpio.obj (.text:GPIOIntEnable)
                  00005e82    0000000c                   : pwm.obj (.text:PWMGenEnable)
                  00005e8e    00000002     --HOLE-- [fill = 0]
                  00005e90    0000000c     SpecResult.obj (.text:UART5_SendByte)
                  00005e9c    0000000c     rtsv7M4_T_le_v4SPD16_eabi.lib : copy_zero_init.c.obj (.text:decompress:ZI:__TI_zero_init)
                  00005ea8    0000000c     tasks.obj (.text:prvIdleTask)
                  00005eb4    0000000c     driverlib.lib : udma.obj (.text:uDMAControlBaseSet)
                  00005ec0    0000000c                   : udma.obj (.text:uDMAErrorStatusClear)
                  00005ecc    0000000c                   : udma.obj (.text:uDMAErrorStatusGet)
                  00005ed8    0000000c                   : udma.obj (.text:uDMAIntClear)
                  00005ee4    0000000c     tasks.obj (.text:uxTaskGetNumberOfTasks)
                  00005ef0    0000000c     tasks.obj (.text:vTaskMissedYield)
                  00005efc    0000000c     tasks.obj (.text:xTaskGetTickCount)
                  00005f08    0000000a     driverlib.lib : adc.obj (.text:ADCIntClear)
                  00005f12    0000000a                   : i2c.obj (.text:I2CMasterEnable)
                  00005f1c    0000000a                   : uart.obj (.text:UARTFIFOEnable)
                  00005f26    0000000a                   : uart.obj (.text:UARTIntStatus)
                  00005f30    00000008                   : adc.obj (.text:ADCIntEnableEx)
                  00005f38    00000008                   : i2c.obj (.text:I2CMasterIntClear)
                  00005f40    00000008                   : i2c.obj (.text:I2CMasterIntEnableEx)
                  00005f48    00000008                   : i2c.obj (.text:I2CMasterSlaveAddrSet)
                  00005f50    00000008                   : uart.obj (.text:UARTDMAEnable)
                  00005f58    00000008                   : uart.obj (.text:UARTIntEnable)
                  00005f60    00000008     rtsv7M4_T_le_v4SPD16_eabi.lib : errno.c.obj (.text:__aeabi_errno_addr)
                  00005f68    00000008     hello.obj (.text:vApplicationStackOverflowHook)
                  00005f70    00000006     driverlib.lib : gpio.obj (.text:GPIOIntClear)
                  00005f76    00000006                   : gpio.obj (.text:GPIOPinRead)
                  00005f7c    00000006                   : gpio.obj (.text:GPIOPinWrite)
                  00005f82    00000006     tm4c123gh6pm_startup_ccs.obj (.text:ResetISR)
                  00005f88    00000006     driverlib.lib : uart.obj (.text:UARTClockSourceSet)
                  00005f8e    00000006     list.obj (.text:vListInitialiseItem)
                  00005f94    00000004     driverlib.lib : i2c.obj (.text:I2CMasterControl)
                  00005f98    00000004                   : i2c.obj (.text:I2CMasterDataGet)
                  00005f9c    00000004                   : i2c.obj (.text:I2CMasterDataPut)
                  00005fa0    00000004                   : uart.obj (.text:UARTIntClear)
                  00005fa4    00000004     rtsv7M4_T_le_v4SPD16_eabi.lib : pre_init.c.obj (.text:_system_pre_init)
                  00005fa8    00000004                                   : exit.c.obj (.text:abort:abort)
                  00005fac    00000004     event_groups.obj (.text:vEventGroupSetBitsCallback)

.const     0    00005fb0    0000029c     
                  00005fb0    0000009c     driverlib.lib : interrupt.obj (.const:g_pui32Regs)
                  0000604c    00000090                   : gpio.obj (.const:g_pui32GPIOBaseAddrs)
                  000060dc    0000006c                   : sysctl.obj (.const:g_pui32Xtals)
                  00006148    00000030     rtsv7M4_T_le_v4SPD16_eabi.lib : e_pow.c.obj (.const:$O1$$)
                  00006178    00000018     ADC_DMA.obj (.const:.string:$P$T1$2)
                  00006190    00000014     ADC_DMA.obj (.const:.string:$P$T0$1)
                  000061a4    00000014     ADC_DMA.obj (.const:.string:$P$T3$4)
                  000061b8    00000014     driverlib.lib : interrupt.obj (.const:g_pui32Dii16Regs)
                  000061cc    00000014                   : interrupt.obj (.const:g_pui32EnRegs)
                  000061e0    00000012     ADC_DMA.obj (.const:.string:$P$T5$6)
                  000061f2    00000011     ADC_DMA.obj (.const:.string:$P$T4$5)
                  00006203    0000000f     hello.obj (.const:.string:$P$T3$2)
                  00006212    0000000c     drv8825.obj (.const:.string:$P$T0$1)
                  0000621e    0000000c     hello.obj (.const:.string:$P$T2$1)
                  0000622a    00000002     --HOLE-- [fill = 0]
                  0000622c    0000000c     uartstdio.obj (.const:g_ui32UARTBase)
                  00006238    0000000c     uartstdio.obj (.const:g_ui32UARTPeriph)
                  00006244    00000004     port.obj (.const)
                  00006248    00000004     tasks.obj (.const)

.cinit     0    00006250    00000058     
                  00006250    00000023     (.cinit..data.load) [load image, compression = lzss]
                  00006273    00000001     --HOLE-- [fill = 0]
                  00006274    0000000c     (__TI_handler_table)
                  00006280    00000008     (.cinit..bss.load) [load image, compression = zero_init]
                  00006288    00000008     (.cinit..vtable.load) [load image, compression = zero_init]
                  00006290    00000018     (__TI_cinit_table)

.init_array 
*          0    00000000    00000000     UNINITIALIZED

.vtable    0    20000000    0000026c     UNINITIALIZED
                  20000000    0000026c     driverlib.lib : interrupt.obj (.vtable)

.data      0    2000026c    00000084     UNINITIALIZED
                  2000026c    00000034     tasks.obj (.data)
                  200002a0    00000010     ADC_DMA.obj (.data)
                  200002b0    0000000c     drv8825.obj (.data)
                  200002bc    0000000c     timers.obj (.data)
                  200002c8    00000008     AS7341.obj (.data)
                  200002d0    00000008     heap_2.obj (.data)
                  200002d8    00000005     uartstdio.obj (.data)
                  200002dd    00000003     --HOLE--
                  200002e0    00000004     SpecResult.obj (.data)
                  200002e4    00000004     hello.obj (.data)
                  200002e8    00000004     port.obj (.data)
                  200002ec    00000004     rtsv7M4_T_le_v4SPD16_eabi.lib : errno.c.obj (.data)

.bss       0    20000400    0000599d     UNINITIALIZED
                  20000400    00004f10     heap_2.obj (.bss:ucHeap)
                  20005310    00000050     (.common:xQueueRegistry)
                  20005360    00000014     timers.obj (.bss:xActiveTimerList1)
                  20005374    00000014     timers.obj (.bss:xActiveTimerList2)
                  20005388    00000014     tasks.obj (.bss:xDelayedTaskList1)
                  2000539c    00000014     tasks.obj (.bss:xDelayedTaskList2)
                  200053b0    00000014     tasks.obj (.bss:xPendingReadyList)
                  200053c4    00000014     tasks.obj (.bss:xSuspendedTaskList)
                  200053d8    00000014     tasks.obj (.bss:xTasksWaitingTermination)
                  200053ec    00000010     (.common:LinearMov_Mngr)
                  200053fc    00000004     (.common:ADC_rslt)
                  20005400    00000400     (.common:pui8ControlTable)
                  20005800    00000400     (.common:pui8ControlTableUART)
                  20005c00    00000140     tasks.obj (.bss:pxReadyTasksLists)
                  20005d40    00000010     (.common:StepCount)
                  20005d50    00000010     (.common:adcBuffer)
                  20005d60    00000008     tasks.obj (.bss)
                  20005d68    00000008     timers.obj (.bss)
                  20005d70    00000008     heap_2.obj (.bss:xEnd)
                  20005d78    00000008     heap_2.obj (.bss:xStart)
                  20005d80    00000004     (.common:AS7341_Semphr)
                  20005d84    00000004     (.common:BurstEventGroup)
                  20005d88    00000004     (.common:ChangeDirStatus)
                  20005d8c    00000004     (.common:Gain)
                  20005d90    00000004     (.common:I2C1_Semphr)
                  20005d94    00000004     (.common:IntTime)
                  20005d98    00000004     (.common:errorStatus)
                  20005d9c    00000001     (.common:AS7341_pooling)

.stack     0    20005da0    00000200     UNINITIALIZED
                  20005da0    00000004     rtsv7M4_T_le_v4SPD16_eabi.lib : boot_cortex_m.c.obj (.stack)
                  20005da4    000001fc     --HOLE--

__llvm_prf_cnts 
*          0    20000000    00000000     UNINITIALIZED

MODULE SUMMARY

       Module                         code    ro data   rw data
       ------                         ----    -------   -------
    ./
       hello.obj                      1356    27        2081   
       tm4c123gh6pm_startup_ccs.obj   12      620       0      
    +--+------------------------------+-------+---------+---------+
       Total:                         1368    647       2081   
                                                               
    ./FreeRTOS/Source/
       tasks.obj                      3724    4         480    
       queue.obj                      1426    0         80     
       timers.obj                     858     0         60     
       event_groups.obj               344     0         0      
       list.obj                       146     0         0      
    +--+------------------------------+-------+---------+---------+
       Total:                         6498    4         620    
                                                               
    ./FreeRTOS/Source/portable/CCS/ARM_CM4F/
       port.obj                       248     4         4      
       portasm.obj                    218     0         0      
    +--+------------------------------+-------+---------+---------+
       Total:                         466     4         4      
                                                               
    ./FreeRTOS/Source/portable/MemMang/
       heap_2.obj                     320     0         20264  
    +--+------------------------------+-------+---------+---------+
       Total:                         320     0         20264  
                                                               
    ./SpecLibs/ADC_DMA_BurstMode/
       ADC_DMA.obj                    1784    99        24     
    +--+------------------------------+-------+---------+---------+
       Total:                         1784    99        24     
                                                               
    ./SpecLibs/AS7341/
       AS7341.obj                     2356    0         16     
    +--+------------------------------+-------+---------+---------+
       Total:                         2356    0         16     
                                                               
    ./SpecLibs/DRV8825/
       drv8825.obj                    1640    12        48     
    +--+------------------------------+-------+---------+---------+
       Total:                         1640    12        48     
                                                               
    ./SpecLibs/MonoLight/
       mono_light.obj                 20      0         0      
    +--+------------------------------+-------+---------+---------+
       Total:                         20      0         0      
                                                               
    ./SpecLibs/SpecResult/
       SpecResult.obj                 486     0         4      
    +--+------------------------------+-------+---------+---------+
       Total:                         486     0         4      
                                                               
    ./drivers/
       rtos_hw_drivers.obj            228     0         0      
    +--+------------------------------+-------+---------+---------+
       Total:                         228     0         0      
                                                               
    ./utils/
       uartstdio.obj                  696     24        5      
    +--+------------------------------+-------+---------+---------+
       Total:                         696     24        5      
                                                               
    /home/jao/curso/ufsm/Mestrado/Dissertacao/Pototip_DeVereda/ProjetoPrototipo/Tiva/EK-TM4C/driverlib/ccs/Debug/driverlib.lib
       interrupt.obj                  328     196       620    
       gpio.obj                       812     144       0      
       udma.obj                       520     0         0      
       sysctl.obj                     408     108       0      
       adc.obj                        316     0         0      
       uart.obj                       182     0         0      
       i2c.obj                        122     0         0      
       pwm.obj                        110     0         0      
       cpu.obj                        24      0         0      
    +--+------------------------------+-------+---------+---------+
       Total:                         2822    448       620    
                                                               
    /home/jao/ti/ccs1271/ccs/tools/compiler/ti-cgt-arm_20.2.1.LTS/lib/rtsv7M4_T_le_v4SPD16_eabi.lib
       e_pow.c.obj                    2496    48        0      
       fd_add_t2.asm.obj              438     0         0      
       e_sqrt.c.obj                   344     0         0      
       fd_div_t2.asm.obj              310     0         0      
       s_scalbn.c.obj                 272     0         0      
       fd_cmp_t2.asm.obj              268     0         0      
       fd_mul_t2.asm.obj              252     0         0      
       memcpy_t2.asm.obj              156     0         0      
       memset_t2.asm.obj              122     0         0      
       fd_tos_t2.asm.obj              110     0         0      
       copy_decompress_lzss.c.obj     104     0         0      
       autoinit.c.obj                 68      0         0      
       u_divt2.asm.obj                64      0         0      
       boot_cortex_m.c.obj            52      0         0      
       i_tofd_t2.asm.obj              46      0         0      
       s_copysign.c.obj               26      0         0      
       copy_decompress_none.c.obj     14      0         0      
       copy_zero_init.c.obj           12      0         0      
       errno.c.obj                    8       0         4      
       exit.c.obj                     4       0         0      
       pre_init.c.obj                 4       0         0      
       div0.asm.obj                   2       0         0      
    +--+------------------------------+-------+---------+---------+
       Total:                         5172    48        4      
                                                               
       Stack:                         0       0         512    
       Linker Generated:              0       87        0      
    +--+------------------------------+-------+---------+---------+
       Grand Total:                   23856   1373      24202  


LINKER GENERATED COPY TABLES

__TI_cinit_table @ 00006290 records: 3, size/record: 8, table size: 24
	.data: load addr=00006250, load size=00000023 bytes, run addr=2000026c, run size=00000084 bytes, compression=lzss
	.bss: load addr=00006280, load size=00000008 bytes, run addr=20000400, run size=0000599d bytes, compression=zero_init
	.vtable: load addr=00006288, load size=00000008 bytes, run addr=20000000, run size=0000026c bytes, compression=zero_init


LINKER GENERATED HANDLER TABLE

__TI_handler_table @ 00006274 records: 3, size/record: 4, table size: 12
	index: 0, handler: __TI_zero_init
	index: 1, handler: __TI_decompress_lzss
	index: 2, handler: __TI_decompress_none


GLOBAL SYMBOLS: SORTED ALPHABETICALLY BY Name 

address   name                               
-------   ----                               
00005f09  ADCIntClear                        
00005dfd  ADCIntDisable                      
00005cdb  ADCIntEnable                       
00005f31  ADCIntEnableEx                     
00003a61  ADCIntHanlder                      
00005a5d  ADCProcessorTrigger                
00004b71  ADCSequenceConfigure               
00005ceb  ADCSequenceDMAEnable               
00005e0b  ADCSequenceDisable                 
00005e19  ADCSequenceEnable                  
00003ff1  ADCSequenceStepConfigure           
00005cfd  ADCTriggerDbgRst                   
00005d0d  ADCTriggerDbgSet                   
00002421  ADC_DMA_Reader                     
200002a8  ADC_result                         
200053fc  ADC_rslt                           
00004ad1  AS7341_BankAcessSet                
00000c2d  AS7341_Begin                       
00005801  AS7341_Boot                        
00005727  AS7341_BufferConfig                
00005433  AS7341_DeviceStatus                
00005155  AS7341_DevivceConfig               
00005595  AS7341_DisableSpecMen              
000055bf  AS7341_EnableSpecMen               
000059c1  AS7341_GetGainADC                  
00005119  AS7341_GetIntegrationTimeADC       
0000545f  AS7341_GetStepADC                  
00005d1d  AS7341_GetTimeADC                  
200002e4  AS7341_Handle                      
00005d2d  AS7341_PerformanceDbgClr           
00005345  AS7341_PerformanceDbgInit          
00005d3d  AS7341_PerformanceDbgSet           
00004d35  AS7341_PowerOn                     
000055e9  AS7341_SMUXEnable                  
20005d80  AS7341_Semphr                      
000058c3  AS7341_SetAcessAndRead             
000058df  AS7341_SetAcessAndWrite            
00005a75  AS7341_SetGainADC                  
00001315  AS7341_SetI2cRegSMUX               
00004249  AS7341_SetSMUX                     
00001e21  AS7341_SetSMUXMini                 
000056b5  AS7341_SetStepADC                  
00005b4d  AS7341_SetTimeADC                  
00005b63  AS7341_SetWtimeADC                 
000058fb  AS7341_WriteI2cReg2SMUX_Sel        
0000285d  AS7341_i2cInit                     
20005d9c  AS7341_pooling                     
00004921  AS7341_read                        
00004bc1  AS7341_write                       
00004a29  AnalogInit                         
200002c8  BankAcessControlValue              
200002c9  BankAcessSet                       
00001129  BurstDMA_Check                     
20005d84  BurstEventGroup                    
000036f5  BurstModeConfig                    
00005fa9  C$$EXIT                            
00005e5f  CPUcpsid                           
00005e6b  CPUcpsie                           
20005d88  ChangeDirStatus                    
0000548b  GPIODirModeSet                     
000034c1  GPIOFIntHandler                    
00005f71  GPIOIntClear                       
00005e27  GPIOIntDisable                     
00005e77  GPIOIntEnable                      
00005e35  GPIOIntStatus                      
00004979  GPIOIntTypeSet                     
000019f9  GPIOPadConfigSet                   
00004c0d  GPIOPinConfigure                   
00005f77  GPIOPinRead                        
00005b79  GPIOPinTypeADC                     
00005b8f  GPIOPinTypeGPIOInput               
000059db  GPIOPinTypeGPIOOutput              
00005ba5  GPIOPinTypeI2C                     
00005bbb  GPIOPinTypeI2CSCL                  
00005bd1  GPIOPinTypePWM                     
00005be7  GPIOPinTypeUART                    
00005f7d  GPIOPinWrite                       
000030c9  GPIOPortE_Handler                  
00005a8d  GPIOUnlockPin                      
20005d8c  Gain                               
00005c41  GreenLightTurnOff                  
00005191  I2C1_IntHandler                    
20005d90  I2C1_Semphr                        
00005f95  I2CMasterControl                   
00005f99  I2CMasterDataGet                   
00005f9d  I2CMasterDataPut                   
00005f13  I2CMasterEnable                    
00004c59  I2CMasterInitExpClk                
00005f39  I2CMasterIntClear                  
00005f41  I2CMasterIntEnableEx               
00005f49  I2CMasterSlaveAddrSet              
0000319d  InitADC                            
000042bd  InitDMA                            
00002531  InitGPIOTrigger                    
000054b9  InitInterruptions                  
00004479  IntDisable                         
000044e1  IntEnable                          
00005d4d  IntMasterDisable                   
00005d5d  IntMasterEnable                    
0000574d  IntPrioritySet                     
000052a9  IntRegister                        
20005d94  IntTime                            
200053ec  LinearMov_Mngr                     
00002751  NemaConfig                         
00005d6d  NemaDisable                        
000014f5  NemaInterruptionConfig             
00005ca5  NemaTaskCreation                   
00005823  PWMGenConfigure                    
00005e83  PWMGenEnable                       
00005d7d  PWMGenPeriodSet                    
00005cb7  PWMOutputState                     
000058a5  PWMPulseWidthSet                   
00002e29  PinoutSet                          
000051c9  PortDIntHanlder                    
00005f83  ResetISR                           
20005d40  StepCount                          
00002309  SysCtlClockGet                     
00005c55  SysCtlPWMClockSet                  
000052dd  SysCtlPeripheralEnable             
00005201  SysCtlPeripheralReady              
00004dc1  UART5IntHandler                    
00005375  UART5_DbgInit                      
00005d8d  UART5_DbgRst                       
00005d9d  UART5_DbgSet                       
00003271  UART5_Init                         
00005e91  UART5_SendByte                     
0000415d  UART5_SendDataPacket               
00005e43  UARTCharPutNonBlocking             
00005f89  UARTClockSourceSet                 
00004d7b  UARTConfigSetExpClk                
00005f51  UARTDMAEnable                      
00005845  UARTDisable                        
00005c69  UARTEnable                         
00005f1d  UARTFIFOEnable                     
00005fa1  UARTIntClear                       
00005f59  UARTIntEnable                      
00005f27  UARTIntStatus                      
00004749  UARTStdioConfig                    
200002ac  UART_Tx                            
000059f5  UARTprintf                         
00000f39  UARTvprintf                        
00004b21  UARTwrite                          
00005919  WaitACK                            
20005fa0  __STACK_END                        
00000200  __STACK_SIZE                       
20005fa0  __STACK_TOP                        
00006290  __TI_CINIT_Base                    
000062a8  __TI_CINIT_Limit                   
00006274  __TI_Handler_Table_Base            
00006280  __TI_Handler_Table_Limit           
00004e05  __TI_auto_init_nobinit_nopinit     
00004549  __TI_decompress_lzss               
00005e51  __TI_decompress_none               
ffffffff  __TI_pprof_out_hndl                
ffffffff  __TI_prof_data_size                
ffffffff  __TI_prof_data_start               
00000000  __TI_static_base__                 
00005e9d  __TI_zero_init                     
00003de5  __aeabi_cdcmpeq                    
00003de5  __aeabi_cdcmple                    
00003e6b  __aeabi_cdrcmple                   
0000439d  __aeabi_d2f                        
000016bf  __aeabi_dadd                       
000020ad  __aeabi_ddiv                       
00002965  __aeabi_dmul                       
000016b5  __aeabi_dsub                       
00005f61  __aeabi_errno_addr                 
00005405  __aeabi_i2d                        
000030c7  __aeabi_idiv0                      
000030c7  __aeabi_ldiv0                      
0000406b  __aeabi_memclr                     
0000406b  __aeabi_memclr4                    
0000406b  __aeabi_memclr8                    
00003b05  __aeabi_memcpy                     
00003b05  __aeabi_memcpy4                    
00003b05  __aeabi_memcpy8                    
0000406d  __aeabi_memset                     
0000406d  __aeabi_memset4                    
0000406d  __aeabi_memset8                    
00004f99  __aeabi_uidiv                      
00004f99  __aeabi_uidivmod                   
ffffffff  __binit__                          
ffffffff  __c_args__                         
UNDEFED   __mpu_init                         
20005da0  __stack                            
20000000  __start___llvm_prf_cnts            
20000000  __stop___llvm_prf_cnts             
00005311  _c_int00_noargs                    
UNDEFED   _system_post_cinit                 
00005fa5  _system_pre_init                   
00005fa9  abort                              
20005d50  adcBuffer                          
200002a0  adc_count                          
ffffffff  binit                              
00005a0f  copysign                           
00005a0f  copysignl                          
200002a4  dma_count                          
200002ec  errno                              
20005d98  errorStatus                        
20000000  g_pfnRAMVectors                    
00000000  g_pfnVectors                       
00002641  ldexp                              
00002641  ldexpl                             
00003ccd  main                               
00003b05  memcpy                             
00004073  memset                             
0000026d  pow                                
0000026d  powl                               
20005400  pui8ControlTable                   
20005800  pui8ControlTableUART               
0000357d  pvPortMalloc                       
00005aa5  pvTaskIncrementMutexHeldCount      
2000026c  pxCurrentTCB                       
00005511  pxPortInitialiseStack              
00002641  scalbn                             
00002641  scalbnl                            
00001cc9  sqrt                               
00001cc9  sqrtl                              
0000553d  uDMAChannelAssign                  
00004ca5  uDMAChannelAttributeDisable        
00004ed1  uDMAChannelAttributeEnable         
000057dd  uDMAChannelControlSet              
00005abd  uDMAChannelEnable                  
00005885  uDMAChannelIsEnabled               
00005665  uDMAChannelModeGet                 
00003f75  uDMAChannelTransferSet             
00005eb5  uDMAControlBaseSet                 
00005dbd  uDMAEnable                         
00005239  uDMAErrIntHandler                  
00005ec1  uDMAErrorStatusClear               
00005ecd  uDMAErrorStatusGet                 
00005ed9  uDMAIntClear                       
00005935  uDMAIntHandler                     
00005dcd  uDMAIntRegister                    
200002e0  uart_count                         
00006244  ulMaxSyscallInterruptPriority      
00002ffd  ulPortGetIPSR                      
000040e5  ulTaskGenericNotifyTake            
00005701  uxListRemove                       
00005ee5  uxTaskGetNumberOfTasks             
00005ddd  uxTaskGetStackHighWaterMark        
00005ad5  uxTaskResetEventItemValue          
00006248  uxTopUsedPriority                  
0000440b  vApplicationIdleHook               
00005f69  vApplicationStackOverflowHook      
00005fad  vEventGroupSetBitsCallback         
00005c29  vListInitialise                    
00005f8f  vListInitialiseItem                
00005271  vListInsert                        
00005aed  vListInsertEnd                     
000030b9  vPortEnableVFP                     
00005951  vPortEnterCritical                 
00005b05  vPortExitCritical                  
00004a7d  vPortFree                          
00003075  vPortSVCHandler                    
0000596d  vPortSetupTimerInterrupt           
00003095  vPortStartFirstTask                
00004fd9  vQueueAddToRegistry                
00004ced  vQueueWaitForMessageRestricted     
000053d5  vTaskDelay                         
00003341  vTaskDelete                        
00002a61  vTaskGenericNotifyGiveFromISR      
00005b1d  vTaskInternalSetTimeOutState       
00005ef1  vTaskMissedYield                   
00005989  vTaskPlaceOnEventList              
00005019  vTaskPlaceOnEventListRestricted    
00005059  vTaskPlaceOnUnorderedEventList     
00003911  vTaskPriorityDisinheritAfterTimeout
000037ad  vTaskRemoveFromUnorderedEventList  
0000440d  vTaskStartScheduler                
00005ded  vTaskSuspendAll                    
00003d59  vTaskSwitchContext                 
200002cc  xAS7341_DebaunceIntHandle          
0000186d  xChangeDirection                   
200002b4  xChangeDirectionHandle             
000059a5  xDebaunceKey                       
200002b0  xDebaunceKeyHandle                 
00005a43  xEventGroupCreate                  
000046e5  xEventGroupSetBits                 
00005b35  xEventGroupSetBitsFromISR          
000039b9  xEventGroupWaitBits                
00003015  xPortPendSVHandler                 
00005099  xPortStartScheduler                
00005569  xPortSysTickHandler                
00004f15  xQueueGenericCreate                
00003ba1  xQueueGenericReset                 
000045b1  xQueueGenericSendFromISR           
00004867  xQueueGiveFromISR                  
00002b5d  xQueueReceive                      
20005310  xQueueRegistry                     
000021e5  xQueueSemaphoreTake                
000049d1  xTaskCheckForTimeOut               
00004619  xTaskCreate                        
00005efd  xTaskGetTickCount                  
00001b65  xTaskIncrementTick                 
00003c3d  xTaskPriorityDisinherit            
00003401  xTaskPriorityInherit               
00002d41  xTaskRemoveFromEventList           
00001f69  xTaskResumeAll                     
000050d9  xTimerCreateTimerTask              
0000568d  xTimerPendFunctionCallFromISR      
00003639  xTrackInterfMov                    
200002b8  xTrackInterfMovHandle              


GLOBAL SYMBOLS: SORTED BY Symbol Address 

address   name                               
-------   ----                               
00000000  __TI_static_base__                 
00000000  g_pfnVectors                       
00000200  __STACK_SIZE                       
0000026d  pow                                
0000026d  powl                               
00000c2d  AS7341_Begin                       
00000f39  UARTvprintf                        
00001129  BurstDMA_Check                     
00001315  AS7341_SetI2cRegSMUX               
000014f5  NemaInterruptionConfig             
000016b5  __aeabi_dsub                       
000016bf  __aeabi_dadd                       
0000186d  xChangeDirection                   
000019f9  GPIOPadConfigSet                   
00001b65  xTaskIncrementTick                 
00001cc9  sqrt                               
00001cc9  sqrtl                              
00001e21  AS7341_SetSMUXMini                 
00001f69  xTaskResumeAll                     
000020ad  __aeabi_ddiv                       
000021e5  xQueueSemaphoreTake                
00002309  SysCtlClockGet                     
00002421  ADC_DMA_Reader                     
00002531  InitGPIOTrigger                    
00002641  ldexp                              
00002641  ldexpl                             
00002641  scalbn                             
00002641  scalbnl                            
00002751  NemaConfig                         
0000285d  AS7341_i2cInit                     
00002965  __aeabi_dmul                       
00002a61  vTaskGenericNotifyGiveFromISR      
00002b5d  xQueueReceive                      
00002d41  xTaskRemoveFromEventList           
00002e29  PinoutSet                          
00002ffd  ulPortGetIPSR                      
00003015  xPortPendSVHandler                 
00003075  vPortSVCHandler                    
00003095  vPortStartFirstTask                
000030b9  vPortEnableVFP                     
000030c7  __aeabi_idiv0                      
000030c7  __aeabi_ldiv0                      
000030c9  GPIOPortE_Handler                  
0000319d  InitADC                            
00003271  UART5_Init                         
00003341  vTaskDelete                        
00003401  xTaskPriorityInherit               
000034c1  GPIOFIntHandler                    
0000357d  pvPortMalloc                       
00003639  xTrackInterfMov                    
000036f5  BurstModeConfig                    
000037ad  vTaskRemoveFromUnorderedEventList  
00003911  vTaskPriorityDisinheritAfterTimeout
000039b9  xEventGroupWaitBits                
00003a61  ADCIntHanlder                      
00003b05  __aeabi_memcpy                     
00003b05  __aeabi_memcpy4                    
00003b05  __aeabi_memcpy8                    
00003b05  memcpy                             
00003ba1  xQueueGenericReset                 
00003c3d  xTaskPriorityDisinherit            
00003ccd  main                               
00003d59  vTaskSwitchContext                 
00003de5  __aeabi_cdcmpeq                    
00003de5  __aeabi_cdcmple                    
00003e6b  __aeabi_cdrcmple                   
00003f75  uDMAChannelTransferSet             
00003ff1  ADCSequenceStepConfigure           
0000406b  __aeabi_memclr                     
0000406b  __aeabi_memclr4                    
0000406b  __aeabi_memclr8                    
0000406d  __aeabi_memset                     
0000406d  __aeabi_memset4                    
0000406d  __aeabi_memset8                    
00004073  memset                             
000040e5  ulTaskGenericNotifyTake            
0000415d  UART5_SendDataPacket               
00004249  AS7341_SetSMUX                     
000042bd  InitDMA                            
0000439d  __aeabi_d2f                        
0000440b  vApplicationIdleHook               
0000440d  vTaskStartScheduler                
00004479  IntDisable                         
000044e1  IntEnable                          
00004549  __TI_decompress_lzss               
000045b1  xQueueGenericSendFromISR           
00004619  xTaskCreate                        
000046e5  xEventGroupSetBits                 
00004749  UARTStdioConfig                    
00004867  xQueueGiveFromISR                  
00004921  AS7341_read                        
00004979  GPIOIntTypeSet                     
000049d1  xTaskCheckForTimeOut               
00004a29  AnalogInit                         
00004a7d  vPortFree                          
00004ad1  AS7341_BankAcessSet                
00004b21  UARTwrite                          
00004b71  ADCSequenceConfigure               
00004bc1  AS7341_write                       
00004c0d  GPIOPinConfigure                   
00004c59  I2CMasterInitExpClk                
00004ca5  uDMAChannelAttributeDisable        
00004ced  vQueueWaitForMessageRestricted     
00004d35  AS7341_PowerOn                     
00004d7b  UARTConfigSetExpClk                
00004dc1  UART5IntHandler                    
00004e05  __TI_auto_init_nobinit_nopinit     
00004ed1  uDMAChannelAttributeEnable         
00004f15  xQueueGenericCreate                
00004f99  __aeabi_uidiv                      
00004f99  __aeabi_uidivmod                   
00004fd9  vQueueAddToRegistry                
00005019  vTaskPlaceOnEventListRestricted    
00005059  vTaskPlaceOnUnorderedEventList     
00005099  xPortStartScheduler                
000050d9  xTimerCreateTimerTask              
00005119  AS7341_GetIntegrationTimeADC       
00005155  AS7341_DevivceConfig               
00005191  I2C1_IntHandler                    
000051c9  PortDIntHanlder                    
00005201  SysCtlPeripheralReady              
00005239  uDMAErrIntHandler                  
00005271  vListInsert                        
000052a9  IntRegister                        
000052dd  SysCtlPeripheralEnable             
00005311  _c_int00_noargs                    
00005345  AS7341_PerformanceDbgInit          
00005375  UART5_DbgInit                      
000053d5  vTaskDelay                         
00005405  __aeabi_i2d                        
00005433  AS7341_DeviceStatus                
0000545f  AS7341_GetStepADC                  
0000548b  GPIODirModeSet                     
000054b9  InitInterruptions                  
00005511  pxPortInitialiseStack              
0000553d  uDMAChannelAssign                  
00005569  xPortSysTickHandler                
00005595  AS7341_DisableSpecMen              
000055bf  AS7341_EnableSpecMen               
000055e9  AS7341_SMUXEnable                  
00005665  uDMAChannelModeGet                 
0000568d  xTimerPendFunctionCallFromISR      
000056b5  AS7341_SetStepADC                  
00005701  uxListRemove                       
00005727  AS7341_BufferConfig                
0000574d  IntPrioritySet                     
000057dd  uDMAChannelControlSet              
00005801  AS7341_Boot                        
00005823  PWMGenConfigure                    
00005845  UARTDisable                        
00005885  uDMAChannelIsEnabled               
000058a5  PWMPulseWidthSet                   
000058c3  AS7341_SetAcessAndRead             
000058df  AS7341_SetAcessAndWrite            
000058fb  AS7341_WriteI2cReg2SMUX_Sel        
00005919  WaitACK                            
00005935  uDMAIntHandler                     
00005951  vPortEnterCritical                 
0000596d  vPortSetupTimerInterrupt           
00005989  vTaskPlaceOnEventList              
000059a5  xDebaunceKey                       
000059c1  AS7341_GetGainADC                  
000059db  GPIOPinTypeGPIOOutput              
000059f5  UARTprintf                         
00005a0f  copysign                           
00005a0f  copysignl                          
00005a43  xEventGroupCreate                  
00005a5d  ADCProcessorTrigger                
00005a75  AS7341_SetGainADC                  
00005a8d  GPIOUnlockPin                      
00005aa5  pvTaskIncrementMutexHeldCount      
00005abd  uDMAChannelEnable                  
00005ad5  uxTaskResetEventItemValue          
00005aed  vListInsertEnd                     
00005b05  vPortExitCritical                  
00005b1d  vTaskInternalSetTimeOutState       
00005b35  xEventGroupSetBitsFromISR          
00005b4d  AS7341_SetTimeADC                  
00005b63  AS7341_SetWtimeADC                 
00005b79  GPIOPinTypeADC                     
00005b8f  GPIOPinTypeGPIOInput               
00005ba5  GPIOPinTypeI2C                     
00005bbb  GPIOPinTypeI2CSCL                  
00005bd1  GPIOPinTypePWM                     
00005be7  GPIOPinTypeUART                    
00005c29  vListInitialise                    
00005c41  GreenLightTurnOff                  
00005c55  SysCtlPWMClockSet                  
00005c69  UARTEnable                         
00005ca5  NemaTaskCreation                   
00005cb7  PWMOutputState                     
00005cdb  ADCIntEnable                       
00005ceb  ADCSequenceDMAEnable               
00005cfd  ADCTriggerDbgRst                   
00005d0d  ADCTriggerDbgSet                   
00005d1d  AS7341_GetTimeADC                  
00005d2d  AS7341_PerformanceDbgClr           
00005d3d  AS7341_PerformanceDbgSet           
00005d4d  IntMasterDisable                   
00005d5d  IntMasterEnable                    
00005d6d  NemaDisable                        
00005d7d  PWMGenPeriodSet                    
00005d8d  UART5_DbgRst                       
00005d9d  UART5_DbgSet                       
00005dbd  uDMAEnable                         
00005dcd  uDMAIntRegister                    
00005ddd  uxTaskGetStackHighWaterMark        
00005ded  vTaskSuspendAll                    
00005dfd  ADCIntDisable                      
00005e0b  ADCSequenceDisable                 
00005e19  ADCSequenceEnable                  
00005e27  GPIOIntDisable                     
00005e35  GPIOIntStatus                      
00005e43  UARTCharPutNonBlocking             
00005e51  __TI_decompress_none               
00005e5f  CPUcpsid                           
00005e6b  CPUcpsie                           
00005e77  GPIOIntEnable                      
00005e83  PWMGenEnable                       
00005e91  UART5_SendByte                     
00005e9d  __TI_zero_init                     
00005eb5  uDMAControlBaseSet                 
00005ec1  uDMAErrorStatusClear               
00005ecd  uDMAErrorStatusGet                 
00005ed9  uDMAIntClear                       
00005ee5  uxTaskGetNumberOfTasks             
00005ef1  vTaskMissedYield                   
00005efd  xTaskGetTickCount                  
00005f09  ADCIntClear                        
00005f13  I2CMasterEnable                    
00005f1d  UARTFIFOEnable                     
00005f27  UARTIntStatus                      
00005f31  ADCIntEnableEx                     
00005f39  I2CMasterIntClear                  
00005f41  I2CMasterIntEnableEx               
00005f49  I2CMasterSlaveAddrSet              
00005f51  UARTDMAEnable                      
00005f59  UARTIntEnable                      
00005f61  __aeabi_errno_addr                 
00005f69  vApplicationStackOverflowHook      
00005f71  GPIOIntClear                       
00005f77  GPIOPinRead                        
00005f7d  GPIOPinWrite                       
00005f83  ResetISR                           
00005f89  UARTClockSourceSet                 
00005f8f  vListInitialiseItem                
00005f95  I2CMasterControl                   
00005f99  I2CMasterDataGet                   
00005f9d  I2CMasterDataPut                   
00005fa1  UARTIntClear                       
00005fa5  _system_pre_init                   
00005fa9  C$$EXIT                            
00005fa9  abort                              
00005fad  vEventGroupSetBitsCallback         
00006244  ulMaxSyscallInterruptPriority      
00006248  uxTopUsedPriority                  
00006274  __TI_Handler_Table_Base            
00006280  __TI_Handler_Table_Limit           
00006290  __TI_CINIT_Base                    
000062a8  __TI_CINIT_Limit                   
20000000  __start___llvm_prf_cnts            
20000000  __stop___llvm_prf_cnts             
20000000  g_pfnRAMVectors                    
2000026c  pxCurrentTCB                       
200002a0  adc_count                          
200002a4  dma_count                          
200002a8  ADC_result                         
200002ac  UART_Tx                            
200002b0  xDebaunceKeyHandle                 
200002b4  xChangeDirectionHandle             
200002b8  xTrackInterfMovHandle              
200002c8  BankAcessControlValue              
200002c9  BankAcessSet                       
200002cc  xAS7341_DebaunceIntHandle          
200002e0  uart_count                         
200002e4  AS7341_Handle                      
200002ec  errno                              
20005310  xQueueRegistry                     
200053ec  LinearMov_Mngr                     
200053fc  ADC_rslt                           
20005400  pui8ControlTable                   
20005800  pui8ControlTableUART               
20005d40  StepCount                          
20005d50  adcBuffer                          
20005d80  AS7341_Semphr                      
20005d84  BurstEventGroup                    
20005d88  ChangeDirStatus                    
20005d8c  Gain                               
20005d90  I2C1_Semphr                        
20005d94  IntTime                            
20005d98  errorStatus                        
20005d9c  AS7341_pooling                     
20005da0  __stack                            
20005fa0  __STACK_END                        
20005fa0  __STACK_TOP                        
ffffffff  __TI_pprof_out_hndl                
ffffffff  __TI_prof_data_size                
ffffffff  __TI_prof_data_start               
ffffffff  __binit__                          
ffffffff  __c_args__                         
ffffffff  binit                              
UNDEFED   __mpu_init                         
UNDEFED   _system_post_cinit                 

[303 symbols]
