******************************************************************************
                  TI ARM Linker Unix v20.2.1                   
******************************************************************************
>> Linked Thu Jul 24 13:17:52 2025

OUTPUT FILE NAME:   <Nema17.out>
ENTRY POINT SYMBOL: "_c_int00_noargs"  address: 00003fd5


MEMORY CONFIGURATION

         name            origin    length      used     unused   attr    fill
----------------------  --------  ---------  --------  --------  ----  --------
  FLASH                 00000000   00040000  00004c4e  0003b3b2  R  X
  SRAM                  20000000   00008000  00005e78  00002188  RW X


SEGMENT ALLOCATION MAP

run origin  load origin   length   init length attrs members
----------  ----------- ---------- ----------- ----- -------
00000000    00000000    00004c50   00004c50    r-x
  00000000    00000000    0000026c   0000026c    r-- .intvecs
  0000026c    0000026c    000046fa   000046fa    r-x .text
  00004968    00004968    00000290   00000290    r-- .const
  00004bf8    00004bf8    00000058   00000058    r-- .cinit
20000000    20000000    000002e8   00000000    rw-
  20000000    20000000    0000026c   00000000    rw- .vtable
  2000026c    2000026c    0000007c   00000000    rw- .data
20000400    20000400    00005b90   00000000    rw-
  20000400    20000400    00005990   00000000    rw- .bss
  20005d90    20005d90    00000200   00000000    rw- .stack


SECTION ALLOCATION MAP

 output                                  attributes/
section   page    origin      length       input sections
--------  ----  ----------  ----------   ----------------
.intvecs   0    00000000    0000026c     
                  00000000    0000026c     tm4c123gh6pm_startup_ccs.obj (.intvecs)

.text      0    0000026c    000046fa     
                  0000026c    00000328     rtsv7M4_T_le_v4SPD16_eabi.lib : e_exp.c.obj (.text:exp)
                  00000594    000001ee     uartstdio.obj (.text:UARTvprintf)
                  00000782    00000002     tm4c123gh6pm_startup_ccs.obj (.text:FaultISR)
                  00000784    000001ec     ADC_DMA.obj (.text:BurstDMA_Check)
                  00000970    000001e8     drv8825.obj (.text:NemaInterruptionConfig)
                  00000b58    000001b6     rtsv7M4_T_le_v4SPD16_eabi.lib : fd_add_t2.asm.obj (.text)
                  00000d0e    00000002     tm4c123gh6pm_startup_ccs.obj (.text:IntDefaultHandler)
                  00000d10    0000018c     drv8825.obj (.text:xChangeDirection)
                  00000e9c    0000016c     driverlib.lib : gpio.obj (.text:GPIOPadConfigSet)
                  00001008    00000164     tasks.obj (.text:xTaskIncrementTick)
                  0000116c    00000150     drv8825.obj (.text:TriggerPWMSigmoidFrequency)
                  000012bc    00000144     tasks.obj (.text:xTaskResumeAll)
                  00001400    00000136     rtsv7M4_T_le_v4SPD16_eabi.lib : fd_div_t2.asm.obj (.text)
                  00001536    00000002     tm4c123gh6pm_startup_ccs.obj (.text:NmiSR)
                  00001538    00000118     driverlib.lib : sysctl.obj (.text:SysCtlClockGet)
                  00001650    00000110     ADC_DMA.obj (.text:InitGPIOTrigger)
                  00001760    0000010c     drv8825.obj (.text:NemaConfig)
                  0000186c    00000108     hello.obj (.text:ADC_DMA_Reader)
                  00001974    000000fc     rtsv7M4_T_le_v4SPD16_eabi.lib : fd_mul_t2.asm.obj (.text)
                  00001a70    000000fc     tasks.obj (.text:vTaskGenericNotifyGiveFromISR)
                  00001b6c    000000f4     queue.obj (.text:xQueueReceive)
                  00001c60    000000f0     timers.obj (.text:prvProcessReceivedCommands)
                  00001d50    000000e8     tasks.obj (.text:xTaskRemoveFromEventList)
                  00001e38    000000e4     rtos_hw_drivers.obj (.text:PinoutSet)
                  00001f1c    000000e0     tasks.obj (.text:prvAddNewTaskToReadyList)
                  00001ffc    000000da     portasm.obj (.text)
                  000020d6    00000002     rtsv7M4_T_le_v4SPD16_eabi.lib : div0.asm.obj (.text)
                  000020d8    000000d4     drv8825.obj (.text:GPIOPortE_Handler)
                  000021ac    000000d4     ADC_DMA.obj (.text:InitADC)
                  00002280    000000d0     SpecResult.obj (.text:UART5_Init)
                  00002350    000000c0     tasks.obj (.text:vTaskDelete)
                  00002410    000000bc     ADC_DMA.obj (.text:GPIOFIntHandler)
                  000024cc    000000bc     heap_2.obj (.text:pvPortMalloc)
                  00002588    000000bc     drv8825.obj (.text:xTrackInterfMov)
                  00002644    000000b8     ADC_DMA.obj (.text:BurstModeConfig)
                  000026fc    000000b4     tasks.obj (.text:vTaskRemoveFromUnorderedEventList)
                  000027b0    000000b0     tasks.obj (.text:prvAddCurrentTaskToDelayedList)
                  00002860    000000a8     event_groups.obj (.text:xEventGroupWaitBits)
                  00002908    000000a4     ADC_DMA.obj (.text:ADCIntHanlder)
                  000029ac    0000009c     rtsv7M4_T_le_v4SPD16_eabi.lib : memcpy_t2.asm.obj (.text)
                  00002a48    0000009c     queue.obj (.text:xQueueGenericReset)
                  00002ae4    00000090     tasks.obj (.text:xTaskPriorityDisinherit)
                  00002b74    0000008c     tasks.obj (.text:vTaskSwitchContext)
                  00002c00    00000086     rtsv7M4_T_le_v4SPD16_eabi.lib : fd_cmp_t2.asm.obj (.text:__aeabi_cdcmple)
                  00002c86    00000086                                   : fd_cmp_t2.asm.obj (.text:__aeabi_cdrcmple)
                  00002d0c    00000084     tasks.obj (.text:prvInitialiseNewTask)
                  00002d90    0000007c     driverlib.lib : udma.obj (.text:uDMAChannelTransferSet)
                  00002e0c    0000007a                   : adc.obj (.text:ADCSequenceStepConfigure)
                  00002e86    0000007a     rtsv7M4_T_le_v4SPD16_eabi.lib : memset_t2.asm.obj (.text)
                  00002f00    00000078     drv8825.obj (.text:PWM_SetDutyCycle)
                  00002f78    00000078     tasks.obj (.text:ulTaskGenericNotifyTake)
                  00002ff0    00000076     queue.obj (.text:prvCopyDataToQueue)
                  00003066    00000002     hello.obj (.text:vApplicationIdleHook)
                  00003068    00000070     ADC_DMA.obj (.text:InitDMA)
                  000030d8    00000070     timers.obj (.text:prvProcessTimerOrBlockTask)
                  00003148    0000006e     rtsv7M4_T_le_v4SPD16_eabi.lib : fd_tos_t2.asm.obj (.text)
                  000031b6    00000002     --HOLE-- [fill = 0]
                  000031b8    0000006c     hello.obj (.text:main)
                  00003224    0000006c     tasks.obj (.text:vTaskStartScheduler)
                  00003290    00000068     driverlib.lib : interrupt.obj (.text:IntDisable)
                  000032f8    00000068                   : interrupt.obj (.text:IntEnable)
                  00003360    00000068     rtsv7M4_T_le_v4SPD16_eabi.lib : copy_decompress_lzss.c.obj (.text:decompress:lzss:__TI_decompress_lzss)
                  000033c8    00000068     queue.obj (.text:xQueueGenericSendFromISR)
                  00003430    00000066     tasks.obj (.text:xTaskCreate)
                  00003496    00000002     --HOLE-- [fill = 0]
                  00003498    00000064     hello.obj (.text:prvConfigureUART)
                  000034fc    00000064     event_groups.obj (.text:xEventGroupSetBits)
                  00003560    00000060     uartstdio.obj (.text:UARTStdioConfig)
                  000035c0    00000060     tasks.obj (.text:prvInitialiseTaskLists)
                  00003620    00000060     drv8825.obj (.text:sigmoid)
                  00003680    0000005e     queue.obj (.text:prvUnlockQueue)
                  000036de    0000005e     queue.obj (.text:xQueueGiveFromISR)
                  0000373c    0000005c     timers.obj (.text:prvCheckForValidListAndQueue)
                  00003798    00000058     driverlib.lib : gpio.obj (.text:GPIOIntTypeSet)
                  000037f0    00000058     tasks.obj (.text:xTaskCheckForTimeOut)
                  00003848    00000054     drv8825.obj (.text:AnalogInit)
                  0000389c    00000054     heap_2.obj (.text:vPortFree)
                  000038f0    00000050     uartstdio.obj (.text:UARTwrite)
                  00003940    0000004e     driverlib.lib : adc.obj (.text:ADCSequenceConfigure)
                  0000398e    00000002     --HOLE-- [fill = 0]
                  00003990    0000004c                   : gpio.obj (.text:GPIOPinConfigure)
                  000039dc    00000048     rtsv7M4_T_le_v4SPD16_eabi.lib : fd_toi_t2.asm.obj (.text)
                  00003a24    00000048     driverlib.lib : udma.obj (.text:uDMAChannelAttributeDisable)
                  00003a6c    00000048     queue.obj (.text:vQueueWaitForMessageRestricted)
                  00003ab4    00000046     driverlib.lib : uart.obj (.text:UARTConfigSetExpClk)
                  00003afa    00000002     --HOLE-- [fill = 0]
                  00003afc    00000044     SpecResult.obj (.text:UART5IntHandler)
                  00003b40    00000044     rtsv7M4_T_le_v4SPD16_eabi.lib : autoinit.c.obj (.text:__TI_auto_init_nobinit_nopinit:__TI_auto_init_nobinit_nopinit)
                  00003b84    00000044     tasks.obj (.text:prvCheckTasksWaitingTermination)
                  00003bc8    00000044     timers.obj (.text:prvInsertTimerInActiveList)
                  00003c0c    00000044     driverlib.lib : udma.obj (.text:uDMAChannelAttributeEnable)
                  00003c50    00000042     queue.obj (.text:xQueueGenericCreate)
                  00003c92    00000002     --HOLE-- [fill = 0]
                  00003c94    00000040     timers.obj (.text:prvProcessExpiredTimer)
                  00003cd4    00000040     rtsv7M4_T_le_v4SPD16_eabi.lib : u_divt2.asm.obj (.text)
                  00003d14    00000040     queue.obj (.text:vQueueAddToRegistry)
                  00003d54    00000040     tasks.obj (.text:vTaskPlaceOnEventListRestricted)
                  00003d94    00000040     tasks.obj (.text:vTaskPlaceOnUnorderedEventList)
                  00003dd4    00000040     port.obj (.text:xPortStartScheduler)
                  00003e14    00000040     timers.obj (.text:xTimerCreateTimerTask)
                  00003e54    00000038     AS7341.obj (.text:I2C1_IntHandler)
                  00003e8c    00000038     AS7341.obj (.text:PortDIntHanlder)
                  00003ec4    00000038     rtsv7M4_T_le_v4SPD16_eabi.lib : fs_tod_t2.asm.obj (.text)
                  00003efc    00000038     ADC_DMA.obj (.text:uDMAErrIntHandler)
                  00003f34    00000038     list.obj (.text:vListInsert)
                  00003f6c    00000034     driverlib.lib : interrupt.obj (.text:IntRegister)
                  00003fa0    00000034                   : sysctl.obj (.text:SysCtlPeripheralEnable)
                  00003fd4    00000034     rtsv7M4_T_le_v4SPD16_eabi.lib : boot_cortex_m.c.obj (.text:_c_int00_noargs:_c_int00_noargs)
                  00004008    00000030     SpecResult.obj (.text:UART5_DbgInit)
                  00004038    00000030     heap_2.obj (.text:prvHeapInit)
                  00004068    00000030     tasks.obj (.text:vTaskDelay)
                  00004098    0000002e     rtsv7M4_T_le_v4SPD16_eabi.lib : i_tofd_t2.asm.obj (.text)
                  000040c6    0000002c     driverlib.lib : gpio.obj (.text:GPIODirModeSet)
                  000040f2    00000002     --HOLE-- [fill = 0]
                  000040f4    0000002c     ADC_DMA.obj (.text:InitInterruptions)
                  00004120    0000002c     timers.obj (.text:prvSwitchTimerLists)
                  0000414c    0000002c     port.obj (.text:pxPortInitialiseStack)
                  00004178    0000002c     driverlib.lib : udma.obj (.text:uDMAChannelAssign)
                  000041a4    0000002c     port.obj (.text:xPortSysTickHandler)
                  000041d0    0000002a     timers.obj (.text:prvReloadTimer)
                  000041fa    00000002     --HOLE-- [fill = 0]
                  000041fc    00000028     timers.obj (.text:prvSampleTimeNow)
                  00004224    00000028     driverlib.lib : udma.obj (.text:uDMAChannelModeGet)
                  0000424c    00000028     timers.obj (.text:xTimerPendFunctionCallFromISR)
                  00004274    00000026     queue.obj (.text:prvCopyDataFromQueue)
                  0000429a    00000026     list.obj (.text:uxListRemove)
                  000042c0    00000024     driverlib.lib : interrupt.obj (.text:IntPrioritySet)
                  000042e4    00000024     queue.obj (.text:prvInitialiseNewQueue)
                  00004308    00000024     tasks.obj (.text:prvResetNextTaskUnblockTime)
                  0000432c    00000024     hello.obj (.text:prvSetupHardware)
                  00004350    00000024     driverlib.lib : udma.obj (.text:uDMAChannelControlSet)
                  00004374    00000022                   : pwm.obj (.text:PWMGenConfigure)
                  00004396    00000002     --HOLE-- [fill = 0]
                  00004398    00000020                   : uart.obj (.text:UARTDisable)
                  000043b8    00000020     timers.obj (.text:prvGetNextExpireTime)
                  000043d8    00000020     driverlib.lib : udma.obj (.text:uDMAChannelIsEnabled)
                  000043f8    0000001e                   : pwm.obj (.text:PWMPulseWidthSet)
                  00004416    00000002     --HOLE-- [fill = 0]
                  00004418    0000001c     ADC_DMA.obj (.text:uDMAIntHandler)
                  00004434    0000001c     port.obj (.text:vPortEnterCritical)
                  00004450    0000001c     port.obj (.text:vPortSetupTimerInterrupt)
                  0000446c    0000001c     tasks.obj (.text:vTaskPlaceOnEventList)
                  00004488    0000001c     drv8825.obj (.text:xDebaunceKey)
                  000044a4    0000001a     driverlib.lib : gpio.obj (.text:GPIOPinTypeGPIOOutput)
                  000044be    0000001a     uartstdio.obj (.text:UARTprintf)
                  000044d8    0000001a     queue.obj (.text:prvIsQueueEmpty)
                  000044f2    0000001a     event_groups.obj (.text:xEventGroupCreate)
                  0000450c    00000018     driverlib.lib : adc.obj (.text:ADCProcessorTrigger)
                  00004524    00000018                   : gpio.obj (.text:GPIOUnlockPin)
                  0000453c    00000018                   : udma.obj (.text:uDMAChannelEnable)
                  00004554    00000018     tasks.obj (.text:uxTaskResetEventItemValue)
                  0000456c    00000018     list.obj (.text:vListInsertEnd)
                  00004584    00000018     port.obj (.text:vPortExitCritical)
                  0000459c    00000018     tasks.obj (.text:vTaskInternalSetTimeOutState)
                  000045b4    00000018     event_groups.obj (.text:xEventGroupSetBitsFromISR)
                  000045cc    00000016     driverlib.lib : gpio.obj (.text:GPIOPinTypeADC)
                  000045e2    00000016                   : gpio.obj (.text:GPIOPinTypeGPIOInput)
                  000045f8    00000016                   : gpio.obj (.text:GPIOPinTypePWM)
                  0000460e    00000016                   : gpio.obj (.text:GPIOPinTypeUART)
                  00004624    00000016     event_groups.obj (.text:prvTestWaitCondition)
                  0000463a    00000016     list.obj (.text:vListInitialise)
                  00004650    00000014     mono_light.obj (.text:GreenLightTurnOff)
                  00004664    00000014     driverlib.lib : sysctl.obj (.text:SysCtlPWMClockSet)
                  00004678    00000014                   : uart.obj (.text:UARTEnable)
                  0000468c    00000014     tasks.obj (.text:prvTaskCheckFreeStackSpace)
                  000046a0    00000014     timers.obj (.text:prvTimerTask)
                  000046b4    00000012     hello.obj (.text:NemaTaskCreation)
                  000046c6    00000012     driverlib.lib : pwm.obj (.text:PWMGenPeriodGet)
                  000046d8    00000012                   : pwm.obj (.text:PWMOutputState)
                  000046ea    00000012     tasks.obj (.text:prvDeleteTCB)
                  000046fc    00000010     driverlib.lib : adc.obj (.text:ADCIntEnable)
                  0000470c    00000010                   : adc.obj (.text:ADCSequenceDMAEnable)
                  0000471c    00000010     ADC_DMA.obj (.text:ADCTriggerDbgRst)
                  0000472c    00000010     ADC_DMA.obj (.text:ADCTriggerDbgSet)
                  0000473c    00000010     driverlib.lib : interrupt.obj (.text:IntMasterDisable)
                  0000474c    00000010     drv8825.obj (.text:NemaDisable)
                  0000475c    00000010     driverlib.lib : pwm.obj (.text:PWMGenPeriodSet)
                  0000476c    00000010     SpecResult.obj (.text:UART5_DbgRst)
                  0000477c    00000010     SpecResult.obj (.text:UART5_DbgSet)
                  0000478c    00000010     port.obj (.text:prvTaskExitError)
                  0000479c    00000010     driverlib.lib : udma.obj (.text:uDMAEnable)
                  000047ac    00000010                   : udma.obj (.text:uDMAIntRegister)
                  000047bc    00000010     tasks.obj (.text:uxTaskGetStackHighWaterMark)
                  000047cc    00000010     tasks.obj (.text:vTaskSuspendAll)
                  000047dc    0000000e     driverlib.lib : adc.obj (.text:ADCIntDisable)
                  000047ea    0000000e                   : adc.obj (.text:ADCSequenceDisable)
                  000047f8    0000000e                   : adc.obj (.text:ADCSequenceEnable)
                  00004806    0000000e                   : gpio.obj (.text:GPIOIntDisable)
                  00004814    0000000e                   : gpio.obj (.text:GPIOIntStatus)
                  00004822    0000000e                   : uart.obj (.text:UARTCharPutNonBlocking)
                  00004830    0000000e     rtsv7M4_T_le_v4SPD16_eabi.lib : copy_decompress_none.c.obj (.text:decompress:none:__TI_decompress_none)
                  0000483e    0000000c     driverlib.lib : cpu.obj (.text:CPUcpsid)
                  0000484a    0000000c                   : gpio.obj (.text:GPIOIntEnable)
                  00004856    0000000c                   : pwm.obj (.text:PWMGenEnable)
                  00004862    00000002     --HOLE-- [fill = 0]
                  00004864    0000000c     SpecResult.obj (.text:UART5_SendByte)
                  00004870    0000000c     rtsv7M4_T_le_v4SPD16_eabi.lib : copy_zero_init.c.obj (.text:decompress:ZI:__TI_zero_init)
                  0000487c    0000000c     tasks.obj (.text:prvIdleTask)
                  00004888    0000000c     driverlib.lib : udma.obj (.text:uDMAControlBaseSet)
                  00004894    0000000c                   : udma.obj (.text:uDMAErrorStatusClear)
                  000048a0    0000000c                   : udma.obj (.text:uDMAErrorStatusGet)
                  000048ac    0000000c                   : udma.obj (.text:uDMAIntClear)
                  000048b8    0000000c     tasks.obj (.text:uxTaskGetNumberOfTasks)
                  000048c4    0000000c     tasks.obj (.text:vTaskMissedYield)
                  000048d0    0000000c     tasks.obj (.text:xTaskGetTickCount)
                  000048dc    0000000a     driverlib.lib : adc.obj (.text:ADCIntClear)
                  000048e6    0000000a                   : uart.obj (.text:UARTFIFOEnable)
                  000048f0    0000000a                   : uart.obj (.text:UARTIntStatus)
                  000048fa    00000008                   : adc.obj (.text:ADCIntEnableEx)
                  00004902    00000008                   : i2c.obj (.text:I2CMasterIntClear)
                  0000490a    00000008                   : uart.obj (.text:UARTDMAEnable)
                  00004912    00000008                   : uart.obj (.text:UARTIntEnable)
                  0000491a    00000002     --HOLE-- [fill = 0]
                  0000491c    00000008     rtsv7M4_T_le_v4SPD16_eabi.lib : errno.c.obj (.text:__aeabi_errno_addr)
                  00004924    00000008     hello.obj (.text:vApplicationStackOverflowHook)
                  0000492c    00000006     driverlib.lib : gpio.obj (.text:GPIOIntClear)
                  00004932    00000006                   : gpio.obj (.text:GPIOPinRead)
                  00004938    00000006                   : gpio.obj (.text:GPIOPinWrite)
                  0000493e    00000006     tm4c123gh6pm_startup_ccs.obj (.text:ResetISR)
                  00004944    00000006     driverlib.lib : sysctl.obj (.text:SysCtlDelay)
                  0000494a    00000006                   : uart.obj (.text:UARTClockSourceSet)
                  00004950    00000006     list.obj (.text:vListInitialiseItem)
                  00004956    00000004     driverlib.lib : uart.obj (.text:UARTIntClear)
                  0000495a    00000004     rtsv7M4_T_le_v4SPD16_eabi.lib : pre_init.c.obj (.text:_system_pre_init)
                  0000495e    00000004                                   : exit.c.obj (.text:abort:abort)
                  00004962    00000004     event_groups.obj (.text:vEventGroupSetBitsCallback)

.const     0    00004968    00000290     
                  00004968    0000009c     driverlib.lib : interrupt.obj (.const:g_pui32Regs)
                  00004a04    00000090                   : gpio.obj (.const:g_pui32GPIOBaseAddrs)
                  00004a94    0000006c                   : sysctl.obj (.const:g_pui32Xtals)
                  00004b00    00000030     rtsv7M4_T_le_v4SPD16_eabi.lib : e_exp.c.obj (.const:$O1$$)
                  00004b30    00000018     ADC_DMA.obj (.const:.string:$P$T1$2)
                  00004b48    00000014     ADC_DMA.obj (.const:.string:$P$T0$1)
                  00004b5c    00000014     ADC_DMA.obj (.const:.string:$P$T3$4)
                  00004b70    00000014     driverlib.lib : interrupt.obj (.const:g_pui32Dii16Regs)
                  00004b84    00000014                   : interrupt.obj (.const:g_pui32EnRegs)
                  00004b98    00000012     ADC_DMA.obj (.const:.string:$P$T5$6)
                  00004baa    00000011     ADC_DMA.obj (.const:.string:$P$T4$5)
                  00004bbb    0000000f     hello.obj (.const:.string:$P$T3$2)
                  00004bca    0000000c     drv8825.obj (.const:.string:$P$T0$1)
                  00004bd6    00000002     --HOLE-- [fill = 0]
                  00004bd8    0000000c     uartstdio.obj (.const:g_ui32UARTBase)
                  00004be4    0000000c     uartstdio.obj (.const:g_ui32UARTPeriph)
                  00004bf0    00000004     port.obj (.const)
                  00004bf4    00000004     tasks.obj (.const)

.cinit     0    00004bf8    00000058     
                  00004bf8    0000001f     (.cinit..data.load) [load image, compression = lzss]
                  00004c17    00000001     --HOLE-- [fill = 0]
                  00004c18    0000000c     (__TI_handler_table)
                  00004c24    00000004     --HOLE-- [fill = 0]
                  00004c28    00000008     (.cinit..bss.load) [load image, compression = zero_init]
                  00004c30    00000008     (.cinit..vtable.load) [load image, compression = zero_init]
                  00004c38    00000018     (__TI_cinit_table)

.init_array 
*          0    00000000    00000000     UNINITIALIZED

.vtable    0    20000000    0000026c     UNINITIALIZED
                  20000000    0000026c     driverlib.lib : interrupt.obj (.vtable)

.data      0    2000026c    0000007c     UNINITIALIZED
                  2000026c    00000034     tasks.obj (.data)
                  200002a0    00000010     ADC_DMA.obj (.data)
                  200002b0    0000000c     drv8825.obj (.data)
                  200002bc    0000000c     timers.obj (.data)
                  200002c8    00000008     heap_2.obj (.data)
                  200002d0    00000005     uartstdio.obj (.data)
                  200002d5    00000003     --HOLE--
                  200002d8    00000004     SpecResult.obj (.data)
                  200002dc    00000004     hello.obj (.data)
                  200002e0    00000004     port.obj (.data)
                  200002e4    00000004     rtsv7M4_T_le_v4SPD16_eabi.lib : errno.c.obj (.data)

.bss       0    20000400    00005990     UNINITIALIZED
                  20000400    00004f10     heap_2.obj (.bss:ucHeap)
                  20005310    00000050     (.common:xQueueRegistry)
                  20005360    00000014     timers.obj (.bss:xActiveTimerList1)
                  20005374    00000014     timers.obj (.bss:xActiveTimerList2)
                  20005388    00000014     tasks.obj (.bss:xDelayedTaskList1)
                  2000539c    00000014     tasks.obj (.bss:xDelayedTaskList2)
                  200053b0    00000014     tasks.obj (.bss:xPendingReadyList)
                  200053c4    00000014     tasks.obj (.bss:xSuspendedTaskList)
                  200053d8    00000014     tasks.obj (.bss:xTasksWaitingTermination)
                  200053ec    00000010     (.common:LinearMov_Mngr)
                  200053fc    00000004     (.common:ADC_rslt)
                  20005400    00000400     (.common:pui8ControlTable)
                  20005800    00000400     (.common:pui8ControlTableUART)
                  20005c00    00000140     tasks.obj (.bss:pxReadyTasksLists)
                  20005d40    00000010     (.common:StepCount)
                  20005d50    00000010     (.common:adcBuffer)
                  20005d60    00000008     tasks.obj (.bss)
                  20005d68    00000008     timers.obj (.bss)
                  20005d70    00000008     heap_2.obj (.bss:xEnd)
                  20005d78    00000008     heap_2.obj (.bss:xStart)
                  20005d80    00000004     (.common:BurstEventGroup)
                  20005d84    00000004     (.common:ChangeDirStatus)
                  20005d88    00000004     (.common:I2C1_Semphr)
                  20005d8c    00000004     (.common:errorStatus)

.stack     0    20005d90    00000200     UNINITIALIZED
                  20005d90    00000004     rtsv7M4_T_le_v4SPD16_eabi.lib : boot_cortex_m.c.obj (.stack)
                  20005d94    000001fc     --HOLE--

__llvm_prf_cnts 
*          0    20000000    00000000     UNINITIALIZED

MODULE SUMMARY

       Module                         code    ro data   rw data
       ------                         ----    -------   -------
    ./
       hello.obj                      536     15        2072   
       tm4c123gh6pm_startup_ccs.obj   12      620       0      
    +--+------------------------------+-------+---------+---------+
       Total:                         548     635       2072   
                                                               
    ./FreeRTOS/Source/
       tasks.obj                      3340    4         480    
       queue.obj                      1112    0         80     
       timers.obj                     858     0         60     
       event_groups.obj               344     0         0      
       list.obj                       146     0         0      
    +--+------------------------------+-------+---------+---------+
       Total:                         5800    4         620    
                                                               
    ./FreeRTOS/Source/portable/CCS/ARM_CM4F/
       port.obj                       248     4         4      
       portasm.obj                    218     0         0      
    +--+------------------------------+-------+---------+---------+
       Total:                         466     4         4      
                                                               
    ./FreeRTOS/Source/portable/MemMang/
       heap_2.obj                     320     0         20264  
    +--+------------------------------+-------+---------+---------+
       Total:                         320     0         20264  
                                                               
    ./SpecLibs/ADC_DMA_BurstMode/
       ADC_DMA.obj                    1784    99        24     
    +--+------------------------------+-------+---------+---------+
       Total:                         1784    99        24     
                                                               
    ./SpecLibs/AS7341/
       AS7341.obj                     112     0         4      
    +--+------------------------------+-------+---------+---------+
       Total:                         112     0         4      
                                                               
    ./SpecLibs/DRV8825/
       drv8825.obj                    2232    12        48     
    +--+------------------------------+-------+---------+---------+
       Total:                         2232    12        48     
                                                               
    ./SpecLibs/MonoLight/
       mono_light.obj                 20      0         0      
    +--+------------------------------+-------+---------+---------+
       Total:                         20      0         0      
                                                               
    ./SpecLibs/SpecResult/
       SpecResult.obj                 368     0         4      
    +--+------------------------------+-------+---------+---------+
       Total:                         368     0         4      
                                                               
    ./drivers/
       rtos_hw_drivers.obj            228     0         0      
    +--+------------------------------+-------+---------+---------+
       Total:                         228     0         0      
                                                               
    ./utils/
       uartstdio.obj                  696     24        5      
    +--+------------------------------+-------+---------+---------+
       Total:                         696     24        5      
                                                               
    /home/jao/curso/ufsm/Mestrado/Dissertacao/Pototip_DeVereda/ProjetoPrototipo/Tiva/EK-TM4C/driverlib/ccs/Debug/driverlib.lib
       interrupt.obj                  312     196       620    
       gpio.obj                       768     144       0      
       udma.obj                       520     0         0      
       sysctl.obj                     358     108       0      
       adc.obj                        316     0         0      
       uart.obj                       182     0         0      
       pwm.obj                        128     0         0      
       cpu.obj                        12      0         0      
       i2c.obj                        8       0         0      
    +--+------------------------------+-------+---------+---------+
       Total:                         2604    448       620    
                                                               
    /home/jao/ti/ccs1271/ccs/tools/compiler/ti-cgt-arm_20.2.1.LTS/lib/rtsv7M4_T_le_v4SPD16_eabi.lib
       e_exp.c.obj                    808     48        0      
       fd_add_t2.asm.obj              438     0         0      
       fd_div_t2.asm.obj              310     0         0      
       fd_cmp_t2.asm.obj              268     0         0      
       fd_mul_t2.asm.obj              252     0         0      
       memcpy_t2.asm.obj              156     0         0      
       memset_t2.asm.obj              122     0         0      
       fd_tos_t2.asm.obj              110     0         0      
       copy_decompress_lzss.c.obj     104     0         0      
       fd_toi_t2.asm.obj              72      0         0      
       autoinit.c.obj                 68      0         0      
       u_divt2.asm.obj                64      0         0      
       fs_tod_t2.asm.obj              56      0         0      
       boot_cortex_m.c.obj            52      0         0      
       i_tofd_t2.asm.obj              46      0         0      
       copy_decompress_none.c.obj     14      0         0      
       copy_zero_init.c.obj           12      0         0      
       errno.c.obj                    8       0         4      
       exit.c.obj                     4       0         0      
       pre_init.c.obj                 4       0         0      
       div0.asm.obj                   2       0         0      
    +--+------------------------------+-------+---------+---------+
       Total:                         2970    48        4      
                                                               
       Stack:                         0       0         512    
       Linker Generated:              0       83        0      
    +--+------------------------------+-------+---------+---------+
       Grand Total:                   18148   1357      24181  


LINKER GENERATED COPY TABLES

__TI_cinit_table @ 00004c38 records: 3, size/record: 8, table size: 24
	.data: load addr=00004bf8, load size=0000001f bytes, run addr=2000026c, run size=0000007c bytes, compression=lzss
	.bss: load addr=00004c28, load size=00000008 bytes, run addr=20000400, run size=00005990 bytes, compression=zero_init
	.vtable: load addr=00004c30, load size=00000008 bytes, run addr=20000000, run size=0000026c bytes, compression=zero_init


LINKER GENERATED HANDLER TABLE

__TI_handler_table @ 00004c18 records: 3, size/record: 4, table size: 12
	index: 0, handler: __TI_zero_init
	index: 1, handler: __TI_decompress_lzss
	index: 2, handler: __TI_decompress_none


GLOBAL SYMBOLS: SORTED ALPHABETICALLY BY Name 

address   name                             
-------   ----                             
000048dd  ADCIntClear                      
000047dd  ADCIntDisable                    
000046fd  ADCIntEnable                     
000048fb  ADCIntEnableEx                   
00002909  ADCIntHanlder                    
0000450d  ADCProcessorTrigger              
00003941  ADCSequenceConfigure             
0000470d  ADCSequenceDMAEnable             
000047eb  ADCSequenceDisable               
000047f9  ADCSequenceEnable                
00002e0d  ADCSequenceStepConfigure         
0000471d  ADCTriggerDbgRst                 
0000472d  ADCTriggerDbgSet                 
0000186d  ADC_DMA_Reader                   
200002a8  ADC_result                       
200053fc  ADC_rslt                         
200002dc  AS7341_Handle                    
00003849  AnalogInit                       
00000785  BurstDMA_Check                   
20005d80  BurstEventGroup                  
00002645  BurstModeConfig                  
0000495f  C$$EXIT                          
0000483f  CPUcpsid                         
20005d84  ChangeDirStatus                  
000040c7  GPIODirModeSet                   
00002411  GPIOFIntHandler                  
0000492d  GPIOIntClear                     
00004807  GPIOIntDisable                   
0000484b  GPIOIntEnable                    
00004815  GPIOIntStatus                    
00003799  GPIOIntTypeSet                   
00000e9d  GPIOPadConfigSet                 
00003991  GPIOPinConfigure                 
00004933  GPIOPinRead                      
000045cd  GPIOPinTypeADC                   
000045e3  GPIOPinTypeGPIOInput             
000044a5  GPIOPinTypeGPIOOutput            
000045f9  GPIOPinTypePWM                   
0000460f  GPIOPinTypeUART                  
00004939  GPIOPinWrite                     
000020d9  GPIOPortE_Handler                
00004525  GPIOUnlockPin                    
00004651  GreenLightTurnOff                
00003e55  I2C1_IntHandler                  
20005d88  I2C1_Semphr                      
00004903  I2CMasterIntClear                
000021ad  InitADC                          
00003069  InitDMA                          
00001651  InitGPIOTrigger                  
000040f5  InitInterruptions                
00003291  IntDisable                       
000032f9  IntEnable                        
0000473d  IntMasterDisable                 
000042c1  IntPrioritySet                   
00003f6d  IntRegister                      
200053ec  LinearMov_Mngr                   
00001761  NemaConfig                       
0000474d  NemaDisable                      
00000971  NemaInterruptionConfig           
000046b5  NemaTaskCreation                 
00004375  PWMGenConfigure                  
00004857  PWMGenEnable                     
000046c7  PWMGenPeriodGet                  
0000475d  PWMGenPeriodSet                  
000046d9  PWMOutputState                   
000043f9  PWMPulseWidthSet                 
00002f01  PWM_SetDutyCycle                 
00001e39  PinoutSet                        
00003e8d  PortDIntHanlder                  
0000493f  ResetISR                         
20005d40  StepCount                        
00001539  SysCtlClockGet                   
00004945  SysCtlDelay                      
00004665  SysCtlPWMClockSet                
00003fa1  SysCtlPeripheralEnable           
0000116d  TriggerPWMSigmoidFrequency       
00003afd  UART5IntHandler                  
00004009  UART5_DbgInit                    
0000476d  UART5_DbgRst                     
0000477d  UART5_DbgSet                     
00002281  UART5_Init                       
00004865  UART5_SendByte                   
00004823  UARTCharPutNonBlocking           
0000494b  UARTClockSourceSet               
00003ab5  UARTConfigSetExpClk              
0000490b  UARTDMAEnable                    
00004399  UARTDisable                      
00004679  UARTEnable                       
000048e7  UARTFIFOEnable                   
00004957  UARTIntClear                     
00004913  UARTIntEnable                    
000048f1  UARTIntStatus                    
00003561  UARTStdioConfig                  
200002ac  UART_Tx                          
000044bf  UARTprintf                       
00000595  UARTvprintf                      
000038f1  UARTwrite                        
20005f90  __STACK_END                      
00000200  __STACK_SIZE                     
20005f90  __STACK_TOP                      
00004c38  __TI_CINIT_Base                  
00004c50  __TI_CINIT_Limit                 
00004c18  __TI_Handler_Table_Base          
00004c24  __TI_Handler_Table_Limit         
00003b41  __TI_auto_init_nobinit_nopinit   
00003361  __TI_decompress_lzss             
00004831  __TI_decompress_none             
ffffffff  __TI_pprof_out_hndl              
ffffffff  __TI_prof_data_size              
ffffffff  __TI_prof_data_start             
00000000  __TI_static_base__               
00004871  __TI_zero_init                   
00002c01  __aeabi_cdcmpeq                  
00002c01  __aeabi_cdcmple                  
00002c87  __aeabi_cdrcmple                 
00003149  __aeabi_d2f                      
000039dd  __aeabi_d2iz                     
00000b63  __aeabi_dadd                     
00001401  __aeabi_ddiv                     
00001975  __aeabi_dmul                     
00000b59  __aeabi_dsub                     
0000491d  __aeabi_errno_addr               
00003ec5  __aeabi_f2d                      
00004099  __aeabi_i2d                      
000020d7  __aeabi_idiv0                    
000020d7  __aeabi_ldiv0                    
00002e87  __aeabi_memclr                   
00002e87  __aeabi_memclr4                  
00002e87  __aeabi_memclr8                  
000029ad  __aeabi_memcpy                   
000029ad  __aeabi_memcpy4                  
000029ad  __aeabi_memcpy8                  
00002e89  __aeabi_memset                   
00002e89  __aeabi_memset4                  
00002e89  __aeabi_memset8                  
00003cd5  __aeabi_uidiv                    
00003cd5  __aeabi_uidivmod                 
ffffffff  __binit__                        
ffffffff  __c_args__                       
UNDEFED   __mpu_init                       
20005d90  __stack                          
20000000  __start___llvm_prf_cnts          
20000000  __stop___llvm_prf_cnts           
00003fd5  _c_int00_noargs                  
UNDEFED   _system_post_cinit               
0000495b  _system_pre_init                 
0000495f  abort                            
20005d50  adcBuffer                        
200002a0  adc_count                        
ffffffff  binit                            
200002a4  dma_count                        
200002e4  errno                            
20005d8c  errorStatus                      
0000026d  exp                              
0000026d  expl                             
20000000  g_pfnRAMVectors                  
00000000  g_pfnVectors                     
000031b9  main                             
000029ad  memcpy                           
00002e8f  memset                           
20005400  pui8ControlTable                 
20005800  pui8ControlTableUART             
000024cd  pvPortMalloc                     
2000026c  pxCurrentTCB                     
0000414d  pxPortInitialiseStack            
00003621  sigmoid                          
00004179  uDMAChannelAssign                
00003a25  uDMAChannelAttributeDisable      
00003c0d  uDMAChannelAttributeEnable       
00004351  uDMAChannelControlSet            
0000453d  uDMAChannelEnable                
000043d9  uDMAChannelIsEnabled             
00004225  uDMAChannelModeGet               
00002d91  uDMAChannelTransferSet           
00004889  uDMAControlBaseSet               
0000479d  uDMAEnable                       
00003efd  uDMAErrIntHandler                
00004895  uDMAErrorStatusClear             
000048a1  uDMAErrorStatusGet               
000048ad  uDMAIntClear                     
00004419  uDMAIntHandler                   
000047ad  uDMAIntRegister                  
200002d8  uart_count                       
00004bf0  ulMaxSyscallInterruptPriority    
0000200d  ulPortGetIPSR                    
00002f79  ulTaskGenericNotifyTake          
0000429b  uxListRemove                     
000048b9  uxTaskGetNumberOfTasks           
000047bd  uxTaskGetStackHighWaterMark      
00004555  uxTaskResetEventItemValue        
00004bf4  uxTopUsedPriority                
00003067  vApplicationIdleHook             
00004925  vApplicationStackOverflowHook    
00004963  vEventGroupSetBitsCallback       
0000463b  vListInitialise                  
00004951  vListInitialiseItem              
00003f35  vListInsert                      
0000456d  vListInsertEnd                   
000020c9  vPortEnableVFP                   
00004435  vPortEnterCritical               
00004585  vPortExitCritical                
0000389d  vPortFree                        
00002085  vPortSVCHandler                  
00004451  vPortSetupTimerInterrupt         
000020a5  vPortStartFirstTask              
00003d15  vQueueAddToRegistry              
00003a6d  vQueueWaitForMessageRestricted   
00004069  vTaskDelay                       
00002351  vTaskDelete                      
00001a71  vTaskGenericNotifyGiveFromISR    
0000459d  vTaskInternalSetTimeOutState     
000048c5  vTaskMissedYield                 
0000446d  vTaskPlaceOnEventList            
00003d55  vTaskPlaceOnEventListRestricted  
00003d95  vTaskPlaceOnUnorderedEventList   
000026fd  vTaskRemoveFromUnorderedEventList
00003225  vTaskStartScheduler              
000047cd  vTaskSuspendAll                  
00002b75  vTaskSwitchContext               
00000d11  xChangeDirection                 
200002b4  xChangeDirectionHandle           
00004489  xDebaunceKey                     
200002b0  xDebaunceKeyHandle               
000044f3  xEventGroupCreate                
000034fd  xEventGroupSetBits               
000045b5  xEventGroupSetBitsFromISR        
00002861  xEventGroupWaitBits              
00002025  xPortPendSVHandler               
00003dd5  xPortStartScheduler              
000041a5  xPortSysTickHandler              
00003c51  xQueueGenericCreate              
00002a49  xQueueGenericReset               
000033c9  xQueueGenericSendFromISR         
000036df  xQueueGiveFromISR                
00001b6d  xQueueReceive                    
20005310  xQueueRegistry                   
000037f1  xTaskCheckForTimeOut             
00003431  xTaskCreate                      
000048d1  xTaskGetTickCount                
00001009  xTaskIncrementTick               
00002ae5  xTaskPriorityDisinherit          
00001d51  xTaskRemoveFromEventList         
000012bd  xTaskResumeAll                   
00003e15  xTimerCreateTimerTask            
0000424d  xTimerPendFunctionCallFromISR    
00002589  xTrackInterfMov                  
200002b8  xTrackInterfMovHandle            


GLOBAL SYMBOLS: SORTED BY Symbol Address 

address   name                             
-------   ----                             
00000000  __TI_static_base__               
00000000  g_pfnVectors                     
00000200  __STACK_SIZE                     
0000026d  exp                              
0000026d  expl                             
00000595  UARTvprintf                      
00000785  BurstDMA_Check                   
00000971  NemaInterruptionConfig           
00000b59  __aeabi_dsub                     
00000b63  __aeabi_dadd                     
00000d11  xChangeDirection                 
00000e9d  GPIOPadConfigSet                 
00001009  xTaskIncrementTick               
0000116d  TriggerPWMSigmoidFrequency       
000012bd  xTaskResumeAll                   
00001401  __aeabi_ddiv                     
00001539  SysCtlClockGet                   
00001651  InitGPIOTrigger                  
00001761  NemaConfig                       
0000186d  ADC_DMA_Reader                   
00001975  __aeabi_dmul                     
00001a71  vTaskGenericNotifyGiveFromISR    
00001b6d  xQueueReceive                    
00001d51  xTaskRemoveFromEventList         
00001e39  PinoutSet                        
0000200d  ulPortGetIPSR                    
00002025  xPortPendSVHandler               
00002085  vPortSVCHandler                  
000020a5  vPortStartFirstTask              
000020c9  vPortEnableVFP                   
000020d7  __aeabi_idiv0                    
000020d7  __aeabi_ldiv0                    
000020d9  GPIOPortE_Handler                
000021ad  InitADC                          
00002281  UART5_Init                       
00002351  vTaskDelete                      
00002411  GPIOFIntHandler                  
000024cd  pvPortMalloc                     
00002589  xTrackInterfMov                  
00002645  BurstModeConfig                  
000026fd  vTaskRemoveFromUnorderedEventList
00002861  xEventGroupWaitBits              
00002909  ADCIntHanlder                    
000029ad  __aeabi_memcpy                   
000029ad  __aeabi_memcpy4                  
000029ad  __aeabi_memcpy8                  
000029ad  memcpy                           
00002a49  xQueueGenericReset               
00002ae5  xTaskPriorityDisinherit          
00002b75  vTaskSwitchContext               
00002c01  __aeabi_cdcmpeq                  
00002c01  __aeabi_cdcmple                  
00002c87  __aeabi_cdrcmple                 
00002d91  uDMAChannelTransferSet           
00002e0d  ADCSequenceStepConfigure         
00002e87  __aeabi_memclr                   
00002e87  __aeabi_memclr4                  
00002e87  __aeabi_memclr8                  
00002e89  __aeabi_memset                   
00002e89  __aeabi_memset4                  
00002e89  __aeabi_memset8                  
00002e8f  memset                           
00002f01  PWM_SetDutyCycle                 
00002f79  ulTaskGenericNotifyTake          
00003067  vApplicationIdleHook             
00003069  InitDMA                          
00003149  __aeabi_d2f                      
000031b9  main                             
00003225  vTaskStartScheduler              
00003291  IntDisable                       
000032f9  IntEnable                        
00003361  __TI_decompress_lzss             
000033c9  xQueueGenericSendFromISR         
00003431  xTaskCreate                      
000034fd  xEventGroupSetBits               
00003561  UARTStdioConfig                  
00003621  sigmoid                          
000036df  xQueueGiveFromISR                
00003799  GPIOIntTypeSet                   
000037f1  xTaskCheckForTimeOut             
00003849  AnalogInit                       
0000389d  vPortFree                        
000038f1  UARTwrite                        
00003941  ADCSequenceConfigure             
00003991  GPIOPinConfigure                 
000039dd  __aeabi_d2iz                     
00003a25  uDMAChannelAttributeDisable      
00003a6d  vQueueWaitForMessageRestricted   
00003ab5  UARTConfigSetExpClk              
00003afd  UART5IntHandler                  
00003b41  __TI_auto_init_nobinit_nopinit   
00003c0d  uDMAChannelAttributeEnable       
00003c51  xQueueGenericCreate              
00003cd5  __aeabi_uidiv                    
00003cd5  __aeabi_uidivmod                 
00003d15  vQueueAddToRegistry              
00003d55  vTaskPlaceOnEventListRestricted  
00003d95  vTaskPlaceOnUnorderedEventList   
00003dd5  xPortStartScheduler              
00003e15  xTimerCreateTimerTask            
00003e55  I2C1_IntHandler                  
00003e8d  PortDIntHanlder                  
00003ec5  __aeabi_f2d                      
00003efd  uDMAErrIntHandler                
00003f35  vListInsert                      
00003f6d  IntRegister                      
00003fa1  SysCtlPeripheralEnable           
00003fd5  _c_int00_noargs                  
00004009  UART5_DbgInit                    
00004069  vTaskDelay                       
00004099  __aeabi_i2d                      
000040c7  GPIODirModeSet                   
000040f5  InitInterruptions                
0000414d  pxPortInitialiseStack            
00004179  uDMAChannelAssign                
000041a5  xPortSysTickHandler              
00004225  uDMAChannelModeGet               
0000424d  xTimerPendFunctionCallFromISR    
0000429b  uxListRemove                     
000042c1  IntPrioritySet                   
00004351  uDMAChannelControlSet            
00004375  PWMGenConfigure                  
00004399  UARTDisable                      
000043d9  uDMAChannelIsEnabled             
000043f9  PWMPulseWidthSet                 
00004419  uDMAIntHandler                   
00004435  vPortEnterCritical               
00004451  vPortSetupTimerInterrupt         
0000446d  vTaskPlaceOnEventList            
00004489  xDebaunceKey                     
000044a5  GPIOPinTypeGPIOOutput            
000044bf  UARTprintf                       
000044f3  xEventGroupCreate                
0000450d  ADCProcessorTrigger              
00004525  GPIOUnlockPin                    
0000453d  uDMAChannelEnable                
00004555  uxTaskResetEventItemValue        
0000456d  vListInsertEnd                   
00004585  vPortExitCritical                
0000459d  vTaskInternalSetTimeOutState     
000045b5  xEventGroupSetBitsFromISR        
000045cd  GPIOPinTypeADC                   
000045e3  GPIOPinTypeGPIOInput             
000045f9  GPIOPinTypePWM                   
0000460f  GPIOPinTypeUART                  
0000463b  vListInitialise                  
00004651  GreenLightTurnOff                
00004665  SysCtlPWMClockSet                
00004679  UARTEnable                       
000046b5  NemaTaskCreation                 
000046c7  PWMGenPeriodGet                  
000046d9  PWMOutputState                   
000046fd  ADCIntEnable                     
0000470d  ADCSequenceDMAEnable             
0000471d  ADCTriggerDbgRst                 
0000472d  ADCTriggerDbgSet                 
0000473d  IntMasterDisable                 
0000474d  NemaDisable                      
0000475d  PWMGenPeriodSet                  
0000476d  UART5_DbgRst                     
0000477d  UART5_DbgSet                     
0000479d  uDMAEnable                       
000047ad  uDMAIntRegister                  
000047bd  uxTaskGetStackHighWaterMark      
000047cd  vTaskSuspendAll                  
000047dd  ADCIntDisable                    
000047eb  ADCSequenceDisable               
000047f9  ADCSequenceEnable                
00004807  GPIOIntDisable                   
00004815  GPIOIntStatus                    
00004823  UARTCharPutNonBlocking           
00004831  __TI_decompress_none             
0000483f  CPUcpsid                         
0000484b  GPIOIntEnable                    
00004857  PWMGenEnable                     
00004865  UART5_SendByte                   
00004871  __TI_zero_init                   
00004889  uDMAControlBaseSet               
00004895  uDMAErrorStatusClear             
000048a1  uDMAErrorStatusGet               
000048ad  uDMAIntClear                     
000048b9  uxTaskGetNumberOfTasks           
000048c5  vTaskMissedYield                 
000048d1  xTaskGetTickCount                
000048dd  ADCIntClear                      
000048e7  UARTFIFOEnable                   
000048f1  UARTIntStatus                    
000048fb  ADCIntEnableEx                   
00004903  I2CMasterIntClear                
0000490b  UARTDMAEnable                    
00004913  UARTIntEnable                    
0000491d  __aeabi_errno_addr               
00004925  vApplicationStackOverflowHook    
0000492d  GPIOIntClear                     
00004933  GPIOPinRead                      
00004939  GPIOPinWrite                     
0000493f  ResetISR                         
00004945  SysCtlDelay                      
0000494b  UARTClockSourceSet               
00004951  vListInitialiseItem              
00004957  UARTIntClear                     
0000495b  _system_pre_init                 
0000495f  C$$EXIT                          
0000495f  abort                            
00004963  vEventGroupSetBitsCallback       
00004bf0  ulMaxSyscallInterruptPriority    
00004bf4  uxTopUsedPriority                
00004c18  __TI_Handler_Table_Base          
00004c24  __TI_Handler_Table_Limit         
00004c38  __TI_CINIT_Base                  
00004c50  __TI_CINIT_Limit                 
20000000  __start___llvm_prf_cnts          
20000000  __stop___llvm_prf_cnts           
20000000  g_pfnRAMVectors                  
2000026c  pxCurrentTCB                     
200002a0  adc_count                        
200002a4  dma_count                        
200002a8  ADC_result                       
200002ac  UART_Tx                          
200002b0  xDebaunceKeyHandle               
200002b4  xChangeDirectionHandle           
200002b8  xTrackInterfMovHandle            
200002d8  uart_count                       
200002dc  AS7341_Handle                    
200002e4  errno                            
20005310  xQueueRegistry                   
200053ec  LinearMov_Mngr                   
200053fc  ADC_rslt                         
20005400  pui8ControlTable                 
20005800  pui8ControlTableUART             
20005d40  StepCount                        
20005d50  adcBuffer                        
20005d80  BurstEventGroup                  
20005d84  ChangeDirStatus                  
20005d88  I2C1_Semphr                      
20005d8c  errorStatus                      
20005d90  __stack                          
20005f90  __STACK_END                      
20005f90  __STACK_TOP                      
ffffffff  __TI_pprof_out_hndl              
ffffffff  __TI_prof_data_size              
ffffffff  __TI_prof_data_start             
ffffffff  __binit__                        
ffffffff  __c_args__                       
ffffffff  binit                            
UNDEFED   __mpu_init                       
UNDEFED   _system_post_cinit               

[247 symbols]
