******************************************************************************
                  TI ARM Linker Unix v20.2.1                   
******************************************************************************
>> Linked Tue Nov 12 09:54:47 2024

OUTPUT FILE NAME:   <Nema17.out>
ENTRY POINT SYMBOL: "_c_int00_noargs"  address: 0000a8bd


MEMORY CONFIGURATION

         name            origin    length      used     unused   attr    fill
----------------------  --------  ---------  --------  --------  ----  --------
  FLASH                 00000000   00040000  0000b1f0  00034e10  R  X
  SRAM                  20000000   00008000  00005f8c  00002074  RW X


SEGMENT ALLOCATION MAP

run origin  load origin   length   init length attrs members
----------  ----------- ---------- ----------- ----- -------
00000000    00000000    0000b1f8   0000b1f8    r-x
  00000000    00000000    0000026c   0000026c    r-- .intvecs
  00000270    00000270    000062ac   000062ac    r-- .const
  0000651c    0000651c    00004c68   00004c68    r-x .text
  0000b188    0000b188    00000070   00000070    r-- .cinit
20000000    20000000    00005f90   00000000    rw-
  20000000    20000000    0000026c   00000000    rw- .vtable
  2000026c    2000026c    00005aa0   00000000    rw- .bss
  20005d10    20005d10    00000200   00000000    rw- .stack
  20005f10    20005f10    00000080   00000000    rw- .data


SECTION ALLOCATION MAP

 output                                  attributes/
section   page    origin      length       input sections
--------  ----  ----------  ----------   ----------------
.intvecs   0    00000000    0000026c     
                  00000000    0000026c     tm4c123gh6pm_startup_ccs.obj (.intvecs)

.const     0    00000270    000062ac     
                  00000270    00006108     AS7341.obj (.const:GeneralSpectralCorrectionMatrix)
                  00006378    00000090     driverlib.lib : gpio.obj (.const:g_pui32GPIOBaseAddrs)
                  00006408    0000006c                   : sysctl.obj (.const:g_pui32Xtals)
                  00006474    00000004     port.obj (.const)
                  00006478    00000030     rtsv7M4_T_le_v4SPD16_eabi.lib : e_exp.c.obj (.const:$O1$$)
                  000064a8    00000030                                   : e_pow.c.obj (.const:$O1$$)
                  000064d8    00000014     driverlib.lib : interrupt.obj (.const:g_pui32Dii16Regs)
                  000064ec    00000014                   : interrupt.obj (.const:g_pui32EnRegs)
                  00006500    0000000c     uartstdio.obj (.const:g_ui32UARTBase)
                  0000650c    0000000c     uartstdio.obj (.const:g_ui32UARTPeriph)
                  00006518    00000004     tasks.obj (.const)

.text      0    0000651c    00004c68     
                  0000651c    000009c0     rtsv7M4_T_le_v4SPD16_eabi.lib : e_pow.c.obj (.text:pow)
                  00006edc    0000033c     hello.obj (.text:AS7341_Begin)
                  00007218    00000328     rtsv7M4_T_le_v4SPD16_eabi.lib : e_exp.c.obj (.text:exp)
                  00007540    000001ee     uartstdio.obj (.text:UARTvprintf)
                  0000772e    000001e0     AS7341.obj (.text:AS7341_SetI2cRegSMUX)
                  0000790e    000001b6     rtsv7M4_T_le_v4SPD16_eabi.lib : fd_add_t2.asm.obj (.text)
                  00007ac4    00000188     drv8825.obj (.text:xChangeDirection)
                  00007c4c    0000016c     AS7341.obj (.text:AS7341_ReadChannels)
                  00007db8    0000016c     driverlib.lib : gpio.obj (.text:GPIOPadConfigSet)
                  00007f24    00000164     tasks.obj (.text:xTaskIncrementTick)
                  00008088    00000158     rtsv7M4_T_le_v4SPD16_eabi.lib : e_sqrt.c.obj (.text:sqrt)
                  000081e0    00000144     tasks.obj (.text:xTaskResumeAll)
                  00008324    00000136     rtsv7M4_T_le_v4SPD16_eabi.lib : fd_div_t2.asm.obj (.text)
                  0000845a    00000002     tm4c123gh6pm_startup_ccs.obj (.text:FaultISR)
                  0000845c    00000130     drv8825.obj (.text:TriggerPWMSigmoidFrequency)
                  0000858c    00000124     queue.obj (.text:xQueueSemaphoreTake)
                  000086b0    00000118     drv8825.obj (.text:NemaInterruptionConfig)
                  000087c8    00000118     driverlib.lib : sysctl.obj (.text:SysCtlClockGet)
                  000088e0    00000110     rtsv7M4_T_le_v4SPD16_eabi.lib : s_scalbn.c.obj (.text:scalbn)
                  000089f0    000000fc                                   : fd_mul_t2.asm.obj (.text)
                  00008aec    000000fc     tasks.obj (.text:vTaskGenericNotifyGiveFromISR)
                  00008be8    000000f8     drv8825.obj (.text:NemaConfig)
                  00008ce0    000000f0     arm_mat_mult_f32.obj (.text:arm_mat_mult_f32)
                  00008dd0    000000e8     AS7341.obj (.text:AS7341_i2cInit)
                  00008eb8    000000e8     tasks.obj (.text:xTaskRemoveFromEventList)
                  00008fa0    000000e4     rtos_hw_drivers.obj (.text:PinoutSet)
                  00009084    000000e0     tasks.obj (.text:prvAddNewTaskToReadyList)
                  00009164    000000da     portasm.obj (.text)
                  0000923e    00000002     tm4c123gh6pm_startup_ccs.obj (.text:IntDefaultHandler)
                  00009240    000000d4     drv8825.obj (.text:GPIOPortE_Handler)
                  00009314    000000c0     tasks.obj (.text:xTaskPriorityInherit)
                  000093d4    000000bc     heap_2.obj (.text:pvPortMalloc)
                  00009490    000000b0     tasks.obj (.text:prvAddCurrentTaskToDelayedList)
                  00009540    000000a8     tasks.obj (.text:vTaskPriorityDisinheritAfterTimeout)
                  000095e8    0000009c     rtsv7M4_T_le_v4SPD16_eabi.lib : memcpy_t2.asm.obj (.text)
                  00009684    0000009c     queue.obj (.text:xQueueGenericReset)
                  00009720    0000008c     tasks.obj (.text:vTaskSwitchContext)
                  000097ac    00000086     rtsv7M4_T_le_v4SPD16_eabi.lib : fd_cmp_t2.asm.obj (.text:__aeabi_cdcmple)
                  00009832    00000086                                   : fd_cmp_t2.asm.obj (.text:__aeabi_cdrcmple)
                  000098b8    00000084     tasks.obj (.text:prvInitialiseNewTask)
                  0000993c    0000007a     rtsv7M4_T_le_v4SPD16_eabi.lib : memset_t2.asm.obj (.text)
                  000099b6    00000002     tm4c123gh6pm_startup_ccs.obj (.text:NmiSR)
                  000099b8    00000078     drv8825.obj (.text:PWM_SetDutyCycle)
                  00009a30    00000078     tasks.obj (.text:ulTaskGenericNotifyTake)
                  00009aa8    00000076     SpecResult.obj (.text:UART5_SendDataPacket)
                  00009b1e    00000074     AS7341.obj (.text:AS7341_SetSMUX)
                  00009b92    0000006e     rtsv7M4_T_le_v4SPD16_eabi.lib : fd_tos_t2.asm.obj (.text)
                  00009c00    00000068     driverlib.lib : interrupt.obj (.text:IntDisable)
                  00009c68    00000068                   : interrupt.obj (.text:IntEnable)
                  00009cd0    00000068     hello.obj (.text:SpectralReconstruction)
                  00009d38    00000068     rtsv7M4_T_le_v4SPD16_eabi.lib : copy_decompress_lzss.c.obj (.text:decompress:lzss:__TI_decompress_lzss)
                  00009da0    00000066     tasks.obj (.text:xTaskCreate)
                  00009e06    00000002     rtsv7M4_T_le_v4SPD16_eabi.lib : div0.asm.obj (.text)
                  00009e08    00000064     hello.obj (.text:prvConfigureUART)
                  00009e6c    00000064     tasks.obj (.text:vTaskStartScheduler)
                  00009ed0    00000060     uartstdio.obj (.text:UARTStdioConfig)
                  00009f30    00000060     tasks.obj (.text:prvInitialiseTaskLists)
                  00009f90    00000060     drv8825.obj (.text:sigmoid)
                  00009ff0    0000005e     queue.obj (.text:prvUnlockQueue)
                  0000a04e    0000005e     queue.obj (.text:xQueueGiveFromISR)
                  0000a0ac    0000005c     hello.obj (.text:Correction1)
                  0000a108    00000058     AS7341.obj (.text:AS7341_read)
                  0000a160    00000058     driverlib.lib : gpio.obj (.text:GPIOIntTypeSet)
                  0000a1b8    00000058     tasks.obj (.text:xTaskCheckForTimeOut)
                  0000a210    00000054     drv8825.obj (.text:AnalogInit)
                  0000a264    00000054     heap_2.obj (.text:vPortFree)
                  0000a2b8    00000050     AS7341.obj (.text:AS7341_BankAcessSet)
                  0000a308    00000050     hello.obj (.text:BasicCountConvertion)
                  0000a358    00000050     SpecResult.obj (.text:UART5_Init)
                  0000a3a8    00000050     uartstdio.obj (.text:UARTwrite)
                  0000a3f8    0000004c     AS7341.obj (.text:AS7341_write)
                  0000a444    0000004c     driverlib.lib : gpio.obj (.text:GPIOPinConfigure)
                  0000a490    0000004c                   : i2c.obj (.text:I2CMasterInitExpClk)
                  0000a4dc    00000048     rtsv7M4_T_le_v4SPD16_eabi.lib : fd_toi_t2.asm.obj (.text)
                  0000a524    00000046     AS7341.obj (.text:AS7341_PowerOn)
                  0000a56a    00000046     driverlib.lib : uart.obj (.text:UARTConfigSetExpClk)
                  0000a5b0    00000044     rtsv7M4_T_le_v4SPD16_eabi.lib : autoinit.c.obj (.text:__TI_auto_init_nobinit_nopinit:__TI_auto_init_nobinit_nopinit)
                  0000a5f4    00000044     tasks.obj (.text:prvCheckTasksWaitingTermination)
                  0000a638    00000042     queue.obj (.text:xQueueGenericCreate)
                  0000a67a    00000040     rtsv7M4_T_le_v4SPD16_eabi.lib : u_divt2.asm.obj (.text)
                  0000a6ba    00000002     hello.obj (.text:vApplicationIdleHook)
                  0000a6bc    00000040     port.obj (.text:xPortStartScheduler)
                  0000a6fc    0000003c     AS7341.obj (.text:AS7341_GetIntegrationTimeADC)
                  0000a738    0000003c     AS7341.obj (.text:PortDIntHanlder)
                  0000a774    00000038     AS7341.obj (.text:I2C1_IntHandler)
                  0000a7ac    00000038     driverlib.lib : sysctl.obj (.text:SysCtlPeripheralReady)
                  0000a7e4    00000038     rtsv7M4_T_le_v4SPD16_eabi.lib : fs_tod_t2.asm.obj (.text)
                  0000a81c    00000038     list.obj (.text:vListInsert)
                  0000a854    00000034     driverlib.lib : interrupt.obj (.text:IntRegister)
                  0000a888    00000034                   : sysctl.obj (.text:SysCtlPeripheralEnable)
                  0000a8bc    00000034     rtsv7M4_T_le_v4SPD16_eabi.lib : boot_cortex_m.c.obj (.text:_c_int00_noargs:_c_int00_noargs)
                  0000a8f0    00000030     AS7341.obj (.text:AS7341_PerformanceDbgInit)
                  0000a920    00000030     hello.obj (.text:main)
                  0000a950    00000030     heap_2.obj (.text:prvHeapInit)
                  0000a980    00000030     tasks.obj (.text:vTaskDelay)
                  0000a9b0    0000002e     rtsv7M4_T_le_v4SPD16_eabi.lib : i_tofd_t2.asm.obj (.text)
                  0000a9de    0000002c     AS7341.obj (.text:AS7341_DeviceStatus)
                  0000aa0a    0000002c     AS7341.obj (.text:AS7341_GetStepADC)
                  0000aa36    0000002c     driverlib.lib : gpio.obj (.text:GPIODirModeSet)
                  0000aa62    00000002     --HOLE-- [fill = 0]
                  0000aa64    0000002c     port.obj (.text:pxPortInitialiseStack)
                  0000aa90    0000002c     port.obj (.text:xPortSysTickHandler)
                  0000aabc    0000002a     AS7341.obj (.text:AS7341_DisableSpecMen)
                  0000aae6    0000002a     AS7341.obj (.text:AS7341_EnableSpecMen)
                  0000ab10    0000002a     AS7341.obj (.text:AS7341_SMUXEnable)
                  0000ab3a    00000028     AS7341.obj (.text:AS7341_DevivceConfig)
                  0000ab62    00000026     AS7341.obj (.text:AS7341_SetStepADC)
                  0000ab88    00000026     list.obj (.text:uxListRemove)
                  0000abae    00000024     queue.obj (.text:prvInitialiseNewQueue)
                  0000abd2    00000002     --HOLE-- [fill = 0]
                  0000abd4    00000024     tasks.obj (.text:prvResetNextTaskUnblockTime)
                  0000abf8    00000024     hello.obj (.text:prvSetupHardware)
                  0000ac1c    00000022     driverlib.lib : pwm.obj (.text:PWMGenConfigure)
                  0000ac3e    00000002     --HOLE-- [fill = 0]
                  0000ac40    00000020                   : uart.obj (.text:UARTDisable)
                  0000ac60    0000001e                   : pwm.obj (.text:PWMPulseWidthSet)
                  0000ac7e    0000001c     AS7341.obj (.text:AS7341_Boot)
                  0000ac9a    0000001c     AS7341.obj (.text:AS7341_SetAcessAndRead)
                  0000acb6    0000001c     AS7341.obj (.text:AS7341_SetAcessAndWrite)
                  0000acd2    0000001c     AS7341.obj (.text:AS7341_WriteI2cReg2SMUX_Sel)
                  0000acee    00000002     --HOLE-- [fill = 0]
                  0000acf0    0000001c     AS7341.obj (.text:WaitACK)
                  0000ad0c    0000001c     hello.obj (.text:joinADC)
                  0000ad28    0000001c     port.obj (.text:vPortEnterCritical)
                  0000ad44    0000001c     port.obj (.text:vPortSetupTimerInterrupt)
                  0000ad60    0000001c     tasks.obj (.text:vTaskPlaceOnEventList)
                  0000ad7c    0000001c     drv8825.obj (.text:xDebaunceKey)
                  0000ad98    0000001a     AS7341.obj (.text:AS7341_GetGainADC)
                  0000adb2    0000001a     driverlib.lib : gpio.obj (.text:GPIOPinTypeGPIOOutput)
                  0000adcc    0000001a     uartstdio.obj (.text:UARTprintf)
                  0000ade6    0000001a     rtsv7M4_T_le_v4SPD16_eabi.lib : s_copysign.c.obj (.text:copysign)
                  0000ae00    0000001a     queue.obj (.text:prvIsQueueEmpty)
                  0000ae1a    00000018     AS7341.obj (.text:AS7341_SetGainADC)
                  0000ae32    00000002     --HOLE-- [fill = 0]
                  0000ae34    00000018     driverlib.lib : gpio.obj (.text:GPIOUnlockPin)
                  0000ae4c    00000018     tasks.obj (.text:pvTaskIncrementMutexHeldCount)
                  0000ae64    00000018     port.obj (.text:vPortExitCritical)
                  0000ae7c    00000018     tasks.obj (.text:vTaskInternalSetTimeOutState)
                  0000ae94    00000016     AS7341.obj (.text:AS7341_SetTimeADC)
                  0000aeaa    00000016     AS7341.obj (.text:AS7341_SetWtimeADC)
                  0000aec0    00000016     driverlib.lib : gpio.obj (.text:GPIOPinTypeGPIOInput)
                  0000aed6    00000016                   : gpio.obj (.text:GPIOPinTypeI2C)
                  0000aeec    00000016                   : gpio.obj (.text:GPIOPinTypeI2CSCL)
                  0000af02    00000016                   : gpio.obj (.text:GPIOPinTypePWM)
                  0000af18    00000016                   : gpio.obj (.text:GPIOPinTypeUART)
                  0000af2e    00000016     queue.obj (.text:prvGetDisinheritPriorityAfterTimeout)
                  0000af44    00000016     list.obj (.text:vListInitialise)
                  0000af5a    00000002     --HOLE-- [fill = 0]
                  0000af5c    00000014     driverlib.lib : sysctl.obj (.text:SysCtlPWMClockSet)
                  0000af70    00000014                   : uart.obj (.text:UARTEnable)
                  0000af84    00000014     tasks.obj (.text:prvTaskCheckFreeStackSpace)
                  0000af98    00000012     driverlib.lib : pwm.obj (.text:PWMGenPeriodGet)
                  0000afaa    00000012                   : pwm.obj (.text:PWMOutputState)
                  0000afbc    00000012     tasks.obj (.text:prvDeleteTCB)
                  0000afce    00000010     AS7341.obj (.text:AS7341_GetTimeADC)
                  0000afde    00000002     --HOLE-- [fill = 0]
                  0000afe0    00000010     AS7341.obj (.text:AS7341_PerformanceDbgClr)
                  0000aff0    00000010     AS7341.obj (.text:AS7341_PerformanceDbgSet)
                  0000b000    00000010     driverlib.lib : interrupt.obj (.text:IntMasterDisable)
                  0000b010    00000010                   : interrupt.obj (.text:IntMasterEnable)
                  0000b020    00000010     drv8825.obj (.text:NemaDisable)
                  0000b030    00000010     driverlib.lib : pwm.obj (.text:PWMGenPeriodSet)
                  0000b040    00000010     port.obj (.text:prvTaskExitError)
                  0000b050    00000010     tasks.obj (.text:uxTaskGetStackHighWaterMark)
                  0000b060    00000010     tasks.obj (.text:vTaskSuspendAll)
                  0000b070    0000000e     driverlib.lib : gpio.obj (.text:GPIOIntDisable)
                  0000b07e    0000000e                   : gpio.obj (.text:GPIOIntStatus)
                  0000b08c    0000000e     rtsv7M4_T_le_v4SPD16_eabi.lib : copy_decompress_none.c.obj (.text:decompress:none:__TI_decompress_none)
                  0000b09a    0000000c     driverlib.lib : cpu.obj (.text:CPUcpsid)
                  0000b0a6    0000000c                   : cpu.obj (.text:CPUcpsie)
                  0000b0b2    0000000c                   : gpio.obj (.text:GPIOIntEnable)
                  0000b0be    0000000c                   : pwm.obj (.text:PWMGenEnable)
                  0000b0ca    00000002     --HOLE-- [fill = 0]
                  0000b0cc    0000000c     SpecResult.obj (.text:UART5_SendByte)
                  0000b0d8    0000000c     rtsv7M4_T_le_v4SPD16_eabi.lib : copy_zero_init.c.obj (.text:decompress:ZI:__TI_zero_init)
                  0000b0e4    0000000c     tasks.obj (.text:prvIdleTask)
                  0000b0f0    0000000c     tasks.obj (.text:uxTaskGetNumberOfTasks)
                  0000b0fc    0000000c     tasks.obj (.text:vTaskMissedYield)
                  0000b108    0000000a     driverlib.lib : i2c.obj (.text:I2CMasterEnable)
                  0000b112    0000000a                   : uart.obj (.text:UARTCharPut)
                  0000b11c    00000008                   : i2c.obj (.text:I2CMasterIntClear)
                  0000b124    00000008                   : i2c.obj (.text:I2CMasterIntEnableEx)
                  0000b12c    00000008                   : i2c.obj (.text:I2CMasterSlaveAddrSet)
                  0000b134    00000008     rtsv7M4_T_le_v4SPD16_eabi.lib : errno.c.obj (.text:__aeabi_errno_addr)
                  0000b13c    00000008     arm_mat_init_f32.obj (.text:arm_mat_init_f32)
                  0000b144    00000008     hello.obj (.text:vApplicationStackOverflowHook)
                  0000b14c    00000006     driverlib.lib : gpio.obj (.text:GPIOIntClear)
                  0000b152    00000006                   : gpio.obj (.text:GPIOPinWrite)
                  0000b158    00000006     tm4c123gh6pm_startup_ccs.obj (.text:ResetISR)
                  0000b15e    00000006     driverlib.lib : sysctl.obj (.text:SysCtlDelay)
                  0000b164    00000006                   : uart.obj (.text:UARTClockSourceSet)
                  0000b16a    00000006     list.obj (.text:vListInitialiseItem)
                  0000b170    00000004     driverlib.lib : i2c.obj (.text:I2CMasterControl)
                  0000b174    00000004                   : i2c.obj (.text:I2CMasterDataGet)
                  0000b178    00000004                   : i2c.obj (.text:I2CMasterDataPut)
                  0000b17c    00000004     rtsv7M4_T_le_v4SPD16_eabi.lib : pre_init.c.obj (.text:_system_pre_init)
                  0000b180    00000004                                   : exit.c.obj (.text:abort:abort)

.cinit     0    0000b188    00000070     
                  0000b188    00000039     (.cinit..data.load) [load image, compression = lzss]
                  0000b1c1    00000003     --HOLE-- [fill = 0]
                  0000b1c4    0000000c     (__TI_handler_table)
                  0000b1d0    00000008     (.cinit..bss.load) [load image, compression = zero_init]
                  0000b1d8    00000008     (.cinit..vtable.load) [load image, compression = zero_init]
                  0000b1e0    00000018     (__TI_cinit_table)

.init_array 
*          0    00000000    00000000     UNINITIALIZED

.vtable    0    20000000    0000026c     UNINITIALIZED
                  20000000    0000026c     driverlib.lib : interrupt.obj (.vtable)

.bss       0    2000026c    00005aa0     UNINITIALIZED
                  2000026c    00004f10     heap_2.obj (.bss:ucHeap)
                  2000517c    000009b0     (.common:Spectral400_600)
                  20005b2c    00000140     tasks.obj (.bss:pxReadyTasksLists)
                  20005c6c    00000014     tasks.obj (.bss:xDelayedTaskList1)
                  20005c80    00000014     tasks.obj (.bss:xDelayedTaskList2)
                  20005c94    00000014     tasks.obj (.bss:xPendingReadyList)
                  20005ca8    00000014     tasks.obj (.bss:xSuspendedTaskList)
                  20005cbc    00000014     tasks.obj (.bss:xTasksWaitingTermination)
                  20005cd0    00000010     (.common:LinearMov_Mngr)
                  20005ce0    00000008     tasks.obj (.bss)
                  20005ce8    00000008     heap_2.obj (.bss:xEnd)
                  20005cf0    00000008     heap_2.obj (.bss:xStart)
                  20005cf8    00000004     (.common:AS7341_Semphr)
                  20005cfc    00000004     (.common:ChangeDirStatus)
                  20005d00    00000004     (.common:Gain)
                  20005d04    00000004     (.common:I2C1_Semphr)
                  20005d08    00000004     (.common:IntTime)

.data      0    20005f10    00000080     UNINITIALIZED
                  20005f10    00000034     tasks.obj (.data)
                  20005f44    0000002c     hello.obj (.data:PhotoOffset)
                  20005f70    00000008     drv8825.obj (.data)
                  20005f78    00000008     heap_2.obj (.data)
                  20005f80    00000005     uartstdio.obj (.data)
                  20005f85    00000001     AS7341.obj (.data)
                  20005f86    00000002     --HOLE--
                  20005f88    00000004     port.obj (.data)
                  20005f8c    00000004     rtsv7M4_T_le_v4SPD16_eabi.lib : errno.c.obj (.data)

.stack     0    20005d10    00000200     UNINITIALIZED
                  20005d10    00000004     rtsv7M4_T_le_v4SPD16_eabi.lib : boot_cortex_m.c.obj (.stack)
                  20005d14    000001fc     --HOLE--

__llvm_prf_cnts 
*          0    20000000    00000000     UNINITIALIZED

MODULE SUMMARY

       Module                         code    ro data   rw data
       ------                         ----    -------   -------
    ./
       hello.obj                      1326    0         2532   
       tm4c123gh6pm_startup_ccs.obj   12      620       0      
    +--+------------------------------+-------+---------+---------+
       Total:                         1338    620       2532   
                                                               
    ./FreeRTOS/Source/
       tasks.obj                      3036    4         480    
       queue.obj                      786     0         0      
       list.obj                       122     0         0      
    +--+------------------------------+-------+---------+---------+
       Total:                         3944    4         480    
                                                               
    ./FreeRTOS/Source/portable/CCS/ARM_CM4F/
       port.obj                       248     4         4      
       portasm.obj                    218     0         0      
    +--+------------------------------+-------+---------+---------+
       Total:                         466     4         4      
                                                               
    ./FreeRTOS/Source/portable/MemMang/
       heap_2.obj                     320     0         20264  
    +--+------------------------------+-------+---------+---------+
       Total:                         320     0         20264  
                                                               
    ./MatrixFunctions/
       arm_mat_mult_f32.obj           240     0         0      
       arm_mat_init_f32.obj           8       0         0      
    +--+------------------------------+-------+---------+---------+
       Total:                         248     0         0      
                                                               
    ./SpecLibs/AS7341/
       AS7341.obj                     2304    24840     9      
    +--+------------------------------+-------+---------+---------+
       Total:                         2304    24840     9      
                                                               
    ./SpecLibs/DRV8825/
       drv8825.obj                    1780    0         28     
    +--+------------------------------+-------+---------+---------+
       Total:                         1780    0         28     
                                                               
    ./SpecLibs/SpecResult/
       SpecResult.obj                 210     0         0      
    +--+------------------------------+-------+---------+---------+
       Total:                         210     0         0      
                                                               
    ./drivers/
       rtos_hw_drivers.obj            228     0         0      
    +--+------------------------------+-------+---------+---------+
       Total:                         228     0         0      
                                                               
    ./utils/
       uartstdio.obj                  696     24        5      
    +--+------------------------------+-------+---------+---------+
       Total:                         696     24        5      
                                                               
    /home/jao/curso/ufsm/Mestrado/Dissertacao/Pototip_DeVereda/ProjetoPrototipo/Tiva/EK-TM4C/driverlib/ccs/Debug/driverlib.lib
       interrupt.obj                  292     40        620    
       gpio.obj                       784     144       0      
       sysctl.obj                     414     108       0      
       uart.obj                       138     0         0      
       pwm.obj                        128     0         0      
       i2c.obj                        122     0         0      
       cpu.obj                        24      0         0      
    +--+------------------------------+-------+---------+---------+
       Total:                         1902    292       620    
                                                               
    /home/jao/ti/ccs1271/ccs/tools/compiler/ti-cgt-arm_20.2.1.LTS/lib/rtsv7M4_T_le_v4SPD16_eabi.lib
       e_pow.c.obj                    2496    48        0      
       e_exp.c.obj                    808     48        0      
       fd_add_t2.asm.obj              438     0         0      
       e_sqrt.c.obj                   344     0         0      
       fd_div_t2.asm.obj              310     0         0      
       s_scalbn.c.obj                 272     0         0      
       fd_cmp_t2.asm.obj              268     0         0      
       fd_mul_t2.asm.obj              252     0         0      
       memcpy_t2.asm.obj              156     0         0      
       memset_t2.asm.obj              122     0         0      
       fd_tos_t2.asm.obj              110     0         0      
       copy_decompress_lzss.c.obj     104     0         0      
       fd_toi_t2.asm.obj              72      0         0      
       autoinit.c.obj                 68      0         0      
       u_divt2.asm.obj                64      0         0      
       fs_tod_t2.asm.obj              56      0         0      
       boot_cortex_m.c.obj            52      0         0      
       i_tofd_t2.asm.obj              46      0         0      
       s_copysign.c.obj               26      0         0      
       copy_decompress_none.c.obj     14      0         0      
       copy_zero_init.c.obj           12      0         0      
       errno.c.obj                    8       0         4      
       exit.c.obj                     4       0         0      
       pre_init.c.obj                 4       0         0      
       div0.asm.obj                   2       0         0      
    +--+------------------------------+-------+---------+---------+
       Total:                         6108    96        4      
                                                               
       Stack:                         0       0         512    
       Linker Generated:              0       109       0      
    +--+------------------------------+-------+---------+---------+
       Grand Total:                   19544   25989     24458  


LINKER GENERATED COPY TABLES

__TI_cinit_table @ 0000b1e0 records: 3, size/record: 8, table size: 24
	.data: load addr=0000b188, load size=00000039 bytes, run addr=20005f10, run size=00000080 bytes, compression=lzss
	.bss: load addr=0000b1d0, load size=00000008 bytes, run addr=2000026c, run size=00005aa0 bytes, compression=zero_init
	.vtable: load addr=0000b1d8, load size=00000008 bytes, run addr=20000000, run size=0000026c bytes, compression=zero_init


LINKER GENERATED HANDLER TABLE

__TI_handler_table @ 0000b1c4 records: 3, size/record: 4, table size: 12
	index: 0, handler: __TI_zero_init
	index: 1, handler: __TI_decompress_lzss
	index: 2, handler: __TI_decompress_none


GLOBAL SYMBOLS: SORTED ALPHABETICALLY BY Name 

address   name                               
-------   ----                               
0000a2b9  AS7341_BankAcessSet                
00006edd  AS7341_Begin                       
0000ac7f  AS7341_Boot                        
0000a9df  AS7341_DeviceStatus                
0000ab3b  AS7341_DevivceConfig               
0000aabd  AS7341_DisableSpecMen              
0000aae7  AS7341_EnableSpecMen               
0000ad99  AS7341_GetGainADC                  
0000a6fd  AS7341_GetIntegrationTimeADC       
0000aa0b  AS7341_GetStepADC                  
0000afcf  AS7341_GetTimeADC                  
0000afe1  AS7341_PerformanceDbgClr           
0000a8f1  AS7341_PerformanceDbgInit          
0000aff1  AS7341_PerformanceDbgSet           
0000a525  AS7341_PowerOn                     
00007c4d  AS7341_ReadChannels                
0000ab11  AS7341_SMUXEnable                  
20005cf8  AS7341_Semphr                      
0000ac9b  AS7341_SetAcessAndRead             
0000acb7  AS7341_SetAcessAndWrite            
0000ae1b  AS7341_SetGainADC                  
0000772f  AS7341_SetI2cRegSMUX               
00009b1f  AS7341_SetSMUX                     
0000ab63  AS7341_SetStepADC                  
0000ae95  AS7341_SetTimeADC                  
0000aeab  AS7341_SetWtimeADC                 
0000acd3  AS7341_WriteI2cReg2SMUX_Sel        
00008dd1  AS7341_i2cInit                     
0000a109  AS7341_read                        
0000a3f9  AS7341_write                       
0000a211  AnalogInit                         
20005f85  BankAcessControlValue              
0000a309  BasicCountConvertion               
0000b181  C$$EXIT                            
0000b09b  CPUcpsid                           
0000b0a7  CPUcpsie                           
20005cfc  ChangeDirStatus                    
0000a0ad  Correction1                        
0000aa37  GPIODirModeSet                     
0000b14d  GPIOIntClear                       
0000b071  GPIOIntDisable                     
0000b0b3  GPIOIntEnable                      
0000b07f  GPIOIntStatus                      
0000a161  GPIOIntTypeSet                     
00007db9  GPIOPadConfigSet                   
0000a445  GPIOPinConfigure                   
0000aec1  GPIOPinTypeGPIOInput               
0000adb3  GPIOPinTypeGPIOOutput              
0000aed7  GPIOPinTypeI2C                     
0000aeed  GPIOPinTypeI2CSCL                  
0000af03  GPIOPinTypePWM                     
0000af19  GPIOPinTypeUART                    
0000b153  GPIOPinWrite                       
00009241  GPIOPortE_Handler                  
0000ae35  GPIOUnlockPin                      
20005d00  Gain                               
00000270  GeneralSpectralCorrectionMatrix    
0000a775  I2C1_IntHandler                    
20005d04  I2C1_Semphr                        
0000b171  I2CMasterControl                   
0000b175  I2CMasterDataGet                   
0000b179  I2CMasterDataPut                   
0000b109  I2CMasterEnable                    
0000a491  I2CMasterInitExpClk                
0000b11d  I2CMasterIntClear                  
0000b125  I2CMasterIntEnableEx               
0000b12d  I2CMasterSlaveAddrSet              
00009c01  IntDisable                         
00009c69  IntEnable                          
0000b001  IntMasterDisable                   
0000b011  IntMasterEnable                    
0000a855  IntRegister                        
20005d08  IntTime                            
20005cd0  LinearMov_Mngr                     
00008be9  NemaConfig                         
0000b021  NemaDisable                        
000086b1  NemaInterruptionConfig             
0000ac1d  PWMGenConfigure                    
0000b0bf  PWMGenEnable                       
0000af99  PWMGenPeriodGet                    
0000b031  PWMGenPeriodSet                    
0000afab  PWMOutputState                     
0000ac61  PWMPulseWidthSet                   
000099b9  PWM_SetDutyCycle                   
20005f44  PhotoOffset                        
00008fa1  PinoutSet                          
0000a739  PortDIntHanlder                    
0000b159  ResetISR                           
2000517c  Spectral400_600                    
00009cd1  SpectralReconstruction             
000087c9  SysCtlClockGet                     
0000b15f  SysCtlDelay                        
0000af5d  SysCtlPWMClockSet                  
0000a889  SysCtlPeripheralEnable             
0000a7ad  SysCtlPeripheralReady              
0000845d  TriggerPWMSigmoidFrequency         
0000a359  UART5_Init                         
0000b0cd  UART5_SendByte                     
00009aa9  UART5_SendDataPacket               
0000b113  UARTCharPut                        
0000b165  UARTClockSourceSet                 
0000a56b  UARTConfigSetExpClk                
0000ac41  UARTDisable                        
0000af71  UARTEnable                         
00009ed1  UARTStdioConfig                    
0000adcd  UARTprintf                         
00007541  UARTvprintf                        
0000a3a9  UARTwrite                          
0000acf1  WaitACK                            
20005f10  __STACK_END                        
00000200  __STACK_SIZE                       
20005f10  __STACK_TOP                        
0000b1e0  __TI_CINIT_Base                    
0000b1f8  __TI_CINIT_Limit                   
0000b1c4  __TI_Handler_Table_Base            
0000b1d0  __TI_Handler_Table_Limit           
0000a5b1  __TI_auto_init_nobinit_nopinit     
00009d39  __TI_decompress_lzss               
0000b08d  __TI_decompress_none               
ffffffff  __TI_pprof_out_hndl                
ffffffff  __TI_prof_data_size                
ffffffff  __TI_prof_data_start               
00000000  __TI_static_base__                 
0000b0d9  __TI_zero_init                     
000097ad  __aeabi_cdcmpeq                    
000097ad  __aeabi_cdcmple                    
00009833  __aeabi_cdrcmple                   
00009b93  __aeabi_d2f                        
0000a4dd  __aeabi_d2iz                       
00007919  __aeabi_dadd                       
00008325  __aeabi_ddiv                       
000089f1  __aeabi_dmul                       
0000790f  __aeabi_dsub                       
0000b135  __aeabi_errno_addr                 
0000a7e5  __aeabi_f2d                        
0000a9b1  __aeabi_i2d                        
00009e07  __aeabi_idiv0                      
00009e07  __aeabi_ldiv0                      
0000993d  __aeabi_memclr                     
0000993d  __aeabi_memclr4                    
0000993d  __aeabi_memclr8                    
000095e9  __aeabi_memcpy                     
000095e9  __aeabi_memcpy4                    
000095e9  __aeabi_memcpy8                    
0000993f  __aeabi_memset                     
0000993f  __aeabi_memset4                    
0000993f  __aeabi_memset8                    
0000a67b  __aeabi_uidiv                      
0000a67b  __aeabi_uidivmod                   
ffffffff  __binit__                          
ffffffff  __c_args__                         
UNDEFED   __mpu_init                         
20005d10  __stack                            
20000000  __start___llvm_prf_cnts            
20000000  __stop___llvm_prf_cnts             
0000a8bd  _c_int00_noargs                    
UNDEFED   _system_post_cinit                 
0000b17d  _system_pre_init                   
0000b181  abort                              
0000b13d  arm_mat_init_f32                   
00008ce1  arm_mat_mult_f32                   
ffffffff  binit                              
0000ade7  copysign                           
0000ade7  copysignl                          
20005f8c  errno                              
00007219  exp                                
00007219  expl                               
20000000  g_pfnRAMVectors                    
00000000  g_pfnVectors                       
0000ad0d  joinADC                            
000088e1  ldexp                              
000088e1  ldexpl                             
0000a921  main                               
000095e9  memcpy                             
00009945  memset                             
0000651d  pow                                
0000651d  powl                               
000093d5  pvPortMalloc                       
0000ae4d  pvTaskIncrementMutexHeldCount      
20005f10  pxCurrentTCB                       
0000aa65  pxPortInitialiseStack              
000088e1  scalbn                             
000088e1  scalbnl                            
00009f91  sigmoid                            
00008089  sqrt                               
00008089  sqrtl                              
00006474  ulMaxSyscallInterruptPriority      
00009175  ulPortGetIPSR                      
00009a31  ulTaskGenericNotifyTake            
0000ab89  uxListRemove                       
0000b0f1  uxTaskGetNumberOfTasks             
0000b051  uxTaskGetStackHighWaterMark        
00006518  uxTopUsedPriority                  
0000a6bb  vApplicationIdleHook               
0000b145  vApplicationStackOverflowHook      
0000af45  vListInitialise                    
0000b16b  vListInitialiseItem                
0000a81d  vListInsert                        
00009231  vPortEnableVFP                     
0000ad29  vPortEnterCritical                 
0000ae65  vPortExitCritical                  
0000a265  vPortFree                          
000091ed  vPortSVCHandler                    
0000ad45  vPortSetupTimerInterrupt           
0000920d  vPortStartFirstTask                
0000a981  vTaskDelay                         
00008aed  vTaskGenericNotifyGiveFromISR      
0000ae7d  vTaskInternalSetTimeOutState       
0000b0fd  vTaskMissedYield                   
0000ad61  vTaskPlaceOnEventList              
00009541  vTaskPriorityDisinheritAfterTimeout
00009e6d  vTaskStartScheduler                
0000b061  vTaskSuspendAll                    
00009721  vTaskSwitchContext                 
00007ac5  xChangeDirection                   
20005f74  xChangeDirectionHandle             
0000ad7d  xDebaunceKey                       
20005f70  xDebaunceKeyHandle                 
0000918d  xPortPendSVHandler                 
0000a6bd  xPortStartScheduler                
0000aa91  xPortSysTickHandler                
0000a639  xQueueGenericCreate                
00009685  xQueueGenericReset                 
0000a04f  xQueueGiveFromISR                  
0000858d  xQueueSemaphoreTake                
0000a1b9  xTaskCheckForTimeOut               
00009da1  xTaskCreate                        
00007f25  xTaskIncrementTick                 
00009315  xTaskPriorityInherit               
00008eb9  xTaskRemoveFromEventList           
000081e1  xTaskResumeAll                     


GLOBAL SYMBOLS: SORTED BY Symbol Address 

address   name                               
-------   ----                               
00000000  __TI_static_base__                 
00000000  g_pfnVectors                       
00000200  __STACK_SIZE                       
00000270  GeneralSpectralCorrectionMatrix    
00006474  ulMaxSyscallInterruptPriority      
00006518  uxTopUsedPriority                  
0000651d  pow                                
0000651d  powl                               
00006edd  AS7341_Begin                       
00007219  exp                                
00007219  expl                               
00007541  UARTvprintf                        
0000772f  AS7341_SetI2cRegSMUX               
0000790f  __aeabi_dsub                       
00007919  __aeabi_dadd                       
00007ac5  xChangeDirection                   
00007c4d  AS7341_ReadChannels                
00007db9  GPIOPadConfigSet                   
00007f25  xTaskIncrementTick                 
00008089  sqrt                               
00008089  sqrtl                              
000081e1  xTaskResumeAll                     
00008325  __aeabi_ddiv                       
0000845d  TriggerPWMSigmoidFrequency         
0000858d  xQueueSemaphoreTake                
000086b1  NemaInterruptionConfig             
000087c9  SysCtlClockGet                     
000088e1  ldexp                              
000088e1  ldexpl                             
000088e1  scalbn                             
000088e1  scalbnl                            
000089f1  __aeabi_dmul                       
00008aed  vTaskGenericNotifyGiveFromISR      
00008be9  NemaConfig                         
00008ce1  arm_mat_mult_f32                   
00008dd1  AS7341_i2cInit                     
00008eb9  xTaskRemoveFromEventList           
00008fa1  PinoutSet                          
00009175  ulPortGetIPSR                      
0000918d  xPortPendSVHandler                 
000091ed  vPortSVCHandler                    
0000920d  vPortStartFirstTask                
00009231  vPortEnableVFP                     
00009241  GPIOPortE_Handler                  
00009315  xTaskPriorityInherit               
000093d5  pvPortMalloc                       
00009541  vTaskPriorityDisinheritAfterTimeout
000095e9  __aeabi_memcpy                     
000095e9  __aeabi_memcpy4                    
000095e9  __aeabi_memcpy8                    
000095e9  memcpy                             
00009685  xQueueGenericReset                 
00009721  vTaskSwitchContext                 
000097ad  __aeabi_cdcmpeq                    
000097ad  __aeabi_cdcmple                    
00009833  __aeabi_cdrcmple                   
0000993d  __aeabi_memclr                     
0000993d  __aeabi_memclr4                    
0000993d  __aeabi_memclr8                    
0000993f  __aeabi_memset                     
0000993f  __aeabi_memset4                    
0000993f  __aeabi_memset8                    
00009945  memset                             
000099b9  PWM_SetDutyCycle                   
00009a31  ulTaskGenericNotifyTake            
00009aa9  UART5_SendDataPacket               
00009b1f  AS7341_SetSMUX                     
00009b93  __aeabi_d2f                        
00009c01  IntDisable                         
00009c69  IntEnable                          
00009cd1  SpectralReconstruction             
00009d39  __TI_decompress_lzss               
00009da1  xTaskCreate                        
00009e07  __aeabi_idiv0                      
00009e07  __aeabi_ldiv0                      
00009e6d  vTaskStartScheduler                
00009ed1  UARTStdioConfig                    
00009f91  sigmoid                            
0000a04f  xQueueGiveFromISR                  
0000a0ad  Correction1                        
0000a109  AS7341_read                        
0000a161  GPIOIntTypeSet                     
0000a1b9  xTaskCheckForTimeOut               
0000a211  AnalogInit                         
0000a265  vPortFree                          
0000a2b9  AS7341_BankAcessSet                
0000a309  BasicCountConvertion               
0000a359  UART5_Init                         
0000a3a9  UARTwrite                          
0000a3f9  AS7341_write                       
0000a445  GPIOPinConfigure                   
0000a491  I2CMasterInitExpClk                
0000a4dd  __aeabi_d2iz                       
0000a525  AS7341_PowerOn                     
0000a56b  UARTConfigSetExpClk                
0000a5b1  __TI_auto_init_nobinit_nopinit     
0000a639  xQueueGenericCreate                
0000a67b  __aeabi_uidiv                      
0000a67b  __aeabi_uidivmod                   
0000a6bb  vApplicationIdleHook               
0000a6bd  xPortStartScheduler                
0000a6fd  AS7341_GetIntegrationTimeADC       
0000a739  PortDIntHanlder                    
0000a775  I2C1_IntHandler                    
0000a7ad  SysCtlPeripheralReady              
0000a7e5  __aeabi_f2d                        
0000a81d  vListInsert                        
0000a855  IntRegister                        
0000a889  SysCtlPeripheralEnable             
0000a8bd  _c_int00_noargs                    
0000a8f1  AS7341_PerformanceDbgInit          
0000a921  main                               
0000a981  vTaskDelay                         
0000a9b1  __aeabi_i2d                        
0000a9df  AS7341_DeviceStatus                
0000aa0b  AS7341_GetStepADC                  
0000aa37  GPIODirModeSet                     
0000aa65  pxPortInitialiseStack              
0000aa91  xPortSysTickHandler                
0000aabd  AS7341_DisableSpecMen              
0000aae7  AS7341_EnableSpecMen               
0000ab11  AS7341_SMUXEnable                  
0000ab3b  AS7341_DevivceConfig               
0000ab63  AS7341_SetStepADC                  
0000ab89  uxListRemove                       
0000ac1d  PWMGenConfigure                    
0000ac41  UARTDisable                        
0000ac61  PWMPulseWidthSet                   
0000ac7f  AS7341_Boot                        
0000ac9b  AS7341_SetAcessAndRead             
0000acb7  AS7341_SetAcessAndWrite            
0000acd3  AS7341_WriteI2cReg2SMUX_Sel        
0000acf1  WaitACK                            
0000ad0d  joinADC                            
0000ad29  vPortEnterCritical                 
0000ad45  vPortSetupTimerInterrupt           
0000ad61  vTaskPlaceOnEventList              
0000ad7d  xDebaunceKey                       
0000ad99  AS7341_GetGainADC                  
0000adb3  GPIOPinTypeGPIOOutput              
0000adcd  UARTprintf                         
0000ade7  copysign                           
0000ade7  copysignl                          
0000ae1b  AS7341_SetGainADC                  
0000ae35  GPIOUnlockPin                      
0000ae4d  pvTaskIncrementMutexHeldCount      
0000ae65  vPortExitCritical                  
0000ae7d  vTaskInternalSetTimeOutState       
0000ae95  AS7341_SetTimeADC                  
0000aeab  AS7341_SetWtimeADC                 
0000aec1  GPIOPinTypeGPIOInput               
0000aed7  GPIOPinTypeI2C                     
0000aeed  GPIOPinTypeI2CSCL                  
0000af03  GPIOPinTypePWM                     
0000af19  GPIOPinTypeUART                    
0000af45  vListInitialise                    
0000af5d  SysCtlPWMClockSet                  
0000af71  UARTEnable                         
0000af99  PWMGenPeriodGet                    
0000afab  PWMOutputState                     
0000afcf  AS7341_GetTimeADC                  
0000afe1  AS7341_PerformanceDbgClr           
0000aff1  AS7341_PerformanceDbgSet           
0000b001  IntMasterDisable                   
0000b011  IntMasterEnable                    
0000b021  NemaDisable                        
0000b031  PWMGenPeriodSet                    
0000b051  uxTaskGetStackHighWaterMark        
0000b061  vTaskSuspendAll                    
0000b071  GPIOIntDisable                     
0000b07f  GPIOIntStatus                      
0000b08d  __TI_decompress_none               
0000b09b  CPUcpsid                           
0000b0a7  CPUcpsie                           
0000b0b3  GPIOIntEnable                      
0000b0bf  PWMGenEnable                       
0000b0cd  UART5_SendByte                     
0000b0d9  __TI_zero_init                     
0000b0f1  uxTaskGetNumberOfTasks             
0000b0fd  vTaskMissedYield                   
0000b109  I2CMasterEnable                    
0000b113  UARTCharPut                        
0000b11d  I2CMasterIntClear                  
0000b125  I2CMasterIntEnableEx               
0000b12d  I2CMasterSlaveAddrSet              
0000b135  __aeabi_errno_addr                 
0000b13d  arm_mat_init_f32                   
0000b145  vApplicationStackOverflowHook      
0000b14d  GPIOIntClear                       
0000b153  GPIOPinWrite                       
0000b159  ResetISR                           
0000b15f  SysCtlDelay                        
0000b165  UARTClockSourceSet                 
0000b16b  vListInitialiseItem                
0000b171  I2CMasterControl                   
0000b175  I2CMasterDataGet                   
0000b179  I2CMasterDataPut                   
0000b17d  _system_pre_init                   
0000b181  C$$EXIT                            
0000b181  abort                              
0000b1c4  __TI_Handler_Table_Base            
0000b1d0  __TI_Handler_Table_Limit           
0000b1e0  __TI_CINIT_Base                    
0000b1f8  __TI_CINIT_Limit                   
20000000  __start___llvm_prf_cnts            
20000000  __stop___llvm_prf_cnts             
20000000  g_pfnRAMVectors                    
2000517c  Spectral400_600                    
20005cd0  LinearMov_Mngr                     
20005cf8  AS7341_Semphr                      
20005cfc  ChangeDirStatus                    
20005d00  Gain                               
20005d04  I2C1_Semphr                        
20005d08  IntTime                            
20005d10  __stack                            
20005f10  __STACK_END                        
20005f10  __STACK_TOP                        
20005f10  pxCurrentTCB                       
20005f44  PhotoOffset                        
20005f70  xDebaunceKeyHandle                 
20005f74  xChangeDirectionHandle             
20005f85  BankAcessControlValue              
20005f8c  errno                              
ffffffff  __TI_pprof_out_hndl                
ffffffff  __TI_prof_data_size                
ffffffff  __TI_prof_data_start               
ffffffff  __binit__                          
ffffffff  __c_args__                         
ffffffff  binit                              
UNDEFED   __mpu_init                         
UNDEFED   _system_post_cinit                 

[231 symbols]
