******************************************************************************
                  TI ARM Linker Unix v20.2.1                   
******************************************************************************
>> Linked Wed Jul 31 16:12:15 2024

OUTPUT FILE NAME:   <Nema17.out>
ENTRY POINT SYMBOL: "_c_int00_noargs"  address: 000046d5


MEMORY CONFIGURATION

         name            origin    length      used     unused   attr    fill
----------------------  --------  ---------  --------  --------  ----  --------
  FLASH                 00000000   00040000  00004adc  0003b524  R  X
  SRAM                  20000000   00008000  00005588  00002a78  RW X


SEGMENT ALLOCATION MAP

run origin  load origin   length   init length attrs members
----------  ----------- ---------- ----------- ----- -------
00000000    00000000    00004ae0   00004ae0    r-x
  00000000    00000000    0000026c   0000026c    r-- .intvecs
  0000026c    0000026c    00004694   00004694    r-x .text
  00004900    00004900    0000018c   0000018c    r-- .const
  00004a90    00004a90    00000050   00000050    r-- .cinit
20000000    20000000    00005588   00000000    rw-
  20000000    20000000    0000026c   00000000    rw- .vtable
  2000026c    2000026c    000050cc   00000000    rw- .bss
  20005338    20005338    00000200   00000000    rw- .stack
  20005538    20005538    00000050   00000000    rw- .data


SECTION ALLOCATION MAP

 output                                  attributes/
section   page    origin      length       input sections
--------  ----  ----------  ----------   ----------------
.intvecs   0    00000000    0000026c     
                  00000000    0000026c     tm4c123gh6pm_startup_ccs.obj (.intvecs)

.text      0    0000026c    00004694     
                  0000026c    00002100     tasks.obj (.text)
                  0000236c    000005f0     drv8825.obj (.text)
                  0000295c    000004e8     uartstdio.obj (.text)
                  00002e44    00000328     rtsv7M4_T_le_v4SPD16_eabi.lib : e_exp.c.obj (.text:exp)
                  0000316c    000002c4     rtos_hw_drivers.obj (.text)
                  00003430    0000024c     heap_2.obj (.text)
                  0000367c    000001b6     rtsv7M4_T_le_v4SPD16_eabi.lib : fd_add_t2.asm.obj (.text)
                  00003832    00000002                                   : div0.asm.obj (.text)
                  00003834    0000016c     driverlib.lib : gpio.obj (.text:GPIOPadConfigSet)
                  000039a0    0000013c     port.obj (.text)
                  00003adc    00000136     rtsv7M4_T_le_v4SPD16_eabi.lib : fd_div_t2.asm.obj (.text)
                  00003c12    0000012a     list.obj (.text)
                  00003d3c    00000118     driverlib.lib : sysctl.obj (.text:SysCtlClockGet)
                  00003e54    000000fc     rtsv7M4_T_le_v4SPD16_eabi.lib : fd_mul_t2.asm.obj (.text)
                  00003f50    000000da     portasm.obj (.text)
                  0000402a    00000002     --HOLE-- [fill = 0]
                  0000402c    000000d0     hello.obj (.text)
                  000040fc    0000009c     rtsv7M4_T_le_v4SPD16_eabi.lib : memcpy_t2.asm.obj (.text)
                  00004198    00000086                                   : fd_cmp_t2.asm.obj (.text:__aeabi_cdcmple)
                  0000421e    00000086                                   : fd_cmp_t2.asm.obj (.text:__aeabi_cdrcmple)
                  000042a4    0000007a                                   : memset_t2.asm.obj (.text)
                  0000431e    0000006e                                   : fd_tos_t2.asm.obj (.text)
                  0000438c    00000068     driverlib.lib : interrupt.obj (.text:IntDisable)
                  000043f4    00000068                   : interrupt.obj (.text:IntEnable)
                  0000445c    00000068     rtsv7M4_T_le_v4SPD16_eabi.lib : copy_decompress_lzss.c.obj (.text:decompress:lzss:__TI_decompress_lzss)
                  000044c4    00000058     driverlib.lib : gpio.obj (.text:GPIOIntTypeSet)
                  0000451c    0000004c                   : gpio.obj (.text:GPIOPinConfigure)
                  00004568    00000048     rtsv7M4_T_le_v4SPD16_eabi.lib : fd_toi_t2.asm.obj (.text)
                  000045b0    00000044                                   : autoinit.c.obj (.text:__TI_auto_init_nobinit_nopinit:__TI_auto_init_nobinit_nopinit)
                  000045f4    00000040                                   : u_divt2.asm.obj (.text)
                  00004634    00000038                                   : fs_tod_t2.asm.obj (.text)
                  0000466c    00000034     driverlib.lib : interrupt.obj (.text:IntRegister)
                  000046a0    00000034                   : sysctl.obj (.text:SysCtlPeripheralEnable)
                  000046d4    00000034     rtsv7M4_T_le_v4SPD16_eabi.lib : boot_cortex_m.c.obj (.text:_c_int00_noargs:_c_int00_noargs)
                  00004708    0000002e                                   : i_tofd_t2.asm.obj (.text)
                  00004736    0000002c     driverlib.lib : gpio.obj (.text:GPIODirModeSet)
                  00004762    00000022                   : pwm.obj (.text:PWMGenConfigure)
                  00004784    0000001e                   : pwm.obj (.text:PWMPulseWidthSet)
                  000047a2    0000001a                   : gpio.obj (.text:GPIOPinTypeGPIOOutput)
                  000047bc    00000018                   : gpio.obj (.text:GPIOUnlockPin)
                  000047d4    00000018                   : sysctl.obj (.text:SysCtlPWMClockGet)
                  000047ec    00000016                   : gpio.obj (.text:GPIOPinTypeGPIOInput)
                  00004802    00000016                   : gpio.obj (.text:GPIOPinTypePWM)
                  00004818    00000014                   : sysctl.obj (.text:SysCtlPWMClockSet)
                  0000482c    00000012                   : pwm.obj (.text:PWMGenPeriodGet)
                  0000483e    00000012                   : pwm.obj (.text:PWMOutputState)
                  00004850    00000010                   : interrupt.obj (.text:IntMasterDisable)
                  00004860    00000010                   : pwm.obj (.text:PWMGenPeriodSet)
                  00004870    0000000e                   : gpio.obj (.text:GPIOIntDisable)
                  0000487e    0000000e                   : gpio.obj (.text:GPIOIntStatus)
                  0000488c    0000000e     rtsv7M4_T_le_v4SPD16_eabi.lib : copy_decompress_none.c.obj (.text:decompress:none:__TI_decompress_none)
                  0000489a    0000000c     driverlib.lib : cpu.obj (.text:CPUcpsid)
                  000048a6    0000000c                   : gpio.obj (.text:GPIOIntEnable)
                  000048b2    0000000c                   : pwm.obj (.text:PWMGenEnable)
                  000048be    0000000c     rtsv7M4_T_le_v4SPD16_eabi.lib : copy_zero_init.c.obj (.text:decompress:ZI:__TI_zero_init)
                  000048ca    0000000c     tm4c123gh6pm_startup_ccs.obj (.text)
                  000048d6    00000002     --HOLE-- [fill = 0]
                  000048d8    00000008     rtsv7M4_T_le_v4SPD16_eabi.lib : errno.c.obj (.text:__aeabi_errno_addr)
                  000048e0    00000006     driverlib.lib : gpio.obj (.text:GPIOIntClear)
                  000048e6    00000006                   : gpio.obj (.text:GPIOPinWrite)
                  000048ec    00000006                   : sysctl.obj (.text:SysCtlDelay)
                  000048f2    00000006                   : uart.obj (.text:UARTClockSourceSet)
                  000048f8    00000004     rtsv7M4_T_le_v4SPD16_eabi.lib : pre_init.c.obj (.text:_system_pre_init)
                  000048fc    00000004                                   : exit.c.obj (.text:abort:abort)

.const     0    00004900    0000018c     
                  00004900    00000090     driverlib.lib : gpio.obj (.const:g_pui32GPIOBaseAddrs)
                  00004990    0000006c                   : sysctl.obj (.const:g_pui32Xtals)
                  000049fc    00000004     port.obj (.const)
                  00004a00    00000030     rtsv7M4_T_le_v4SPD16_eabi.lib : e_exp.c.obj (.const:$O1$$)
                  00004a30    00000014     driverlib.lib : interrupt.obj (.const:g_pui32Dii16Regs)
                  00004a44    00000014                   : interrupt.obj (.const:g_pui32EnRegs)
                  00004a58    00000012     uartstdio.obj (.const:.string)
                  00004a6a    00000002     --HOLE-- [fill = 0]
                  00004a6c    0000000c     uartstdio.obj (.const:g_ui32UARTBase)
                  00004a78    0000000c     uartstdio.obj (.const:g_ui32UARTPeriph)
                  00004a84    00000004     tasks.obj (.const)
                  00004a88    00000004     uartstdio.obj (.const)

.cinit     0    00004a90    00000050     
                  00004a90    00000015     (.cinit..data.load) [load image, compression = lzss]
                  00004aa5    00000003     --HOLE-- [fill = 0]
                  00004aa8    0000000c     (__TI_handler_table)
                  00004ab4    00000004     --HOLE-- [fill = 0]
                  00004ab8    00000008     (.cinit..bss.load) [load image, compression = zero_init]
                  00004ac0    00000008     (.cinit..vtable.load) [load image, compression = zero_init]
                  00004ac8    00000018     (__TI_cinit_table)

.init_array 
*          0    00000000    00000000     UNINITIALIZED

.vtable    0    20000000    0000026c     UNINITIALIZED
                  20000000    0000026c     driverlib.lib : interrupt.obj (.vtable)

.bss       0    2000026c    000050cc     UNINITIALIZED
                  2000026c    00004f10     heap_2.obj (.bss:ucHeap)
                  2000517c    00000140     tasks.obj (.bss:pxReadyTasksLists)
                  200052bc    00000014     tasks.obj (.bss:xDelayedTaskList1)
                  200052d0    00000014     tasks.obj (.bss:xDelayedTaskList2)
                  200052e4    00000014     tasks.obj (.bss:xPendingReadyList)
                  200052f8    00000014     tasks.obj (.bss:xSuspendedTaskList)
                  2000530c    00000014     tasks.obj (.bss:xTasksWaitingTermination)
                  20005320    00000008     tasks.obj (.bss)
                  20005328    00000008     heap_2.obj (.bss:xEnd)
                  20005330    00000008     heap_2.obj (.bss:xStart)

.data      0    20005538    00000050     UNINITIALIZED
                  20005538    00000034     tasks.obj (.data)
                  2000556c    00000008     heap_2.obj (.data)
                  20005574    00000005     uartstdio.obj (.data)
                  20005579    00000003     rtos_hw_drivers.obj (.data)
                  2000557c    00000004     drv8825.obj (.data)
                  20005580    00000004     port.obj (.data)
                  20005584    00000004     rtsv7M4_T_le_v4SPD16_eabi.lib : errno.c.obj (.data)

.stack     0    20005338    00000200     UNINITIALIZED
                  20005338    00000004     rtsv7M4_T_le_v4SPD16_eabi.lib : boot_cortex_m.c.obj (.stack)
                  2000533c    000001fc     --HOLE--

__llvm_prf_cnts 
*          0    20000000    00000000     UNINITIALIZED

MODULE SUMMARY

       Module                         code    ro data   rw data
       ------                         ----    -------   -------
    ./
       tm4c123gh6pm_startup_ccs.obj   12      620       0      
       hello.obj                      208     0         0      
    +--+------------------------------+-------+---------+---------+
       Total:                         220     620       0      
                                                               
    ./FreeRTOS/Source/
       tasks.obj                      8448    4         480    
       list.obj                       298     0         0      
    +--+------------------------------+-------+---------+---------+
       Total:                         8746    4         480    
                                                               
    ./FreeRTOS/Source/portable/CCS/ARM_CM4F/
       port.obj                       316     4         4      
       portasm.obj                    218     0         0      
    +--+------------------------------+-------+---------+---------+
       Total:                         534     4         4      
                                                               
    ./FreeRTOS/Source/portable/MemMang/
       heap_2.obj                     588     0         20264  
    +--+------------------------------+-------+---------+---------+
       Total:                         588     0         20264  
                                                               
    ./SpecLibs/DRV8825/
       drv8825.obj                    1520    0         4      
    +--+------------------------------+-------+---------+---------+
       Total:                         1520    0         4      
                                                               
    ./drivers/
       rtos_hw_drivers.obj            708     0         3      
    +--+------------------------------+-------+---------+---------+
       Total:                         708     0         3      
                                                               
    ./utils/
       uartstdio.obj                  1256    46        5      
    +--+------------------------------+-------+---------+---------+
       Total:                         1256    46        5      
                                                               
    /home/jao/curso/ufsm/Mestrado/Dissertacao/Pototip_DeVereda/ProjetoPrototipo/Tiva/EK-TM4C/driverlib/ccs/Debug/driverlib.lib
       interrupt.obj                  276     40        620    
       gpio.obj                       718     144       0      
       sysctl.obj                     382     108       0      
       pwm.obj                        128     0         0      
       cpu.obj                        12      0         0      
       uart.obj                       6       0         0      
    +--+------------------------------+-------+---------+---------+
       Total:                         1522    292       620    
                                                               
    /home/jao/ti/ccs1010/ccs/tools/compiler/ti-cgt-arm_20.2.1.LTS/lib/rtsv7M4_T_le_v4SPD16_eabi.lib
       e_exp.c.obj                    808     48        0      
       fd_add_t2.asm.obj              438     0         0      
       fd_div_t2.asm.obj              310     0         0      
       fd_cmp_t2.asm.obj              268     0         0      
       fd_mul_t2.asm.obj              252     0         0      
       memcpy_t2.asm.obj              156     0         0      
       memset_t2.asm.obj              122     0         0      
       fd_tos_t2.asm.obj              110     0         0      
       copy_decompress_lzss.c.obj     104     0         0      
       fd_toi_t2.asm.obj              72      0         0      
       autoinit.c.obj                 68      0         0      
       u_divt2.asm.obj                64      0         0      
       fs_tod_t2.asm.obj              56      0         0      
       boot_cortex_m.c.obj            52      0         0      
       i_tofd_t2.asm.obj              46      0         0      
       copy_decompress_none.c.obj     14      0         0      
       copy_zero_init.c.obj           12      0         0      
       errno.c.obj                    8       0         4      
       exit.c.obj                     4       0         0      
       pre_init.c.obj                 4       0         0      
       div0.asm.obj                   2       0         0      
    +--+------------------------------+-------+---------+---------+
       Total:                         2970    48        4      
                                                               
       Stack:                         0       0         512    
       Linker Generated:              0       73        0      
    +--+------------------------------+-------+---------+---------+
       Grand Total:                   18064   1087      21896  


LINKER GENERATED COPY TABLES

__TI_cinit_table @ 00004ac8 records: 3, size/record: 8, table size: 24
	.data: load addr=00004a90, load size=00000015 bytes, run addr=20005538, run size=00000050 bytes, compression=lzss
	.bss: load addr=00004ab8, load size=00000008 bytes, run addr=2000026c, run size=000050cc bytes, compression=zero_init
	.vtable: load addr=00004ac0, load size=00000008 bytes, run addr=20000000, run size=0000026c bytes, compression=zero_init


LINKER GENERATED HANDLER TABLE

__TI_handler_table @ 00004aa8 records: 3, size/record: 4, table size: 12
	index: 0, handler: __TI_zero_init
	index: 1, handler: __TI_decompress_lzss
	index: 2, handler: __TI_decompress_none


GLOBAL SYMBOLS: SORTED ALPHABETICALLY BY Name 

address   name                               
-------   ----                               
000023db  AnalogInit                         
000033b1  ButtonsInit                        
0000330b  ButtonsPoll                        
000048fd  C$$EXIT                            
0000489b  CPUcpsid                           
00004737  GPIODirModeSet                     
000048e1  GPIOIntClear                       
00004871  GPIOIntDisable                     
000048a7  GPIOIntEnable                      
0000487f  GPIOIntStatus                      
000044c5  GPIOIntTypeSet                     
00003835  GPIOPadConfigSet                   
0000451d  GPIOPinConfigure                   
000047ed  GPIOPinTypeGPIOInput               
000047a3  GPIOPinTypeGPIOOutput              
00004803  GPIOPinTypePWM                     
000048e7  GPIOPinWrite                       
000026a5  GPIOPortE_Handler                  
000047bd  GPIOUnlockPin                      
0000438d  IntDisable                         
000043f5  IntEnable                          
00004851  IntMasterDisable                   
0000466d  IntRegister                        
000032e3  LEDRead                            
00003251  LEDWrite                           
000027c1  NemaConfig                         
00002729  NemaInterruptionConfig             
00004763  PWMGenConfigure                    
000048b3  PWMGenEnable                       
0000482d  PWMGenPeriodGet                    
00004861  PWMGenPeriodSet                    
0000483f  PWMOutputState                     
00004785  PWMPulseWidthSet                   
0000236d  PWM_SetDutyCycle                   
0000316d  PinoutSet                          
000048cb  ResetISR                           
00002875  StepLoop                           
00003d3d  SysCtlClockGet                     
000048ed  SysCtlDelay                        
000047d5  SysCtlPWMClockGet                  
00004819  SysCtlPWMClockSet                  
000046a1  SysCtlPeripheralEnable             
000024af  TrigggerPWMSigmoidFrequency        
000048f3  UARTClockSourceSet                 
0000295d  UARTStdioConfig                    
00002adf  UARTgetc                           
00002a19  UARTgets                           
00002e0f  UARTprintf                         
00002b15  UARTvprintf                        
000029bd  UARTwrite                          
20005538  __STACK_END                        
00000200  __STACK_SIZE                       
20005538  __STACK_TOP                        
00004ac8  __TI_CINIT_Base                    
00004ae0  __TI_CINIT_Limit                   
00004aa8  __TI_Handler_Table_Base            
00004ab4  __TI_Handler_Table_Limit           
000045b1  __TI_auto_init_nobinit_nopinit     
0000445d  __TI_decompress_lzss               
0000488d  __TI_decompress_none               
ffffffff  __TI_pprof_out_hndl                
ffffffff  __TI_prof_data_size                
ffffffff  __TI_prof_data_start               
00000000  __TI_static_base__                 
000048bf  __TI_zero_init                     
00004199  __aeabi_cdcmpeq                    
00004199  __aeabi_cdcmple                    
0000421f  __aeabi_cdrcmple                   
0000431f  __aeabi_d2f                        
00004569  __aeabi_d2iz                       
00003687  __aeabi_dadd                       
00003add  __aeabi_ddiv                       
00003e55  __aeabi_dmul                       
0000367d  __aeabi_dsub                       
000048d9  __aeabi_errno_addr                 
00004635  __aeabi_f2d                        
00004709  __aeabi_i2d                        
00003833  __aeabi_idiv0                      
00003833  __aeabi_ldiv0                      
000042a5  __aeabi_memclr                     
000042a5  __aeabi_memclr4                    
000042a5  __aeabi_memclr8                    
000040fd  __aeabi_memcpy                     
000040fd  __aeabi_memcpy4                    
000040fd  __aeabi_memcpy8                    
000042a7  __aeabi_memset                     
000042a7  __aeabi_memset4                    
000042a7  __aeabi_memset8                    
000045f5  __aeabi_uidiv                      
000045f5  __aeabi_uidivmod                   
ffffffff  __binit__                          
ffffffff  __c_args__                         
UNDEFED   __mpu_init                         
20005338  __stack                            
20000000  __start___llvm_prf_cnts            
20000000  __stop___llvm_prf_cnts             
000046d5  _c_int00_noargs                    
UNDEFED   _system_post_cinit                 
000048f9  _system_pre_init                   
000048fd  abort                              
ffffffff  binit                              
00000631  eTaskGetState                      
20005584  errno                              
00002e45  exp                                
00002e45  expl                               
20000000  g_pfnRAMVectors                    
00000000  g_pfnVectors                       
00002477  getPWMFrequency                    
0000402d  main                               
000040fd  memcpy                             
000042ad  memset                             
00000dd9  pcTaskGetName                      
000035dd  pvPortCalloc                       
00003431  pvPortMalloc                       
00001b9b  pvTaskIncrementMutexHeldCount      
20005538  pxCurrentTCB                       
000039a1  pxPortInitialiseStack              
0000242d  sigmoid                            
000049fc  ulMaxSyscallInterruptPriority      
00003f61  ulPortGetIPSR                      
00001bbd  ulTaskGenericNotifyTake            
00002229  ulTaskGenericNotifyValueClear      
00003cf5  uxListRemove                       
00000dc9  uxTaskGetNumberOfTasks             
000017e9  uxTaskGetStackHighWaterMark        
00000e15  uxTaskGetSystemState               
00001565  uxTaskGetTaskNumber                
000006f3  uxTaskPriorityGet                  
0000071d  uxTaskPriorityGetFromISR           
00001b79  uxTaskResetEventItemValue          
00004a84  uxTopUsedPriority                  
000040c3  vApplicationIdleHook               
000040c5  vApplicationStackOverflowHook      
000040c1  vApplicationTickHook               
00003c13  vListInitialise                    
00003c43  vListInitialiseItem                
00003c8f  vListInsert                        
00003c53  vListInsertEnd                     
0000401d  vPortEnableVFP                     
00003a41  vPortEndScheduler                  
00003a43  vPortEnterCritical                 
00003a63  vPortExitCritical                  
00003557  vPortFree                          
000035db  vPortInitialiseBlocks              
00003fd9  vPortSVCHandler                    
00003a9f  vPortSetupTimerInterrupt           
00003ff9  vPortStartFirstTask                
000005e3  vTaskDelay                         
0000049b  vTaskDelete                        
00000bdf  vTaskEndScheduler                  
00002081  vTaskGenericNotifyGiveFromISR      
00001659  vTaskGetInfo                       
000014b9  vTaskInternalSetTimeOutState       
0000155d  vTaskMissedYield                   
00001193  vTaskPlaceOnEventList              
000011b9  vTaskPlaceOnUnorderedEventList     
00001a75  vTaskPriorityDisinheritAfterTimeout
00000765  vTaskPrioritySet                   
00001391  vTaskRemoveFromUnorderedEventList  
000009f3  vTaskResume                        
00001585  vTaskSetTaskNumber                 
0000149b  vTaskSetTimeOutState               
00000b95  vTaskStartScheduler                
000008c1  vTaskSuspend                       
00000bfb  vTaskSuspendAll                    
000010f1  vTaskSwitchContext                 
00002679  xDebaunceKey                       
2000557c  xDebaunceKeyHandle                 
000035d5  xPortGetFreeHeapSize               
00003f79  xPortPendSVHandler                 
00003a0b  xPortStartScheduler                
00003a79  xPortSysTickHandler                
00000eed  xTaskCatchUpTicks                  
000014d9  xTaskCheckForTimeOut               
0000026d  xTaskCreate                        
00000553  xTaskDelayUntil                    
00001d23  xTaskGenericNotify                 
00001ea9  xTaskGenericNotifyFromISR          
000021d9  xTaskGenericNotifyStateClear       
00001c61  xTaskGenericNotifyWait             
0000184f  xTaskGetCurrentTaskHandle          
00000d9d  xTaskGetTickCount                  
00000db1  xTaskGetTickCountFromISR           
00000f25  xTaskIncrementTick                 
0000199f  xTaskPriorityDisinherit            
00001889  xTaskPriorityInherit               
00001225  xTaskRemoveFromEventList           
00000c11  xTaskResumeAll                     
00000abd  xTaskResumeFromISR                 


GLOBAL SYMBOLS: SORTED BY Symbol Address 

address   name                               
-------   ----                               
00000000  __TI_static_base__                 
00000000  g_pfnVectors                       
00000200  __STACK_SIZE                       
0000026d  xTaskCreate                        
0000049b  vTaskDelete                        
00000553  xTaskDelayUntil                    
000005e3  vTaskDelay                         
00000631  eTaskGetState                      
000006f3  uxTaskPriorityGet                  
0000071d  uxTaskPriorityGetFromISR           
00000765  vTaskPrioritySet                   
000008c1  vTaskSuspend                       
000009f3  vTaskResume                        
00000abd  xTaskResumeFromISR                 
00000b95  vTaskStartScheduler                
00000bdf  vTaskEndScheduler                  
00000bfb  vTaskSuspendAll                    
00000c11  xTaskResumeAll                     
00000d9d  xTaskGetTickCount                  
00000db1  xTaskGetTickCountFromISR           
00000dc9  uxTaskGetNumberOfTasks             
00000dd9  pcTaskGetName                      
00000e15  uxTaskGetSystemState               
00000eed  xTaskCatchUpTicks                  
00000f25  xTaskIncrementTick                 
000010f1  vTaskSwitchContext                 
00001193  vTaskPlaceOnEventList              
000011b9  vTaskPlaceOnUnorderedEventList     
00001225  xTaskRemoveFromEventList           
00001391  vTaskRemoveFromUnorderedEventList  
0000149b  vTaskSetTimeOutState               
000014b9  vTaskInternalSetTimeOutState       
000014d9  xTaskCheckForTimeOut               
0000155d  vTaskMissedYield                   
00001565  uxTaskGetTaskNumber                
00001585  vTaskSetTaskNumber                 
00001659  vTaskGetInfo                       
000017e9  uxTaskGetStackHighWaterMark        
0000184f  xTaskGetCurrentTaskHandle          
00001889  xTaskPriorityInherit               
0000199f  xTaskPriorityDisinherit            
00001a75  vTaskPriorityDisinheritAfterTimeout
00001b79  uxTaskResetEventItemValue          
00001b9b  pvTaskIncrementMutexHeldCount      
00001bbd  ulTaskGenericNotifyTake            
00001c61  xTaskGenericNotifyWait             
00001d23  xTaskGenericNotify                 
00001ea9  xTaskGenericNotifyFromISR          
00002081  vTaskGenericNotifyGiveFromISR      
000021d9  xTaskGenericNotifyStateClear       
00002229  ulTaskGenericNotifyValueClear      
0000236d  PWM_SetDutyCycle                   
000023db  AnalogInit                         
0000242d  sigmoid                            
00002477  getPWMFrequency                    
000024af  TrigggerPWMSigmoidFrequency        
00002679  xDebaunceKey                       
000026a5  GPIOPortE_Handler                  
00002729  NemaInterruptionConfig             
000027c1  NemaConfig                         
00002875  StepLoop                           
0000295d  UARTStdioConfig                    
000029bd  UARTwrite                          
00002a19  UARTgets                           
00002adf  UARTgetc                           
00002b15  UARTvprintf                        
00002e0f  UARTprintf                         
00002e45  exp                                
00002e45  expl                               
0000316d  PinoutSet                          
00003251  LEDWrite                           
000032e3  LEDRead                            
0000330b  ButtonsPoll                        
000033b1  ButtonsInit                        
00003431  pvPortMalloc                       
00003557  vPortFree                          
000035d5  xPortGetFreeHeapSize               
000035db  vPortInitialiseBlocks              
000035dd  pvPortCalloc                       
0000367d  __aeabi_dsub                       
00003687  __aeabi_dadd                       
00003833  __aeabi_idiv0                      
00003833  __aeabi_ldiv0                      
00003835  GPIOPadConfigSet                   
000039a1  pxPortInitialiseStack              
00003a0b  xPortStartScheduler                
00003a41  vPortEndScheduler                  
00003a43  vPortEnterCritical                 
00003a63  vPortExitCritical                  
00003a79  xPortSysTickHandler                
00003a9f  vPortSetupTimerInterrupt           
00003add  __aeabi_ddiv                       
00003c13  vListInitialise                    
00003c43  vListInitialiseItem                
00003c53  vListInsertEnd                     
00003c8f  vListInsert                        
00003cf5  uxListRemove                       
00003d3d  SysCtlClockGet                     
00003e55  __aeabi_dmul                       
00003f61  ulPortGetIPSR                      
00003f79  xPortPendSVHandler                 
00003fd9  vPortSVCHandler                    
00003ff9  vPortStartFirstTask                
0000401d  vPortEnableVFP                     
0000402d  main                               
000040c1  vApplicationTickHook               
000040c3  vApplicationIdleHook               
000040c5  vApplicationStackOverflowHook      
000040fd  __aeabi_memcpy                     
000040fd  __aeabi_memcpy4                    
000040fd  __aeabi_memcpy8                    
000040fd  memcpy                             
00004199  __aeabi_cdcmpeq                    
00004199  __aeabi_cdcmple                    
0000421f  __aeabi_cdrcmple                   
000042a5  __aeabi_memclr                     
000042a5  __aeabi_memclr4                    
000042a5  __aeabi_memclr8                    
000042a7  __aeabi_memset                     
000042a7  __aeabi_memset4                    
000042a7  __aeabi_memset8                    
000042ad  memset                             
0000431f  __aeabi_d2f                        
0000438d  IntDisable                         
000043f5  IntEnable                          
0000445d  __TI_decompress_lzss               
000044c5  GPIOIntTypeSet                     
0000451d  GPIOPinConfigure                   
00004569  __aeabi_d2iz                       
000045b1  __TI_auto_init_nobinit_nopinit     
000045f5  __aeabi_uidiv                      
000045f5  __aeabi_uidivmod                   
00004635  __aeabi_f2d                        
0000466d  IntRegister                        
000046a1  SysCtlPeripheralEnable             
000046d5  _c_int00_noargs                    
00004709  __aeabi_i2d                        
00004737  GPIODirModeSet                     
00004763  PWMGenConfigure                    
00004785  PWMPulseWidthSet                   
000047a3  GPIOPinTypeGPIOOutput              
000047bd  GPIOUnlockPin                      
000047d5  SysCtlPWMClockGet                  
000047ed  GPIOPinTypeGPIOInput               
00004803  GPIOPinTypePWM                     
00004819  SysCtlPWMClockSet                  
0000482d  PWMGenPeriodGet                    
0000483f  PWMOutputState                     
00004851  IntMasterDisable                   
00004861  PWMGenPeriodSet                    
00004871  GPIOIntDisable                     
0000487f  GPIOIntStatus                      
0000488d  __TI_decompress_none               
0000489b  CPUcpsid                           
000048a7  GPIOIntEnable                      
000048b3  PWMGenEnable                       
000048bf  __TI_zero_init                     
000048cb  ResetISR                           
000048d9  __aeabi_errno_addr                 
000048e1  GPIOIntClear                       
000048e7  GPIOPinWrite                       
000048ed  SysCtlDelay                        
000048f3  UARTClockSourceSet                 
000048f9  _system_pre_init                   
000048fd  C$$EXIT                            
000048fd  abort                              
000049fc  ulMaxSyscallInterruptPriority      
00004a84  uxTopUsedPriority                  
00004aa8  __TI_Handler_Table_Base            
00004ab4  __TI_Handler_Table_Limit           
00004ac8  __TI_CINIT_Base                    
00004ae0  __TI_CINIT_Limit                   
20000000  __start___llvm_prf_cnts            
20000000  __stop___llvm_prf_cnts             
20000000  g_pfnRAMVectors                    
20005338  __stack                            
20005538  __STACK_END                        
20005538  __STACK_TOP                        
20005538  pxCurrentTCB                       
2000557c  xDebaunceKeyHandle                 
20005584  errno                              
ffffffff  __TI_pprof_out_hndl                
ffffffff  __TI_prof_data_size                
ffffffff  __TI_prof_data_start               
ffffffff  __binit__                          
ffffffff  __c_args__                         
ffffffff  binit                              
UNDEFED   __mpu_init                         
UNDEFED   _system_post_cinit                 

[189 symbols]
