******************************************************************************
                  TI ARM Linker Unix v20.2.1                   
******************************************************************************
>> Linked Thu Dec 26 12:17:27 2024

OUTPUT FILE NAME:   <Nema17.out>
ENTRY POINT SYMBOL: "_c_int00_noargs"  address: 00003c89


MEMORY CONFIGURATION

         name            origin    length      used     unused   attr    fill
----------------------  --------  ---------  --------  --------  ----  --------
  FLASH                 00000000   00040000  000048f4  0003b70c  R  X
  SRAM                  20000000   00008000  00005e64  0000219c  RW X


SEGMENT ALLOCATION MAP

run origin  load origin   length   init length attrs members
----------  ----------- ---------- ----------- ----- -------
00000000    00000000    000048f8   000048f8    r-x
  00000000    00000000    0000026c   0000026c    r-- .intvecs
  0000026c    0000026c    000043ac   000043ac    r-x .text
  00004618    00004618    00000284   00000284    r-- .const
  000048a0    000048a0    00000058   00000058    r-- .cinit
20000000    20000000    000002e0   00000000    rw-
  20000000    20000000    0000026c   00000000    rw- .vtable
  2000026c    2000026c    00000074   00000000    rw- .data
20000400    20000400    00005b88   00000000    rw-
  20000400    20000400    00005984   00000000    rw- .bss
  20005d88    20005d88    00000200   00000000    rw- .stack


SECTION ALLOCATION MAP

 output                                  attributes/
section   page    origin      length       input sections
--------  ----  ----------  ----------   ----------------
.intvecs   0    00000000    0000026c     
                  00000000    0000026c     tm4c123gh6pm_startup_ccs.obj (.intvecs)

.text      0    0000026c    000043ac     
                  0000026c    00000328     rtsv7M4_T_le_v4SPD16_eabi.lib : e_exp.c.obj (.text:exp)
                  00000594    000001ee     uartstdio.obj (.text:UARTvprintf)
                  00000782    00000002     tm4c123gh6pm_startup_ccs.obj (.text:FaultISR)
                  00000784    000001ec     ADC_DMA.obj (.text:BurstDMA_Check)
                  00000970    000001b6     rtsv7M4_T_le_v4SPD16_eabi.lib : fd_add_t2.asm.obj (.text)
                  00000b26    00000002     tm4c123gh6pm_startup_ccs.obj (.text:IntDefaultHandler)
                  00000b28    00000190     drv8825.obj (.text:xChangeDirection)
                  00000cb8    0000016c     driverlib.lib : gpio.obj (.text:GPIOPadConfigSet)
                  00000e24    00000164     tasks.obj (.text:xTaskIncrementTick)
                  00000f88    00000144     tasks.obj (.text:xTaskResumeAll)
                  000010cc    00000136     rtsv7M4_T_le_v4SPD16_eabi.lib : fd_div_t2.asm.obj (.text)
                  00001202    00000002     tm4c123gh6pm_startup_ccs.obj (.text:NmiSR)
                  00001204    0000012c     drv8825.obj (.text:TriggerPWMSigmoidFrequency)
                  00001330    00000118     drv8825.obj (.text:NemaInterruptionConfig)
                  00001448    00000118     driverlib.lib : sysctl.obj (.text:SysCtlClockGet)
                  00001560    00000108     ADC_DMA.obj (.text:InitGPIOTrigger)
                  00001668    00000100     drv8825.obj (.text:NemaConfig)
                  00001768    000000fc     rtsv7M4_T_le_v4SPD16_eabi.lib : fd_mul_t2.asm.obj (.text)
                  00001864    000000fc     tasks.obj (.text:vTaskGenericNotifyGiveFromISR)
                  00001960    000000f4     queue.obj (.text:xQueueReceive)
                  00001a54    000000f0     hello.obj (.text:ADC_DMA_Reader)
                  00001b44    000000f0     timers.obj (.text:prvProcessReceivedCommands)
                  00001c34    000000e8     tasks.obj (.text:xTaskRemoveFromEventList)
                  00001d1c    000000e4     rtos_hw_drivers.obj (.text:PinoutSet)
                  00001e00    000000e0     tasks.obj (.text:prvAddNewTaskToReadyList)
                  00001ee0    000000da     portasm.obj (.text)
                  00001fba    00000002     rtsv7M4_T_le_v4SPD16_eabi.lib : div0.asm.obj (.text)
                  00001fbc    000000d4     drv8825.obj (.text:GPIOPortE_Handler)
                  00002090    000000d4     ADC_DMA.obj (.text:InitADC)
                  00002164    000000d0     SpecResult.obj (.text:UART5_Init)
                  00002234    000000bc     heap_2.obj (.text:pvPortMalloc)
                  000022f0    000000b8     ADC_DMA.obj (.text:BurstModeConfig)
                  000023a8    000000b4     tasks.obj (.text:vTaskRemoveFromUnorderedEventList)
                  0000245c    000000b0     tasks.obj (.text:prvAddCurrentTaskToDelayedList)
                  0000250c    000000a8     event_groups.obj (.text:xEventGroupWaitBits)
                  000025b4    000000a4     ADC_DMA.obj (.text:ADCIntHanlder)
                  00002658    0000009c     rtsv7M4_T_le_v4SPD16_eabi.lib : memcpy_t2.asm.obj (.text)
                  000026f4    0000009c     queue.obj (.text:xQueueGenericReset)
                  00002790    00000090     tasks.obj (.text:xTaskPriorityDisinherit)
                  00002820    0000008c     tasks.obj (.text:vTaskSwitchContext)
                  000028ac    00000086     rtsv7M4_T_le_v4SPD16_eabi.lib : fd_cmp_t2.asm.obj (.text:__aeabi_cdcmple)
                  00002932    00000086                                   : fd_cmp_t2.asm.obj (.text:__aeabi_cdrcmple)
                  000029b8    00000084     tasks.obj (.text:prvInitialiseNewTask)
                  00002a3c    0000007c     driverlib.lib : udma.obj (.text:uDMAChannelTransferSet)
                  00002ab8    0000007a                   : adc.obj (.text:ADCSequenceStepConfigure)
                  00002b32    0000007a     rtsv7M4_T_le_v4SPD16_eabi.lib : memset_t2.asm.obj (.text)
                  00002bac    00000078     drv8825.obj (.text:PWM_SetDutyCycle)
                  00002c24    00000078     tasks.obj (.text:ulTaskGenericNotifyTake)
                  00002c9c    00000076     queue.obj (.text:prvCopyDataToQueue)
                  00002d12    00000002     hello.obj (.text:vApplicationIdleHook)
                  00002d14    00000070     ADC_DMA.obj (.text:InitDMA)
                  00002d84    00000070     timers.obj (.text:prvProcessTimerOrBlockTask)
                  00002df4    0000006e     rtsv7M4_T_le_v4SPD16_eabi.lib : fd_tos_t2.asm.obj (.text)
                  00002e62    00000002     --HOLE-- [fill = 0]
                  00002e64    0000006c     tasks.obj (.text:vTaskStartScheduler)
                  00002ed0    00000068     driverlib.lib : interrupt.obj (.text:IntDisable)
                  00002f38    00000068                   : interrupt.obj (.text:IntEnable)
                  00002fa0    00000068     rtsv7M4_T_le_v4SPD16_eabi.lib : copy_decompress_lzss.c.obj (.text:decompress:lzss:__TI_decompress_lzss)
                  00003008    00000068     queue.obj (.text:xQueueGenericSendFromISR)
                  00003070    00000066     tasks.obj (.text:xTaskCreate)
                  000030d6    00000002     --HOLE-- [fill = 0]
                  000030d8    00000064     hello.obj (.text:prvConfigureUART)
                  0000313c    00000064     event_groups.obj (.text:xEventGroupSetBits)
                  000031a0    00000060     uartstdio.obj (.text:UARTStdioConfig)
                  00003200    00000060     tasks.obj (.text:prvInitialiseTaskLists)
                  00003260    00000060     drv8825.obj (.text:sigmoid)
                  000032c0    0000005e     queue.obj (.text:prvUnlockQueue)
                  0000331e    0000005e     queue.obj (.text:xQueueGiveFromISR)
                  0000337c    0000005c     timers.obj (.text:prvCheckForValidListAndQueue)
                  000033d8    00000058     driverlib.lib : gpio.obj (.text:GPIOIntTypeSet)
                  00003430    00000058     tasks.obj (.text:xTaskCheckForTimeOut)
                  00003488    00000054     drv8825.obj (.text:AnalogInit)
                  000034dc    00000054     heap_2.obj (.text:vPortFree)
                  00003530    00000050     uartstdio.obj (.text:UARTwrite)
                  00003580    0000004e     driverlib.lib : adc.obj (.text:ADCSequenceConfigure)
                  000035ce    00000002     --HOLE-- [fill = 0]
                  000035d0    0000004c                   : gpio.obj (.text:GPIOPinConfigure)
                  0000361c    00000048     rtsv7M4_T_le_v4SPD16_eabi.lib : fd_toi_t2.asm.obj (.text)
                  00003664    00000048     driverlib.lib : udma.obj (.text:uDMAChannelAttributeDisable)
                  000036ac    00000048     queue.obj (.text:vQueueWaitForMessageRestricted)
                  000036f4    00000046     driverlib.lib : uart.obj (.text:UARTConfigSetExpClk)
                  0000373a    00000002     --HOLE-- [fill = 0]
                  0000373c    00000044     SpecResult.obj (.text:UART5IntHandler)
                  00003780    00000044     rtsv7M4_T_le_v4SPD16_eabi.lib : autoinit.c.obj (.text:__TI_auto_init_nobinit_nopinit:__TI_auto_init_nobinit_nopinit)
                  000037c4    00000044     tasks.obj (.text:prvCheckTasksWaitingTermination)
                  00003808    00000044     timers.obj (.text:prvInsertTimerInActiveList)
                  0000384c    00000044     driverlib.lib : udma.obj (.text:uDMAChannelAttributeEnable)
                  00003890    00000042     queue.obj (.text:xQueueGenericCreate)
                  000038d2    00000002     --HOLE-- [fill = 0]
                  000038d4    00000040     timers.obj (.text:prvProcessExpiredTimer)
                  00003914    00000040     rtsv7M4_T_le_v4SPD16_eabi.lib : u_divt2.asm.obj (.text)
                  00003954    00000040     queue.obj (.text:vQueueAddToRegistry)
                  00003994    00000040     tasks.obj (.text:vTaskPlaceOnEventListRestricted)
                  000039d4    00000040     tasks.obj (.text:vTaskPlaceOnUnorderedEventList)
                  00003a14    00000040     port.obj (.text:xPortStartScheduler)
                  00003a54    00000040     timers.obj (.text:xTimerCreateTimerTask)
                  00003a94    0000003c     AS7341.obj (.text:PortDIntHanlder)
                  00003ad0    0000003c     hello.obj (.text:main)
                  00003b0c    00000038     AS7341.obj (.text:I2C1_IntHandler)
                  00003b44    00000038     rtsv7M4_T_le_v4SPD16_eabi.lib : fs_tod_t2.asm.obj (.text)
                  00003b7c    00000038     ADC_DMA.obj (.text:uDMAErrIntHandler)
                  00003bb4    00000038     list.obj (.text:vListInsert)
                  00003bec    00000034     mono_light.obj (.text:GreenLightConfig)
                  00003c20    00000034     driverlib.lib : interrupt.obj (.text:IntRegister)
                  00003c54    00000034                   : sysctl.obj (.text:SysCtlPeripheralEnable)
                  00003c88    00000034     rtsv7M4_T_le_v4SPD16_eabi.lib : boot_cortex_m.c.obj (.text:_c_int00_noargs:_c_int00_noargs)
                  00003cbc    00000030     SpecResult.obj (.text:UART5_DbgInit)
                  00003cec    00000030     heap_2.obj (.text:prvHeapInit)
                  00003d1c    00000030     tasks.obj (.text:vTaskDelay)
                  00003d4c    0000002e     rtsv7M4_T_le_v4SPD16_eabi.lib : i_tofd_t2.asm.obj (.text)
                  00003d7a    0000002c     driverlib.lib : gpio.obj (.text:GPIODirModeSet)
                  00003da6    00000002     --HOLE-- [fill = 0]
                  00003da8    0000002c     ADC_DMA.obj (.text:InitInterruptions)
                  00003dd4    0000002c     timers.obj (.text:prvSwitchTimerLists)
                  00003e00    0000002c     port.obj (.text:pxPortInitialiseStack)
                  00003e2c    0000002c     driverlib.lib : udma.obj (.text:uDMAChannelAssign)
                  00003e58    0000002c     port.obj (.text:xPortSysTickHandler)
                  00003e84    0000002a     timers.obj (.text:prvReloadTimer)
                  00003eae    00000002     --HOLE-- [fill = 0]
                  00003eb0    00000028     timers.obj (.text:prvSampleTimeNow)
                  00003ed8    00000028     driverlib.lib : udma.obj (.text:uDMAChannelModeGet)
                  00003f00    00000028     timers.obj (.text:xTimerPendFunctionCallFromISR)
                  00003f28    00000026     queue.obj (.text:prvCopyDataFromQueue)
                  00003f4e    00000026     list.obj (.text:uxListRemove)
                  00003f74    00000024     driverlib.lib : interrupt.obj (.text:IntPrioritySet)
                  00003f98    00000024     queue.obj (.text:prvInitialiseNewQueue)
                  00003fbc    00000024     tasks.obj (.text:prvResetNextTaskUnblockTime)
                  00003fe0    00000024     hello.obj (.text:prvSetupHardware)
                  00004004    00000024     driverlib.lib : udma.obj (.text:uDMAChannelControlSet)
                  00004028    00000022                   : pwm.obj (.text:PWMGenConfigure)
                  0000404a    00000002     --HOLE-- [fill = 0]
                  0000404c    00000020     ADC_DMA.obj (.text:GPIOFIntHandler)
                  0000406c    00000020     driverlib.lib : uart.obj (.text:UARTDisable)
                  0000408c    00000020     timers.obj (.text:prvGetNextExpireTime)
                  000040ac    00000020     driverlib.lib : udma.obj (.text:uDMAChannelIsEnabled)
                  000040cc    0000001e                   : pwm.obj (.text:PWMPulseWidthSet)
                  000040ea    00000002     --HOLE-- [fill = 0]
                  000040ec    0000001c     ADC_DMA.obj (.text:uDMAIntHandler)
                  00004108    0000001c     port.obj (.text:vPortEnterCritical)
                  00004124    0000001c     port.obj (.text:vPortSetupTimerInterrupt)
                  00004140    0000001c     tasks.obj (.text:vTaskPlaceOnEventList)
                  0000415c    0000001c     drv8825.obj (.text:xDebaunceKey)
                  00004178    0000001a     driverlib.lib : gpio.obj (.text:GPIOPinTypeGPIOOutput)
                  00004192    0000001a     uartstdio.obj (.text:UARTprintf)
                  000041ac    0000001a     queue.obj (.text:prvIsQueueEmpty)
                  000041c6    0000001a     event_groups.obj (.text:xEventGroupCreate)
                  000041e0    00000018     driverlib.lib : adc.obj (.text:ADCProcessorTrigger)
                  000041f8    00000018                   : gpio.obj (.text:GPIOUnlockPin)
                  00004210    00000018                   : udma.obj (.text:uDMAChannelEnable)
                  00004228    00000018     tasks.obj (.text:uxTaskResetEventItemValue)
                  00004240    00000018     port.obj (.text:vPortExitCritical)
                  00004258    00000018     tasks.obj (.text:vTaskInternalSetTimeOutState)
                  00004270    00000018     event_groups.obj (.text:xEventGroupSetBitsFromISR)
                  00004288    00000016     driverlib.lib : gpio.obj (.text:GPIOPinTypeADC)
                  0000429e    00000016                   : gpio.obj (.text:GPIOPinTypeGPIOInput)
                  000042b4    00000016                   : gpio.obj (.text:GPIOPinTypePWM)
                  000042ca    00000016                   : gpio.obj (.text:GPIOPinTypeUART)
                  000042e0    00000016     event_groups.obj (.text:prvTestWaitCondition)
                  000042f6    00000016     list.obj (.text:vListInitialise)
                  0000430c    00000014     mono_light.obj (.text:GreenLightTurnOff)
                  00004320    00000014     mono_light.obj (.text:GreenLightTurnOn)
                  00004334    00000014     driverlib.lib : sysctl.obj (.text:SysCtlPWMClockSet)
                  00004348    00000014                   : uart.obj (.text:UARTEnable)
                  0000435c    00000014     tasks.obj (.text:prvTaskCheckFreeStackSpace)
                  00004370    00000014     timers.obj (.text:prvTimerTask)
                  00004384    00000012     driverlib.lib : pwm.obj (.text:PWMGenPeriodGet)
                  00004396    00000012                   : pwm.obj (.text:PWMOutputState)
                  000043a8    00000012     tasks.obj (.text:prvDeleteTCB)
                  000043ba    00000010     driverlib.lib : adc.obj (.text:ADCIntEnable)
                  000043ca    00000010                   : adc.obj (.text:ADCSequenceDMAEnable)
                  000043da    00000002     --HOLE-- [fill = 0]
                  000043dc    00000010     ADC_DMA.obj (.text:ADCTriggerDbgRst)
                  000043ec    00000010     ADC_DMA.obj (.text:ADCTriggerDbgSet)
                  000043fc    00000010     driverlib.lib : interrupt.obj (.text:IntMasterDisable)
                  0000440c    00000010     drv8825.obj (.text:NemaDisable)
                  0000441c    00000010     driverlib.lib : pwm.obj (.text:PWMGenPeriodSet)
                  0000442c    00000010     SpecResult.obj (.text:UART5_DbgRst)
                  0000443c    00000010     SpecResult.obj (.text:UART5_DbgSet)
                  0000444c    00000010     port.obj (.text:prvTaskExitError)
                  0000445c    00000010     driverlib.lib : udma.obj (.text:uDMAEnable)
                  0000446c    00000010                   : udma.obj (.text:uDMAIntRegister)
                  0000447c    00000010     tasks.obj (.text:uxTaskGetStackHighWaterMark)
                  0000448c    00000010     tasks.obj (.text:vTaskSuspendAll)
                  0000449c    0000000e     driverlib.lib : adc.obj (.text:ADCIntDisable)
                  000044aa    0000000e                   : adc.obj (.text:ADCSequenceDisable)
                  000044b8    0000000e                   : adc.obj (.text:ADCSequenceEnable)
                  000044c6    0000000e                   : gpio.obj (.text:GPIOIntDisable)
                  000044d4    0000000e                   : gpio.obj (.text:GPIOIntStatus)
                  000044e2    0000000e     rtsv7M4_T_le_v4SPD16_eabi.lib : copy_decompress_none.c.obj (.text:decompress:none:__TI_decompress_none)
                  000044f0    0000000c     driverlib.lib : cpu.obj (.text:CPUcpsid)
                  000044fc    0000000c                   : gpio.obj (.text:GPIOIntEnable)
                  00004508    0000000c                   : pwm.obj (.text:PWMGenEnable)
                  00004514    0000000c     SpecResult.obj (.text:UART5_SendByte)
                  00004520    0000000c     rtsv7M4_T_le_v4SPD16_eabi.lib : copy_zero_init.c.obj (.text:decompress:ZI:__TI_zero_init)
                  0000452c    0000000c     tasks.obj (.text:prvIdleTask)
                  00004538    0000000c     driverlib.lib : udma.obj (.text:uDMAControlBaseSet)
                  00004544    0000000c                   : udma.obj (.text:uDMAErrorStatusClear)
                  00004550    0000000c                   : udma.obj (.text:uDMAErrorStatusGet)
                  0000455c    0000000c                   : udma.obj (.text:uDMAIntClear)
                  00004568    0000000c     tasks.obj (.text:uxTaskGetNumberOfTasks)
                  00004574    0000000c     tasks.obj (.text:vTaskMissedYield)
                  00004580    0000000c     tasks.obj (.text:xTaskGetTickCount)
                  0000458c    0000000a     driverlib.lib : adc.obj (.text:ADCIntClear)
                  00004596    0000000a                   : uart.obj (.text:UARTCharPut)
                  000045a0    0000000a                   : uart.obj (.text:UARTFIFOEnable)
                  000045aa    0000000a                   : uart.obj (.text:UARTIntStatus)
                  000045b4    00000008                   : adc.obj (.text:ADCIntEnableEx)
                  000045bc    00000008                   : i2c.obj (.text:I2CMasterIntClear)
                  000045c4    00000008                   : uart.obj (.text:UARTDMAEnable)
                  000045cc    00000008                   : uart.obj (.text:UARTIntEnable)
                  000045d4    00000008     rtsv7M4_T_le_v4SPD16_eabi.lib : errno.c.obj (.text:__aeabi_errno_addr)
                  000045dc    00000008     hello.obj (.text:vApplicationStackOverflowHook)
                  000045e4    00000006     driverlib.lib : gpio.obj (.text:GPIOIntClear)
                  000045ea    00000006                   : gpio.obj (.text:GPIOPinWrite)
                  000045f0    00000006     tm4c123gh6pm_startup_ccs.obj (.text:ResetISR)
                  000045f6    00000006     driverlib.lib : sysctl.obj (.text:SysCtlDelay)
                  000045fc    00000006                   : uart.obj (.text:UARTClockSourceSet)
                  00004602    00000006     list.obj (.text:vListInitialiseItem)
                  00004608    00000004     driverlib.lib : uart.obj (.text:UARTIntClear)
                  0000460c    00000004     rtsv7M4_T_le_v4SPD16_eabi.lib : pre_init.c.obj (.text:_system_pre_init)
                  00004610    00000004                                   : exit.c.obj (.text:abort:abort)
                  00004614    00000004     event_groups.obj (.text:vEventGroupSetBitsCallback)

.const     0    00004618    00000284     
                  00004618    0000009c     driverlib.lib : interrupt.obj (.const:g_pui32Regs)
                  000046b4    00000090                   : gpio.obj (.const:g_pui32GPIOBaseAddrs)
                  00004744    0000006c                   : sysctl.obj (.const:g_pui32Xtals)
                  000047b0    00000030     rtsv7M4_T_le_v4SPD16_eabi.lib : e_exp.c.obj (.const:$O1$$)
                  000047e0    00000018     ADC_DMA.obj (.const:.string:$P$T2$3)
                  000047f8    00000014     ADC_DMA.obj (.const:.string:$P$T1$2)
                  0000480c    00000014     ADC_DMA.obj (.const:.string:$P$T4$5)
                  00004820    00000014     driverlib.lib : interrupt.obj (.const:g_pui32Dii16Regs)
                  00004834    00000014                   : interrupt.obj (.const:g_pui32EnRegs)
                  00004848    00000012     ADC_DMA.obj (.const:.string:$P$T6$7)
                  0000485a    00000011     ADC_DMA.obj (.const:.string:$P$T5$6)
                  0000486b    0000000f     hello.obj (.const:.string:$P$T2$1)
                  0000487a    00000002     --HOLE-- [fill = 0]
                  0000487c    0000000c     uartstdio.obj (.const:g_ui32UARTBase)
                  00004888    0000000c     uartstdio.obj (.const:g_ui32UARTPeriph)
                  00004894    00000004     port.obj (.const)
                  00004898    00000004     tasks.obj (.const)

.cinit     0    000048a0    00000058     
                  000048a0    0000001f     (.cinit..data.load) [load image, compression = lzss]
                  000048bf    00000001     --HOLE-- [fill = 0]
                  000048c0    0000000c     (__TI_handler_table)
                  000048cc    00000004     --HOLE-- [fill = 0]
                  000048d0    00000008     (.cinit..bss.load) [load image, compression = zero_init]
                  000048d8    00000008     (.cinit..vtable.load) [load image, compression = zero_init]
                  000048e0    00000018     (__TI_cinit_table)

.init_array 
*          0    00000000    00000000     UNINITIALIZED

.vtable    0    20000000    0000026c     UNINITIALIZED
                  20000000    0000026c     driverlib.lib : interrupt.obj (.vtable)

.data      0    2000026c    00000074     UNINITIALIZED
                  2000026c    00000034     tasks.obj (.data)
                  200002a0    00000010     ADC_DMA.obj (.data)
                  200002b0    0000000c     timers.obj (.data)
                  200002bc    00000008     drv8825.obj (.data)
                  200002c4    00000008     heap_2.obj (.data)
                  200002cc    00000005     uartstdio.obj (.data)
                  200002d1    00000003     --HOLE--
                  200002d4    00000004     SpecResult.obj (.data)
                  200002d8    00000004     port.obj (.data)
                  200002dc    00000004     rtsv7M4_T_le_v4SPD16_eabi.lib : errno.c.obj (.data)

.bss       0    20000400    00005984     UNINITIALIZED
                  20000400    00004f10     heap_2.obj (.bss:ucHeap)
                  20005310    00000050     (.common:xQueueRegistry)
                  20005360    00000014     timers.obj (.bss:xActiveTimerList1)
                  20005374    00000014     timers.obj (.bss:xActiveTimerList2)
                  20005388    00000014     tasks.obj (.bss:xDelayedTaskList1)
                  2000539c    00000014     tasks.obj (.bss:xDelayedTaskList2)
                  200053b0    00000014     tasks.obj (.bss:xPendingReadyList)
                  200053c4    00000014     tasks.obj (.bss:xSuspendedTaskList)
                  200053d8    00000014     tasks.obj (.bss:xTasksWaitingTermination)
                  200053ec    00000010     (.common:LinearMov_Mngr)
                  200053fc    00000004     (.common:ADC_rslt)
                  20005400    00000400     (.common:pui8ControlTable)
                  20005800    00000400     (.common:pui8ControlTableUART)
                  20005c00    00000140     tasks.obj (.bss:pxReadyTasksLists)
                  20005d40    00000010     (.common:adcBuffer)
                  20005d50    00000008     tasks.obj (.bss)
                  20005d58    00000008     timers.obj (.bss)
                  20005d60    00000008     heap_2.obj (.bss:xEnd)
                  20005d68    00000008     heap_2.obj (.bss:xStart)
                  20005d70    00000004     (.common:AS7341_Semphr)
                  20005d74    00000004     (.common:BurstEventGroup)
                  20005d78    00000004     (.common:ChangeDirStatus)
                  20005d7c    00000004     (.common:I2C1_Semphr)
                  20005d80    00000004     (.common:errorStatus)

.stack     0    20005d88    00000200     UNINITIALIZED
                  20005d88    00000004     rtsv7M4_T_le_v4SPD16_eabi.lib : boot_cortex_m.c.obj (.stack)
                  20005d8c    000001fc     --HOLE--

__llvm_prf_cnts 
*          0    20000000    00000000     UNINITIALIZED

MODULE SUMMARY

       Module                         code    ro data   rw data
       ------                         ----    -------   -------
    ./
       hello.obj                      446     15        2068   
       tm4c123gh6pm_startup_ccs.obj   12      620       0      
    +--+------------------------------+-------+---------+---------+
       Total:                         458     635       2068   
                                                               
    ./FreeRTOS/Source/
       tasks.obj                      3148    4         480    
       queue.obj                      1112    0         80     
       timers.obj                     858     0         60     
       event_groups.obj               344     0         0      
       list.obj                       122     0         0      
    +--+------------------------------+-------+---------+---------+
       Total:                         5584    4         620    
                                                               
    ./FreeRTOS/Source/portable/CCS/ARM_CM4F/
       port.obj                       248     4         4      
       portasm.obj                    218     0         0      
    +--+------------------------------+-------+---------+---------+
       Total:                         466     4         4      
                                                               
    ./FreeRTOS/Source/portable/MemMang/
       heap_2.obj                     320     0         20264  
    +--+------------------------------+-------+---------+---------+
       Total:                         320     0         20264  
                                                               
    ./SpecLibs/ADC_DMA_BurstMode/
       ADC_DMA.obj                    1620    99        24     
    +--+------------------------------+-------+---------+---------+
       Total:                         1620    99        24     
                                                               
    ./SpecLibs/AS7341/
       AS7341.obj                     116     0         8      
    +--+------------------------------+-------+---------+---------+
       Total:                         116     0         8      
                                                               
    ./SpecLibs/DRV8825/
       drv8825.obj                    1792    0         28     
    +--+------------------------------+-------+---------+---------+
       Total:                         1792    0         28     
                                                               
    ./SpecLibs/MonoLight/
       mono_light.obj                 92      0         0      
    +--+------------------------------+-------+---------+---------+
       Total:                         92      0         0      
                                                               
    ./SpecLibs/SpecResult/
       SpecResult.obj                 368     0         4      
    +--+------------------------------+-------+---------+---------+
       Total:                         368     0         4      
                                                               
    ./drivers/
       rtos_hw_drivers.obj            228     0         0      
    +--+------------------------------+-------+---------+---------+
       Total:                         228     0         0      
                                                               
    ./utils/
       uartstdio.obj                  696     24        5      
    +--+------------------------------+-------+---------+---------+
       Total:                         696     24        5      
                                                               
    /home/jao/curso/ufsm/Mestrado/Dissertacao/Pototip_DeVereda/ProjetoPrototipo/Tiva/EK-TM4C/driverlib/ccs/Debug/driverlib.lib
       interrupt.obj                  312     196       620    
       gpio.obj                       762     144       0      
       udma.obj                       520     0         0      
       sysctl.obj                     358     108       0      
       adc.obj                        316     0         0      
       uart.obj                       178     0         0      
       pwm.obj                        128     0         0      
       cpu.obj                        12      0         0      
       i2c.obj                        8       0         0      
    +--+------------------------------+-------+---------+---------+
       Total:                         2594    448       620    
                                                               
    /home/jao/ti/ccs1271/ccs/tools/compiler/ti-cgt-arm_20.2.1.LTS/lib/rtsv7M4_T_le_v4SPD16_eabi.lib
       e_exp.c.obj                    808     48        0      
       fd_add_t2.asm.obj              438     0         0      
       fd_div_t2.asm.obj              310     0         0      
       fd_cmp_t2.asm.obj              268     0         0      
       fd_mul_t2.asm.obj              252     0         0      
       memcpy_t2.asm.obj              156     0         0      
       memset_t2.asm.obj              122     0         0      
       fd_tos_t2.asm.obj              110     0         0      
       copy_decompress_lzss.c.obj     104     0         0      
       fd_toi_t2.asm.obj              72      0         0      
       autoinit.c.obj                 68      0         0      
       u_divt2.asm.obj                64      0         0      
       fs_tod_t2.asm.obj              56      0         0      
       boot_cortex_m.c.obj            52      0         0      
       i_tofd_t2.asm.obj              46      0         0      
       copy_decompress_none.c.obj     14      0         0      
       copy_zero_init.c.obj           12      0         0      
       errno.c.obj                    8       0         4      
       exit.c.obj                     4       0         0      
       pre_init.c.obj                 4       0         0      
       div0.asm.obj                   2       0         0      
    +--+------------------------------+-------+---------+---------+
       Total:                         2970    48        4      
                                                               
       Stack:                         0       0         512    
       Linker Generated:              0       83        0      
    +--+------------------------------+-------+---------+---------+
       Grand Total:                   17304   1345      24161  


LINKER GENERATED COPY TABLES

__TI_cinit_table @ 000048e0 records: 3, size/record: 8, table size: 24
	.data: load addr=000048a0, load size=0000001f bytes, run addr=2000026c, run size=00000074 bytes, compression=lzss
	.bss: load addr=000048d0, load size=00000008 bytes, run addr=20000400, run size=00005984 bytes, compression=zero_init
	.vtable: load addr=000048d8, load size=00000008 bytes, run addr=20000000, run size=0000026c bytes, compression=zero_init


LINKER GENERATED HANDLER TABLE

__TI_handler_table @ 000048c0 records: 3, size/record: 4, table size: 12
	index: 0, handler: __TI_zero_init
	index: 1, handler: __TI_decompress_lzss
	index: 2, handler: __TI_decompress_none


GLOBAL SYMBOLS: SORTED ALPHABETICALLY BY Name 

address   name                             
-------   ----                             
0000458d  ADCIntClear                      
0000449d  ADCIntDisable                    
000043bb  ADCIntEnable                     
000045b5  ADCIntEnableEx                   
000025b5  ADCIntHanlder                    
000041e1  ADCProcessorTrigger              
00003581  ADCSequenceConfigure             
000043cb  ADCSequenceDMAEnable             
000044ab  ADCSequenceDisable               
000044b9  ADCSequenceEnable                
00002ab9  ADCSequenceStepConfigure         
000043dd  ADCTriggerDbgRst                 
000043ed  ADCTriggerDbgSet                 
00001a55  ADC_DMA_Reader                   
200002a8  ADC_result                       
200053fc  ADC_rslt                         
20005d70  AS7341_Semphr                    
00003489  AnalogInit                       
00000785  BurstDMA_Check                   
20005d74  BurstEventGroup                  
000022f1  BurstModeConfig                  
00004611  C$$EXIT                          
000044f1  CPUcpsid                         
20005d78  ChangeDirStatus                  
00003d7b  GPIODirModeSet                   
0000404d  GPIOFIntHandler                  
000045e5  GPIOIntClear                     
000044c7  GPIOIntDisable                   
000044fd  GPIOIntEnable                    
000044d5  GPIOIntStatus                    
000033d9  GPIOIntTypeSet                   
00000cb9  GPIOPadConfigSet                 
000035d1  GPIOPinConfigure                 
00004289  GPIOPinTypeADC                   
0000429f  GPIOPinTypeGPIOInput             
00004179  GPIOPinTypeGPIOOutput            
000042b5  GPIOPinTypePWM                   
000042cb  GPIOPinTypeUART                  
000045eb  GPIOPinWrite                     
00001fbd  GPIOPortE_Handler                
000041f9  GPIOUnlockPin                    
00003bed  GreenLightConfig                 
0000430d  GreenLightTurnOff                
00004321  GreenLightTurnOn                 
00003b0d  I2C1_IntHandler                  
20005d7c  I2C1_Semphr                      
000045bd  I2CMasterIntClear                
00002091  InitADC                          
00002d15  InitDMA                          
00001561  InitGPIOTrigger                  
00003da9  InitInterruptions                
00002ed1  IntDisable                       
00002f39  IntEnable                        
000043fd  IntMasterDisable                 
00003f75  IntPrioritySet                   
00003c21  IntRegister                      
200053ec  LinearMov_Mngr                   
00001669  NemaConfig                       
0000440d  NemaDisable                      
00001331  NemaInterruptionConfig           
00004029  PWMGenConfigure                  
00004509  PWMGenEnable                     
00004385  PWMGenPeriodGet                  
0000441d  PWMGenPeriodSet                  
00004397  PWMOutputState                   
000040cd  PWMPulseWidthSet                 
00002bad  PWM_SetDutyCycle                 
00001d1d  PinoutSet                        
00003a95  PortDIntHanlder                  
000045f1  ResetISR                         
00001449  SysCtlClockGet                   
000045f7  SysCtlDelay                      
00004335  SysCtlPWMClockSet                
00003c55  SysCtlPeripheralEnable           
00001205  TriggerPWMSigmoidFrequency       
0000373d  UART5IntHandler                  
00003cbd  UART5_DbgInit                    
0000442d  UART5_DbgRst                     
0000443d  UART5_DbgSet                     
00002165  UART5_Init                       
00004515  UART5_SendByte                   
00004597  UARTCharPut                      
000045fd  UARTClockSourceSet               
000036f5  UARTConfigSetExpClk              
000045c5  UARTDMAEnable                    
0000406d  UARTDisable                      
00004349  UARTEnable                       
000045a1  UARTFIFOEnable                   
00004609  UARTIntClear                     
000045cd  UARTIntEnable                    
000045ab  UARTIntStatus                    
000031a1  UARTStdioConfig                  
200002ac  UART_Tx                          
00004193  UARTprintf                       
00000595  UARTvprintf                      
00003531  UARTwrite                        
20005f88  __STACK_END                      
00000200  __STACK_SIZE                     
20005f88  __STACK_TOP                      
000048e0  __TI_CINIT_Base                  
000048f8  __TI_CINIT_Limit                 
000048c0  __TI_Handler_Table_Base          
000048cc  __TI_Handler_Table_Limit         
00003781  __TI_auto_init_nobinit_nopinit   
00002fa1  __TI_decompress_lzss             
000044e3  __TI_decompress_none             
ffffffff  __TI_pprof_out_hndl              
ffffffff  __TI_prof_data_size              
ffffffff  __TI_prof_data_start             
00000000  __TI_static_base__               
00004521  __TI_zero_init                   
000028ad  __aeabi_cdcmpeq                  
000028ad  __aeabi_cdcmple                  
00002933  __aeabi_cdrcmple                 
00002df5  __aeabi_d2f                      
0000361d  __aeabi_d2iz                     
0000097b  __aeabi_dadd                     
000010cd  __aeabi_ddiv                     
00001769  __aeabi_dmul                     
00000971  __aeabi_dsub                     
000045d5  __aeabi_errno_addr               
00003b45  __aeabi_f2d                      
00003d4d  __aeabi_i2d                      
00001fbb  __aeabi_idiv0                    
00001fbb  __aeabi_ldiv0                    
00002b33  __aeabi_memclr                   
00002b33  __aeabi_memclr4                  
00002b33  __aeabi_memclr8                  
00002659  __aeabi_memcpy                   
00002659  __aeabi_memcpy4                  
00002659  __aeabi_memcpy8                  
00002b35  __aeabi_memset                   
00002b35  __aeabi_memset4                  
00002b35  __aeabi_memset8                  
00003915  __aeabi_uidiv                    
00003915  __aeabi_uidivmod                 
ffffffff  __binit__                        
ffffffff  __c_args__                       
UNDEFED   __mpu_init                       
20005d88  __stack                          
20000000  __start___llvm_prf_cnts          
20000000  __stop___llvm_prf_cnts           
00003c89  _c_int00_noargs                  
UNDEFED   _system_post_cinit               
0000460d  _system_pre_init                 
00004611  abort                            
20005d40  adcBuffer                        
200002a0  adc_count                        
ffffffff  binit                            
200002a4  dma_count                        
200002dc  errno                            
20005d80  errorStatus                      
0000026d  exp                              
0000026d  expl                             
20000000  g_pfnRAMVectors                  
00000000  g_pfnVectors                     
00003ad1  main                             
00002659  memcpy                           
00002b3b  memset                           
20005400  pui8ControlTable                 
20005800  pui8ControlTableUART             
00002235  pvPortMalloc                     
2000026c  pxCurrentTCB                     
00003e01  pxPortInitialiseStack            
00003261  sigmoid                          
00003e2d  uDMAChannelAssign                
00003665  uDMAChannelAttributeDisable      
0000384d  uDMAChannelAttributeEnable       
00004005  uDMAChannelControlSet            
00004211  uDMAChannelEnable                
000040ad  uDMAChannelIsEnabled             
00003ed9  uDMAChannelModeGet               
00002a3d  uDMAChannelTransferSet           
00004539  uDMAControlBaseSet               
0000445d  uDMAEnable                       
00003b7d  uDMAErrIntHandler                
00004545  uDMAErrorStatusClear             
00004551  uDMAErrorStatusGet               
0000455d  uDMAIntClear                     
000040ed  uDMAIntHandler                   
0000446d  uDMAIntRegister                  
200002d4  uart_count                       
00004894  ulMaxSyscallInterruptPriority    
00001ef1  ulPortGetIPSR                    
00002c25  ulTaskGenericNotifyTake          
00003f4f  uxListRemove                     
00004569  uxTaskGetNumberOfTasks           
0000447d  uxTaskGetStackHighWaterMark      
00004229  uxTaskResetEventItemValue        
00004898  uxTopUsedPriority                
00002d13  vApplicationIdleHook             
000045dd  vApplicationStackOverflowHook    
00004615  vEventGroupSetBitsCallback       
000042f7  vListInitialise                  
00004603  vListInitialiseItem              
00003bb5  vListInsert                      
00001fad  vPortEnableVFP                   
00004109  vPortEnterCritical               
00004241  vPortExitCritical                
000034dd  vPortFree                        
00001f69  vPortSVCHandler                  
00004125  vPortSetupTimerInterrupt         
00001f89  vPortStartFirstTask              
00003955  vQueueAddToRegistry              
000036ad  vQueueWaitForMessageRestricted   
00003d1d  vTaskDelay                       
00001865  vTaskGenericNotifyGiveFromISR    
00004259  vTaskInternalSetTimeOutState     
00004575  vTaskMissedYield                 
00004141  vTaskPlaceOnEventList            
00003995  vTaskPlaceOnEventListRestricted  
000039d5  vTaskPlaceOnUnorderedEventList   
000023a9  vTaskRemoveFromUnorderedEventList
00002e65  vTaskStartScheduler              
0000448d  vTaskSuspendAll                  
00002821  vTaskSwitchContext               
00000b29  xChangeDirection                 
200002c0  xChangeDirectionHandle           
0000415d  xDebaunceKey                     
200002bc  xDebaunceKeyHandle               
000041c7  xEventGroupCreate                
0000313d  xEventGroupSetBits               
00004271  xEventGroupSetBitsFromISR        
0000250d  xEventGroupWaitBits              
00001f09  xPortPendSVHandler               
00003a15  xPortStartScheduler              
00003e59  xPortSysTickHandler              
00003891  xQueueGenericCreate              
000026f5  xQueueGenericReset               
00003009  xQueueGenericSendFromISR         
0000331f  xQueueGiveFromISR                
00001961  xQueueReceive                    
20005310  xQueueRegistry                   
00003431  xTaskCheckForTimeOut             
00003071  xTaskCreate                      
00004581  xTaskGetTickCount                
00000e25  xTaskIncrementTick               
00002791  xTaskPriorityDisinherit          
00001c35  xTaskRemoveFromEventList         
00000f89  xTaskResumeAll                   
00003a55  xTimerCreateTimerTask            
00003f01  xTimerPendFunctionCallFromISR    


GLOBAL SYMBOLS: SORTED BY Symbol Address 

address   name                             
-------   ----                             
00000000  __TI_static_base__               
00000000  g_pfnVectors                     
00000200  __STACK_SIZE                     
0000026d  exp                              
0000026d  expl                             
00000595  UARTvprintf                      
00000785  BurstDMA_Check                   
00000971  __aeabi_dsub                     
0000097b  __aeabi_dadd                     
00000b29  xChangeDirection                 
00000cb9  GPIOPadConfigSet                 
00000e25  xTaskIncrementTick               
00000f89  xTaskResumeAll                   
000010cd  __aeabi_ddiv                     
00001205  TriggerPWMSigmoidFrequency       
00001331  NemaInterruptionConfig           
00001449  SysCtlClockGet                   
00001561  InitGPIOTrigger                  
00001669  NemaConfig                       
00001769  __aeabi_dmul                     
00001865  vTaskGenericNotifyGiveFromISR    
00001961  xQueueReceive                    
00001a55  ADC_DMA_Reader                   
00001c35  xTaskRemoveFromEventList         
00001d1d  PinoutSet                        
00001ef1  ulPortGetIPSR                    
00001f09  xPortPendSVHandler               
00001f69  vPortSVCHandler                  
00001f89  vPortStartFirstTask              
00001fad  vPortEnableVFP                   
00001fbb  __aeabi_idiv0                    
00001fbb  __aeabi_ldiv0                    
00001fbd  GPIOPortE_Handler                
00002091  InitADC                          
00002165  UART5_Init                       
00002235  pvPortMalloc                     
000022f1  BurstModeConfig                  
000023a9  vTaskRemoveFromUnorderedEventList
0000250d  xEventGroupWaitBits              
000025b5  ADCIntHanlder                    
00002659  __aeabi_memcpy                   
00002659  __aeabi_memcpy4                  
00002659  __aeabi_memcpy8                  
00002659  memcpy                           
000026f5  xQueueGenericReset               
00002791  xTaskPriorityDisinherit          
00002821  vTaskSwitchContext               
000028ad  __aeabi_cdcmpeq                  
000028ad  __aeabi_cdcmple                  
00002933  __aeabi_cdrcmple                 
00002a3d  uDMAChannelTransferSet           
00002ab9  ADCSequenceStepConfigure         
00002b33  __aeabi_memclr                   
00002b33  __aeabi_memclr4                  
00002b33  __aeabi_memclr8                  
00002b35  __aeabi_memset                   
00002b35  __aeabi_memset4                  
00002b35  __aeabi_memset8                  
00002b3b  memset                           
00002bad  PWM_SetDutyCycle                 
00002c25  ulTaskGenericNotifyTake          
00002d13  vApplicationIdleHook             
00002d15  InitDMA                          
00002df5  __aeabi_d2f                      
00002e65  vTaskStartScheduler              
00002ed1  IntDisable                       
00002f39  IntEnable                        
00002fa1  __TI_decompress_lzss             
00003009  xQueueGenericSendFromISR         
00003071  xTaskCreate                      
0000313d  xEventGroupSetBits               
000031a1  UARTStdioConfig                  
00003261  sigmoid                          
0000331f  xQueueGiveFromISR                
000033d9  GPIOIntTypeSet                   
00003431  xTaskCheckForTimeOut             
00003489  AnalogInit                       
000034dd  vPortFree                        
00003531  UARTwrite                        
00003581  ADCSequenceConfigure             
000035d1  GPIOPinConfigure                 
0000361d  __aeabi_d2iz                     
00003665  uDMAChannelAttributeDisable      
000036ad  vQueueWaitForMessageRestricted   
000036f5  UARTConfigSetExpClk              
0000373d  UART5IntHandler                  
00003781  __TI_auto_init_nobinit_nopinit   
0000384d  uDMAChannelAttributeEnable       
00003891  xQueueGenericCreate              
00003915  __aeabi_uidiv                    
00003915  __aeabi_uidivmod                 
00003955  vQueueAddToRegistry              
00003995  vTaskPlaceOnEventListRestricted  
000039d5  vTaskPlaceOnUnorderedEventList   
00003a15  xPortStartScheduler              
00003a55  xTimerCreateTimerTask            
00003a95  PortDIntHanlder                  
00003ad1  main                             
00003b0d  I2C1_IntHandler                  
00003b45  __aeabi_f2d                      
00003b7d  uDMAErrIntHandler                
00003bb5  vListInsert                      
00003bed  GreenLightConfig                 
00003c21  IntRegister                      
00003c55  SysCtlPeripheralEnable           
00003c89  _c_int00_noargs                  
00003cbd  UART5_DbgInit                    
00003d1d  vTaskDelay                       
00003d4d  __aeabi_i2d                      
00003d7b  GPIODirModeSet                   
00003da9  InitInterruptions                
00003e01  pxPortInitialiseStack            
00003e2d  uDMAChannelAssign                
00003e59  xPortSysTickHandler              
00003ed9  uDMAChannelModeGet               
00003f01  xTimerPendFunctionCallFromISR    
00003f4f  uxListRemove                     
00003f75  IntPrioritySet                   
00004005  uDMAChannelControlSet            
00004029  PWMGenConfigure                  
0000404d  GPIOFIntHandler                  
0000406d  UARTDisable                      
000040ad  uDMAChannelIsEnabled             
000040cd  PWMPulseWidthSet                 
000040ed  uDMAIntHandler                   
00004109  vPortEnterCritical               
00004125  vPortSetupTimerInterrupt         
00004141  vTaskPlaceOnEventList            
0000415d  xDebaunceKey                     
00004179  GPIOPinTypeGPIOOutput            
00004193  UARTprintf                       
000041c7  xEventGroupCreate                
000041e1  ADCProcessorTrigger              
000041f9  GPIOUnlockPin                    
00004211  uDMAChannelEnable                
00004229  uxTaskResetEventItemValue        
00004241  vPortExitCritical                
00004259  vTaskInternalSetTimeOutState     
00004271  xEventGroupSetBitsFromISR        
00004289  GPIOPinTypeADC                   
0000429f  GPIOPinTypeGPIOInput             
000042b5  GPIOPinTypePWM                   
000042cb  GPIOPinTypeUART                  
000042f7  vListInitialise                  
0000430d  GreenLightTurnOff                
00004321  GreenLightTurnOn                 
00004335  SysCtlPWMClockSet                
00004349  UARTEnable                       
00004385  PWMGenPeriodGet                  
00004397  PWMOutputState                   
000043bb  ADCIntEnable                     
000043cb  ADCSequenceDMAEnable             
000043dd  ADCTriggerDbgRst                 
000043ed  ADCTriggerDbgSet                 
000043fd  IntMasterDisable                 
0000440d  NemaDisable                      
0000441d  PWMGenPeriodSet                  
0000442d  UART5_DbgRst                     
0000443d  UART5_DbgSet                     
0000445d  uDMAEnable                       
0000446d  uDMAIntRegister                  
0000447d  uxTaskGetStackHighWaterMark      
0000448d  vTaskSuspendAll                  
0000449d  ADCIntDisable                    
000044ab  ADCSequenceDisable               
000044b9  ADCSequenceEnable                
000044c7  GPIOIntDisable                   
000044d5  GPIOIntStatus                    
000044e3  __TI_decompress_none             
000044f1  CPUcpsid                         
000044fd  GPIOIntEnable                    
00004509  PWMGenEnable                     
00004515  UART5_SendByte                   
00004521  __TI_zero_init                   
00004539  uDMAControlBaseSet               
00004545  uDMAErrorStatusClear             
00004551  uDMAErrorStatusGet               
0000455d  uDMAIntClear                     
00004569  uxTaskGetNumberOfTasks           
00004575  vTaskMissedYield                 
00004581  xTaskGetTickCount                
0000458d  ADCIntClear                      
00004597  UARTCharPut                      
000045a1  UARTFIFOEnable                   
000045ab  UARTIntStatus                    
000045b5  ADCIntEnableEx                   
000045bd  I2CMasterIntClear                
000045c5  UARTDMAEnable                    
000045cd  UARTIntEnable                    
000045d5  __aeabi_errno_addr               
000045dd  vApplicationStackOverflowHook    
000045e5  GPIOIntClear                     
000045eb  GPIOPinWrite                     
000045f1  ResetISR                         
000045f7  SysCtlDelay                      
000045fd  UARTClockSourceSet               
00004603  vListInitialiseItem              
00004609  UARTIntClear                     
0000460d  _system_pre_init                 
00004611  C$$EXIT                          
00004611  abort                            
00004615  vEventGroupSetBitsCallback       
00004894  ulMaxSyscallInterruptPriority    
00004898  uxTopUsedPriority                
000048c0  __TI_Handler_Table_Base          
000048cc  __TI_Handler_Table_Limit         
000048e0  __TI_CINIT_Base                  
000048f8  __TI_CINIT_Limit                 
20000000  __start___llvm_prf_cnts          
20000000  __stop___llvm_prf_cnts           
20000000  g_pfnRAMVectors                  
2000026c  pxCurrentTCB                     
200002a0  adc_count                        
200002a4  dma_count                        
200002a8  ADC_result                       
200002ac  UART_Tx                          
200002bc  xDebaunceKeyHandle               
200002c0  xChangeDirectionHandle           
200002d4  uart_count                       
200002dc  errno                            
20005310  xQueueRegistry                   
200053ec  LinearMov_Mngr                   
200053fc  ADC_rslt                         
20005400  pui8ControlTable                 
20005800  pui8ControlTableUART             
20005d40  adcBuffer                        
20005d70  AS7341_Semphr                    
20005d74  BurstEventGroup                  
20005d78  ChangeDirStatus                  
20005d7c  I2C1_Semphr                      
20005d80  errorStatus                      
20005d88  __stack                          
20005f88  __STACK_END                      
20005f88  __STACK_TOP                      
ffffffff  __TI_pprof_out_hndl              
ffffffff  __TI_prof_data_size              
ffffffff  __TI_prof_data_start             
ffffffff  __binit__                        
ffffffff  __c_args__                       
ffffffff  binit                            
UNDEFED   __mpu_init                       
UNDEFED   _system_post_cinit               

[242 symbols]
