<?xml version="1.0" encoding="ISO-8859-1" ?>
<link_info>
   <banner>TI ARM Linker Unix v20.2.1.LTS</banner>
   <copyright>Copyright (c) 1996-2018 Texas Instruments Incorporated</copyright>
   <link_time>0x66c505ca</link_time>
   <link_errors>0x0</link_errors>
   <output_file>Nema17.out</output_file>
   <entry_point>
      <name>_c_int00_noargs</name>
      <address>0x6ae5</address>
   </entry_point>
   <input_file_list>
      <input_file id="fl-2">
         <path>./</path>
         <kind>object</kind>
         <file>hello.obj</file>
         <name>hello.obj</name>
      </input_file>
      <input_file id="fl-3">
         <path>./</path>
         <kind>object</kind>
         <file>tm4c123gh6pm_startup_ccs.obj</file>
         <name>tm4c123gh6pm_startup_ccs.obj</name>
      </input_file>
      <input_file id="fl-4">
         <path>./FreeRTOS/Source/</path>
         <kind>object</kind>
         <file>croutine.obj</file>
         <name>croutine.obj</name>
      </input_file>
      <input_file id="fl-5">
         <path>./FreeRTOS/Source/</path>
         <kind>object</kind>
         <file>event_groups.obj</file>
         <name>event_groups.obj</name>
      </input_file>
      <input_file id="fl-6">
         <path>./FreeRTOS/Source/</path>
         <kind>object</kind>
         <file>list.obj</file>
         <name>list.obj</name>
      </input_file>
      <input_file id="fl-7">
         <path>./FreeRTOS/Source/</path>
         <kind>object</kind>
         <file>queue.obj</file>
         <name>queue.obj</name>
      </input_file>
      <input_file id="fl-8">
         <path>./FreeRTOS/Source/</path>
         <kind>object</kind>
         <file>stream_buffer.obj</file>
         <name>stream_buffer.obj</name>
      </input_file>
      <input_file id="fl-9">
         <path>./FreeRTOS/Source/</path>
         <kind>object</kind>
         <file>tasks.obj</file>
         <name>tasks.obj</name>
      </input_file>
      <input_file id="fl-a">
         <path>./FreeRTOS/Source/</path>
         <kind>object</kind>
         <file>timers.obj</file>
         <name>timers.obj</name>
      </input_file>
      <input_file id="fl-b">
         <path>./FreeRTOS/Source/portable/CCS/ARM_CM4F/</path>
         <kind>object</kind>
         <file>port.obj</file>
         <name>port.obj</name>
      </input_file>
      <input_file id="fl-c">
         <path>./FreeRTOS/Source/portable/CCS/ARM_CM4F/</path>
         <kind>object</kind>
         <file>portasm.obj</file>
         <name>portasm.obj</name>
      </input_file>
      <input_file id="fl-d">
         <path>./FreeRTOS/Source/portable/MemMang/</path>
         <kind>object</kind>
         <file>heap_2.obj</file>
         <name>heap_2.obj</name>
      </input_file>
      <input_file id="fl-e">
         <path>./SpecLibs/AS7341/</path>
         <kind>object</kind>
         <file>AS7341.obj</file>
         <name>AS7341.obj</name>
      </input_file>
      <input_file id="fl-f">
         <path>./SpecLibs/DRV8825/</path>
         <kind>object</kind>
         <file>drv8825.obj</file>
         <name>drv8825.obj</name>
      </input_file>
      <input_file id="fl-10">
         <path>./drivers/</path>
         <kind>object</kind>
         <file>rtos_hw_drivers.obj</file>
         <name>rtos_hw_drivers.obj</name>
      </input_file>
      <input_file id="fl-11">
         <path>./utils/</path>
         <kind>object</kind>
         <file>uartstdio.obj</file>
         <name>uartstdio.obj</name>
      </input_file>
      <input_file id="fl-12">
         <path>./utils/</path>
         <kind>object</kind>
         <file>ustdlib.obj</file>
         <name>ustdlib.obj</name>
      </input_file>
      <input_file id="fl-18">
         <kind>object</kind>
         <file>&lt;internal&gt;</file>
         <name>&lt;internal&gt;</name>
      </input_file>
      <input_file id="fl-ce">
         <path>/home/jao/ti/ccs1010/ccs/tools/compiler/ti-cgt-arm_20.2.1.LTS/lib/</path>
         <kind>archive</kind>
         <file>rtsv7M4_T_le_v4SPD16_eabi.lib</file>
         <name>e_exp.c.obj</name>
      </input_file>
      <input_file id="fl-cf">
         <path>/home/jao/ti/ccs1010/ccs/tools/compiler/ti-cgt-arm_20.2.1.LTS/lib/</path>
         <kind>archive</kind>
         <file>rtsv7M4_T_le_v4SPD16_eabi.lib</file>
         <name>memset_t2.asm.obj</name>
      </input_file>
      <input_file id="fl-d0">
         <path>/home/jao/ti/ccs1010/ccs/tools/compiler/ti-cgt-arm_20.2.1.LTS/lib/</path>
         <kind>archive</kind>
         <file>rtsv7M4_T_le_v4SPD16_eabi.lib</file>
         <name>fd_add_t2.asm.obj</name>
      </input_file>
      <input_file id="fl-d1">
         <path>/home/jao/ti/ccs1010/ccs/tools/compiler/ti-cgt-arm_20.2.1.LTS/lib/</path>
         <kind>archive</kind>
         <file>rtsv7M4_T_le_v4SPD16_eabi.lib</file>
         <name>fd_cmp_t2.asm.obj</name>
      </input_file>
      <input_file id="fl-d2">
         <path>/home/jao/ti/ccs1010/ccs/tools/compiler/ti-cgt-arm_20.2.1.LTS/lib/</path>
         <kind>archive</kind>
         <file>rtsv7M4_T_le_v4SPD16_eabi.lib</file>
         <name>fd_div_t2.asm.obj</name>
      </input_file>
      <input_file id="fl-d3">
         <path>/home/jao/ti/ccs1010/ccs/tools/compiler/ti-cgt-arm_20.2.1.LTS/lib/</path>
         <kind>archive</kind>
         <file>rtsv7M4_T_le_v4SPD16_eabi.lib</file>
         <name>fd_mul_t2.asm.obj</name>
      </input_file>
      <input_file id="fl-d4">
         <path>/home/jao/ti/ccs1010/ccs/tools/compiler/ti-cgt-arm_20.2.1.LTS/lib/</path>
         <kind>archive</kind>
         <file>rtsv7M4_T_le_v4SPD16_eabi.lib</file>
         <name>fd_toi_t2.asm.obj</name>
      </input_file>
      <input_file id="fl-d5">
         <path>/home/jao/ti/ccs1010/ccs/tools/compiler/ti-cgt-arm_20.2.1.LTS/lib/</path>
         <kind>archive</kind>
         <file>rtsv7M4_T_le_v4SPD16_eabi.lib</file>
         <name>fd_tos_t2.asm.obj</name>
      </input_file>
      <input_file id="fl-d6">
         <path>/home/jao/ti/ccs1010/ccs/tools/compiler/ti-cgt-arm_20.2.1.LTS/lib/</path>
         <kind>archive</kind>
         <file>rtsv7M4_T_le_v4SPD16_eabi.lib</file>
         <name>fs_tod_t2.asm.obj</name>
      </input_file>
      <input_file id="fl-d7">
         <path>/home/jao/ti/ccs1010/ccs/tools/compiler/ti-cgt-arm_20.2.1.LTS/lib/</path>
         <kind>archive</kind>
         <file>rtsv7M4_T_le_v4SPD16_eabi.lib</file>
         <name>i_tofd_t2.asm.obj</name>
      </input_file>
      <input_file id="fl-d8">
         <path>/home/jao/ti/ccs1010/ccs/tools/compiler/ti-cgt-arm_20.2.1.LTS/lib/</path>
         <kind>archive</kind>
         <file>rtsv7M4_T_le_v4SPD16_eabi.lib</file>
         <name>memcpy_t2.asm.obj</name>
      </input_file>
      <input_file id="fl-d9">
         <path>/home/jao/ti/ccs1010/ccs/tools/compiler/ti-cgt-arm_20.2.1.LTS/lib/</path>
         <kind>archive</kind>
         <file>rtsv7M4_T_le_v4SPD16_eabi.lib</file>
         <name>u_tofd_t2.asm.obj</name>
      </input_file>
      <input_file id="fl-da">
         <path>/home/jao/ti/ccs1010/ccs/tools/compiler/ti-cgt-arm_20.2.1.LTS/lib/</path>
         <kind>archive</kind>
         <file>rtsv7M4_T_le_v4SPD16_eabi.lib</file>
         <name>u_divt2.asm.obj</name>
      </input_file>
      <input_file id="fl-db">
         <path>/home/jao/ti/ccs1010/ccs/tools/compiler/ti-cgt-arm_20.2.1.LTS/lib/</path>
         <kind>archive</kind>
         <file>rtsv7M4_T_le_v4SPD16_eabi.lib</file>
         <name>copy_zero_init.c.obj</name>
      </input_file>
      <input_file id="fl-dc">
         <path>/home/jao/ti/ccs1010/ccs/tools/compiler/ti-cgt-arm_20.2.1.LTS/lib/</path>
         <kind>archive</kind>
         <file>rtsv7M4_T_le_v4SPD16_eabi.lib</file>
         <name>copy_decompress_none.c.obj</name>
      </input_file>
      <input_file id="fl-dd">
         <path>/home/jao/ti/ccs1010/ccs/tools/compiler/ti-cgt-arm_20.2.1.LTS/lib/</path>
         <kind>archive</kind>
         <file>rtsv7M4_T_le_v4SPD16_eabi.lib</file>
         <name>copy_decompress_lzss.c.obj</name>
      </input_file>
      <input_file id="fl-de">
         <path>/home/jao/ti/ccs1010/ccs/tools/compiler/ti-cgt-arm_20.2.1.LTS/lib/</path>
         <kind>archive</kind>
         <file>rtsv7M4_T_le_v4SPD16_eabi.lib</file>
         <name>errno.c.obj</name>
      </input_file>
      <input_file id="fl-df">
         <path>/home/jao/ti/ccs1010/ccs/tools/compiler/ti-cgt-arm_20.2.1.LTS/lib/</path>
         <kind>archive</kind>
         <file>rtsv7M4_T_le_v4SPD16_eabi.lib</file>
         <name>boot_cortex_m.c.obj</name>
      </input_file>
      <input_file id="fl-e0">
         <path>/home/jao/ti/ccs1010/ccs/tools/compiler/ti-cgt-arm_20.2.1.LTS/lib/</path>
         <kind>archive</kind>
         <file>rtsv7M4_T_le_v4SPD16_eabi.lib</file>
         <name>div0.asm.obj</name>
      </input_file>
      <input_file id="fl-e1">
         <path>/home/jao/ti/ccs1010/ccs/tools/compiler/ti-cgt-arm_20.2.1.LTS/lib/</path>
         <kind>archive</kind>
         <file>rtsv7M4_T_le_v4SPD16_eabi.lib</file>
         <name>autoinit.c.obj</name>
      </input_file>
      <input_file id="fl-e2">
         <path>/home/jao/ti/ccs1010/ccs/tools/compiler/ti-cgt-arm_20.2.1.LTS/lib/</path>
         <kind>archive</kind>
         <file>rtsv7M4_T_le_v4SPD16_eabi.lib</file>
         <name>pre_init.c.obj</name>
      </input_file>
      <input_file id="fl-e3">
         <path>/home/jao/ti/ccs1010/ccs/tools/compiler/ti-cgt-arm_20.2.1.LTS/lib/</path>
         <kind>archive</kind>
         <file>rtsv7M4_T_le_v4SPD16_eabi.lib</file>
         <name>cpy_tbl.c.obj</name>
      </input_file>
      <input_file id="fl-e4">
         <path>/home/jao/ti/ccs1010/ccs/tools/compiler/ti-cgt-arm_20.2.1.LTS/lib/</path>
         <kind>archive</kind>
         <file>rtsv7M4_T_le_v4SPD16_eabi.lib</file>
         <name>exit.c.obj</name>
      </input_file>
      <input_file id="fl-e5">
         <path>/home/jao/ti/ccs1010/ccs/tools/compiler/ti-cgt-arm_20.2.1.LTS/lib/</path>
         <kind>archive</kind>
         <file>rtsv7M4_T_le_v4SPD16_eabi.lib</file>
         <name>_lock.c.obj</name>
      </input_file>
      <input_file id="fl-e6">
         <path>/home/jao/ti/ccs1010/ccs/tools/compiler/ti-cgt-arm_20.2.1.LTS/lib/</path>
         <kind>archive</kind>
         <file>rtsv7M4_T_le_v4SPD16_eabi.lib</file>
         <name>args_main.c.obj</name>
      </input_file>
      <input_file id="fl-e7">
         <path>/home/jao/curso/ufsm/Mestrado/Dissertacao/Pototip_DeVereda/ProjetoPrototipo/Tiva/EK-TM4C/driverlib/ccs/Debug/</path>
         <kind>archive</kind>
         <file>driverlib.lib</file>
         <name>gpio.obj</name>
      </input_file>
      <input_file id="fl-e8">
         <path>/home/jao/curso/ufsm/Mestrado/Dissertacao/Pototip_DeVereda/ProjetoPrototipo/Tiva/EK-TM4C/driverlib/ccs/Debug/</path>
         <kind>archive</kind>
         <file>driverlib.lib</file>
         <name>i2c.obj</name>
      </input_file>
      <input_file id="fl-e9">
         <path>/home/jao/curso/ufsm/Mestrado/Dissertacao/Pototip_DeVereda/ProjetoPrototipo/Tiva/EK-TM4C/driverlib/ccs/Debug/</path>
         <kind>archive</kind>
         <file>driverlib.lib</file>
         <name>interrupt.obj</name>
      </input_file>
      <input_file id="fl-ea">
         <path>/home/jao/curso/ufsm/Mestrado/Dissertacao/Pototip_DeVereda/ProjetoPrototipo/Tiva/EK-TM4C/driverlib/ccs/Debug/</path>
         <kind>archive</kind>
         <file>driverlib.lib</file>
         <name>pwm.obj</name>
      </input_file>
      <input_file id="fl-eb">
         <path>/home/jao/curso/ufsm/Mestrado/Dissertacao/Pototip_DeVereda/ProjetoPrototipo/Tiva/EK-TM4C/driverlib/ccs/Debug/</path>
         <kind>archive</kind>
         <file>driverlib.lib</file>
         <name>sysctl.obj</name>
      </input_file>
      <input_file id="fl-ec">
         <path>/home/jao/curso/ufsm/Mestrado/Dissertacao/Pototip_DeVereda/ProjetoPrototipo/Tiva/EK-TM4C/driverlib/ccs/Debug/</path>
         <kind>archive</kind>
         <file>driverlib.lib</file>
         <name>uart.obj</name>
      </input_file>
      <input_file id="fl-ed">
         <path>/home/jao/curso/ufsm/Mestrado/Dissertacao/Pototip_DeVereda/ProjetoPrototipo/Tiva/EK-TM4C/driverlib/ccs/Debug/</path>
         <kind>archive</kind>
         <file>driverlib.lib</file>
         <name>cpu.obj</name>
      </input_file>
   </input_file_list>
   <object_component_list>
      <object_component id="oc-12">
         <name>.intvecs</name>
         <load_address>0x0</load_address>
         <run_address>0x0</run_address>
         <size>0x26c</size>
         <input_file_ref idref="fl-3"/>
      </object_component>
      <object_component id="oc-85">
         <name>.text</name>
         <load_address>0x26c</load_address>
         <run_address>0x26c</run_address>
         <size>0x2100</size>
         <input_file_ref idref="fl-9"/>
      </object_component>
      <object_component id="oc-38">
         <name>.text</name>
         <load_address>0x236c</load_address>
         <run_address>0x236c</run_address>
         <size>0x13c8</size>
         <input_file_ref idref="fl-e"/>
      </object_component>
      <object_component id="oc-a7">
         <name>.text</name>
         <load_address>0x3734</load_address>
         <run_address>0x3734</run_address>
         <size>0xd58</size>
         <input_file_ref idref="fl-7"/>
      </object_component>
      <object_component id="oc-283">
         <name>.text</name>
         <load_address>0x448c</load_address>
         <run_address>0x448c</run_address>
         <size>0x5f0</size>
         <input_file_ref idref="fl-f"/>
      </object_component>
      <object_component id="oc-9b">
         <name>.text</name>
         <load_address>0x4a7c</load_address>
         <run_address>0x4a7c</run_address>
         <size>0x4e8</size>
         <input_file_ref idref="fl-11"/>
      </object_component>
      <object_component id="oc-17e">
         <name>.text</name>
         <load_address>0x4f64</load_address>
         <run_address>0x4f64</run_address>
         <size>0x33c</size>
         <input_file_ref idref="fl-2"/>
      </object_component>
      <object_component id="oc-378">
         <name>.text:exp</name>
         <load_address>0x52a0</load_address>
         <run_address>0x52a0</run_address>
         <size>0x328</size>
         <input_file_ref idref="fl-ce"/>
      </object_component>
      <object_component id="oc-28f">
         <name>.text</name>
         <load_address>0x55c8</load_address>
         <run_address>0x55c8</run_address>
         <size>0x2c4</size>
         <input_file_ref idref="fl-10"/>
      </object_component>
      <object_component id="oc-19a">
         <name>.text</name>
         <load_address>0x588c</load_address>
         <run_address>0x588c</run_address>
         <size>0x24c</size>
         <input_file_ref idref="fl-d"/>
      </object_component>
      <object_component id="oc-27e">
         <name>.text</name>
         <load_address>0x5ad8</load_address>
         <run_address>0x5ad8</run_address>
         <size>0x1b6</size>
         <input_file_ref idref="fl-d0"/>
      </object_component>
      <object_component id="oc-314">
         <name>.text</name>
         <load_address>0x5c8e</load_address>
         <run_address>0x5c8e</run_address>
         <size>0x2</size>
         <input_file_ref idref="fl-e0"/>
      </object_component>
      <object_component id="oc-219">
         <name>.text:GPIOPadConfigSet</name>
         <load_address>0x5c90</load_address>
         <run_address>0x5c90</run_address>
         <size>0x16c</size>
         <input_file_ref idref="fl-e7"/>
      </object_component>
      <object_component id="oc-32">
         <name>.text</name>
         <load_address>0x5dfc</load_address>
         <run_address>0x5dfc</run_address>
         <size>0x13c</size>
         <input_file_ref idref="fl-b"/>
      </object_component>
      <object_component id="oc-139">
         <name>.text</name>
         <load_address>0x5f38</load_address>
         <run_address>0x5f38</run_address>
         <size>0x136</size>
         <input_file_ref idref="fl-d2"/>
      </object_component>
      <object_component id="oc-1a0">
         <name>.text</name>
         <load_address>0x606e</load_address>
         <run_address>0x606e</run_address>
         <size>0x12a</size>
         <input_file_ref idref="fl-6"/>
      </object_component>
      <object_component id="oc-ef">
         <name>.text:SysCtlClockGet</name>
         <load_address>0x6198</load_address>
         <run_address>0x6198</run_address>
         <size>0x118</size>
         <input_file_ref idref="fl-eb"/>
      </object_component>
      <object_component id="oc-134">
         <name>.text</name>
         <load_address>0x62b0</load_address>
         <run_address>0x62b0</run_address>
         <size>0xfc</size>
         <input_file_ref idref="fl-d3"/>
      </object_component>
      <object_component id="oc-2d">
         <name>.text</name>
         <load_address>0x63ac</load_address>
         <run_address>0x63ac</run_address>
         <size>0xda</size>
         <input_file_ref idref="fl-c"/>
      </object_component>
      <object_component id="oc-4c">
         <name>.text</name>
         <load_address>0x6486</load_address>
         <run_address>0x6486</run_address>
         <size>0x9c</size>
         <input_file_ref idref="fl-d8"/>
      </object_component>
      <object_component id="oc-40e">
         <name>.text:__aeabi_cdcmple</name>
         <load_address>0x6522</load_address>
         <run_address>0x6522</run_address>
         <size>0x86</size>
         <input_file_ref idref="fl-d1"/>
      </object_component>
      <object_component id="oc-409">
         <name>.text:__aeabi_cdrcmple</name>
         <load_address>0x65a8</load_address>
         <run_address>0x65a8</run_address>
         <size>0x86</size>
         <input_file_ref idref="fl-d1"/>
      </object_component>
      <object_component id="oc-172">
         <name>.text</name>
         <load_address>0x662e</load_address>
         <run_address>0x662e</run_address>
         <size>0x7a</size>
         <input_file_ref idref="fl-cf"/>
      </object_component>
      <object_component id="oc-13e">
         <name>.text</name>
         <load_address>0x66a8</load_address>
         <run_address>0x66a8</run_address>
         <size>0x6e</size>
         <input_file_ref idref="fl-d5"/>
      </object_component>
      <object_component id="oc-38b">
         <name>.text:IntDisable</name>
         <load_address>0x6718</load_address>
         <run_address>0x6718</run_address>
         <size>0x68</size>
         <input_file_ref idref="fl-e9"/>
      </object_component>
      <object_component id="oc-101">
         <name>.text:IntEnable</name>
         <load_address>0x6780</load_address>
         <run_address>0x6780</run_address>
         <size>0x68</size>
         <input_file_ref idref="fl-e9"/>
      </object_component>
      <object_component id="oc-15">
         <name>.text:decompress:lzss:__TI_decompress_lzss</name>
         <load_address>0x67e8</load_address>
         <run_address>0x67e8</run_address>
         <size>0x68</size>
         <input_file_ref idref="fl-dd"/>
      </object_component>
      <object_component id="oc-111">
         <name>.text:GPIOIntTypeSet</name>
         <load_address>0x6850</load_address>
         <run_address>0x6850</run_address>
         <size>0x58</size>
         <input_file_ref idref="fl-e7"/>
      </object_component>
      <object_component id="oc-dd">
         <name>.text:GPIOPinConfigure</name>
         <load_address>0x68a8</load_address>
         <run_address>0x68a8</run_address>
         <size>0x4c</size>
         <input_file_ref idref="fl-e7"/>
      </object_component>
      <object_component id="oc-f5">
         <name>.text:I2CMasterInitExpClk</name>
         <load_address>0x68f4</load_address>
         <run_address>0x68f4</run_address>
         <size>0x4c</size>
         <input_file_ref idref="fl-e8"/>
      </object_component>
      <object_component id="oc-274">
         <name>.text</name>
         <load_address>0x6940</load_address>
         <run_address>0x6940</run_address>
         <size>0x48</size>
         <input_file_ref idref="fl-d4"/>
      </object_component>
      <object_component id="oc-2a8">
         <name>.text:__TI_auto_init_nobinit_nopinit:__TI_auto_init_nobinit_nopinit</name>
         <load_address>0x6988</load_address>
         <run_address>0x6988</run_address>
         <size>0x44</size>
         <input_file_ref idref="fl-e1"/>
      </object_component>
      <object_component id="oc-1e1">
         <name>.text</name>
         <load_address>0x69cc</load_address>
         <run_address>0x69cc</run_address>
         <size>0x40</size>
         <input_file_ref idref="fl-da"/>
      </object_component>
      <object_component id="oc-d1">
         <name>.text:SysCtlPeripheralReady</name>
         <load_address>0x6a0c</load_address>
         <run_address>0x6a0c</run_address>
         <size>0x38</size>
         <input_file_ref idref="fl-eb"/>
      </object_component>
      <object_component id="oc-373">
         <name>.text</name>
         <load_address>0x6a44</load_address>
         <run_address>0x6a44</run_address>
         <size>0x38</size>
         <input_file_ref idref="fl-d6"/>
      </object_component>
      <object_component id="oc-397">
         <name>.text:IntRegister</name>
         <load_address>0x6a7c</load_address>
         <run_address>0x6a7c</run_address>
         <size>0x34</size>
         <input_file_ref idref="fl-e9"/>
      </object_component>
      <object_component id="oc-cb">
         <name>.text:SysCtlPeripheralEnable</name>
         <load_address>0x6ab0</load_address>
         <run_address>0x6ab0</run_address>
         <size>0x34</size>
         <input_file_ref idref="fl-eb"/>
      </object_component>
      <object_component id="oc-6a">
         <name>.text:_c_int00_noargs:_c_int00_noargs</name>
         <load_address>0x6ae4</load_address>
         <run_address>0x6ae4</run_address>
         <size>0x34</size>
         <input_file_ref idref="fl-df"/>
      </object_component>
      <object_component id="oc-12f">
         <name>.text</name>
         <load_address>0x6b18</load_address>
         <run_address>0x6b18</run_address>
         <size>0x2e</size>
         <input_file_ref idref="fl-d7"/>
      </object_component>
      <object_component id="oc-213">
         <name>.text:GPIODirModeSet</name>
         <load_address>0x6b46</load_address>
         <run_address>0x6b46</run_address>
         <size>0x2c</size>
         <input_file_ref idref="fl-e7"/>
      </object_component>
      <object_component id="oc-35b">
         <name>.text:PWMGenConfigure</name>
         <load_address>0x6b72</load_address>
         <run_address>0x6b72</run_address>
         <size>0x22</size>
         <input_file_ref idref="fl-ea"/>
      </object_component>
      <object_component id="oc-279">
         <name>.text</name>
         <load_address>0x6b94</load_address>
         <run_address>0x6b94</run_address>
         <size>0x20</size>
         <input_file_ref idref="fl-d9"/>
      </object_component>
      <object_component id="oc-355">
         <name>.text:PWMPulseWidthSet</name>
         <load_address>0x6bb4</load_address>
         <run_address>0x6bb4</run_address>
         <size>0x1e</size>
         <input_file_ref idref="fl-ea"/>
      </object_component>
      <object_component id="oc-123">
         <name>.text:GPIOPinTypeGPIOOutput</name>
         <load_address>0x6bd2</load_address>
         <run_address>0x6bd2</run_address>
         <size>0x1a</size>
         <input_file_ref idref="fl-e7"/>
      </object_component>
      <object_component id="oc-d7">
         <name>.text:GPIOUnlockPin</name>
         <load_address>0x6bec</load_address>
         <run_address>0x6bec</run_address>
         <size>0x18</size>
         <input_file_ref idref="fl-e7"/>
      </object_component>
      <object_component id="oc-37e">
         <name>.text:SysCtlPWMClockGet</name>
         <load_address>0x6c04</load_address>
         <run_address>0x6c04</run_address>
         <size>0x18</size>
         <input_file_ref idref="fl-eb"/>
      </object_component>
      <object_component id="oc-10b">
         <name>.text:GPIOPinTypeGPIOInput</name>
         <load_address>0x6c1c</load_address>
         <run_address>0x6c1c</run_address>
         <size>0x16</size>
         <input_file_ref idref="fl-e7"/>
      </object_component>
      <object_component id="oc-e9">
         <name>.text:GPIOPinTypeI2C</name>
         <load_address>0x6c32</load_address>
         <run_address>0x6c32</run_address>
         <size>0x16</size>
         <input_file_ref idref="fl-e7"/>
      </object_component>
      <object_component id="oc-e3">
         <name>.text:GPIOPinTypeI2CSCL</name>
         <load_address>0x6c48</load_address>
         <run_address>0x6c48</run_address>
         <size>0x16</size>
         <input_file_ref idref="fl-e7"/>
      </object_component>
      <object_component id="oc-39d">
         <name>.text:GPIOPinTypePWM</name>
         <load_address>0x6c5e</load_address>
         <run_address>0x6c5e</run_address>
         <size>0x16</size>
         <input_file_ref idref="fl-e7"/>
      </object_component>
      <object_component id="oc-3a3">
         <name>.text:SysCtlPWMClockSet</name>
         <load_address>0x6c74</load_address>
         <run_address>0x6c74</run_address>
         <size>0x14</size>
         <input_file_ref idref="fl-eb"/>
      </object_component>
      <object_component id="oc-34f">
         <name>.text:PWMGenPeriodGet</name>
         <load_address>0x6c88</load_address>
         <run_address>0x6c88</run_address>
         <size>0x12</size>
         <input_file_ref idref="fl-ea"/>
      </object_component>
      <object_component id="oc-367">
         <name>.text:PWMOutputState</name>
         <load_address>0x6c9a</load_address>
         <run_address>0x6c9a</run_address>
         <size>0x12</size>
         <input_file_ref idref="fl-ea"/>
      </object_component>
      <object_component id="oc-295">
         <name>.text:IntMasterDisable</name>
         <load_address>0x6cac</load_address>
         <run_address>0x6cac</run_address>
         <size>0x10</size>
         <input_file_ref idref="fl-e9"/>
      </object_component>
      <object_component id="oc-11d">
         <name>.text:IntMasterEnable</name>
         <load_address>0x6cbc</load_address>
         <run_address>0x6cbc</run_address>
         <size>0x10</size>
         <input_file_ref idref="fl-e9"/>
      </object_component>
      <object_component id="oc-361">
         <name>.text:PWMGenPeriodSet</name>
         <load_address>0x6ccc</load_address>
         <run_address>0x6ccc</run_address>
         <size>0x10</size>
         <input_file_ref idref="fl-ea"/>
      </object_component>
      <object_component id="oc-391">
         <name>.text:GPIOIntDisable</name>
         <load_address>0x6cdc</load_address>
         <run_address>0x6cdc</run_address>
         <size>0xe</size>
         <input_file_ref idref="fl-e7"/>
      </object_component>
      <object_component id="oc-385">
         <name>.text:GPIOIntStatus</name>
         <load_address>0x6cea</load_address>
         <run_address>0x6cea</run_address>
         <size>0xe</size>
         <input_file_ref idref="fl-e7"/>
      </object_component>
      <object_component id="oc-1b">
         <name>.text:decompress:none:__TI_decompress_none</name>
         <load_address>0x6cf8</load_address>
         <run_address>0x6cf8</run_address>
         <size>0xe</size>
         <input_file_ref idref="fl-dc"/>
      </object_component>
      <object_component id="oc-3b5">
         <name>.text:CPUcpsid</name>
         <load_address>0x6d06</load_address>
         <run_address>0x6d06</run_address>
         <size>0xc</size>
         <input_file_ref idref="fl-ed"/>
      </object_component>
      <object_component id="oc-250">
         <name>.text:CPUcpsie</name>
         <load_address>0x6d12</load_address>
         <run_address>0x6d12</run_address>
         <size>0xc</size>
         <input_file_ref idref="fl-ed"/>
      </object_component>
      <object_component id="oc-117">
         <name>.text:GPIOIntEnable</name>
         <load_address>0x6d1e</load_address>
         <run_address>0x6d1e</run_address>
         <size>0xc</size>
         <input_file_ref idref="fl-e7"/>
      </object_component>
      <object_component id="oc-36d">
         <name>.text:PWMGenEnable</name>
         <load_address>0x6d2a</load_address>
         <run_address>0x6d2a</run_address>
         <size>0xc</size>
         <input_file_ref idref="fl-ea"/>
      </object_component>
      <object_component id="oc-5e">
         <name>.text:decompress:ZI:__TI_zero_init</name>
         <load_address>0x6d36</load_address>
         <run_address>0x6d36</run_address>
         <size>0xc</size>
         <input_file_ref idref="fl-db"/>
      </object_component>
      <object_component id="oc-27">
         <name>.text</name>
         <load_address>0x6d42</load_address>
         <run_address>0x6d42</run_address>
         <size>0xc</size>
         <input_file_ref idref="fl-3"/>
      </object_component>
      <object_component id="oc-225">
         <name>.text:I2CMasterEnable</name>
         <load_address>0x6d4e</load_address>
         <run_address>0x6d4e</run_address>
         <size>0xa</size>
         <input_file_ref idref="fl-e8"/>
      </object_component>
      <object_component id="oc-ad">
         <name>.text:I2CMasterIntClear</name>
         <load_address>0x6d58</load_address>
         <run_address>0x6d58</run_address>
         <size>0x8</size>
         <input_file_ref idref="fl-e8"/>
      </object_component>
      <object_component id="oc-fb">
         <name>.text:I2CMasterIntEnableEx</name>
         <load_address>0x6d60</load_address>
         <run_address>0x6d60</run_address>
         <size>0x8</size>
         <input_file_ref idref="fl-e8"/>
      </object_component>
      <object_component id="oc-b3">
         <name>.text:I2CMasterSlaveAddrSet</name>
         <load_address>0x6d68</load_address>
         <run_address>0x6d68</run_address>
         <size>0x8</size>
         <input_file_ref idref="fl-e8"/>
      </object_component>
      <object_component id="oc-413">
         <name>.text:__aeabi_errno_addr</name>
         <load_address>0x6d70</load_address>
         <run_address>0x6d70</run_address>
         <size>0x8</size>
         <input_file_ref idref="fl-de"/>
      </object_component>
      <object_component id="oc-a1">
         <name>.text:GPIOIntClear</name>
         <load_address>0x6d78</load_address>
         <run_address>0x6d78</run_address>
         <size>0x6</size>
         <input_file_ref idref="fl-e7"/>
      </object_component>
      <object_component id="oc-129">
         <name>.text:GPIOPinWrite</name>
         <load_address>0x6d7e</load_address>
         <run_address>0x6d7e</run_address>
         <size>0x6</size>
         <input_file_ref idref="fl-e7"/>
      </object_component>
      <object_component id="oc-384">
         <name>.text:SysCtlDelay</name>
         <load_address>0x6d84</load_address>
         <run_address>0x6d84</run_address>
         <size>0x6</size>
         <input_file_ref idref="fl-eb"/>
      </object_component>
      <object_component id="oc-289">
         <name>.text:UARTClockSourceSet</name>
         <load_address>0x6d8a</load_address>
         <run_address>0x6d8a</run_address>
         <size>0x6</size>
         <input_file_ref idref="fl-ec"/>
      </object_component>
      <object_component id="oc-bf">
         <name>.text:I2CMasterControl</name>
         <load_address>0x6d90</load_address>
         <run_address>0x6d90</run_address>
         <size>0x4</size>
         <input_file_ref idref="fl-e8"/>
      </object_component>
      <object_component id="oc-c5">
         <name>.text:I2CMasterDataGet</name>
         <load_address>0x6d94</load_address>
         <run_address>0x6d94</run_address>
         <size>0x4</size>
         <input_file_ref idref="fl-e8"/>
      </object_component>
      <object_component id="oc-b9">
         <name>.text:I2CMasterDataPut</name>
         <load_address>0x6d98</load_address>
         <run_address>0x6d98</run_address>
         <size>0x4</size>
         <input_file_ref idref="fl-e8"/>
      </object_component>
      <object_component id="oc-178">
         <name>.text:_system_pre_init</name>
         <load_address>0x6d9c</load_address>
         <run_address>0x6d9c</run_address>
         <size>0x4</size>
         <input_file_ref idref="fl-e2"/>
      </object_component>
      <object_component id="oc-29c">
         <name>.text:abort:abort</name>
         <load_address>0x6da0</load_address>
         <run_address>0x6da0</run_address>
         <size>0x4</size>
         <input_file_ref idref="fl-e4"/>
      </object_component>
      <object_component id="oc-20f">
         <name>.const:g_pui32GPIOBaseAddrs</name>
         <load_address>0x6da8</load_address>
         <run_address>0x6da8</run_address>
         <size>0x90</size>
         <input_file_ref idref="fl-e7"/>
      </object_component>
      <object_component id="oc-221">
         <name>.const:g_pui32Xtals</name>
         <load_address>0x6e38</load_address>
         <run_address>0x6e38</run_address>
         <size>0x6c</size>
         <input_file_ref idref="fl-eb"/>
      </object_component>
      <object_component id="oc-82">
         <name>.const</name>
         <load_address>0x6ea4</load_address>
         <run_address>0x6ea4</run_address>
         <size>0x4</size>
         <input_file_ref idref="fl-b"/>
      </object_component>
      <object_component id="oc-419">
         <name>.const:$O1$$</name>
         <load_address>0x6ea8</load_address>
         <run_address>0x6ea8</run_address>
         <size>0x30</size>
         <input_file_ref idref="fl-ce"/>
      </object_component>
      <object_component id="oc-424">
         <name>.const:g_pui32Dii16Regs</name>
         <load_address>0x6ed8</load_address>
         <run_address>0x6ed8</run_address>
         <size>0x14</size>
         <input_file_ref idref="fl-e9"/>
      </object_component>
      <object_component id="oc-22d">
         <name>.const:g_pui32EnRegs</name>
         <load_address>0x6eec</load_address>
         <run_address>0x6eec</run_address>
         <size>0x14</size>
         <input_file_ref idref="fl-e9"/>
      </object_component>
      <object_component id="oc-31a">
         <name>.const:.string</name>
         <load_address>0x6f00</load_address>
         <run_address>0x6f00</run_address>
         <size>0x12</size>
         <input_file_ref idref="fl-11"/>
      </object_component>
      <object_component id="oc-1de">
         <name>.const:g_ui32UARTBase</name>
         <load_address>0x6f14</load_address>
         <run_address>0x6f14</run_address>
         <size>0xc</size>
         <input_file_ref idref="fl-11"/>
      </object_component>
      <object_component id="oc-1d8">
         <name>.const:g_ui32UARTPeriph</name>
         <load_address>0x6f20</load_address>
         <run_address>0x6f20</run_address>
         <size>0xc</size>
         <input_file_ref idref="fl-11"/>
      </object_component>
      <object_component id="oc-1b5">
         <name>.const</name>
         <load_address>0x6f2c</load_address>
         <run_address>0x6f2c</run_address>
         <size>0x4</size>
         <input_file_ref idref="fl-9"/>
      </object_component>
      <object_component id="oc-1e6">
         <name>.const</name>
         <load_address>0x6f30</load_address>
         <run_address>0x6f30</run_address>
         <size>0x4</size>
         <input_file_ref idref="fl-11"/>
      </object_component>
      <object_component id="oc-4b2">
         <name>.cinit..data.load</name>
         <load_address>0x6f38</load_address>
         <run_address>0x6f38</run_address>
         <size>0x15</size>
      </object_component>
      <object_component id="oc-4af">
         <name>__TI_handler_table</name>
         <load_address>0x6f50</load_address>
         <run_address>0x6f50</run_address>
         <size>0xc</size>
      </object_component>
      <object_component id="oc-4b3">
         <name>.cinit..bss.load</name>
         <load_address>0x6f60</load_address>
         <run_address>0x6f60</run_address>
         <size>0x8</size>
      </object_component>
      <object_component id="oc-4b1">
         <name>.cinit..vtable.load</name>
         <load_address>0x6f68</load_address>
         <run_address>0x6f68</run_address>
         <size>0x8</size>
      </object_component>
      <object_component id="oc-4b0">
         <name>__TI_cinit_table</name>
         <load_address>0x6f70</load_address>
         <run_address>0x6f70</run_address>
         <size>0x18</size>
      </object_component>
      <object_component id="oc-429">
         <name>.vtable</name>
         <uninitialized>true</uninitialized>
         <run_address>0x20000000</run_address>
         <size>0x26c</size>
         <input_file_ref idref="fl-e9"/>
      </object_component>
      <object_component id="oc-7f">
         <name>.data</name>
         <load_address>0x20005590</load_address>
         <run_address>0x20005590</run_address>
         <size>0x34</size>
         <input_file_ref idref="fl-9"/>
      </object_component>
      <object_component id="oc-8c">
         <name>.data</name>
         <load_address>0x200055d8</load_address>
         <run_address>0x200055d8</run_address>
         <size>0x4</size>
         <input_file_ref idref="fl-b"/>
      </object_component>
      <object_component id="oc-2eb">
         <name>.data</name>
         <load_address>0x200055c4</load_address>
         <run_address>0x200055c4</run_address>
         <size>0x8</size>
         <input_file_ref idref="fl-d"/>
      </object_component>
      <object_component id="oc-143">
         <name>.data</name>
         <load_address>0x200055e0</load_address>
         <run_address>0x200055e0</run_address>
         <size>0x1</size>
         <input_file_ref idref="fl-e"/>
      </object_component>
      <object_component id="oc-3a9">
         <name>.data</name>
         <load_address>0x200055d4</load_address>
         <run_address>0x200055d4</run_address>
         <size>0x4</size>
         <input_file_ref idref="fl-f"/>
      </object_component>
      <object_component id="oc-3b0">
         <name>.data</name>
         <load_address>0x200055d1</load_address>
         <run_address>0x200055d1</run_address>
         <size>0x3</size>
         <input_file_ref idref="fl-10"/>
      </object_component>
      <object_component id="oc-1db">
         <name>.data</name>
         <load_address>0x200055cc</load_address>
         <run_address>0x200055cc</run_address>
         <size>0x5</size>
         <input_file_ref idref="fl-11"/>
      </object_component>
      <object_component id="oc-45f">
         <name>.data</name>
         <load_address>0x200055dc</load_address>
         <run_address>0x200055dc</run_address>
         <size>0x4</size>
         <input_file_ref idref="fl-de"/>
      </object_component>
      <object_component id="oc-1a6">
         <name>.bss:pxReadyTasksLists</name>
         <uninitialized>true</uninitialized>
         <run_address>0x2000517c</run_address>
         <size>0x140</size>
         <input_file_ref idref="fl-9"/>
      </object_component>
      <object_component id="oc-1b8">
         <name>.bss:xDelayedTaskList1</name>
         <uninitialized>true</uninitialized>
         <run_address>0x2000530c</run_address>
         <size>0x14</size>
         <input_file_ref idref="fl-9"/>
      </object_component>
      <object_component id="oc-1bb">
         <name>.bss:xDelayedTaskList2</name>
         <uninitialized>true</uninitialized>
         <run_address>0x20005320</run_address>
         <size>0x14</size>
         <input_file_ref idref="fl-9"/>
      </object_component>
      <object_component id="oc-1ac">
         <name>.bss</name>
         <uninitialized>true</uninitialized>
         <run_address>0x20005370</run_address>
         <size>0x8</size>
         <input_file_ref idref="fl-9"/>
      </object_component>
      <object_component id="oc-1b2">
         <name>.bss:xPendingReadyList</name>
         <uninitialized>true</uninitialized>
         <run_address>0x20005334</run_address>
         <size>0x14</size>
         <input_file_ref idref="fl-9"/>
      </object_component>
      <object_component id="oc-1a9">
         <name>.bss:xTasksWaitingTermination</name>
         <uninitialized>true</uninitialized>
         <run_address>0x2000535c</run_address>
         <size>0x14</size>
         <input_file_ref idref="fl-9"/>
      </object_component>
      <object_component id="oc-1af">
         <name>.bss:xSuspendedTaskList</name>
         <uninitialized>true</uninitialized>
         <run_address>0x20005348</run_address>
         <size>0x14</size>
         <input_file_ref idref="fl-9"/>
      </object_component>
      <object_component id="oc-2f4">
         <name>.bss:ucHeap</name>
         <uninitialized>true</uninitialized>
         <run_address>0x2000026c</run_address>
         <size>0x4f10</size>
         <input_file_ref idref="fl-d"/>
      </object_component>
      <object_component id="oc-2ee">
         <name>.bss:xStart</name>
         <uninitialized>true</uninitialized>
         <run_address>0x20005380</run_address>
         <size>0x8</size>
         <input_file_ref idref="fl-d"/>
      </object_component>
      <object_component id="oc-2f1">
         <name>.bss:xEnd</name>
         <uninitialized>true</uninitialized>
         <run_address>0x20005378</run_address>
         <size>0x8</size>
         <input_file_ref idref="fl-d"/>
      </object_component>
      <object_component id="oc-1f7">
         <name>.common:xQueueRegistry</name>
         <uninitialized>true</uninitialized>
         <run_address>0x200052bc</run_address>
         <size>0x50</size>
      </object_component>
      <object_component id="oc-10a">
         <name>.common:I2C1_Semphr</name>
         <uninitialized>true</uninitialized>
         <run_address>0x2000538c</run_address>
         <size>0x4</size>
      </object_component>
      <object_component id="oc-107">
         <name>.common:AS7341_Semphr</name>
         <uninitialized>true</uninitialized>
         <run_address>0x20005388</run_address>
         <size>0x4</size>
      </object_component>
      <object_component id="oc-24">
         <name>.stack</name>
         <uninitialized>true</uninitialized>
         <run_address>0x20005390</run_address>
         <size>0x4</size>
         <input_file_ref idref="fl-df"/>
      </object_component>
      <object_component id="oc-4b5">
         <name>.stack</name>
         <uninitialized>true</uninitialized>
         <run_address>0x20005390</run_address>
         <size>0x0</size>
      </object_component>
      <object_component id="oc-1d7">
         <name>.debug_info</name>
         <load_address>0x0</load_address>
         <run_address>0x0</run_address>
         <size>0x6c1</size>
         <input_file_ref idref="fl-2"/>
      </object_component>
      <object_component id="oc-17f">
         <name>.debug_info</name>
         <load_address>0x6c1</load_address>
         <run_address>0x6c1</run_address>
         <size>0x703</size>
         <input_file_ref idref="fl-2"/>
      </object_component>
      <object_component id="oc-1c8">
         <name>.debug_info</name>
         <load_address>0xdc4</load_address>
         <run_address>0xdc4</run_address>
         <size>0x315</size>
         <input_file_ref idref="fl-2"/>
      </object_component>
      <object_component id="oc-158">
         <name>.debug_info</name>
         <load_address>0x10d9</load_address>
         <run_address>0x10d9</run_address>
         <size>0x26b</size>
         <input_file_ref idref="fl-2"/>
      </object_component>
      <object_component id="oc-243">
         <name>.debug_info</name>
         <load_address>0x1344</load_address>
         <run_address>0x1344</run_address>
         <size>0x461</size>
         <input_file_ref idref="fl-2"/>
      </object_component>
      <object_component id="oc-234">
         <name>.debug_info</name>
         <load_address>0x17a5</load_address>
         <run_address>0x17a5</run_address>
         <size>0x4f</size>
         <input_file_ref idref="fl-2"/>
      </object_component>
      <object_component id="oc-248">
         <name>.debug_info</name>
         <load_address>0x17f4</load_address>
         <run_address>0x17f4</run_address>
         <size>0x2c</size>
         <input_file_ref idref="fl-2"/>
      </object_component>
      <object_component id="oc-14c">
         <name>.debug_info</name>
         <load_address>0x1820</load_address>
         <run_address>0x1820</run_address>
         <size>0x8b</size>
         <input_file_ref idref="fl-2"/>
      </object_component>
      <object_component id="oc-91">
         <name>.debug_info</name>
         <load_address>0x18ab</load_address>
         <run_address>0x18ab</run_address>
         <size>0x2c</size>
         <input_file_ref idref="fl-2"/>
      </object_component>
      <object_component id="oc-25f">
         <name>.debug_info</name>
         <load_address>0x18d7</load_address>
         <run_address>0x18d7</run_address>
         <size>0x2a4</size>
         <input_file_ref idref="fl-2"/>
      </object_component>
      <object_component id="oc-147">
         <name>.debug_info</name>
         <load_address>0x1b7b</load_address>
         <run_address>0x1b7b</run_address>
         <size>0xbb</size>
         <input_file_ref idref="fl-2"/>
      </object_component>
      <object_component id="oc-96">
         <name>.debug_info</name>
         <load_address>0x1c36</load_address>
         <run_address>0x1c36</run_address>
         <size>0x53</size>
         <input_file_ref idref="fl-2"/>
      </object_component>
      <object_component id="oc-239">
         <name>.debug_info</name>
         <load_address>0x1c89</load_address>
         <run_address>0x1c89</run_address>
         <size>0xcc</size>
         <input_file_ref idref="fl-2"/>
      </object_component>
      <object_component id="oc-1eb">
         <name>.debug_info</name>
         <load_address>0x1d55</load_address>
         <run_address>0x1d55</run_address>
         <size>0x2c</size>
         <input_file_ref idref="fl-2"/>
      </object_component>
      <object_component id="oc-1cd">
         <name>.debug_info</name>
         <load_address>0x1d81</load_address>
         <run_address>0x1d81</run_address>
         <size>0x14c</size>
         <input_file_ref idref="fl-2"/>
      </object_component>
      <object_component id="oc-40">
         <name>.debug_info</name>
         <load_address>0x1ecd</load_address>
         <run_address>0x1ecd</run_address>
         <size>0x36f</size>
         <input_file_ref idref="fl-3"/>
      </object_component>
      <object_component id="oc-13">
         <name>.debug_info</name>
         <load_address>0x223c</load_address>
         <run_address>0x223c</run_address>
         <size>0xe2</size>
         <input_file_ref idref="fl-3"/>
      </object_component>
      <object_component id="oc-28">
         <name>.debug_info</name>
         <load_address>0x231e</load_address>
         <run_address>0x231e</run_address>
         <size>0x25e</size>
         <input_file_ref idref="fl-3"/>
      </object_component>
      <object_component id="oc-47">
         <name>.debug_info</name>
         <load_address>0x257c</load_address>
         <run_address>0x257c</run_address>
         <size>0x84</size>
         <input_file_ref idref="fl-3"/>
      </object_component>
      <object_component id="oc-30b">
         <name>.debug_info</name>
         <load_address>0x2600</load_address>
         <run_address>0x2600</run_address>
         <size>0x1f4</size>
         <input_file_ref idref="fl-4"/>
      </object_component>
      <object_component id="oc-1d2">
         <name>.debug_info</name>
         <load_address>0x27f4</load_address>
         <run_address>0x27f4</run_address>
         <size>0x461</size>
         <input_file_ref idref="fl-4"/>
      </object_component>
      <object_component id="oc-3ef">
         <name>.debug_info</name>
         <load_address>0x2c55</load_address>
         <run_address>0x2c55</run_address>
         <size>0xcc</size>
         <input_file_ref idref="fl-4"/>
      </object_component>
      <object_component id="oc-1c3">
         <name>.debug_info</name>
         <load_address>0x2d21</load_address>
         <run_address>0x2d21</run_address>
         <size>0x53</size>
         <input_file_ref idref="fl-4"/>
      </object_component>
      <object_component id="oc-332">
         <name>.debug_info</name>
         <load_address>0x2d74</load_address>
         <run_address>0x2d74</run_address>
         <size>0x644</size>
         <input_file_ref idref="fl-5"/>
      </object_component>
      <object_component id="oc-200">
         <name>.debug_info</name>
         <load_address>0x33b8</load_address>
         <run_address>0x33b8</run_address>
         <size>0x110</size>
         <input_file_ref idref="fl-5"/>
      </object_component>
      <object_component id="oc-2e6">
         <name>.debug_info</name>
         <load_address>0x34c8</load_address>
         <run_address>0x34c8</run_address>
         <size>0x461</size>
         <input_file_ref idref="fl-5"/>
      </object_component>
      <object_component id="oc-3f7">
         <name>.debug_info</name>
         <load_address>0x3929</load_address>
         <run_address>0x3929</run_address>
         <size>0x76</size>
         <input_file_ref idref="fl-5"/>
      </object_component>
      <object_component id="oc-3fc">
         <name>.debug_info</name>
         <load_address>0x399f</load_address>
         <run_address>0x399f</run_address>
         <size>0x39</size>
         <input_file_ref idref="fl-5"/>
      </object_component>
      <object_component id="oc-2dc">
         <name>.debug_info</name>
         <load_address>0x39d8</load_address>
         <run_address>0x39d8</run_address>
         <size>0x4f</size>
         <input_file_ref idref="fl-5"/>
      </object_component>
      <object_component id="oc-2fa">
         <name>.debug_info</name>
         <load_address>0x3a27</load_address>
         <run_address>0x3a27</run_address>
         <size>0x37b</size>
         <input_file_ref idref="fl-6"/>
      </object_component>
      <object_component id="oc-1a1">
         <name>.debug_info</name>
         <load_address>0x3da2</load_address>
         <run_address>0x3da2</run_address>
         <size>0x4eb</size>
         <input_file_ref idref="fl-6"/>
      </object_component>
      <object_component id="oc-1f8">
         <name>.debug_info</name>
         <load_address>0x428d</load_address>
         <run_address>0x428d</run_address>
         <size>0x883</size>
         <input_file_ref idref="fl-7"/>
      </object_component>
      <object_component id="oc-a8">
         <name>.debug_info</name>
         <load_address>0x4b10</load_address>
         <run_address>0x4b10</run_address>
         <size>0x3693</size>
         <input_file_ref idref="fl-7"/>
      </object_component>
      <object_component id="oc-32d">
         <name>.debug_info</name>
         <load_address>0x81a3</load_address>
         <run_address>0x81a3</run_address>
         <size>0x23f</size>
         <input_file_ref idref="fl-7"/>
      </object_component>
      <object_component id="oc-1fb">
         <name>.debug_info</name>
         <load_address>0x83e2</load_address>
         <run_address>0x83e2</run_address>
         <size>0x46</size>
         <input_file_ref idref="fl-7"/>
      </object_component>
      <object_component id="oc-26b">
         <name>.debug_info</name>
         <load_address>0x8428</load_address>
         <run_address>0x8428</run_address>
         <size>0x2c</size>
         <input_file_ref idref="fl-8"/>
      </object_component>
      <object_component id="oc-192">
         <name>.debug_info</name>
         <load_address>0x8454</load_address>
         <run_address>0x8454</run_address>
         <size>0x801</size>
         <input_file_ref idref="fl-9"/>
      </object_component>
      <object_component id="oc-80">
         <name>.debug_info</name>
         <load_address>0x8c55</load_address>
         <run_address>0x8c55</run_address>
         <size>0x340</size>
         <input_file_ref idref="fl-9"/>
      </object_component>
      <object_component id="oc-1a7">
         <name>.debug_info</name>
         <load_address>0x8f95</load_address>
         <run_address>0x8f95</run_address>
         <size>0xe9</size>
         <input_file_ref idref="fl-9"/>
      </object_component>
      <object_component id="oc-1b9">
         <name>.debug_info</name>
         <load_address>0x907e</load_address>
         <run_address>0x907e</run_address>
         <size>0xe9</size>
         <input_file_ref idref="fl-9"/>
      </object_component>
      <object_component id="oc-1bc">
         <name>.debug_info</name>
         <load_address>0x9167</load_address>
         <run_address>0x9167</run_address>
         <size>0xe9</size>
         <input_file_ref idref="fl-9"/>
      </object_component>
      <object_component id="oc-1ad">
         <name>.debug_info</name>
         <load_address>0x9250</load_address>
         <run_address>0x9250</run_address>
         <size>0x12c</size>
         <input_file_ref idref="fl-9"/>
      </object_component>
      <object_component id="oc-1b3">
         <name>.debug_info</name>
         <load_address>0x937c</load_address>
         <run_address>0x937c</run_address>
         <size>0xe9</size>
         <input_file_ref idref="fl-9"/>
      </object_component>
      <object_component id="oc-1aa">
         <name>.debug_info</name>
         <load_address>0x9465</load_address>
         <run_address>0x9465</run_address>
         <size>0xf7</size>
         <input_file_ref idref="fl-9"/>
      </object_component>
      <object_component id="oc-1b0">
         <name>.debug_info</name>
         <load_address>0x955c</load_address>
         <run_address>0x955c</run_address>
         <size>0xeb</size>
         <input_file_ref idref="fl-9"/>
      </object_component>
      <object_component id="oc-1b6">
         <name>.debug_info</name>
         <load_address>0x9647</load_address>
         <run_address>0x9647</run_address>
         <size>0xea</size>
         <input_file_ref idref="fl-9"/>
      </object_component>
      <object_component id="oc-86">
         <name>.debug_info</name>
         <load_address>0x9731</load_address>
         <run_address>0x9731</run_address>
         <size>0x550c</size>
         <input_file_ref idref="fl-9"/>
      </object_component>
      <object_component id="oc-193">
         <name>.debug_info</name>
         <load_address>0xec3d</load_address>
         <run_address>0xec3d</run_address>
         <size>0x30c</size>
         <input_file_ref idref="fl-9"/>
      </object_component>
      <object_component id="oc-2e1">
         <name>.debug_info</name>
         <load_address>0xef49</load_address>
         <run_address>0xef49</run_address>
         <size>0x145</size>
         <input_file_ref idref="fl-9"/>
      </object_component>
      <object_component id="oc-90">
         <name>.debug_info</name>
         <load_address>0xf08e</load_address>
         <run_address>0xf08e</run_address>
         <size>0x411</size>
         <input_file_ref idref="fl-b"/>
      </object_component>
      <object_component id="oc-83">
         <name>.debug_info</name>
         <load_address>0xf49f</load_address>
         <run_address>0xf49f</run_address>
         <size>0x116</size>
         <input_file_ref idref="fl-b"/>
      </object_component>
      <object_component id="oc-8d">
         <name>.debug_info</name>
         <load_address>0xf5b5</load_address>
         <run_address>0xf5b5</run_address>
         <size>0xfd</size>
         <input_file_ref idref="fl-b"/>
      </object_component>
      <object_component id="oc-33">
         <name>.debug_info</name>
         <load_address>0xf6b2</load_address>
         <run_address>0xf6b2</run_address>
         <size>0x71d</size>
         <input_file_ref idref="fl-b"/>
      </object_component>
      <object_component id="oc-2e">
         <name>.debug_info</name>
         <load_address>0xfdcf</load_address>
         <run_address>0xfdcf</run_address>
         <size>0x24b</size>
         <input_file_ref idref="fl-c"/>
      </object_component>
      <object_component id="oc-2f8">
         <name>.debug_info</name>
         <load_address>0x1001a</load_address>
         <run_address>0x1001a</run_address>
         <size>0x44c</size>
         <input_file_ref idref="fl-d"/>
      </object_component>
      <object_component id="oc-2f5">
         <name>.debug_info</name>
         <load_address>0x10466</load_address>
         <run_address>0x10466</run_address>
         <size>0xe4</size>
         <input_file_ref idref="fl-d"/>
      </object_component>
      <object_component id="oc-2ef">
         <name>.debug_info</name>
         <load_address>0x1054a</load_address>
         <run_address>0x1054a</run_address>
         <size>0xe4</size>
         <input_file_ref idref="fl-d"/>
      </object_component>
      <object_component id="oc-2f2">
         <name>.debug_info</name>
         <load_address>0x1062e</load_address>
         <run_address>0x1062e</run_address>
         <size>0xe0</size>
         <input_file_ref idref="fl-d"/>
      </object_component>
      <object_component id="oc-2ec">
         <name>.debug_info</name>
         <load_address>0x1070e</load_address>
         <run_address>0x1070e</run_address>
         <size>0xfe</size>
         <input_file_ref idref="fl-d"/>
      </object_component>
      <object_component id="oc-19b">
         <name>.debug_info</name>
         <load_address>0x1080c</load_address>
         <run_address>0x1080c</run_address>
         <size>0x822</size>
         <input_file_ref idref="fl-d"/>
      </object_component>
      <object_component id="oc-3e0">
         <name>.debug_info</name>
         <load_address>0x1102e</load_address>
         <run_address>0x1102e</run_address>
         <size>0x62</size>
         <input_file_ref idref="fl-d"/>
      </object_component>
      <object_component id="oc-108">
         <name>.debug_info</name>
         <load_address>0x11090</load_address>
         <run_address>0x11090</run_address>
         <size>0x9dc</size>
         <input_file_ref idref="fl-e"/>
      </object_component>
      <object_component id="oc-144">
         <name>.debug_info</name>
         <load_address>0x11a6c</load_address>
         <run_address>0x11a6c</run_address>
         <size>0xf2</size>
         <input_file_ref idref="fl-e"/>
      </object_component>
      <object_component id="oc-39">
         <name>.debug_info</name>
         <load_address>0x11b5e</load_address>
         <run_address>0x11b5e</run_address>
         <size>0x3740</size>
         <input_file_ref idref="fl-e"/>
      </object_component>
      <object_component id="oc-151">
         <name>.debug_info</name>
         <load_address>0x1529e</load_address>
         <run_address>0x1529e</run_address>
         <size>0x1e11</size>
         <input_file_ref idref="fl-e"/>
      </object_component>
      <object_component id="oc-23e">
         <name>.debug_info</name>
         <load_address>0x170af</load_address>
         <run_address>0x170af</run_address>
         <size>0x35</size>
         <input_file_ref idref="fl-e"/>
      </object_component>
      <object_component id="oc-3ad">
         <name>.debug_info</name>
         <load_address>0x170e4</load_address>
         <run_address>0x170e4</run_address>
         <size>0xa3f</size>
         <input_file_ref idref="fl-f"/>
      </object_component>
      <object_component id="oc-3aa">
         <name>.debug_info</name>
         <load_address>0x17b23</load_address>
         <run_address>0x17b23</run_address>
         <size>0xee</size>
         <input_file_ref idref="fl-f"/>
      </object_component>
      <object_component id="oc-284">
         <name>.debug_info</name>
         <load_address>0x17c11</load_address>
         <run_address>0x17c11</run_address>
         <size>0x102d</size>
         <input_file_ref idref="fl-f"/>
      </object_component>
      <object_component id="oc-3b4">
         <name>.debug_info</name>
         <load_address>0x18c3e</load_address>
         <run_address>0x18c3e</run_address>
         <size>0x2a1</size>
         <input_file_ref idref="fl-10"/>
      </object_component>
      <object_component id="oc-3b1">
         <name>.debug_info</name>
         <load_address>0x18edf</load_address>
         <run_address>0x18edf</run_address>
         <size>0xea</size>
         <input_file_ref idref="fl-10"/>
      </object_component>
      <object_component id="oc-290">
         <name>.debug_info</name>
         <load_address>0x18fc9</load_address>
         <run_address>0x18fc9</run_address>
         <size>0x5de</size>
         <input_file_ref idref="fl-10"/>
      </object_component>
      <object_component id="oc-1ea">
         <name>.debug_info</name>
         <load_address>0x195a7</load_address>
         <run_address>0x195a7</run_address>
         <size>0x293</size>
         <input_file_ref idref="fl-11"/>
      </object_component>
      <object_component id="oc-1dc">
         <name>.debug_info</name>
         <load_address>0x1983a</load_address>
         <run_address>0x1983a</run_address>
         <size>0xd4</size>
         <input_file_ref idref="fl-11"/>
      </object_component>
      <object_component id="oc-1e7">
         <name>.debug_info</name>
         <load_address>0x1990e</load_address>
         <run_address>0x1990e</run_address>
         <size>0xce</size>
         <input_file_ref idref="fl-11"/>
      </object_component>
      <object_component id="oc-1df">
         <name>.debug_info</name>
         <load_address>0x199dc</load_address>
         <run_address>0x199dc</run_address>
         <size>0xdc</size>
         <input_file_ref idref="fl-11"/>
      </object_component>
      <object_component id="oc-1d9">
         <name>.debug_info</name>
         <load_address>0x19ab8</load_address>
         <run_address>0x19ab8</run_address>
         <size>0xe0</size>
         <input_file_ref idref="fl-11"/>
      </object_component>
      <object_component id="oc-9c">
         <name>.debug_info</name>
         <load_address>0x19b98</load_address>
         <run_address>0x19b98</run_address>
         <size>0x744</size>
         <input_file_ref idref="fl-11"/>
      </object_component>
      <object_component id="oc-466">
         <name>.debug_info</name>
         <load_address>0x1a2dc</load_address>
         <run_address>0x1a2dc</run_address>
         <size>0x324</size>
         <input_file_ref idref="fl-ce"/>
      </object_component>
      <object_component id="oc-41a">
         <name>.debug_info</name>
         <load_address>0x1a600</load_address>
         <run_address>0x1a600</run_address>
         <size>0x130</size>
         <input_file_ref idref="fl-ce"/>
      </object_component>
      <object_component id="oc-379">
         <name>.debug_info</name>
         <load_address>0x1a730</load_address>
         <run_address>0x1a730</run_address>
         <size>0x4d5</size>
         <input_file_ref idref="fl-ce"/>
      </object_component>
      <object_component id="oc-468">
         <name>.debug_info</name>
         <load_address>0x1ac05</load_address>
         <run_address>0x1ac05</run_address>
         <size>0x46</size>
         <input_file_ref idref="fl-ce"/>
      </object_component>
      <object_component id="oc-41d">
         <name>.debug_info</name>
         <load_address>0x1ac4b</load_address>
         <run_address>0x1ac4b</run_address>
         <size>0x39</size>
         <input_file_ref idref="fl-ce"/>
      </object_component>
      <object_component id="oc-173">
         <name>.debug_info</name>
         <load_address>0x1ac84</load_address>
         <run_address>0x1ac84</run_address>
         <size>0x147</size>
         <input_file_ref idref="fl-cf"/>
      </object_component>
      <object_component id="oc-280">
         <name>.debug_info</name>
         <load_address>0x1adcb</load_address>
         <run_address>0x1adcb</run_address>
         <size>0x14c</size>
         <input_file_ref idref="fl-d0"/>
      </object_component>
      <object_component id="oc-411">
         <name>.debug_info</name>
         <load_address>0x1af17</load_address>
         <run_address>0x1af17</run_address>
         <size>0x128</size>
         <input_file_ref idref="fl-d1"/>
      </object_component>
      <object_component id="oc-40a">
         <name>.debug_info</name>
         <load_address>0x1b03f</load_address>
         <run_address>0x1b03f</run_address>
         <size>0x12a</size>
         <input_file_ref idref="fl-d1"/>
      </object_component>
      <object_component id="oc-13a">
         <name>.debug_info</name>
         <load_address>0x1b169</load_address>
         <run_address>0x1b169</run_address>
         <size>0x13a</size>
         <input_file_ref idref="fl-d2"/>
      </object_component>
      <object_component id="oc-137">
         <name>.debug_info</name>
         <load_address>0x1b2a3</load_address>
         <run_address>0x1b2a3</run_address>
         <size>0x13a</size>
         <input_file_ref idref="fl-d3"/>
      </object_component>
      <object_component id="oc-275">
         <name>.debug_info</name>
         <load_address>0x1b3dd</load_address>
         <run_address>0x1b3dd</run_address>
         <size>0x12e</size>
         <input_file_ref idref="fl-d4"/>
      </object_component>
      <object_component id="oc-13f">
         <name>.debug_info</name>
         <load_address>0x1b50b</load_address>
         <run_address>0x1b50b</run_address>
         <size>0x13e</size>
         <input_file_ref idref="fl-d5"/>
      </object_component>
      <object_component id="oc-374">
         <name>.debug_info</name>
         <load_address>0x1b649</load_address>
         <run_address>0x1b649</run_address>
         <size>0x12c</size>
         <input_file_ref idref="fl-d6"/>
      </object_component>
      <object_component id="oc-130">
         <name>.debug_info</name>
         <load_address>0x1b775</load_address>
         <run_address>0x1b775</run_address>
         <size>0x12c</size>
         <input_file_ref idref="fl-d7"/>
      </object_component>
      <object_component id="oc-4d">
         <name>.debug_info</name>
         <load_address>0x1b8a1</load_address>
         <run_address>0x1b8a1</run_address>
         <size>0x119</size>
         <input_file_ref idref="fl-d8"/>
      </object_component>
      <object_component id="oc-27a">
         <name>.debug_info</name>
         <load_address>0x1b9ba</load_address>
         <run_address>0x1b9ba</run_address>
         <size>0x12e</size>
         <input_file_ref idref="fl-d9"/>
      </object_component>
      <object_component id="oc-1e2">
         <name>.debug_info</name>
         <load_address>0x1bae8</load_address>
         <run_address>0x1bae8</run_address>
         <size>0x142</size>
         <input_file_ref idref="fl-da"/>
      </object_component>
      <object_component id="oc-171">
         <name>.debug_info</name>
         <load_address>0x1bc2a</load_address>
         <run_address>0x1bc2a</run_address>
         <size>0x2d4</size>
         <input_file_ref idref="fl-db"/>
      </object_component>
      <object_component id="oc-5f">
         <name>.debug_info</name>
         <load_address>0x1befe</load_address>
         <run_address>0x1befe</run_address>
         <size>0x1b5</size>
         <input_file_ref idref="fl-db"/>
      </object_component>
      <object_component id="oc-16c">
         <name>.debug_info</name>
         <load_address>0x1c0b3</load_address>
         <run_address>0x1c0b3</run_address>
         <size>0x46</size>
         <input_file_ref idref="fl-db"/>
      </object_component>
      <object_component id="oc-57">
         <name>.debug_info</name>
         <load_address>0x1c0f9</load_address>
         <run_address>0x1c0f9</run_address>
         <size>0x2a8</size>
         <input_file_ref idref="fl-dc"/>
      </object_component>
      <object_component id="oc-1c">
         <name>.debug_info</name>
         <load_address>0x1c3a1</load_address>
         <run_address>0x1c3a1</run_address>
         <size>0x1ea</size>
         <input_file_ref idref="fl-dc"/>
      </object_component>
      <object_component id="oc-52">
         <name>.debug_info</name>
         <load_address>0x1c58b</load_address>
         <run_address>0x1c58b</run_address>
         <size>0x46</size>
         <input_file_ref idref="fl-dc"/>
      </object_component>
      <object_component id="oc-164">
         <name>.debug_info</name>
         <load_address>0x1c5d1</load_address>
         <run_address>0x1c5d1</run_address>
         <size>0x2c</size>
         <input_file_ref idref="fl-dc"/>
      </object_component>
      <object_component id="oc-162">
         <name>.debug_info</name>
         <load_address>0x1c5fd</load_address>
         <run_address>0x1c5fd</run_address>
         <size>0x29e</size>
         <input_file_ref idref="fl-dd"/>
      </object_component>
      <object_component id="oc-16">
         <name>.debug_info</name>
         <load_address>0x1c89b</load_address>
         <run_address>0x1c89b</run_address>
         <size>0x250</size>
         <input_file_ref idref="fl-dd"/>
      </object_component>
      <object_component id="oc-42">
         <name>.debug_info</name>
         <load_address>0x1caeb</load_address>
         <run_address>0x1caeb</run_address>
         <size>0x60</size>
         <input_file_ref idref="fl-dd"/>
      </object_component>
      <object_component id="oc-264">
         <name>.debug_info</name>
         <load_address>0x1cb4b</load_address>
         <run_address>0x1cb4b</run_address>
         <size>0x46</size>
         <input_file_ref idref="fl-dd"/>
      </object_component>
      <object_component id="oc-15d">
         <name>.debug_info</name>
         <load_address>0x1cb91</load_address>
         <run_address>0x1cb91</run_address>
         <size>0x39</size>
         <input_file_ref idref="fl-dd"/>
      </object_component>
      <object_component id="oc-463">
         <name>.debug_info</name>
         <load_address>0x1cbca</load_address>
         <run_address>0x1cbca</run_address>
         <size>0x289</size>
         <input_file_ref idref="fl-de"/>
      </object_component>
      <object_component id="oc-460">
         <name>.debug_info</name>
         <load_address>0x1ce53</load_address>
         <run_address>0x1ce53</run_address>
         <size>0x10e</size>
         <input_file_ref idref="fl-de"/>
      </object_component>
      <object_component id="oc-414">
         <name>.debug_info</name>
         <load_address>0x1cf61</load_address>
         <run_address>0x1cf61</run_address>
         <size>0x14e</size>
         <input_file_ref idref="fl-de"/>
      </object_component>
      <object_component id="oc-25">
         <name>.debug_info</name>
         <load_address>0x1d0af</load_address>
         <run_address>0x1d0af</run_address>
         <size>0x10b</size>
         <input_file_ref idref="fl-df"/>
      </object_component>
      <object_component id="oc-6b">
         <name>.debug_info</name>
         <load_address>0x1d1ba</load_address>
         <run_address>0x1d1ba</run_address>
         <size>0x1a9</size>
         <input_file_ref idref="fl-df"/>
      </object_component>
      <object_component id="oc-315">
         <name>.debug_info</name>
         <load_address>0x1d363</load_address>
         <run_address>0x1d363</run_address>
         <size>0x115</size>
         <input_file_ref idref="fl-e0"/>
      </object_component>
      <object_component id="oc-3c7">
         <name>.debug_info</name>
         <load_address>0x1d478</load_address>
         <run_address>0x1d478</run_address>
         <size>0x4b3</size>
         <input_file_ref idref="fl-e1"/>
      </object_component>
      <object_component id="oc-2a9">
         <name>.debug_info</name>
         <load_address>0x1d92b</load_address>
         <run_address>0x1d92b</run_address>
         <size>0x1a6</size>
         <input_file_ref idref="fl-e1"/>
      </object_component>
      <object_component id="oc-44a">
         <name>.debug_info</name>
         <load_address>0x1dad1</load_address>
         <run_address>0x1dad1</run_address>
         <size>0x39</size>
         <input_file_ref idref="fl-e1"/>
      </object_component>
      <object_component id="oc-474">
         <name>.debug_info</name>
         <load_address>0x1db0a</load_address>
         <run_address>0x1db0a</run_address>
         <size>0x39</size>
         <input_file_ref idref="fl-e1"/>
      </object_component>
      <object_component id="oc-44f">
         <name>.debug_info</name>
         <load_address>0x1db43</load_address>
         <run_address>0x1db43</run_address>
         <size>0x39</size>
         <input_file_ref idref="fl-e1"/>
      </object_component>
      <object_component id="oc-454">
         <name>.debug_info</name>
         <load_address>0x1db7c</load_address>
         <run_address>0x1db7c</run_address>
         <size>0xcd</size>
         <input_file_ref idref="fl-e1"/>
      </object_component>
      <object_component id="oc-179">
         <name>.debug_info</name>
         <load_address>0x1dc49</load_address>
         <run_address>0x1dc49</run_address>
         <size>0x153</size>
         <input_file_ref idref="fl-e2"/>
      </object_component>
      <object_component id="oc-29d">
         <name>.debug_info</name>
         <load_address>0x1dd9c</load_address>
         <run_address>0x1dd9c</run_address>
         <size>0x122</size>
         <input_file_ref idref="fl-e4"/>
      </object_component>
      <object_component id="oc-1f6">
         <name>.debug_info</name>
         <load_address>0x1debe</load_address>
         <run_address>0x1debe</run_address>
         <size>0x3e4</size>
         <input_file_ref idref="fl-e7"/>
      </object_component>
      <object_component id="oc-210">
         <name>.debug_info</name>
         <load_address>0x1e2a2</load_address>
         <run_address>0x1e2a2</run_address>
         <size>0x164</size>
         <input_file_ref idref="fl-e7"/>
      </object_component>
      <object_component id="oc-d8">
         <name>.debug_info</name>
         <load_address>0x1e406</load_address>
         <run_address>0x1e406</run_address>
         <size>0x284</size>
         <input_file_ref idref="fl-e7"/>
      </object_component>
      <object_component id="oc-12a">
         <name>.debug_info</name>
         <load_address>0x1e68a</load_address>
         <run_address>0x1e68a</run_address>
         <size>0x2ac</size>
         <input_file_ref idref="fl-e7"/>
      </object_component>
      <object_component id="oc-214">
         <name>.debug_info</name>
         <load_address>0x1e936</load_address>
         <run_address>0x1e936</run_address>
         <size>0x2bc</size>
         <input_file_ref idref="fl-e7"/>
      </object_component>
      <object_component id="oc-21a">
         <name>.debug_info</name>
         <load_address>0x1ebf2</load_address>
         <run_address>0x1ebf2</run_address>
         <size>0x31f</size>
         <input_file_ref idref="fl-e7"/>
      </object_component>
      <object_component id="oc-39e">
         <name>.debug_info</name>
         <load_address>0x1ef11</load_address>
         <run_address>0x1ef11</run_address>
         <size>0x299</size>
         <input_file_ref idref="fl-e7"/>
      </object_component>
      <object_component id="oc-e4">
         <name>.debug_info</name>
         <load_address>0x1f1aa</load_address>
         <run_address>0x1f1aa</run_address>
         <size>0x29f</size>
         <input_file_ref idref="fl-e7"/>
      </object_component>
      <object_component id="oc-ea">
         <name>.debug_info</name>
         <load_address>0x1f449</load_address>
         <run_address>0x1f449</run_address>
         <size>0x299</size>
         <input_file_ref idref="fl-e7"/>
      </object_component>
      <object_component id="oc-124">
         <name>.debug_info</name>
         <load_address>0x1f6e2</load_address>
         <run_address>0x1f6e2</run_address>
         <size>0x2c0</size>
         <input_file_ref idref="fl-e7"/>
      </object_component>
      <object_component id="oc-10c">
         <name>.debug_info</name>
         <load_address>0x1f9a2</load_address>
         <run_address>0x1f9a2</run_address>
         <size>0x2a5</size>
         <input_file_ref idref="fl-e7"/>
      </object_component>
      <object_component id="oc-de">
         <name>.debug_info</name>
         <load_address>0x1fc47</load_address>
         <run_address>0x1fc47</run_address>
         <size>0x289</size>
         <input_file_ref idref="fl-e7"/>
      </object_component>
      <object_component id="oc-112">
         <name>.debug_info</name>
         <load_address>0x1fed0</load_address>
         <run_address>0x1fed0</run_address>
         <size>0x2c4</size>
         <input_file_ref idref="fl-e7"/>
      </object_component>
      <object_component id="oc-386">
         <name>.debug_info</name>
         <load_address>0x20194</load_address>
         <run_address>0x20194</run_address>
         <size>0x288</size>
         <input_file_ref idref="fl-e7"/>
      </object_component>
      <object_component id="oc-118">
         <name>.debug_info</name>
         <load_address>0x2041c</load_address>
         <run_address>0x2041c</run_address>
         <size>0x298</size>
         <input_file_ref idref="fl-e7"/>
      </object_component>
      <object_component id="oc-392">
         <name>.debug_info</name>
         <load_address>0x206b4</load_address>
         <run_address>0x206b4</run_address>
         <size>0x29a</size>
         <input_file_ref idref="fl-e7"/>
      </object_component>
      <object_component id="oc-a2">
         <name>.debug_info</name>
         <load_address>0x2094e</load_address>
         <run_address>0x2094e</run_address>
         <size>0x296</size>
         <input_file_ref idref="fl-e7"/>
      </object_component>
      <object_component id="oc-326">
         <name>.debug_info</name>
         <load_address>0x20be4</load_address>
         <run_address>0x20be4</run_address>
         <size>0x26b</size>
         <input_file_ref idref="fl-e7"/>
      </object_component>
      <object_component id="oc-31f">
         <name>.debug_info</name>
         <load_address>0x20e4f</load_address>
         <run_address>0x20e4f</run_address>
         <size>0x297</size>
         <input_file_ref idref="fl-e7"/>
      </object_component>
      <object_component id="oc-33b">
         <name>.debug_info</name>
         <load_address>0x210e6</load_address>
         <run_address>0x210e6</run_address>
         <size>0xef</size>
         <input_file_ref idref="fl-e7"/>
      </object_component>
      <object_component id="oc-1f1">
         <name>.debug_info</name>
         <load_address>0x211d5</load_address>
         <run_address>0x211d5</run_address>
         <size>0xbb</size>
         <input_file_ref idref="fl-e7"/>
      </object_component>
      <object_component id="oc-206">
         <name>.debug_info</name>
         <load_address>0x21290</load_address>
         <run_address>0x21290</run_address>
         <size>0x3d5</size>
         <input_file_ref idref="fl-e8"/>
      </object_component>
      <object_component id="oc-b4">
         <name>.debug_info</name>
         <load_address>0x21665</load_address>
         <run_address>0x21665</run_address>
         <size>0x2d7</size>
         <input_file_ref idref="fl-e8"/>
      </object_component>
      <object_component id="oc-fc">
         <name>.debug_info</name>
         <load_address>0x2193c</load_address>
         <run_address>0x2193c</run_address>
         <size>0x2a3</size>
         <input_file_ref idref="fl-e8"/>
      </object_component>
      <object_component id="oc-ae">
         <name>.debug_info</name>
         <load_address>0x21bdf</load_address>
         <run_address>0x21bdf</run_address>
[...]
      </symbol>
      <symbol id="sm-615">
         <name>AS7341_SetStepADC</name>
         <value>0x2a77</value>
         <object_component_ref idref="oc-38"/>
      </symbol>
      <symbol id="sm-616">
         <name>AS7341_GetIntegrationTimeADC</name>
         <value>0x2a39</value>
         <object_component_ref idref="oc-38"/>
      </symbol>
      <symbol id="sm-617">
         <name>AS7341_SpecStatus</name>
         <value>0x2bf1</value>
         <object_component_ref idref="oc-38"/>
      </symbol>
      <symbol id="sm-618">
         <name>AS7341_SpecData</name>
         <value>0x2b65</value>
         <object_component_ref idref="oc-38"/>
      </symbol>
      <symbol id="sm-619">
         <name>AS7341_GetStatus</name>
         <value>0x3711</value>
         <object_component_ref idref="oc-38"/>
      </symbol>
      <symbol id="sm-61a">
         <name>AS7341_Enable</name>
         <value>0x2707</value>
         <object_component_ref idref="oc-38"/>
      </symbol>
      <symbol id="sm-61b">
         <name>AS7341_BufferConfig</name>
         <value>0x2cf9</value>
         <object_component_ref idref="oc-38"/>
      </symbol>
      <symbol id="sm-61c">
         <name>AS7341_DeviceStatus</name>
         <value>0x2b11</value>
         <object_component_ref idref="oc-38"/>
      </symbol>
      <symbol id="sm-61d">
         <name>AS7341_SMUXEnable</name>
         <value>0x3007</value>
         <object_component_ref idref="oc-38"/>
      </symbol>
      <symbol id="sm-61e">
         <name>I2C1_IntHandler</name>
         <value>0x23d3</value>
         <object_component_ref idref="oc-38"/>
      </symbol>
      <symbol id="sm-61f">
         <name>PortDIntHanlder</name>
         <value>0x23a5</value>
         <object_component_ref idref="oc-38"/>
      </symbol>
      <symbol id="sm-620">
         <name>AS7341_WriteI2cReg2SMUX_Sel</name>
         <value>0x3037</value>
         <object_component_ref idref="oc-38"/>
      </symbol>
      <symbol id="sm-621">
         <name>AS7341_DevivceConfig</name>
         <value>0x2761</value>
         <object_component_ref idref="oc-38"/>
      </symbol>
      <symbol id="sm-622">
         <name>AS7341_ADC_Config</name>
         <value>0x2905</value>
         <object_component_ref idref="oc-38"/>
      </symbol>
      <symbol id="sm-623">
         <name>AS7341_SetTimeADC</name>
         <value>0x29d1</value>
         <object_component_ref idref="oc-38"/>
      </symbol>
      <symbol id="sm-624">
         <name>AS7341_GetTimeADC</name>
         <value>0x2a29</value>
         <object_component_ref idref="oc-38"/>
      </symbol>
      <symbol id="sm-625">
         <name>AS7341_SetI2cRegSMUX</name>
         <value>0x3061</value>
         <object_component_ref idref="oc-38"/>
      </symbol>
      <symbol id="sm-676">
         <name>NemaConfig</name>
         <value>0x48e1</value>
         <object_component_ref idref="oc-283"/>
      </symbol>
      <symbol id="sm-677">
         <name>GPIOPortE_Handler</name>
         <value>0x47c5</value>
         <object_component_ref idref="oc-283"/>
      </symbol>
      <symbol id="sm-678">
         <name>AnalogInit</name>
         <value>0x44fb</value>
         <object_component_ref idref="oc-283"/>
      </symbol>
      <symbol id="sm-679">
         <name>xDebaunceKey</name>
         <value>0x4799</value>
         <object_component_ref idref="oc-283"/>
      </symbol>
      <symbol id="sm-67a">
         <name>xDebaunceKeyHandle</name>
         <value>0x200055d4</value>
         <object_component_ref idref="oc-3a9"/>
      </symbol>
      <symbol id="sm-67b">
         <name>StepLoop</name>
         <value>0x4995</value>
         <object_component_ref idref="oc-283"/>
      </symbol>
      <symbol id="sm-67c">
         <name>getPWMFrequency</name>
         <value>0x4597</value>
         <object_component_ref idref="oc-283"/>
      </symbol>
      <symbol id="sm-67d">
         <name>PWM_SetDutyCycle</name>
         <value>0x448d</value>
         <object_component_ref idref="oc-283"/>
      </symbol>
      <symbol id="sm-67e">
         <name>TrigggerPWMSigmoidFrequency</name>
         <value>0x45cf</value>
         <object_component_ref idref="oc-283"/>
      </symbol>
      <symbol id="sm-67f">
         <name>sigmoid</name>
         <value>0x454d</value>
         <object_component_ref idref="oc-283"/>
      </symbol>
      <symbol id="sm-680">
         <name>NemaInterruptionConfig</name>
         <value>0x4849</value>
         <object_component_ref idref="oc-283"/>
      </symbol>
      <symbol id="sm-6b3">
         <name>LEDWrite</name>
         <value>0x56ad</value>
         <object_component_ref idref="oc-28f"/>
      </symbol>
      <symbol id="sm-6b4">
         <name>LEDRead</name>
         <value>0x573f</value>
         <object_component_ref idref="oc-28f"/>
      </symbol>
      <symbol id="sm-6b5">
         <name>PinoutSet</name>
         <value>0x55c9</value>
         <object_component_ref idref="oc-28f"/>
      </symbol>
      <symbol id="sm-6b6">
         <name>ButtonsInit</name>
         <value>0x580d</value>
         <object_component_ref idref="oc-28f"/>
      </symbol>
      <symbol id="sm-6b7">
         <name>ButtonsPoll</name>
         <value>0x5767</value>
         <object_component_ref idref="oc-28f"/>
      </symbol>
      <symbol id="sm-729">
         <name>UARTgetc</name>
         <value>0x4bff</value>
         <object_component_ref idref="oc-9b"/>
      </symbol>
      <symbol id="sm-72a">
         <name>UARTgets</name>
         <value>0x4b39</value>
         <object_component_ref idref="oc-9b"/>
      </symbol>
      <symbol id="sm-72b">
         <name>UARTStdioConfig</name>
         <value>0x4a7d</value>
         <object_component_ref idref="oc-9b"/>
      </symbol>
      <symbol id="sm-72c">
         <name>UARTwrite</name>
         <value>0x4add</value>
         <object_component_ref idref="oc-9b"/>
      </symbol>
      <symbol id="sm-72d">
         <name>UARTprintf</name>
         <value>0x4f2f</value>
         <object_component_ref idref="oc-9b"/>
      </symbol>
      <symbol id="sm-72e">
         <name>UARTvprintf</name>
         <value>0x4c35</value>
         <object_component_ref idref="oc-9b"/>
      </symbol>
      <symbol id="sm-77b">
         <name>expl</name>
         <value>0x52a1</value>
         <object_component_ref idref="oc-378"/>
      </symbol>
      <symbol id="sm-77c">
         <name>exp</name>
         <value>0x52a1</value>
         <object_component_ref idref="oc-378"/>
      </symbol>
      <symbol id="sm-78b">
         <name>__aeabi_memset</name>
         <value>0x6631</value>
         <object_component_ref idref="oc-172"/>
      </symbol>
      <symbol id="sm-78c">
         <name>memset</name>
         <value>0x6637</value>
         <object_component_ref idref="oc-172"/>
      </symbol>
      <symbol id="sm-78d">
         <name>__aeabi_memset8</name>
         <value>0x6631</value>
         <object_component_ref idref="oc-172"/>
      </symbol>
      <symbol id="sm-78e">
         <name>__aeabi_memset4</name>
         <value>0x6631</value>
         <object_component_ref idref="oc-172"/>
      </symbol>
      <symbol id="sm-78f">
         <name>__aeabi_memclr8</name>
         <value>0x662f</value>
         <object_component_ref idref="oc-172"/>
      </symbol>
      <symbol id="sm-790">
         <name>__aeabi_memclr4</name>
         <value>0x662f</value>
         <object_component_ref idref="oc-172"/>
      </symbol>
      <symbol id="sm-791">
         <name>__aeabi_memclr</name>
         <value>0x662f</value>
         <object_component_ref idref="oc-172"/>
      </symbol>
      <symbol id="sm-7a8">
         <name>__aeabi_dsub</name>
         <value>0x5ad9</value>
         <object_component_ref idref="oc-27e"/>
      </symbol>
      <symbol id="sm-7a9">
         <name>__aeabi_dadd</name>
         <value>0x5ae3</value>
         <object_component_ref idref="oc-27e"/>
      </symbol>
      <symbol id="sm-7cb">
         <name>__aeabi_cdcmpeq</name>
         <value>0x6523</value>
         <object_component_ref idref="oc-40e"/>
      </symbol>
      <symbol id="sm-7cc">
         <name>__aeabi_cdcmple</name>
         <value>0x6523</value>
         <object_component_ref idref="oc-40e"/>
      </symbol>
      <symbol id="sm-7cd">
         <name>__aeabi_cdrcmple</name>
         <value>0x65a9</value>
         <object_component_ref idref="oc-409"/>
      </symbol>
      <symbol id="sm-7e1">
         <name>__aeabi_ddiv</name>
         <value>0x5f39</value>
         <object_component_ref idref="oc-139"/>
      </symbol>
      <symbol id="sm-7ec">
         <name>__aeabi_dmul</name>
         <value>0x62b1</value>
         <object_component_ref idref="oc-134"/>
      </symbol>
      <symbol id="sm-7f6">
         <name>__aeabi_d2iz</name>
         <value>0x6941</value>
         <object_component_ref idref="oc-274"/>
      </symbol>
      <symbol id="sm-802">
         <name>__aeabi_d2f</name>
         <value>0x66a9</value>
         <object_component_ref idref="oc-13e"/>
      </symbol>
      <symbol id="sm-80d">
         <name>__aeabi_f2d</name>
         <value>0x6a45</value>
         <object_component_ref idref="oc-373"/>
      </symbol>
      <symbol id="sm-817">
         <name>__aeabi_i2d</name>
         <value>0x6b19</value>
         <object_component_ref idref="oc-12f"/>
      </symbol>
      <symbol id="sm-832">
         <name>memcpy</name>
         <value>0x6487</value>
         <object_component_ref idref="oc-4c"/>
      </symbol>
      <symbol id="sm-833">
         <name>__aeabi_memcpy</name>
         <value>0x6487</value>
         <object_component_ref idref="oc-4c"/>
      </symbol>
      <symbol id="sm-834">
         <name>__aeabi_memcpy8</name>
         <value>0x6487</value>
         <object_component_ref idref="oc-4c"/>
      </symbol>
      <symbol id="sm-835">
         <name>__aeabi_memcpy4</name>
         <value>0x6487</value>
         <object_component_ref idref="oc-4c"/>
      </symbol>
      <symbol id="sm-83f">
         <name>__aeabi_ui2d</name>
         <value>0x6b95</value>
         <object_component_ref idref="oc-279"/>
      </symbol>
      <symbol id="sm-84e">
         <name>__aeabi_uidivmod</name>
         <value>0x69cd</value>
         <object_component_ref idref="oc-1e1"/>
      </symbol>
      <symbol id="sm-84f">
         <name>__aeabi_uidiv</name>
         <value>0x69cd</value>
         <object_component_ref idref="oc-1e1"/>
      </symbol>
      <symbol id="sm-861">
         <name>__TI_zero_init</name>
         <value>0x6d37</value>
         <object_component_ref idref="oc-5e"/>
      </symbol>
      <symbol id="sm-878">
         <name>__TI_decompress_none</name>
         <value>0x6cf9</value>
         <object_component_ref idref="oc-1b"/>
      </symbol>
      <symbol id="sm-89b">
         <name>__TI_decompress_lzss</name>
         <value>0x67e9</value>
         <object_component_ref idref="oc-15"/>
      </symbol>
      <symbol id="sm-8b1">
         <name>__aeabi_errno_addr</name>
         <value>0x6d71</value>
         <object_component_ref idref="oc-413"/>
      </symbol>
      <symbol id="sm-8b2">
         <name>errno</name>
         <value>0x200055dc</value>
         <object_component_ref idref="oc-45f"/>
      </symbol>
      <symbol id="sm-8c5">
         <name>__stack</name>
         <value>0x20005390</value>
         <object_component_ref idref="oc-24"/>
      </symbol>
      <symbol id="sm-8c6">
         <name>_c_int00_noargs</name>
         <value>0x6ae5</value>
         <object_component_ref idref="oc-6a"/>
      </symbol>
      <symbol id="sm-8d0">
         <name>__aeabi_idiv0</name>
         <value>0x5c8f</value>
         <object_component_ref idref="oc-314"/>
      </symbol>
      <symbol id="sm-8d1">
         <name>__aeabi_ldiv0</name>
         <value>0x5c8f</value>
         <object_component_ref idref="oc-314"/>
      </symbol>
      <symbol id="sm-8f9">
         <name>__TI_auto_init_nobinit_nopinit</name>
         <value>0x6989</value>
         <object_component_ref idref="oc-2a8"/>
      </symbol>
      <symbol id="sm-903">
         <name>_system_pre_init</name>
         <value>0x6d9d</value>
         <object_component_ref idref="oc-178"/>
      </symbol>
      <symbol id="sm-90f">
         <name>C$$EXIT</name>
         <value>0x6da1</value>
         <object_component_ref idref="oc-29c"/>
      </symbol>
      <symbol id="sm-910">
         <name>abort</name>
         <value>0x6da1</value>
         <object_component_ref idref="oc-29c"/>
      </symbol>
      <symbol id="sm-9ba">
         <name>GPIOPinTypePWM</name>
         <value>0x6c5f</value>
         <object_component_ref idref="oc-39d"/>
      </symbol>
      <symbol id="sm-9bb">
         <name>GPIOPinConfigure</name>
         <value>0x68a9</value>
         <object_component_ref idref="oc-dd"/>
      </symbol>
      <symbol id="sm-9bc">
         <name>GPIOPinTypeI2CSCL</name>
         <value>0x6c49</value>
         <object_component_ref idref="oc-e3"/>
      </symbol>
      <symbol id="sm-9bd">
         <name>GPIOIntDisable</name>
         <value>0x6cdd</value>
         <object_component_ref idref="oc-391"/>
      </symbol>
      <symbol id="sm-9be">
         <name>GPIOIntEnable</name>
         <value>0x6d1f</value>
         <object_component_ref idref="oc-117"/>
      </symbol>
      <symbol id="sm-9bf">
         <name>GPIOPinTypeI2C</name>
         <value>0x6c33</value>
         <object_component_ref idref="oc-e9"/>
      </symbol>
      <symbol id="sm-9c0">
         <name>GPIOIntTypeSet</name>
         <value>0x6851</value>
         <object_component_ref idref="oc-111"/>
      </symbol>
      <symbol id="sm-9c1">
         <name>GPIOPinTypeGPIOInput</name>
         <value>0x6c1d</value>
         <object_component_ref idref="oc-10b"/>
      </symbol>
      <symbol id="sm-9c2">
         <name>GPIOIntClear</name>
         <value>0x6d79</value>
         <object_component_ref idref="oc-a1"/>
      </symbol>
      <symbol id="sm-9c3">
         <name>GPIOIntStatus</name>
         <value>0x6ceb</value>
         <object_component_ref idref="oc-385"/>
      </symbol>
      <symbol id="sm-9c4">
         <name>GPIOPinTypeGPIOOutput</name>
         <value>0x6bd3</value>
         <object_component_ref idref="oc-123"/>
      </symbol>
      <symbol id="sm-9c5">
         <name>GPIODirModeSet</name>
         <value>0x6b47</value>
         <object_component_ref idref="oc-213"/>
      </symbol>
      <symbol id="sm-9c6">
         <name>GPIOPinWrite</name>
         <value>0x6d7f</value>
         <object_component_ref idref="oc-129"/>
      </symbol>
      <symbol id="sm-9c7">
         <name>GPIOPadConfigSet</name>
         <value>0x5c91</value>
         <object_component_ref idref="oc-219"/>
      </symbol>
      <symbol id="sm-9c8">
         <name>GPIOUnlockPin</name>
         <value>0x6bed</value>
         <object_component_ref idref="oc-d7"/>
      </symbol>
      <symbol id="sm-a12">
         <name>I2CMasterDataPut</name>
         <value>0x6d99</value>
         <object_component_ref idref="oc-b9"/>
      </symbol>
      <symbol id="sm-a13">
         <name>I2CMasterInitExpClk</name>
         <value>0x68f5</value>
         <object_component_ref idref="oc-f5"/>
      </symbol>
      <symbol id="sm-a14">
         <name>I2CMasterSlaveAddrSet</name>
         <value>0x6d69</value>
         <object_component_ref idref="oc-b3"/>
      </symbol>
      <symbol id="sm-a15">
         <name>I2CMasterDataGet</name>
         <value>0x6d95</value>
         <object_component_ref idref="oc-c5"/>
      </symbol>
      <symbol id="sm-a16">
         <name>I2CMasterIntEnableEx</name>
         <value>0x6d61</value>
         <object_component_ref idref="oc-fb"/>
      </symbol>
      <symbol id="sm-a17">
         <name>I2CMasterControl</name>
         <value>0x6d91</value>
         <object_component_ref idref="oc-bf"/>
      </symbol>
      <symbol id="sm-a18">
         <name>I2CMasterEnable</name>
         <value>0x6d4f</value>
         <object_component_ref idref="oc-225"/>
      </symbol>
      <symbol id="sm-a19">
         <name>I2CMasterIntClear</name>
         <value>0x6d59</value>
         <object_component_ref idref="oc-ad"/>
      </symbol>
      <symbol id="sm-a76">
         <name>IntEnable</name>
         <value>0x6781</value>
         <object_component_ref idref="oc-101"/>
      </symbol>
      <symbol id="sm-a77">
         <name>IntDisable</name>
         <value>0x6719</value>
         <object_component_ref idref="oc-38b"/>
      </symbol>
      <symbol id="sm-a78">
         <name>IntRegister</name>
         <value>0x6a7d</value>
         <object_component_ref idref="oc-397"/>
      </symbol>
      <symbol id="sm-a79">
         <name>IntMasterDisable</name>
         <value>0x6cad</value>
         <object_component_ref idref="oc-295"/>
      </symbol>
      <symbol id="sm-a7a">
         <name>g_pfnRAMVectors</name>
         <value>0x20000000</value>
         <object_component_ref idref="oc-429"/>
      </symbol>
      <symbol id="sm-a7b">
         <name>IntMasterEnable</name>
         <value>0x6cbd</value>
         <object_component_ref idref="oc-11d"/>
      </symbol>
      <symbol id="sm-ab0">
         <name>PWMGenPeriodSet</name>
         <value>0x6ccd</value>
         <object_component_ref idref="oc-361"/>
      </symbol>
      <symbol id="sm-ab1">
         <name>PWMPulseWidthSet</name>
         <value>0x6bb5</value>
         <object_component_ref idref="oc-355"/>
      </symbol>
      <symbol id="sm-ab2">
         <name>PWMGenPeriodGet</name>
         <value>0x6c89</value>
         <object_component_ref idref="oc-34f"/>
      </symbol>
      <symbol id="sm-ab3">
         <name>PWMOutputState</name>
         <value>0x6c9b</value>
         <object_component_ref idref="oc-367"/>
      </symbol>
      <symbol id="sm-ab4">
         <name>PWMGenEnable</name>
         <value>0x6d2b</value>
         <object_component_ref idref="oc-36d"/>
      </symbol>
      <symbol id="sm-ab5">
         <name>PWMGenConfigure</name>
         <value>0x6b73</value>
         <object_component_ref idref="oc-35b"/>
      </symbol>
      <symbol id="sm-b11">
         <name>SysCtlPWMClockGet</name>
         <value>0x6c05</value>
         <object_component_ref idref="oc-37e"/>
      </symbol>
      <symbol id="sm-b12">
         <name>SysCtlDelay</name>
         <value>0x6d85</value>
         <object_component_ref idref="oc-384"/>
      </symbol>
      <symbol id="sm-b13">
         <name>SysCtlPeripheralEnable</name>
         <value>0x6ab1</value>
         <object_component_ref idref="oc-cb"/>
      </symbol>
      <symbol id="sm-b14">
         <name>SysCtlClockGet</name>
         <value>0x6199</value>
         <object_component_ref idref="oc-ef"/>
      </symbol>
      <symbol id="sm-b15">
         <name>SysCtlPWMClockSet</name>
         <value>0x6c75</value>
         <object_component_ref idref="oc-3a3"/>
      </symbol>
      <symbol id="sm-b16">
         <name>SysCtlPeripheralReady</name>
         <value>0x6a0d</value>
         <object_component_ref idref="oc-d1"/>
      </symbol>
      <symbol id="sm-b23">
         <name>UARTClockSourceSet</name>
         <value>0x6d8b</value>
         <object_component_ref idref="oc-289"/>
      </symbol>
      <symbol id="sm-b35">
         <name>CPUcpsie</name>
         <value>0x6d13</value>
         <object_component_ref idref="oc-250"/>
      </symbol>
      <symbol id="sm-b36">
         <name>CPUcpsid</name>
         <value>0x6d07</value>
         <object_component_ref idref="oc-3b5"/>
      </symbol>
      <symbol id="sm-b37">
         <name>__TI_static_base__</name>
         <value>0x0</value>
      </symbol>
      <symbol id="sm-b3a">
         <name>__mpu_init</name>
         <value>0x0</value>
      </symbol>
      <symbol id="sm-b3b">
         <name>_system_post_cinit</name>
         <value>0x0</value>
      </symbol>
   </symbol_table>
   <title>Link successful</title>
</link_info>
