******************************************************************************
                  TI ARM Linker Unix v20.2.1                   
******************************************************************************
>> Linked Wed Jan 15 14:39:25 2025

OUTPUT FILE NAME:   <Nema17.out>
ENTRY POINT SYMBOL: "_c_int00_noargs"  address: 0000bbd9


MEMORY CONFIGURATION

         name            origin    length      used     unused   attr    fill
----------------------  --------  ---------  --------  --------  ----  --------
  FLASH                 00000000   00040000  0000c930  000336d0  R  X
  SRAM                  20000000   00008000  0000690c  000016f4  RW X


SEGMENT ALLOCATION MAP

run origin  load origin   length   init length attrs members
----------  ----------- ---------- ----------- ----- -------
00000000    00000000    0000c938   0000c938    r-x
  00000000    00000000    0000026c   0000026c    r-- .intvecs
  00000270    00000270    000063bc   000063bc    r-- .const
  0000662c    0000662c    00006288   00006288    r-x .text
  0000c8b8    0000c8b8    00000080   00000080    r-- .cinit
20000000    20000000    0000030c   00000000    rw-
  20000000    20000000    0000026c   00000000    rw- .vtable
  2000026c    2000026c    000000a0   00000000    rw- .data
20000400    20000400    00006600   00000000    rw-
  20000400    20000400    00006400   00000000    rw- .bss
  20006800    20006800    00000200   00000000    rw- .stack


SECTION ALLOCATION MAP

 output                                  attributes/
section   page    origin      length       input sections
--------  ----  ----------  ----------   ----------------
.intvecs   0    00000000    0000026c     
                  00000000    0000026c     tm4c123gh6pm_startup_ccs.obj (.intvecs)

.const     0    00000270    000063bc     
                  00000270    00006108     AS7341.obj (.const:GeneralSpectralCorrectionMatrix)
                  00006378    0000009c     driverlib.lib : interrupt.obj (.const:g_pui32Regs)
                  00006414    00000090                   : gpio.obj (.const:g_pui32GPIOBaseAddrs)
                  000064a4    0000006c                   : sysctl.obj (.const:g_pui32Xtals)
                  00006510    00000030     rtsv7M4_T_le_v4SPD16_eabi.lib : e_exp.c.obj (.const:$O1$$)
                  00006540    00000030                                   : e_pow.c.obj (.const:$O1$$)
                  00006570    00000018     ADC_DMA.obj (.const:.string:$P$T2$3)
                  00006588    00000014     ADC_DMA.obj (.const:.string:$P$T1$2)
                  0000659c    00000014     ADC_DMA.obj (.const:.string:$P$T4$5)
                  000065b0    00000014     driverlib.lib : interrupt.obj (.const:g_pui32Dii16Regs)
                  000065c4    00000014                   : interrupt.obj (.const:g_pui32EnRegs)
                  000065d8    00000012     ADC_DMA.obj (.const:.string:$P$T6$7)
                  000065ea    00000011     ADC_DMA.obj (.const:.string:$P$T5$6)
                  000065fb    0000000f     hello.obj (.const:.string:$P$T2$1)
                  0000660a    00000002     --HOLE-- [fill = 0]
                  0000660c    0000000c     uartstdio.obj (.const:g_ui32UARTBase)
                  00006618    0000000c     uartstdio.obj (.const:g_ui32UARTPeriph)
                  00006624    00000004     port.obj (.const)
                  00006628    00000004     tasks.obj (.const)

.text      0    0000662c    00006288     
                  0000662c    000009c0     rtsv7M4_T_le_v4SPD16_eabi.lib : e_pow.c.obj (.text:pow)
                  00006fec    00000328                                   : e_exp.c.obj (.text:exp)
                  00007314    00000324     hello.obj (.text:AS7341_Begin)
                  00007638    000001ee     uartstdio.obj (.text:UARTvprintf)
                  00007826    00000002     tm4c123gh6pm_startup_ccs.obj (.text:FaultISR)
                  00007828    000001ec     ADC_DMA.obj (.text:BurstDMA_Check)
                  00007a14    000001e0     AS7341.obj (.text:AS7341_SetI2cRegSMUX)
                  00007bf4    000001b6     rtsv7M4_T_le_v4SPD16_eabi.lib : fd_add_t2.asm.obj (.text)
                  00007daa    00000002     tm4c123gh6pm_startup_ccs.obj (.text:IntDefaultHandler)
                  00007dac    00000190     AS7341.obj (.text:AS7341_ReadChannels)
                  00007f3c    00000190     drv8825.obj (.text:xChangeDirection)
                  000080cc    0000016c     driverlib.lib : gpio.obj (.text:GPIOPadConfigSet)
                  00008238    00000164     tasks.obj (.text:xTaskIncrementTick)
                  0000839c    00000158     rtsv7M4_T_le_v4SPD16_eabi.lib : e_sqrt.c.obj (.text:sqrt)
                  000084f4    00000144     tasks.obj (.text:xTaskResumeAll)
                  00008638    00000136     rtsv7M4_T_le_v4SPD16_eabi.lib : fd_div_t2.asm.obj (.text)
                  0000876e    00000002     tm4c123gh6pm_startup_ccs.obj (.text:NmiSR)
                  00008770    0000012c     drv8825.obj (.text:TriggerPWMSigmoidFrequency)
                  0000889c    00000124     queue.obj (.text:xQueueSemaphoreTake)
                  000089c0    00000118     drv8825.obj (.text:NemaInterruptionConfig)
                  00008ad8    00000118     driverlib.lib : sysctl.obj (.text:SysCtlClockGet)
                  00008bf0    00000110     hello.obj (.text:ADC_DMA_Reader)
                  00008d00    00000110     rtsv7M4_T_le_v4SPD16_eabi.lib : s_scalbn.c.obj (.text:scalbn)
                  00008e10    00000108     ADC_DMA.obj (.text:InitGPIOTrigger)
                  00008f18    00000100     drv8825.obj (.text:NemaConfig)
                  00009018    000000fc     rtsv7M4_T_le_v4SPD16_eabi.lib : fd_mul_t2.asm.obj (.text)
                  00009114    000000fc     tasks.obj (.text:vTaskGenericNotifyGiveFromISR)
                  00009210    000000f4     queue.obj (.text:xQueueReceive)
                  00009304    000000f0     arm_mat_mult_f32.obj (.text:arm_mat_mult_f32)
                  000093f4    000000f0     timers.obj (.text:prvProcessReceivedCommands)
                  000094e4    000000e8     AS7341.obj (.text:AS7341_i2cInit)
                  000095cc    000000e8     tasks.obj (.text:xTaskRemoveFromEventList)
                  000096b4    000000e4     rtos_hw_drivers.obj (.text:PinoutSet)
                  00009798    000000e0     tasks.obj (.text:prvAddNewTaskToReadyList)
                  00009878    000000da     portasm.obj (.text)
                  00009952    00000002     rtsv7M4_T_le_v4SPD16_eabi.lib : div0.asm.obj (.text)
                  00009954    000000d4     drv8825.obj (.text:GPIOPortE_Handler)
                  00009a28    000000d4     ADC_DMA.obj (.text:InitADC)
                  00009afc    000000d0     SpecResult.obj (.text:UART5_Init)
                  00009bcc    000000c0     tasks.obj (.text:xTaskPriorityInherit)
                  00009c8c    000000bc     heap_2.obj (.text:pvPortMalloc)
                  00009d48    000000b8     ADC_DMA.obj (.text:BurstModeConfig)
                  00009e00    000000b4     tasks.obj (.text:vTaskRemoveFromUnorderedEventList)
                  00009eb4    000000b0     tasks.obj (.text:prvAddCurrentTaskToDelayedList)
                  00009f64    000000a8     tasks.obj (.text:vTaskPriorityDisinheritAfterTimeout)
                  0000a00c    000000a8     event_groups.obj (.text:xEventGroupWaitBits)
                  0000a0b4    000000a4     ADC_DMA.obj (.text:ADCIntHanlder)
                  0000a158    0000009c     rtsv7M4_T_le_v4SPD16_eabi.lib : memcpy_t2.asm.obj (.text)
                  0000a1f4    0000009c     queue.obj (.text:xQueueGenericReset)
                  0000a290    00000090     tasks.obj (.text:xTaskPriorityDisinherit)
                  0000a320    0000008c     tasks.obj (.text:vTaskSwitchContext)
                  0000a3ac    00000086     rtsv7M4_T_le_v4SPD16_eabi.lib : fd_cmp_t2.asm.obj (.text:__aeabi_cdcmple)
                  0000a432    00000086                                   : fd_cmp_t2.asm.obj (.text:__aeabi_cdrcmple)
                  0000a4b8    00000084     tasks.obj (.text:prvInitialiseNewTask)
                  0000a53c    0000007c     driverlib.lib : udma.obj (.text:uDMAChannelTransferSet)
                  0000a5b8    0000007a                   : adc.obj (.text:ADCSequenceStepConfigure)
                  0000a632    0000007a     rtsv7M4_T_le_v4SPD16_eabi.lib : memset_t2.asm.obj (.text)
                  0000a6ac    00000078     drv8825.obj (.text:PWM_SetDutyCycle)
                  0000a724    00000078     tasks.obj (.text:ulTaskGenericNotifyTake)
                  0000a79c    00000076     SpecResult.obj (.text:UART5_SendDataPacket)
                  0000a812    00000076     queue.obj (.text:prvCopyDataToQueue)
                  0000a888    00000074     AS7341.obj (.text:AS7341_SetSMUX)
                  0000a8fc    00000070     ADC_DMA.obj (.text:InitDMA)
                  0000a96c    00000070     timers.obj (.text:prvProcessTimerOrBlockTask)
                  0000a9dc    0000006e     rtsv7M4_T_le_v4SPD16_eabi.lib : fd_tos_t2.asm.obj (.text)
                  0000aa4a    00000002     hello.obj (.text:vApplicationIdleHook)
                  0000aa4c    0000006c     tasks.obj (.text:vTaskStartScheduler)
                  0000aab8    00000068     driverlib.lib : interrupt.obj (.text:IntDisable)
                  0000ab20    00000068                   : interrupt.obj (.text:IntEnable)
                  0000ab88    00000068     hello.obj (.text:SpectralReconstruction)
                  0000abf0    00000068     rtsv7M4_T_le_v4SPD16_eabi.lib : copy_decompress_lzss.c.obj (.text:decompress:lzss:__TI_decompress_lzss)
                  0000ac58    00000068     queue.obj (.text:xQueueGenericSendFromISR)
                  0000acc0    00000066     tasks.obj (.text:xTaskCreate)
                  0000ad26    00000002     --HOLE-- [fill = 0]
                  0000ad28    00000064     hello.obj (.text:prvConfigureUART)
                  0000ad8c    00000064     event_groups.obj (.text:xEventGroupSetBits)
                  0000adf0    00000060     uartstdio.obj (.text:UARTStdioConfig)
                  0000ae50    00000060     tasks.obj (.text:prvInitialiseTaskLists)
                  0000aeb0    00000060     drv8825.obj (.text:sigmoid)
                  0000af10    0000005e     queue.obj (.text:prvUnlockQueue)
                  0000af6e    0000005e     queue.obj (.text:xQueueGiveFromISR)
                  0000afcc    0000005c     hello.obj (.text:Correction1)
                  0000b028    0000005c     hello.obj (.text:main)
                  0000b084    0000005c     timers.obj (.text:prvCheckForValidListAndQueue)
                  0000b0e0    00000058     AS7341.obj (.text:AS7341_read)
                  0000b138    00000058     driverlib.lib : gpio.obj (.text:GPIOIntTypeSet)
                  0000b190    00000058     tasks.obj (.text:xTaskCheckForTimeOut)
                  0000b1e8    00000054     drv8825.obj (.text:AnalogInit)
                  0000b23c    00000054     heap_2.obj (.text:vPortFree)
                  0000b290    00000050     AS7341.obj (.text:AS7341_BankAcessSet)
                  0000b2e0    00000050     hello.obj (.text:BasicCountConvertion)
                  0000b330    00000050     uartstdio.obj (.text:UARTwrite)
                  0000b380    0000004e     driverlib.lib : adc.obj (.text:ADCSequenceConfigure)
                  0000b3ce    00000002     --HOLE-- [fill = 0]
                  0000b3d0    0000004c     AS7341.obj (.text:AS7341_write)
                  0000b41c    0000004c     driverlib.lib : gpio.obj (.text:GPIOPinConfigure)
                  0000b468    0000004c                   : i2c.obj (.text:I2CMasterInitExpClk)
                  0000b4b4    00000048     rtsv7M4_T_le_v4SPD16_eabi.lib : fd_toi_t2.asm.obj (.text)
                  0000b4fc    00000048     driverlib.lib : udma.obj (.text:uDMAChannelAttributeDisable)
                  0000b544    00000048     queue.obj (.text:vQueueWaitForMessageRestricted)
                  0000b58c    00000046     AS7341.obj (.text:AS7341_PowerOn)
                  0000b5d2    00000046     driverlib.lib : uart.obj (.text:UARTConfigSetExpClk)
                  0000b618    00000044     SpecResult.obj (.text:UART5IntHandler)
                  0000b65c    00000044     rtsv7M4_T_le_v4SPD16_eabi.lib : autoinit.c.obj (.text:__TI_auto_init_nobinit_nopinit:__TI_auto_init_nobinit_nopinit)
                  0000b6a0    00000044     tasks.obj (.text:prvCheckTasksWaitingTermination)
                  0000b6e4    00000044     timers.obj (.text:prvInsertTimerInActiveList)
                  0000b728    00000044     driverlib.lib : udma.obj (.text:uDMAChannelAttributeEnable)
                  0000b76c    00000042     queue.obj (.text:xQueueGenericCreate)
                  0000b7ae    00000002     --HOLE-- [fill = 0]
                  0000b7b0    00000040     timers.obj (.text:prvProcessExpiredTimer)
                  0000b7f0    00000040     rtsv7M4_T_le_v4SPD16_eabi.lib : u_divt2.asm.obj (.text)
                  0000b830    00000040     queue.obj (.text:vQueueAddToRegistry)
                  0000b870    00000040     tasks.obj (.text:vTaskPlaceOnEventListRestricted)
                  0000b8b0    00000040     tasks.obj (.text:vTaskPlaceOnUnorderedEventList)
                  0000b8f0    00000040     port.obj (.text:xPortStartScheduler)
                  0000b930    00000040     timers.obj (.text:xTimerCreateTimerTask)
                  0000b970    0000003c     AS7341.obj (.text:AS7341_GetIntegrationTimeADC)
                  0000b9ac    0000003c     AS7341.obj (.text:PortDIntHanlder)
                  0000b9e8    0000003a     AS7341.obj (.text:AS7341_DevivceConfig)
                  0000ba22    00000002     --HOLE-- [fill = 0]
                  0000ba24    00000038     AS7341.obj (.text:I2C1_IntHandler)
                  0000ba5c    00000038     driverlib.lib : sysctl.obj (.text:SysCtlPeripheralReady)
                  0000ba94    00000038     rtsv7M4_T_le_v4SPD16_eabi.lib : fs_tod_t2.asm.obj (.text)
                  0000bacc    00000038     ADC_DMA.obj (.text:uDMAErrIntHandler)
                  0000bb04    00000038     list.obj (.text:vListInsert)
                  0000bb3c    00000034     mono_light.obj (.text:GreenLightConfig)
                  0000bb70    00000034     driverlib.lib : interrupt.obj (.text:IntRegister)
                  0000bba4    00000034                   : sysctl.obj (.text:SysCtlPeripheralEnable)
                  0000bbd8    00000034     rtsv7M4_T_le_v4SPD16_eabi.lib : boot_cortex_m.c.obj (.text:_c_int00_noargs:_c_int00_noargs)
                  0000bc0c    00000030     AS7341.obj (.text:AS7341_PerformanceDbgInit)
                  0000bc3c    00000030     SpecResult.obj (.text:UART5_DbgInit)
                  0000bc6c    00000030     heap_2.obj (.text:prvHeapInit)
                  0000bc9c    00000030     tasks.obj (.text:vTaskDelay)
                  0000bccc    0000002e     rtsv7M4_T_le_v4SPD16_eabi.lib : i_tofd_t2.asm.obj (.text)
                  0000bcfa    0000002c     AS7341.obj (.text:AS7341_DeviceStatus)
                  0000bd26    0000002c     AS7341.obj (.text:AS7341_GetStepADC)
                  0000bd52    0000002c     driverlib.lib : gpio.obj (.text:GPIODirModeSet)
                  0000bd7e    00000002     --HOLE-- [fill = 0]
                  0000bd80    0000002c     ADC_DMA.obj (.text:InitInterruptions)
                  0000bdac    0000002c     timers.obj (.text:prvSwitchTimerLists)
                  0000bdd8    0000002c     port.obj (.text:pxPortInitialiseStack)
                  0000be04    0000002c     driverlib.lib : udma.obj (.text:uDMAChannelAssign)
                  0000be30    0000002c     port.obj (.text:xPortSysTickHandler)
                  0000be5c    0000002a     AS7341.obj (.text:AS7341_DisableSpecMen)
                  0000be86    0000002a     AS7341.obj (.text:AS7341_EnableSpecMen)
                  0000beb0    0000002a     AS7341.obj (.text:AS7341_SMUXEnable)
                  0000beda    0000002a     timers.obj (.text:prvReloadTimer)
                  0000bf04    00000028     timers.obj (.text:prvSampleTimeNow)
                  0000bf2c    00000028     driverlib.lib : udma.obj (.text:uDMAChannelModeGet)
                  0000bf54    00000028     timers.obj (.text:xTimerPendFunctionCallFromISR)
                  0000bf7c    00000026     AS7341.obj (.text:AS7341_SetStepADC)
                  0000bfa2    00000026     queue.obj (.text:prvCopyDataFromQueue)
                  0000bfc8    00000026     list.obj (.text:uxListRemove)
                  0000bfee    00000024     AS7341.obj (.text:AS7341_BufferConfig)
                  0000c012    00000002     --HOLE-- [fill = 0]
                  0000c014    00000024     driverlib.lib : interrupt.obj (.text:IntPrioritySet)
                  0000c038    00000024     queue.obj (.text:prvInitialiseNewQueue)
                  0000c05c    00000024     tasks.obj (.text:prvResetNextTaskUnblockTime)
                  0000c080    00000024     hello.obj (.text:prvSetupHardware)
                  0000c0a4    00000024     driverlib.lib : udma.obj (.text:uDMAChannelControlSet)
                  0000c0c8    00000022     AS7341.obj (.text:AS7341_Boot)
                  0000c0ea    00000022     driverlib.lib : pwm.obj (.text:PWMGenConfigure)
                  0000c10c    00000020     ADC_DMA.obj (.text:GPIOFIntHandler)
                  0000c12c    00000020     driverlib.lib : uart.obj (.text:UARTDisable)
                  0000c14c    00000020     timers.obj (.text:prvGetNextExpireTime)
                  0000c16c    00000020     driverlib.lib : udma.obj (.text:uDMAChannelIsEnabled)
                  0000c18c    0000001e                   : pwm.obj (.text:PWMPulseWidthSet)
                  0000c1aa    0000001c     AS7341.obj (.text:AS7341_SetAcessAndRead)
                  0000c1c6    0000001c     AS7341.obj (.text:AS7341_SetAcessAndWrite)
                  0000c1e2    0000001c     AS7341.obj (.text:AS7341_WriteI2cReg2SMUX_Sel)
                  0000c1fe    00000002     --HOLE-- [fill = 0]
                  0000c200    0000001c     AS7341.obj (.text:WaitACK)
                  0000c21c    0000001c     hello.obj (.text:joinADC)
                  0000c238    0000001c     ADC_DMA.obj (.text:uDMAIntHandler)
                  0000c254    0000001c     port.obj (.text:vPortEnterCritical)
                  0000c270    0000001c     port.obj (.text:vPortSetupTimerInterrupt)
                  0000c28c    0000001c     tasks.obj (.text:vTaskPlaceOnEventList)
                  0000c2a8    0000001c     drv8825.obj (.text:xDebaunceKey)
                  0000c2c4    0000001a     AS7341.obj (.text:AS7341_GetGainADC)
                  0000c2de    0000001a     driverlib.lib : gpio.obj (.text:GPIOPinTypeGPIOOutput)
                  0000c2f8    0000001a     uartstdio.obj (.text:UARTprintf)
                  0000c312    0000001a     rtsv7M4_T_le_v4SPD16_eabi.lib : s_copysign.c.obj (.text:copysign)
                  0000c32c    0000001a     queue.obj (.text:prvIsQueueEmpty)
                  0000c346    0000001a     event_groups.obj (.text:xEventGroupCreate)
                  0000c360    00000018     driverlib.lib : adc.obj (.text:ADCProcessorTrigger)
                  0000c378    00000018     AS7341.obj (.text:AS7341_SetGainADC)
                  0000c390    00000018     driverlib.lib : gpio.obj (.text:GPIOUnlockPin)
                  0000c3a8    00000018     tasks.obj (.text:pvTaskIncrementMutexHeldCount)
                  0000c3c0    00000018     driverlib.lib : udma.obj (.text:uDMAChannelEnable)
                  0000c3d8    00000018     tasks.obj (.text:uxTaskResetEventItemValue)
                  0000c3f0    00000018     port.obj (.text:vPortExitCritical)
                  0000c408    00000018     tasks.obj (.text:vTaskInternalSetTimeOutState)
                  0000c420    00000018     event_groups.obj (.text:xEventGroupSetBitsFromISR)
                  0000c438    00000016     AS7341.obj (.text:AS7341_SetTimeADC)
                  0000c44e    00000016     AS7341.obj (.text:AS7341_SetWtimeADC)
                  0000c464    00000016     driverlib.lib : gpio.obj (.text:GPIOPinTypeADC)
                  0000c47a    00000016                   : gpio.obj (.text:GPIOPinTypeGPIOInput)
                  0000c490    00000016                   : gpio.obj (.text:GPIOPinTypeI2C)
                  0000c4a6    00000016                   : gpio.obj (.text:GPIOPinTypeI2CSCL)
                  0000c4bc    00000016                   : gpio.obj (.text:GPIOPinTypePWM)
                  0000c4d2    00000016                   : gpio.obj (.text:GPIOPinTypeUART)
                  0000c4e8    00000016     queue.obj (.text:prvGetDisinheritPriorityAfterTimeout)
                  0000c4fe    00000016     event_groups.obj (.text:prvTestWaitCondition)
                  0000c514    00000016     list.obj (.text:vListInitialise)
                  0000c52a    00000002     --HOLE-- [fill = 0]
                  0000c52c    00000014     mono_light.obj (.text:GreenLightTurnOff)
                  0000c540    00000014     mono_light.obj (.text:GreenLightTurnOn)
                  0000c554    00000014     driverlib.lib : sysctl.obj (.text:SysCtlPWMClockSet)
                  0000c568    00000014                   : uart.obj (.text:UARTEnable)
                  0000c57c    00000014     tasks.obj (.text:prvTaskCheckFreeStackSpace)
                  0000c590    00000014     timers.obj (.text:prvTimerTask)
                  0000c5a4    00000012     driverlib.lib : pwm.obj (.text:PWMGenPeriodGet)
                  0000c5b6    00000012                   : pwm.obj (.text:PWMOutputState)
                  0000c5c8    00000012     tasks.obj (.text:prvDeleteTCB)
                  0000c5da    00000010     driverlib.lib : adc.obj (.text:ADCIntEnable)
                  0000c5ea    00000010                   : adc.obj (.text:ADCSequenceDMAEnable)
                  0000c5fa    00000002     --HOLE-- [fill = 0]
                  0000c5fc    00000010     ADC_DMA.obj (.text:ADCTriggerDbgRst)
                  0000c60c    00000010     ADC_DMA.obj (.text:ADCTriggerDbgSet)
                  0000c61c    00000010     AS7341.obj (.text:AS7341_GetTimeADC)
                  0000c62c    00000010     AS7341.obj (.text:AS7341_PerformanceDbgClr)
                  0000c63c    00000010     AS7341.obj (.text:AS7341_PerformanceDbgSet)
                  0000c64c    00000010     driverlib.lib : interrupt.obj (.text:IntMasterDisable)
                  0000c65c    00000010                   : interrupt.obj (.text:IntMasterEnable)
                  0000c66c    00000010     drv8825.obj (.text:NemaDisable)
                  0000c67c    00000010     driverlib.lib : pwm.obj (.text:PWMGenPeriodSet)
                  0000c68c    00000010     SpecResult.obj (.text:UART5_DbgRst)
                  0000c69c    00000010     SpecResult.obj (.text:UART5_DbgSet)
                  0000c6ac    00000010     port.obj (.text:prvTaskExitError)
                  0000c6bc    00000010     driverlib.lib : udma.obj (.text:uDMAEnable)
                  0000c6cc    00000010                   : udma.obj (.text:uDMAIntRegister)
                  0000c6dc    00000010     tasks.obj (.text:uxTaskGetStackHighWaterMark)
                  0000c6ec    00000010     tasks.obj (.text:vTaskSuspendAll)
                  0000c6fc    0000000e     driverlib.lib : adc.obj (.text:ADCIntDisable)
                  0000c70a    0000000e                   : adc.obj (.text:ADCSequenceDisable)
                  0000c718    0000000e                   : adc.obj (.text:ADCSequenceEnable)
                  0000c726    0000000e                   : gpio.obj (.text:GPIOIntDisable)
                  0000c734    0000000e                   : gpio.obj (.text:GPIOIntStatus)
                  0000c742    0000000e     rtsv7M4_T_le_v4SPD16_eabi.lib : copy_decompress_none.c.obj (.text:decompress:none:__TI_decompress_none)
                  0000c750    0000000c     driverlib.lib : cpu.obj (.text:CPUcpsid)
                  0000c75c    0000000c                   : cpu.obj (.text:CPUcpsie)
                  0000c768    0000000c                   : gpio.obj (.text:GPIOIntEnable)
                  0000c774    0000000c                   : pwm.obj (.text:PWMGenEnable)
                  0000c780    0000000c     SpecResult.obj (.text:UART5_SendByte)
                  0000c78c    0000000c     rtsv7M4_T_le_v4SPD16_eabi.lib : copy_zero_init.c.obj (.text:decompress:ZI:__TI_zero_init)
                  0000c798    0000000c     tasks.obj (.text:prvIdleTask)
                  0000c7a4    0000000c     driverlib.lib : udma.obj (.text:uDMAControlBaseSet)
                  0000c7b0    0000000c                   : udma.obj (.text:uDMAErrorStatusClear)
                  0000c7bc    0000000c                   : udma.obj (.text:uDMAErrorStatusGet)
                  0000c7c8    0000000c                   : udma.obj (.text:uDMAIntClear)
                  0000c7d4    0000000c     tasks.obj (.text:uxTaskGetNumberOfTasks)
                  0000c7e0    0000000c     tasks.obj (.text:vTaskMissedYield)
                  0000c7ec    0000000c     tasks.obj (.text:xTaskGetTickCount)
                  0000c7f8    0000000a     driverlib.lib : adc.obj (.text:ADCIntClear)
                  0000c802    0000000a                   : i2c.obj (.text:I2CMasterEnable)
                  0000c80c    0000000a                   : uart.obj (.text:UARTCharPut)
                  0000c816    0000000a                   : uart.obj (.text:UARTFIFOEnable)
                  0000c820    0000000a                   : uart.obj (.text:UARTIntStatus)
                  0000c82a    00000008                   : adc.obj (.text:ADCIntEnableEx)
                  0000c832    00000008                   : i2c.obj (.text:I2CMasterIntClear)
                  0000c83a    00000008                   : i2c.obj (.text:I2CMasterIntEnableEx)
                  0000c842    00000008                   : i2c.obj (.text:I2CMasterSlaveAddrSet)
                  0000c84a    00000008                   : uart.obj (.text:UARTDMAEnable)
                  0000c852    00000008                   : uart.obj (.text:UARTIntEnable)
                  0000c85a    00000002     --HOLE-- [fill = 0]
                  0000c85c    00000008     rtsv7M4_T_le_v4SPD16_eabi.lib : errno.c.obj (.text:__aeabi_errno_addr)
                  0000c864    00000008     arm_mat_init_f32.obj (.text:arm_mat_init_f32)
                  0000c86c    00000008     hello.obj (.text:vApplicationStackOverflowHook)
                  0000c874    00000006     driverlib.lib : gpio.obj (.text:GPIOIntClear)
                  0000c87a    00000006                   : gpio.obj (.text:GPIOPinWrite)
                  0000c880    00000006     tm4c123gh6pm_startup_ccs.obj (.text:ResetISR)
                  0000c886    00000006     driverlib.lib : sysctl.obj (.text:SysCtlDelay)
                  0000c88c    00000006                   : uart.obj (.text:UARTClockSourceSet)
                  0000c892    00000006     list.obj (.text:vListInitialiseItem)
                  0000c898    00000004     driverlib.lib : i2c.obj (.text:I2CMasterControl)
                  0000c89c    00000004                   : i2c.obj (.text:I2CMasterDataGet)
                  0000c8a0    00000004                   : i2c.obj (.text:I2CMasterDataPut)
                  0000c8a4    00000004                   : uart.obj (.text:UARTIntClear)
                  0000c8a8    00000004     rtsv7M4_T_le_v4SPD16_eabi.lib : pre_init.c.obj (.text:_system_pre_init)
                  0000c8ac    00000004                                   : exit.c.obj (.text:abort:abort)
                  0000c8b0    00000004     event_groups.obj (.text:vEventGroupSetBitsCallback)

.cinit     0    0000c8b8    00000080     
                  0000c8b8    00000046     (.cinit..data.load) [load image, compression = lzss]
                  0000c8fe    00000002     --HOLE-- [fill = 0]
                  0000c900    0000000c     (__TI_handler_table)
                  0000c90c    00000004     --HOLE-- [fill = 0]
                  0000c910    00000008     (.cinit..bss.load) [load image, compression = zero_init]
                  0000c918    00000008     (.cinit..vtable.load) [load image, compression = zero_init]
                  0000c920    00000018     (__TI_cinit_table)

.init_array 
*          0    00000000    00000000     UNINITIALIZED

.vtable    0    20000000    0000026c     UNINITIALIZED
                  20000000    0000026c     driverlib.lib : interrupt.obj (.vtable)

.data      0    2000026c    000000a0     UNINITIALIZED
                  2000026c    00000034     tasks.obj (.data)
                  200002a0    0000002c     hello.obj (.data:PhotoOffset)
                  200002cc    00000010     ADC_DMA.obj (.data)
                  200002dc    0000000c     timers.obj (.data)
                  200002e8    00000008     drv8825.obj (.data)
                  200002f0    00000008     heap_2.obj (.data)
                  200002f8    00000005     uartstdio.obj (.data)
                  200002fd    00000002     AS7341.obj (.data)
                  200002ff    00000001     --HOLE--
                  20000300    00000004     SpecResult.obj (.data)
                  20000304    00000004     port.obj (.data)
                  20000308    00000004     rtsv7M4_T_le_v4SPD16_eabi.lib : errno.c.obj (.data)

.bss       0    20000400    00006400     UNINITIALIZED
                  20000400    00004f10     heap_2.obj (.bss:ucHeap)
                  20005310    000009b0     (.common:Spectral400_600)
                  20005cc0    00000140     tasks.obj (.bss:pxReadyTasksLists)
                  20005e00    00000050     (.common:xQueueRegistry)
                  20005e50    00000014     timers.obj (.bss:xActiveTimerList1)
                  20005e64    00000014     timers.obj (.bss:xActiveTimerList2)
                  20005e78    00000014     tasks.obj (.bss:xDelayedTaskList1)
                  20005e8c    00000014     tasks.obj (.bss:xDelayedTaskList2)
                  20005ea0    00000014     tasks.obj (.bss:xPendingReadyList)
                  20005eb4    00000014     tasks.obj (.bss:xSuspendedTaskList)
                  20005ec8    00000014     tasks.obj (.bss:xTasksWaitingTermination)
                  20005edc    00000010     (.common:LinearMov_Mngr)
                  20005eec    00000010     (.common:adcBuffer)
                  20005efc    00000008     tasks.obj (.bss)
                  20005f04    00000008     timers.obj (.bss)
                  20005f0c    00000008     heap_2.obj (.bss:xEnd)
                  20005f14    00000008     heap_2.obj (.bss:xStart)
                  20005f1c    00000004     (.common:ADC_rslt)
                  20005f20    00000004     (.common:AS7341_Semphr)
                  20005f24    00000004     (.common:BurstEventGroup)
                  20005f28    00000004     (.common:ChangeDirStatus)
                  20005f2c    00000004     (.common:Gain)
                  20005f30    00000004     (.common:I2C1_Semphr)
                  20005f34    00000004     (.common:IntTime)
                  20005f38    00000004     (.common:errorStatus)
                  20005f3c    000000c4     --HOLE--
                  20006000    00000400     (.common:pui8ControlTable)
                  20006400    00000400     (.common:pui8ControlTableUART)

.stack     0    20006800    00000200     UNINITIALIZED
                  20006800    00000004     rtsv7M4_T_le_v4SPD16_eabi.lib : boot_cortex_m.c.obj (.stack)
                  20006804    000001fc     --HOLE--

__llvm_prf_cnts 
*          0    20000000    00000000     UNINITIALIZED

MODULE SUMMARY

       Module                         code    ro data   rw data
       ------                         ----    -------   -------
    ./
       hello.obj                      1618    15        4600   
       tm4c123gh6pm_startup_ccs.obj   12      620       0      
    +--+------------------------------+-------+---------+---------+
       Total:                         1630    635       4600   
                                                               
    ./FreeRTOS/Source/
       tasks.obj                      3532    4         480    
       queue.obj                      1426    0         80     
       timers.obj                     858     0         60     
       event_groups.obj               344     0         0      
       list.obj                       122     0         0      
    +--+------------------------------+-------+---------+---------+
       Total:                         6282    4         620    
                                                               
    ./FreeRTOS/Source/portable/CCS/ARM_CM4F/
       port.obj                       248     4         4      
       portasm.obj                    218     0         0      
    +--+------------------------------+-------+---------+---------+
       Total:                         466     4         4      
                                                               
    ./FreeRTOS/Source/portable/MemMang/
       heap_2.obj                     320     0         20264  
    +--+------------------------------+-------+---------+---------+
       Total:                         320     0         20264  
                                                               
    ./MatrixFunctions/
       arm_mat_mult_f32.obj           240     0         0      
       arm_mat_init_f32.obj           8       0         0      
    +--+------------------------------+-------+---------+---------+
       Total:                         248     0         0      
                                                               
    ./SpecLibs/ADC_DMA_BurstMode/
       ADC_DMA.obj                    1620    99        24     
    +--+------------------------------+-------+---------+---------+
       Total:                         1620    99        24     
                                                               
    ./SpecLibs/AS7341/
       AS7341.obj                     2400    24840     10     
    +--+------------------------------+-------+---------+---------+
       Total:                         2400    24840     10     
                                                               
    ./SpecLibs/DRV8825/
       drv8825.obj                    1792    0         28     
    +--+------------------------------+-------+---------+---------+
       Total:                         1792    0         28     
                                                               
    ./SpecLibs/MonoLight/
       mono_light.obj                 92      0         0      
    +--+------------------------------+-------+---------+---------+
       Total:                         92      0         0      
                                                               
    ./SpecLibs/SpecResult/
       SpecResult.obj                 486     0         4      
    +--+------------------------------+-------+---------+---------+
       Total:                         486     0         4      
                                                               
    ./drivers/
       rtos_hw_drivers.obj            228     0         0      
    +--+------------------------------+-------+---------+---------+
       Total:                         228     0         0      
                                                               
    ./utils/
       uartstdio.obj                  696     24        5      
    +--+------------------------------+-------+---------+---------+
       Total:                         696     24        5      
                                                               
    /home/jao/curso/ufsm/Mestrado/Dissertacao/Pototip_DeVereda/ProjetoPrototipo/Tiva/EK-TM4C/driverlib/ccs/Debug/driverlib.lib
       interrupt.obj                  328     196       620    
       gpio.obj                       806     144       0      
       sysctl.obj                     414     108       0      
       udma.obj                       520     0         0      
       adc.obj                        316     0         0      
       uart.obj                       178     0         0      
       pwm.obj                        128     0         0      
       i2c.obj                        122     0         0      
       cpu.obj                        24      0         0      
    +--+------------------------------+-------+---------+---------+
       Total:                         2836    448       620    
                                                               
    /home/jao/ti/ccs1271/ccs/tools/compiler/ti-cgt-arm_20.2.1.LTS/lib/rtsv7M4_T_le_v4SPD16_eabi.lib
       e_pow.c.obj                    2496    48        0      
       e_exp.c.obj                    808     48        0      
       fd_add_t2.asm.obj              438     0         0      
       e_sqrt.c.obj                   344     0         0      
       fd_div_t2.asm.obj              310     0         0      
       s_scalbn.c.obj                 272     0         0      
       fd_cmp_t2.asm.obj              268     0         0      
       fd_mul_t2.asm.obj              252     0         0      
       memcpy_t2.asm.obj              156     0         0      
       memset_t2.asm.obj              122     0         0      
       fd_tos_t2.asm.obj              110     0         0      
       copy_decompress_lzss.c.obj     104     0         0      
       fd_toi_t2.asm.obj              72      0         0      
       autoinit.c.obj                 68      0         0      
       u_divt2.asm.obj                64      0         0      
       fs_tod_t2.asm.obj              56      0         0      
       boot_cortex_m.c.obj            52      0         0      
       i_tofd_t2.asm.obj              46      0         0      
       s_copysign.c.obj               26      0         0      
       copy_decompress_none.c.obj     14      0         0      
       copy_zero_init.c.obj           12      0         0      
       errno.c.obj                    8       0         4      
       exit.c.obj                     4       0         0      
       pre_init.c.obj                 4       0         0      
       div0.asm.obj                   2       0         0      
    +--+------------------------------+-------+---------+---------+
       Total:                         6108    96        4      
                                                               
       Stack:                         0       0         512    
       Linker Generated:              0       122       0      
    +--+------------------------------+-------+---------+---------+
       Grand Total:                   25204   26272     26695  


LINKER GENERATED COPY TABLES

__TI_cinit_table @ 0000c920 records: 3, size/record: 8, table size: 24
	.data: load addr=0000c8b8, load size=00000046 bytes, run addr=2000026c, run size=000000a0 bytes, compression=lzss
	.bss: load addr=0000c910, load size=00000008 bytes, run addr=20000400, run size=00006400 bytes, compression=zero_init
	.vtable: load addr=0000c918, load size=00000008 bytes, run addr=20000000, run size=0000026c bytes, compression=zero_init


LINKER GENERATED HANDLER TABLE

__TI_handler_table @ 0000c900 records: 3, size/record: 4, table size: 12
	index: 0, handler: __TI_zero_init
	index: 1, handler: __TI_decompress_lzss
	index: 2, handler: __TI_decompress_none


GLOBAL SYMBOLS: SORTED ALPHABETICALLY BY Name 

address   name                               
-------   ----                               
0000c7f9  ADCIntClear                        
0000c6fd  ADCIntDisable                      
0000c5db  ADCIntEnable                       
0000c82b  ADCIntEnableEx                     
0000a0b5  ADCIntHanlder                      
0000c361  ADCProcessorTrigger                
0000b381  ADCSequenceConfigure               
0000c5eb  ADCSequenceDMAEnable               
0000c70b  ADCSequenceDisable                 
0000c719  ADCSequenceEnable                  
0000a5b9  ADCSequenceStepConfigure           
0000c5fd  ADCTriggerDbgRst                   
0000c60d  ADCTriggerDbgSet                   
00008bf1  ADC_DMA_Reader                     
200002d4  ADC_result                         
20005f1c  ADC_rslt                           
0000b291  AS7341_BankAcessSet                
00007315  AS7341_Begin                       
0000c0c9  AS7341_Boot                        
0000bfef  AS7341_BufferConfig                
0000bcfb  AS7341_DeviceStatus                
0000b9e9  AS7341_DevivceConfig               
0000be5d  AS7341_DisableSpecMen              
0000be87  AS7341_EnableSpecMen               
0000c2c5  AS7341_GetGainADC                  
0000b971  AS7341_GetIntegrationTimeADC       
0000bd27  AS7341_GetStepADC                  
0000c61d  AS7341_GetTimeADC                  
0000c62d  AS7341_PerformanceDbgClr           
0000bc0d  AS7341_PerformanceDbgInit          
0000c63d  AS7341_PerformanceDbgSet           
0000b58d  AS7341_PowerOn                     
00007dad  AS7341_ReadChannels                
0000beb1  AS7341_SMUXEnable                  
20005f20  AS7341_Semphr                      
0000c1ab  AS7341_SetAcessAndRead             
0000c1c7  AS7341_SetAcessAndWrite            
0000c379  AS7341_SetGainADC                  
00007a15  AS7341_SetI2cRegSMUX               
0000a889  AS7341_SetSMUX                     
0000bf7d  AS7341_SetStepADC                  
0000c439  AS7341_SetTimeADC                  
0000c44f  AS7341_SetWtimeADC                 
0000c1e3  AS7341_WriteI2cReg2SMUX_Sel        
000094e5  AS7341_i2cInit                     
0000b0e1  AS7341_read                        
0000b3d1  AS7341_write                       
0000b1e9  AnalogInit                         
200002fd  BankAcessControlValue              
200002fe  BankAcessSet                       
0000b2e1  BasicCountConvertion               
00007829  BurstDMA_Check                     
20005f24  BurstEventGroup                    
00009d49  BurstModeConfig                    
0000c8ad  C$$EXIT                            
0000c751  CPUcpsid                           
0000c75d  CPUcpsie                           
20005f28  ChangeDirStatus                    
0000afcd  Correction1                        
0000bd53  GPIODirModeSet                     
0000c10d  GPIOFIntHandler                    
0000c875  GPIOIntClear                       
0000c727  GPIOIntDisable                     
0000c769  GPIOIntEnable                      
0000c735  GPIOIntStatus                      
0000b139  GPIOIntTypeSet                     
000080cd  GPIOPadConfigSet                   
0000b41d  GPIOPinConfigure                   
0000c465  GPIOPinTypeADC                     
0000c47b  GPIOPinTypeGPIOInput               
0000c2df  GPIOPinTypeGPIOOutput              
0000c491  GPIOPinTypeI2C                     
0000c4a7  GPIOPinTypeI2CSCL                  
0000c4bd  GPIOPinTypePWM                     
0000c4d3  GPIOPinTypeUART                    
0000c87b  GPIOPinWrite                       
00009955  GPIOPortE_Handler                  
0000c391  GPIOUnlockPin                      
20005f2c  Gain                               
00000270  GeneralSpectralCorrectionMatrix    
0000bb3d  GreenLightConfig                   
0000c52d  GreenLightTurnOff                  
0000c541  GreenLightTurnOn                   
0000ba25  I2C1_IntHandler                    
20005f30  I2C1_Semphr                        
0000c899  I2CMasterControl                   
0000c89d  I2CMasterDataGet                   
0000c8a1  I2CMasterDataPut                   
0000c803  I2CMasterEnable                    
0000b469  I2CMasterInitExpClk                
0000c833  I2CMasterIntClear                  
0000c83b  I2CMasterIntEnableEx               
0000c843  I2CMasterSlaveAddrSet              
00009a29  InitADC                            
0000a8fd  InitDMA                            
00008e11  InitGPIOTrigger                    
0000bd81  InitInterruptions                  
0000aab9  IntDisable                         
0000ab21  IntEnable                          
0000c64d  IntMasterDisable                   
0000c65d  IntMasterEnable                    
0000c015  IntPrioritySet                     
0000bb71  IntRegister                        
20005f34  IntTime                            
20005edc  LinearMov_Mngr                     
00008f19  NemaConfig                         
0000c66d  NemaDisable                        
000089c1  NemaInterruptionConfig             
0000c0eb  PWMGenConfigure                    
0000c775  PWMGenEnable                       
0000c5a5  PWMGenPeriodGet                    
0000c67d  PWMGenPeriodSet                    
0000c5b7  PWMOutputState                     
0000c18d  PWMPulseWidthSet                   
0000a6ad  PWM_SetDutyCycle                   
200002a0  PhotoOffset                        
000096b5  PinoutSet                          
0000b9ad  PortDIntHanlder                    
0000c881  ResetISR                           
20005310  Spectral400_600                    
0000ab89  SpectralReconstruction             
00008ad9  SysCtlClockGet                     
0000c887  SysCtlDelay                        
0000c555  SysCtlPWMClockSet                  
0000bba5  SysCtlPeripheralEnable             
0000ba5d  SysCtlPeripheralReady              
00008771  TriggerPWMSigmoidFrequency         
0000b619  UART5IntHandler                    
0000bc3d  UART5_DbgInit                      
0000c68d  UART5_DbgRst                       
0000c69d  UART5_DbgSet                       
00009afd  UART5_Init                         
0000c781  UART5_SendByte                     
0000a79d  UART5_SendDataPacket               
0000c80d  UARTCharPut                        
0000c88d  UARTClockSourceSet                 
0000b5d3  UARTConfigSetExpClk                
0000c84b  UARTDMAEnable                      
0000c12d  UARTDisable                        
0000c569  UARTEnable                         
0000c817  UARTFIFOEnable                     
0000c8a5  UARTIntClear                       
0000c853  UARTIntEnable                      
0000c821  UARTIntStatus                      
0000adf1  UARTStdioConfig                    
200002d8  UART_Tx                            
0000c2f9  UARTprintf                         
00007639  UARTvprintf                        
0000b331  UARTwrite                          
0000c201  WaitACK                            
20006a00  __STACK_END                        
00000200  __STACK_SIZE                       
20006a00  __STACK_TOP                        
0000c920  __TI_CINIT_Base                    
0000c938  __TI_CINIT_Limit                   
0000c900  __TI_Handler_Table_Base            
0000c90c  __TI_Handler_Table_Limit           
0000b65d  __TI_auto_init_nobinit_nopinit     
0000abf1  __TI_decompress_lzss               
0000c743  __TI_decompress_none               
ffffffff  __TI_pprof_out_hndl                
ffffffff  __TI_prof_data_size                
ffffffff  __TI_prof_data_start               
00000000  __TI_static_base__                 
0000c78d  __TI_zero_init                     
0000a3ad  __aeabi_cdcmpeq                    
0000a3ad  __aeabi_cdcmple                    
0000a433  __aeabi_cdrcmple                   
0000a9dd  __aeabi_d2f                        
0000b4b5  __aeabi_d2iz                       
00007bff  __aeabi_dadd                       
00008639  __aeabi_ddiv                       
00009019  __aeabi_dmul                       
00007bf5  __aeabi_dsub                       
0000c85d  __aeabi_errno_addr                 
0000ba95  __aeabi_f2d                        
0000bccd  __aeabi_i2d                        
00009953  __aeabi_idiv0                      
00009953  __aeabi_ldiv0                      
0000a633  __aeabi_memclr                     
0000a633  __aeabi_memclr4                    
0000a633  __aeabi_memclr8                    
0000a159  __aeabi_memcpy                     
0000a159  __aeabi_memcpy4                    
0000a159  __aeabi_memcpy8                    
0000a635  __aeabi_memset                     
0000a635  __aeabi_memset4                    
0000a635  __aeabi_memset8                    
0000b7f1  __aeabi_uidiv                      
0000b7f1  __aeabi_uidivmod                   
ffffffff  __binit__                          
ffffffff  __c_args__                         
UNDEFED   __mpu_init                         
20006800  __stack                            
20000000  __start___llvm_prf_cnts            
20000000  __stop___llvm_prf_cnts             
0000bbd9  _c_int00_noargs                    
UNDEFED   _system_post_cinit                 
0000c8a9  _system_pre_init                   
0000c8ad  abort                              
20005eec  adcBuffer                          
200002cc  adc_count                          
0000c865  arm_mat_init_f32                   
00009305  arm_mat_mult_f32                   
ffffffff  binit                              
0000c313  copysign                           
0000c313  copysignl                          
200002d0  dma_count                          
20000308  errno                              
20005f38  errorStatus                        
00006fed  exp                                
00006fed  expl                               
20000000  g_pfnRAMVectors                    
00000000  g_pfnVectors                       
0000c21d  joinADC                            
00008d01  ldexp                              
00008d01  ldexpl                             
0000b029  main                               
0000a159  memcpy                             
0000a63b  memset                             
0000662d  pow                                
0000662d  powl                               
20006000  pui8ControlTable                   
20006400  pui8ControlTableUART               
00009c8d  pvPortMalloc                       
0000c3a9  pvTaskIncrementMutexHeldCount      
2000026c  pxCurrentTCB                       
0000bdd9  pxPortInitialiseStack              
00008d01  scalbn                             
00008d01  scalbnl                            
0000aeb1  sigmoid                            
0000839d  sqrt                               
0000839d  sqrtl                              
0000be05  uDMAChannelAssign                  
0000b4fd  uDMAChannelAttributeDisable        
0000b729  uDMAChannelAttributeEnable         
0000c0a5  uDMAChannelControlSet              
0000c3c1  uDMAChannelEnable                  
0000c16d  uDMAChannelIsEnabled               
0000bf2d  uDMAChannelModeGet                 
0000a53d  uDMAChannelTransferSet             
0000c7a5  uDMAControlBaseSet                 
0000c6bd  uDMAEnable                         
0000bacd  uDMAErrIntHandler                  
0000c7b1  uDMAErrorStatusClear               
0000c7bd  uDMAErrorStatusGet                 
0000c7c9  uDMAIntClear                       
0000c239  uDMAIntHandler                     
0000c6cd  uDMAIntRegister                    
20000300  uart_count                         
00006624  ulMaxSyscallInterruptPriority      
00009889  ulPortGetIPSR                      
0000a725  ulTaskGenericNotifyTake            
0000bfc9  uxListRemove                       
0000c7d5  uxTaskGetNumberOfTasks             
0000c6dd  uxTaskGetStackHighWaterMark        
0000c3d9  uxTaskResetEventItemValue          
00006628  uxTopUsedPriority                  
0000aa4b  vApplicationIdleHook               
0000c86d  vApplicationStackOverflowHook      
0000c8b1  vEventGroupSetBitsCallback         
0000c515  vListInitialise                    
0000c893  vListInitialiseItem                
0000bb05  vListInsert                        
00009945  vPortEnableVFP                     
0000c255  vPortEnterCritical                 
0000c3f1  vPortExitCritical                  
0000b23d  vPortFree                          
00009901  vPortSVCHandler                    
0000c271  vPortSetupTimerInterrupt           
00009921  vPortStartFirstTask                
0000b831  vQueueAddToRegistry                
0000b545  vQueueWaitForMessageRestricted     
0000bc9d  vTaskDelay                         
00009115  vTaskGenericNotifyGiveFromISR      
0000c409  vTaskInternalSetTimeOutState       
0000c7e1  vTaskMissedYield                   
0000c28d  vTaskPlaceOnEventList              
0000b871  vTaskPlaceOnEventListRestricted    
0000b8b1  vTaskPlaceOnUnorderedEventList     
00009f65  vTaskPriorityDisinheritAfterTimeout
00009e01  vTaskRemoveFromUnorderedEventList  
0000aa4d  vTaskStartScheduler                
0000c6ed  vTaskSuspendAll                    
0000a321  vTaskSwitchContext                 
00007f3d  xChangeDirection                   
200002ec  xChangeDirectionHandle             
0000c2a9  xDebaunceKey                       
200002e8  xDebaunceKeyHandle                 
0000c347  xEventGroupCreate                  
0000ad8d  xEventGroupSetBits                 
0000c421  xEventGroupSetBitsFromISR          
0000a00d  xEventGroupWaitBits                
000098a1  xPortPendSVHandler                 
0000b8f1  xPortStartScheduler                
0000be31  xPortSysTickHandler                
0000b76d  xQueueGenericCreate                
0000a1f5  xQueueGenericReset                 
0000ac59  xQueueGenericSendFromISR           
0000af6f  xQueueGiveFromISR                  
00009211  xQueueReceive                      
20005e00  xQueueRegistry                     
0000889d  xQueueSemaphoreTake                
0000b191  xTaskCheckForTimeOut               
0000acc1  xTaskCreate                        
0000c7ed  xTaskGetTickCount                  
00008239  xTaskIncrementTick                 
0000a291  xTaskPriorityDisinherit            
00009bcd  xTaskPriorityInherit               
000095cd  xTaskRemoveFromEventList           
000084f5  xTaskResumeAll                     
0000b931  xTimerCreateTimerTask              
0000bf55  xTimerPendFunctionCallFromISR      


GLOBAL SYMBOLS: SORTED BY Symbol Address 

address   name                               
-------   ----                               
00000000  __TI_static_base__                 
00000000  g_pfnVectors                       
00000200  __STACK_SIZE                       
00000270  GeneralSpectralCorrectionMatrix    
00006624  ulMaxSyscallInterruptPriority      
00006628  uxTopUsedPriority                  
0000662d  pow                                
0000662d  powl                               
00006fed  exp                                
00006fed  expl                               
00007315  AS7341_Begin                       
00007639  UARTvprintf                        
00007829  BurstDMA_Check                     
00007a15  AS7341_SetI2cRegSMUX               
00007bf5  __aeabi_dsub                       
00007bff  __aeabi_dadd                       
00007dad  AS7341_ReadChannels                
00007f3d  xChangeDirection                   
000080cd  GPIOPadConfigSet                   
00008239  xTaskIncrementTick                 
0000839d  sqrt                               
0000839d  sqrtl                              
000084f5  xTaskResumeAll                     
00008639  __aeabi_ddiv                       
00008771  TriggerPWMSigmoidFrequency         
0000889d  xQueueSemaphoreTake                
000089c1  NemaInterruptionConfig             
00008ad9  SysCtlClockGet                     
00008bf1  ADC_DMA_Reader                     
00008d01  ldexp                              
00008d01  ldexpl                             
00008d01  scalbn                             
00008d01  scalbnl                            
00008e11  InitGPIOTrigger                    
00008f19  NemaConfig                         
00009019  __aeabi_dmul                       
00009115  vTaskGenericNotifyGiveFromISR      
00009211  xQueueReceive                      
00009305  arm_mat_mult_f32                   
000094e5  AS7341_i2cInit                     
000095cd  xTaskRemoveFromEventList           
000096b5  PinoutSet                          
00009889  ulPortGetIPSR                      
000098a1  xPortPendSVHandler                 
00009901  vPortSVCHandler                    
00009921  vPortStartFirstTask                
00009945  vPortEnableVFP                     
00009953  __aeabi_idiv0                      
00009953  __aeabi_ldiv0                      
00009955  GPIOPortE_Handler                  
00009a29  InitADC                            
00009afd  UART5_Init                         
00009bcd  xTaskPriorityInherit               
00009c8d  pvPortMalloc                       
00009d49  BurstModeConfig                    
00009e01  vTaskRemoveFromUnorderedEventList  
00009f65  vTaskPriorityDisinheritAfterTimeout
0000a00d  xEventGroupWaitBits                
0000a0b5  ADCIntHanlder                      
0000a159  __aeabi_memcpy                     
0000a159  __aeabi_memcpy4                    
0000a159  __aeabi_memcpy8                    
0000a159  memcpy                             
0000a1f5  xQueueGenericReset                 
0000a291  xTaskPriorityDisinherit            
0000a321  vTaskSwitchContext                 
0000a3ad  __aeabi_cdcmpeq                    
0000a3ad  __aeabi_cdcmple                    
0000a433  __aeabi_cdrcmple                   
0000a53d  uDMAChannelTransferSet             
0000a5b9  ADCSequenceStepConfigure           
0000a633  __aeabi_memclr                     
0000a633  __aeabi_memclr4                    
0000a633  __aeabi_memclr8                    
0000a635  __aeabi_memset                     
0000a635  __aeabi_memset4                    
0000a635  __aeabi_memset8                    
0000a63b  memset                             
0000a6ad  PWM_SetDutyCycle                   
0000a725  ulTaskGenericNotifyTake            
0000a79d  UART5_SendDataPacket               
0000a889  AS7341_SetSMUX                     
0000a8fd  InitDMA                            
0000a9dd  __aeabi_d2f                        
0000aa4b  vApplicationIdleHook               
0000aa4d  vTaskStartScheduler                
0000aab9  IntDisable                         
0000ab21  IntEnable                          
0000ab89  SpectralReconstruction             
0000abf1  __TI_decompress_lzss               
0000ac59  xQueueGenericSendFromISR           
0000acc1  xTaskCreate                        
0000ad8d  xEventGroupSetBits                 
0000adf1  UARTStdioConfig                    
0000aeb1  sigmoid                            
0000af6f  xQueueGiveFromISR                  
0000afcd  Correction1                        
0000b029  main                               
0000b0e1  AS7341_read                        
0000b139  GPIOIntTypeSet                     
0000b191  xTaskCheckForTimeOut               
0000b1e9  AnalogInit                         
0000b23d  vPortFree                          
0000b291  AS7341_BankAcessSet                
0000b2e1  BasicCountConvertion               
0000b331  UARTwrite                          
0000b381  ADCSequenceConfigure               
0000b3d1  AS7341_write                       
0000b41d  GPIOPinConfigure                   
0000b469  I2CMasterInitExpClk                
0000b4b5  __aeabi_d2iz                       
0000b4fd  uDMAChannelAttributeDisable        
0000b545  vQueueWaitForMessageRestricted     
0000b58d  AS7341_PowerOn                     
0000b5d3  UARTConfigSetExpClk                
0000b619  UART5IntHandler                    
0000b65d  __TI_auto_init_nobinit_nopinit     
0000b729  uDMAChannelAttributeEnable         
0000b76d  xQueueGenericCreate                
0000b7f1  __aeabi_uidiv                      
0000b7f1  __aeabi_uidivmod                   
0000b831  vQueueAddToRegistry                
0000b871  vTaskPlaceOnEventListRestricted    
0000b8b1  vTaskPlaceOnUnorderedEventList     
0000b8f1  xPortStartScheduler                
0000b931  xTimerCreateTimerTask              
0000b971  AS7341_GetIntegrationTimeADC       
0000b9ad  PortDIntHanlder                    
0000b9e9  AS7341_DevivceConfig               
0000ba25  I2C1_IntHandler                    
0000ba5d  SysCtlPeripheralReady              
0000ba95  __aeabi_f2d                        
0000bacd  uDMAErrIntHandler                  
0000bb05  vListInsert                        
0000bb3d  GreenLightConfig                   
0000bb71  IntRegister                        
0000bba5  SysCtlPeripheralEnable             
0000bbd9  _c_int00_noargs                    
0000bc0d  AS7341_PerformanceDbgInit          
0000bc3d  UART5_DbgInit                      
0000bc9d  vTaskDelay                         
0000bccd  __aeabi_i2d                        
0000bcfb  AS7341_DeviceStatus                
0000bd27  AS7341_GetStepADC                  
0000bd53  GPIODirModeSet                     
0000bd81  InitInterruptions                  
0000bdd9  pxPortInitialiseStack              
0000be05  uDMAChannelAssign                  
0000be31  xPortSysTickHandler                
0000be5d  AS7341_DisableSpecMen              
0000be87  AS7341_EnableSpecMen               
0000beb1  AS7341_SMUXEnable                  
0000bf2d  uDMAChannelModeGet                 
0000bf55  xTimerPendFunctionCallFromISR      
0000bf7d  AS7341_SetStepADC                  
0000bfc9  uxListRemove                       
0000bfef  AS7341_BufferConfig                
0000c015  IntPrioritySet                     
0000c0a5  uDMAChannelControlSet              
0000c0c9  AS7341_Boot                        
0000c0eb  PWMGenConfigure                    
0000c10d  GPIOFIntHandler                    
0000c12d  UARTDisable                        
0000c16d  uDMAChannelIsEnabled               
0000c18d  PWMPulseWidthSet                   
0000c1ab  AS7341_SetAcessAndRead             
0000c1c7  AS7341_SetAcessAndWrite            
0000c1e3  AS7341_WriteI2cReg2SMUX_Sel        
0000c201  WaitACK                            
0000c21d  joinADC                            
0000c239  uDMAIntHandler                     
0000c255  vPortEnterCritical                 
0000c271  vPortSetupTimerInterrupt           
0000c28d  vTaskPlaceOnEventList              
0000c2a9  xDebaunceKey                       
0000c2c5  AS7341_GetGainADC                  
0000c2df  GPIOPinTypeGPIOOutput              
0000c2f9  UARTprintf                         
0000c313  copysign                           
0000c313  copysignl                          
0000c347  xEventGroupCreate                  
0000c361  ADCProcessorTrigger                
0000c379  AS7341_SetGainADC                  
0000c391  GPIOUnlockPin                      
0000c3a9  pvTaskIncrementMutexHeldCount      
0000c3c1  uDMAChannelEnable                  
0000c3d9  uxTaskResetEventItemValue          
0000c3f1  vPortExitCritical                  
0000c409  vTaskInternalSetTimeOutState       
0000c421  xEventGroupSetBitsFromISR          
0000c439  AS7341_SetTimeADC                  
0000c44f  AS7341_SetWtimeADC                 
0000c465  GPIOPinTypeADC                     
0000c47b  GPIOPinTypeGPIOInput               
0000c491  GPIOPinTypeI2C                     
0000c4a7  GPIOPinTypeI2CSCL                  
0000c4bd  GPIOPinTypePWM                     
0000c4d3  GPIOPinTypeUART                    
0000c515  vListInitialise                    
0000c52d  GreenLightTurnOff                  
0000c541  GreenLightTurnOn                   
0000c555  SysCtlPWMClockSet                  
0000c569  UARTEnable                         
0000c5a5  PWMGenPeriodGet                    
0000c5b7  PWMOutputState                     
0000c5db  ADCIntEnable                       
0000c5eb  ADCSequenceDMAEnable               
0000c5fd  ADCTriggerDbgRst                   
0000c60d  ADCTriggerDbgSet                   
0000c61d  AS7341_GetTimeADC                  
0000c62d  AS7341_PerformanceDbgClr           
0000c63d  AS7341_PerformanceDbgSet           
0000c64d  IntMasterDisable                   
0000c65d  IntMasterEnable                    
0000c66d  NemaDisable                        
0000c67d  PWMGenPeriodSet                    
0000c68d  UART5_DbgRst                       
0000c69d  UART5_DbgSet                       
0000c6bd  uDMAEnable                         
0000c6cd  uDMAIntRegister                    
0000c6dd  uxTaskGetStackHighWaterMark        
0000c6ed  vTaskSuspendAll                    
0000c6fd  ADCIntDisable                      
0000c70b  ADCSequenceDisable                 
0000c719  ADCSequenceEnable                  
0000c727  GPIOIntDisable                     
0000c735  GPIOIntStatus                      
0000c743  __TI_decompress_none               
0000c751  CPUcpsid                           
0000c75d  CPUcpsie                           
0000c769  GPIOIntEnable                      
0000c775  PWMGenEnable                       
0000c781  UART5_SendByte                     
0000c78d  __TI_zero_init                     
0000c7a5  uDMAControlBaseSet                 
0000c7b1  uDMAErrorStatusClear               
0000c7bd  uDMAErrorStatusGet                 
0000c7c9  uDMAIntClear                       
0000c7d5  uxTaskGetNumberOfTasks             
0000c7e1  vTaskMissedYield                   
0000c7ed  xTaskGetTickCount                  
0000c7f9  ADCIntClear                        
0000c803  I2CMasterEnable                    
0000c80d  UARTCharPut                        
0000c817  UARTFIFOEnable                     
0000c821  UARTIntStatus                      
0000c82b  ADCIntEnableEx                     
0000c833  I2CMasterIntClear                  
0000c83b  I2CMasterIntEnableEx               
0000c843  I2CMasterSlaveAddrSet              
0000c84b  UARTDMAEnable                      
0000c853  UARTIntEnable                      
0000c85d  __aeabi_errno_addr                 
0000c865  arm_mat_init_f32                   
0000c86d  vApplicationStackOverflowHook      
0000c875  GPIOIntClear                       
0000c87b  GPIOPinWrite                       
0000c881  ResetISR                           
0000c887  SysCtlDelay                        
0000c88d  UARTClockSourceSet                 
0000c893  vListInitialiseItem                
0000c899  I2CMasterControl                   
0000c89d  I2CMasterDataGet                   
0000c8a1  I2CMasterDataPut                   
0000c8a5  UARTIntClear                       
0000c8a9  _system_pre_init                   
0000c8ad  C$$EXIT                            
0000c8ad  abort                              
0000c8b1  vEventGroupSetBitsCallback         
0000c900  __TI_Handler_Table_Base            
0000c90c  __TI_Handler_Table_Limit           
0000c920  __TI_CINIT_Base                    
0000c938  __TI_CINIT_Limit                   
20000000  __start___llvm_prf_cnts            
20000000  __stop___llvm_prf_cnts             
20000000  g_pfnRAMVectors                    
2000026c  pxCurrentTCB                       
200002a0  PhotoOffset                        
200002cc  adc_count                          
200002d0  dma_count                          
200002d4  ADC_result                         
200002d8  UART_Tx                            
200002e8  xDebaunceKeyHandle                 
200002ec  xChangeDirectionHandle             
200002fd  BankAcessControlValue              
200002fe  BankAcessSet                       
20000300  uart_count                         
20000308  errno                              
20005310  Spectral400_600                    
20005e00  xQueueRegistry                     
20005edc  LinearMov_Mngr                     
20005eec  adcBuffer                          
20005f1c  ADC_rslt                           
20005f20  AS7341_Semphr                      
20005f24  BurstEventGroup                    
20005f28  ChangeDirStatus                    
20005f2c  Gain                               
20005f30  I2C1_Semphr                        
20005f34  IntTime                            
20005f38  errorStatus                        
20006000  pui8ControlTable                   
20006400  pui8ControlTableUART               
20006800  __stack                            
20006a00  __STACK_END                        
20006a00  __STACK_TOP                        
ffffffff  __TI_pprof_out_hndl                
ffffffff  __TI_prof_data_size                
ffffffff  __TI_prof_data_start               
ffffffff  __binit__                          
ffffffff  __c_args__                         
ffffffff  binit                              
UNDEFED   __mpu_init                         
UNDEFED   _system_post_cinit                 

[313 symbols]
