******************************************************************************
                  TI ARM Linker Unix v20.2.1                   
******************************************************************************
>> Linked Fri Aug  9 18:23:56 2024

OUTPUT FILE NAME:   <Nema17.out>
ENTRY POINT SYMBOL: "_c_int00_noargs"  address: 000063ed


MEMORY CONFIGURATION

         name            origin    length      used     unused   attr    fill
----------------------  --------  ---------  --------  --------  ----  --------
  FLASH                 00000000   00040000  0000684c  000397b4  R  X
  SRAM                  20000000   00008000  000055dd  00002a23  RW X


SEGMENT ALLOCATION MAP

run origin  load origin   length   init length attrs members
----------  ----------- ---------- ----------- ----- -------
00000000    00000000    00006850   00006850    r-x
  00000000    00000000    0000026c   0000026c    r-- .intvecs
  0000026c    0000026c    00006404   00006404    r-x .text
  00006670    00006670    0000018c   0000018c    r-- .const
  00006800    00006800    00000050   00000050    r-- .cinit
20000000    20000000    000055e1   00000000    rw-
  20000000    20000000    0000026c   00000000    rw- .vtable
  2000026c    2000026c    00005120   00000000    rw- .bss
  20005390    20005390    00000200   00000000    rw- .stack
  20005590    20005590    00000051   00000000    rw- .data


SECTION ALLOCATION MAP

 output                                  attributes/
section   page    origin      length       input sections
--------  ----  ----------  ----------   ----------------
.intvecs   0    00000000    0000026c     
                  00000000    0000026c     tm4c123gh6pm_startup_ccs.obj (.intvecs)

.text      0    0000026c    00006404     
                  0000026c    00002100     tasks.obj (.text)
                  0000236c    00000e06     AS7341.obj (.text)
                  00003172    00000002     rtsv7M4_T_le_v4SPD16_eabi.lib : div0.asm.obj (.text)
                  00003174    00000d58     queue.obj (.text)
                  00003ecc    000005f0     drv8825.obj (.text)
                  000044bc    000004e8     uartstdio.obj (.text)
                  000049a4    00000328     rtsv7M4_T_le_v4SPD16_eabi.lib : e_exp.c.obj (.text:exp)
                  00004ccc    000002c4     rtos_hw_drivers.obj (.text)
                  00004f90    0000024c     heap_2.obj (.text)
                  000051dc    00000204     hello.obj (.text)
                  000053e0    000001b6     rtsv7M4_T_le_v4SPD16_eabi.lib : fd_add_t2.asm.obj (.text)
                  00005596    00000002     --HOLE-- [fill = 0]
                  00005598    0000016c     driverlib.lib : gpio.obj (.text:GPIOPadConfigSet)
                  00005704    0000013c     port.obj (.text)
                  00005840    00000136     rtsv7M4_T_le_v4SPD16_eabi.lib : fd_div_t2.asm.obj (.text)
                  00005976    0000012a     list.obj (.text)
                  00005aa0    00000118     driverlib.lib : sysctl.obj (.text:SysCtlClockGet)
                  00005bb8    000000fc     rtsv7M4_T_le_v4SPD16_eabi.lib : fd_mul_t2.asm.obj (.text)
                  00005cb4    000000da     portasm.obj (.text)
                  00005d8e    0000009c     rtsv7M4_T_le_v4SPD16_eabi.lib : memcpy_t2.asm.obj (.text)
                  00005e2a    00000086                                   : fd_cmp_t2.asm.obj (.text:__aeabi_cdcmple)
                  00005eb0    00000086                                   : fd_cmp_t2.asm.obj (.text:__aeabi_cdrcmple)
                  00005f36    0000007a                                   : memset_t2.asm.obj (.text)
                  00005fb0    0000006e                                   : fd_tos_t2.asm.obj (.text)
                  0000601e    00000002     --HOLE-- [fill = 0]
                  00006020    00000068     driverlib.lib : interrupt.obj (.text:IntDisable)
                  00006088    00000068                   : interrupt.obj (.text:IntEnable)
                  000060f0    00000068     rtsv7M4_T_le_v4SPD16_eabi.lib : copy_decompress_lzss.c.obj (.text:decompress:lzss:__TI_decompress_lzss)
                  00006158    00000058     driverlib.lib : gpio.obj (.text:GPIOIntTypeSet)
                  000061b0    0000004c                   : gpio.obj (.text:GPIOPinConfigure)
                  000061fc    0000004c                   : i2c.obj (.text:I2CMasterInitExpClk)
                  00006248    00000048     rtsv7M4_T_le_v4SPD16_eabi.lib : fd_toi_t2.asm.obj (.text)
                  00006290    00000044                                   : autoinit.c.obj (.text:__TI_auto_init_nobinit_nopinit:__TI_auto_init_nobinit_nopinit)
                  000062d4    00000040                                   : u_divt2.asm.obj (.text)
                  00006314    00000038     driverlib.lib : sysctl.obj (.text:SysCtlPeripheralReady)
                  0000634c    00000038     rtsv7M4_T_le_v4SPD16_eabi.lib : fs_tod_t2.asm.obj (.text)
                  00006384    00000034     driverlib.lib : interrupt.obj (.text:IntRegister)
                  000063b8    00000034                   : sysctl.obj (.text:SysCtlPeripheralEnable)
                  000063ec    00000034     rtsv7M4_T_le_v4SPD16_eabi.lib : boot_cortex_m.c.obj (.text:_c_int00_noargs:_c_int00_noargs)
                  00006420    0000002e                                   : i_tofd_t2.asm.obj (.text)
                  0000644e    0000002c     driverlib.lib : gpio.obj (.text:GPIODirModeSet)
                  0000647a    00000022                   : pwm.obj (.text:PWMGenConfigure)
                  0000649c    0000001e                   : pwm.obj (.text:PWMPulseWidthSet)
                  000064ba    0000001a                   : gpio.obj (.text:GPIOPinTypeGPIOOutput)
                  000064d4    00000018                   : gpio.obj (.text:GPIOUnlockPin)
                  000064ec    00000018                   : sysctl.obj (.text:SysCtlPWMClockGet)
                  00006504    00000016                   : gpio.obj (.text:GPIOPinTypeGPIOInput)
                  0000651a    00000016                   : gpio.obj (.text:GPIOPinTypeI2C)
                  00006530    00000016                   : gpio.obj (.text:GPIOPinTypeI2CSCL)
                  00006546    00000016                   : gpio.obj (.text:GPIOPinTypePWM)
                  0000655c    00000014                   : sysctl.obj (.text:SysCtlPWMClockSet)
                  00006570    00000012                   : pwm.obj (.text:PWMGenPeriodGet)
                  00006582    00000012                   : pwm.obj (.text:PWMOutputState)
                  00006594    00000010                   : interrupt.obj (.text:IntMasterDisable)
                  000065a4    00000010                   : pwm.obj (.text:PWMGenPeriodSet)
                  000065b4    0000000e                   : gpio.obj (.text:GPIOIntDisable)
                  000065c2    0000000e                   : gpio.obj (.text:GPIOIntStatus)
                  000065d0    0000000e     rtsv7M4_T_le_v4SPD16_eabi.lib : copy_decompress_none.c.obj (.text:decompress:none:__TI_decompress_none)
                  000065de    0000000c     driverlib.lib : cpu.obj (.text:CPUcpsid)
                  000065ea    0000000c                   : gpio.obj (.text:GPIOIntEnable)
                  000065f6    0000000c                   : pwm.obj (.text:PWMGenEnable)
                  00006602    0000000c     rtsv7M4_T_le_v4SPD16_eabi.lib : copy_zero_init.c.obj (.text:decompress:ZI:__TI_zero_init)
                  0000660e    0000000c     tm4c123gh6pm_startup_ccs.obj (.text)
                  0000661a    0000000a     driverlib.lib : i2c.obj (.text:I2CMasterEnable)
                  00006624    00000008                   : i2c.obj (.text:I2CMasterIntClear)
                  0000662c    00000008                   : i2c.obj (.text:I2CMasterIntEnableEx)
                  00006634    00000008                   : i2c.obj (.text:I2CMasterSlaveAddrSet)
                  0000663c    00000008     rtsv7M4_T_le_v4SPD16_eabi.lib : errno.c.obj (.text:__aeabi_errno_addr)
                  00006644    00000006     driverlib.lib : gpio.obj (.text:GPIOIntClear)
                  0000664a    00000006                   : gpio.obj (.text:GPIOPinWrite)
                  00006650    00000006                   : sysctl.obj (.text:SysCtlDelay)
                  00006656    00000006                   : uart.obj (.text:UARTClockSourceSet)
                  0000665c    00000004                   : i2c.obj (.text:I2CMasterControl)
                  00006660    00000004                   : i2c.obj (.text:I2CMasterDataGet)
                  00006664    00000004                   : i2c.obj (.text:I2CMasterDataPut)
                  00006668    00000004     rtsv7M4_T_le_v4SPD16_eabi.lib : pre_init.c.obj (.text:_system_pre_init)
                  0000666c    00000004                                   : exit.c.obj (.text:abort:abort)

.const     0    00006670    0000018c     
                  00006670    00000090     driverlib.lib : gpio.obj (.const:g_pui32GPIOBaseAddrs)
                  00006700    0000006c                   : sysctl.obj (.const:g_pui32Xtals)
                  0000676c    00000004     port.obj (.const)
                  00006770    00000030     rtsv7M4_T_le_v4SPD16_eabi.lib : e_exp.c.obj (.const:$O1$$)
                  000067a0    00000014     driverlib.lib : interrupt.obj (.const:g_pui32Dii16Regs)
                  000067b4    00000014                   : interrupt.obj (.const:g_pui32EnRegs)
                  000067c8    00000012     uartstdio.obj (.const:.string)
                  000067da    00000002     --HOLE-- [fill = 0]
                  000067dc    0000000c     uartstdio.obj (.const:g_ui32UARTBase)
                  000067e8    0000000c     uartstdio.obj (.const:g_ui32UARTPeriph)
                  000067f4    00000004     tasks.obj (.const)
                  000067f8    00000004     uartstdio.obj (.const)

.cinit     0    00006800    00000050     
                  00006800    00000015     (.cinit..data.load) [load image, compression = lzss]
                  00006815    00000003     --HOLE-- [fill = 0]
                  00006818    0000000c     (__TI_handler_table)
                  00006824    00000004     --HOLE-- [fill = 0]
                  00006828    00000008     (.cinit..bss.load) [load image, compression = zero_init]
                  00006830    00000008     (.cinit..vtable.load) [load image, compression = zero_init]
                  00006838    00000018     (__TI_cinit_table)

.init_array 
*          0    00000000    00000000     UNINITIALIZED

.vtable    0    20000000    0000026c     UNINITIALIZED
                  20000000    0000026c     driverlib.lib : interrupt.obj (.vtable)

.bss       0    2000026c    00005120     UNINITIALIZED
                  2000026c    00004f10     heap_2.obj (.bss:ucHeap)
                  2000517c    00000140     tasks.obj (.bss:pxReadyTasksLists)
                  200052bc    00000050     (.common:xQueueRegistry)
                  2000530c    00000014     tasks.obj (.bss:xDelayedTaskList1)
                  20005320    00000014     tasks.obj (.bss:xDelayedTaskList2)
                  20005334    00000014     tasks.obj (.bss:xPendingReadyList)
                  20005348    00000014     tasks.obj (.bss:xSuspendedTaskList)
                  2000535c    00000014     tasks.obj (.bss:xTasksWaitingTermination)
                  20005370    00000008     tasks.obj (.bss)
                  20005378    00000008     heap_2.obj (.bss:xEnd)
                  20005380    00000008     heap_2.obj (.bss:xStart)
                  20005388    00000004     (.common:I2C1_Semphr)

.data      0    20005590    00000051     UNINITIALIZED
                  20005590    00000034     tasks.obj (.data)
                  200055c4    00000008     heap_2.obj (.data)
                  200055cc    00000005     uartstdio.obj (.data)
                  200055d1    00000003     rtos_hw_drivers.obj (.data)
                  200055d4    00000004     drv8825.obj (.data)
                  200055d8    00000004     port.obj (.data)
                  200055dc    00000004     rtsv7M4_T_le_v4SPD16_eabi.lib : errno.c.obj (.data)
                  200055e0    00000001     AS7341.obj (.data)

.stack     0    20005390    00000200     UNINITIALIZED
                  20005390    00000004     rtsv7M4_T_le_v4SPD16_eabi.lib : boot_cortex_m.c.obj (.stack)
                  20005394    000001fc     --HOLE--

__llvm_prf_cnts 
*          0    20000000    00000000     UNINITIALIZED

MODULE SUMMARY

       Module                         code    ro data   rw data
       ------                         ----    -------   -------
    ./
       tm4c123gh6pm_startup_ccs.obj   12      620       0      
       hello.obj                      516     0         0      
    +--+------------------------------+-------+---------+---------+
       Total:                         528     620       0      
                                                               
    ./FreeRTOS/Source/
       tasks.obj                      8448    4         480    
       queue.obj                      3416    0         80     
       list.obj                       298     0         0      
    +--+------------------------------+-------+---------+---------+
       Total:                         12162   4         560    
                                                               
    ./FreeRTOS/Source/portable/CCS/ARM_CM4F/
       port.obj                       316     4         4      
       portasm.obj                    218     0         0      
    +--+------------------------------+-------+---------+---------+
       Total:                         534     4         4      
                                                               
    ./FreeRTOS/Source/portable/MemMang/
       heap_2.obj                     588     0         20264  
    +--+------------------------------+-------+---------+---------+
       Total:                         588     0         20264  
                                                               
    ./SpecLibs/AS7341/
       AS7341.obj                     3590    0         5      
    +--+------------------------------+-------+---------+---------+
       Total:                         3590    0         5      
                                                               
    ./SpecLibs/DRV8825/
       drv8825.obj                    1520    0         4      
    +--+------------------------------+-------+---------+---------+
       Total:                         1520    0         4      
                                                               
    ./drivers/
       rtos_hw_drivers.obj            708     0         3      
    +--+------------------------------+-------+---------+---------+
       Total:                         708     0         3      
                                                               
    ./utils/
       uartstdio.obj                  1256    46        5      
    +--+------------------------------+-------+---------+---------+
       Total:                         1256    46        5      
                                                               
    /home/jao/curso/ufsm/Mestrado/Dissertacao/Pototip_DeVereda/ProjetoPrototipo/Tiva/EK-TM4C/driverlib/ccs/Debug/driverlib.lib
       interrupt.obj                  276     40        620    
       gpio.obj                       762     144       0      
       sysctl.obj                     438     108       0      
       pwm.obj                        128     0         0      
       i2c.obj                        122     0         0      
       cpu.obj                        12      0         0      
       uart.obj                       6       0         0      
    +--+------------------------------+-------+---------+---------+
       Total:                         1744    292       620    
                                                               
    /home/jao/ti/ccs1010/ccs/tools/compiler/ti-cgt-arm_20.2.1.LTS/lib/rtsv7M4_T_le_v4SPD16_eabi.lib
       e_exp.c.obj                    808     48        0      
       fd_add_t2.asm.obj              438     0         0      
       fd_div_t2.asm.obj              310     0         0      
       fd_cmp_t2.asm.obj              268     0         0      
       fd_mul_t2.asm.obj              252     0         0      
       memcpy_t2.asm.obj              156     0         0      
       memset_t2.asm.obj              122     0         0      
       fd_tos_t2.asm.obj              110     0         0      
       copy_decompress_lzss.c.obj     104     0         0      
       fd_toi_t2.asm.obj              72      0         0      
       autoinit.c.obj                 68      0         0      
       u_divt2.asm.obj                64      0         0      
       fs_tod_t2.asm.obj              56      0         0      
       boot_cortex_m.c.obj            52      0         0      
       i_tofd_t2.asm.obj              46      0         0      
       copy_decompress_none.c.obj     14      0         0      
       copy_zero_init.c.obj           12      0         0      
       errno.c.obj                    8       0         4      
       exit.c.obj                     4       0         0      
       pre_init.c.obj                 4       0         0      
       div0.asm.obj                   2       0         0      
    +--+------------------------------+-------+---------+---------+
       Total:                         2970    48        4      
                                                               
       Stack:                         0       0         512    
       Linker Generated:              0       73        0      
    +--+------------------------------+-------+---------+---------+
       Grand Total:                   25600   1087      21981  


LINKER GENERATED COPY TABLES

__TI_cinit_table @ 00006838 records: 3, size/record: 8, table size: 24
	.data: load addr=00006800, load size=00000015 bytes, run addr=20005590, run size=00000051 bytes, compression=lzss
	.bss: load addr=00006828, load size=00000008 bytes, run addr=2000026c, run size=00005120 bytes, compression=zero_init
	.vtable: load addr=00006830, load size=00000008 bytes, run addr=20000000, run size=0000026c bytes, compression=zero_init


LINKER GENERATED HANDLER TABLE

__TI_handler_table @ 00006818 records: 3, size/record: 4, table size: 12
	index: 0, handler: __TI_zero_init
	index: 1, handler: __TI_decompress_lzss
	index: 2, handler: __TI_decompress_none


GLOBAL SYMBOLS: SORTED ALPHABETICALLY BY Name 

address   name                               
-------   ----                               
000027ed  AS7341_ADC_Config                  
0000278b  AS7341_ADC_TimingConfig            
00002b75  AS7341_BankAcessSet                
000051dd  AS7341_Begin                       
00003113  AS7341_Boot                        
00002a5f  AS7341_BufferConfig                
00002a2b  AS7341_BufferData                  
0000288d  AS7341_DeviceStatus                
00002649  AS7341_DevivceConfig               
00002b15  AS7341_DisableSpecMen              
000025eb  AS7341_Enable                      
00002ae5  AS7341_EnableSpecMen               
00002885  AS7341_InterruptionConfig          
00002971  AS7341_OtherConfig                 
00002b45  AS7341_PowerOff                    
00002cb7  AS7341_SMUXEnable                  
00002c05  AS7341_SetAcessAndRead             
00002bdd  AS7341_SetAcessAndWrite            
00002d11  AS7341_SetI2cRegSMUX               
00002c2b  AS7341_SetSMUX                     
000028e1  AS7341_SpecData                    
0000296d  AS7341_SpecStatus                  
00002ce7  AS7341_WriteI2cReg2SMUX_Sel        
0000257d  AS7341_i2cInit                     
00002489  AS7341_read                        
000024e1  AS7341_readMultiples               
000023af  AS7341_write                       
000023ff  AS7341_writeMultiples              
00003f3b  AnalogInit                         
200055e0  BankAcessControlValue              
00004f11  ButtonsInit                        
00004e6b  ButtonsPoll                        
0000666d  C$$EXIT                            
000065df  CPUcpsid                           
0000644f  GPIODirModeSet                     
00006645  GPIOIntClear                       
000065b5  GPIOIntDisable                     
000065eb  GPIOIntEnable                      
000065c3  GPIOIntStatus                      
00006159  GPIOIntTypeSet                     
00005599  GPIOPadConfigSet                   
000061b1  GPIOPinConfigure                   
00006505  GPIOPinTypeGPIOInput               
000064bb  GPIOPinTypeGPIOOutput              
0000651b  GPIOPinTypeI2C                     
00006531  GPIOPinTypeI2CSCL                  
00006547  GPIOPinTypePWM                     
0000664b  GPIOPinWrite                       
00004205  GPIOPortE_Handler                  
000064d5  GPIOUnlockPin                      
0000236d  I2C1_IntHandler                    
20005388  I2C1_Semphr                        
0000665d  I2CMasterControl                   
00006661  I2CMasterDataGet                   
00006665  I2CMasterDataPut                   
0000661b  I2CMasterEnable                    
000061fd  I2CMasterInitExpClk                
00006625  I2CMasterIntClear                  
0000662d  I2CMasterIntEnableEx               
00006635  I2CMasterSlaveAddrSet              
00006021  IntDisable                         
00006089  IntEnable                          
00006595  IntMasterDisable                   
00006385  IntRegister                        
00004e43  LEDRead                            
00004db1  LEDWrite                           
00004321  NemaConfig                         
00004289  NemaInterruptionConfig             
0000647b  PWMGenConfigure                    
000065f7  PWMGenEnable                       
00006571  PWMGenPeriodGet                    
000065a5  PWMGenPeriodSet                    
00006583  PWMOutputState                     
0000649d  PWMPulseWidthSet                   
00003ecd  PWM_SetDutyCycle                   
00004ccd  PinoutSet                          
0000660f  ResetISR                           
000043d5  StepLoop                           
00005aa1  SysCtlClockGet                     
00006651  SysCtlDelay                        
000064ed  SysCtlPWMClockGet                  
0000655d  SysCtlPWMClockSet                  
000063b9  SysCtlPeripheralEnable             
00006315  SysCtlPeripheralReady              
0000400f  TrigggerPWMSigmoidFrequency        
00006657  UARTClockSourceSet                 
000044bd  UARTStdioConfig                    
0000463f  UARTgetc                           
00004579  UARTgets                           
0000496f  UARTprintf                         
00004675  UARTvprintf                        
0000451d  UARTwrite                          
00002399  WaitACK                            
20005590  __STACK_END                        
00000200  __STACK_SIZE                       
20005590  __STACK_TOP                        
00006838  __TI_CINIT_Base                    
00006850  __TI_CINIT_Limit                   
00006818  __TI_Handler_Table_Base            
00006824  __TI_Handler_Table_Limit           
00006291  __TI_auto_init_nobinit_nopinit     
000060f1  __TI_decompress_lzss               
000065d1  __TI_decompress_none               
ffffffff  __TI_pprof_out_hndl                
ffffffff  __TI_prof_data_size                
ffffffff  __TI_prof_data_start               
00000000  __TI_static_base__                 
00006603  __TI_zero_init                     
00005e2b  __aeabi_cdcmpeq                    
00005e2b  __aeabi_cdcmple                    
00005eb1  __aeabi_cdrcmple                   
00005fb1  __aeabi_d2f                        
00006249  __aeabi_d2iz                       
000053eb  __aeabi_dadd                       
00005841  __aeabi_ddiv                       
00005bb9  __aeabi_dmul                       
000053e1  __aeabi_dsub                       
0000663d  __aeabi_errno_addr                 
0000634d  __aeabi_f2d                        
00006421  __aeabi_i2d                        
00003173  __aeabi_idiv0                      
00003173  __aeabi_ldiv0                      
00005f37  __aeabi_memclr                     
00005f37  __aeabi_memclr4                    
00005f37  __aeabi_memclr8                    
00005d8f  __aeabi_memcpy                     
00005d8f  __aeabi_memcpy4                    
00005d8f  __aeabi_memcpy8                    
00005f39  __aeabi_memset                     
00005f39  __aeabi_memset4                    
00005f39  __aeabi_memset8                    
000062d5  __aeabi_uidiv                      
000062d5  __aeabi_uidivmod                   
ffffffff  __binit__                          
ffffffff  __c_args__                         
UNDEFED   __mpu_init                         
20005390  __stack                            
20000000  __start___llvm_prf_cnts            
20000000  __stop___llvm_prf_cnts             
000063ed  _c_int00_noargs                    
UNDEFED   _system_post_cinit                 
00006669  _system_pre_init                   
0000666d  abort                              
ffffffff  binit                              
00000631  eTaskGetState                      
200055dc  errno                              
000049a5  exp                                
000049a5  expl                               
20000000  g_pfnRAMVectors                    
00000000  g_pfnVectors                       
00003fd7  getPWMFrequency                    
000052db  main                               
00005d8f  memcpy                             
00005f3f  memset                             
00003e3f  pcQueueGetName                     
00000dd9  pcTaskGetName                      
0000513d  pvPortCalloc                       
00004f91  pvPortMalloc                       
00001b9b  pvTaskIncrementMutexHeldCount      
20005590  pxCurrentTCB                       
00005705  pxPortInitialiseStack              
000030c1  readChannels                       
00003f8d  sigmoid                            
00003b6b  ucQueueGetQueueType                
0000676c  ulMaxSyscallInterruptPriority      
00005cc5  ulPortGetIPSR                      
00001bbd  ulTaskGenericNotifyTake            
00002229  ulTaskGenericNotifyValueClear      
00005a59  uxListRemove                       
00003b4b  uxQueueGetQueueNumber              
00003ae9  uxQueueMessagesWaiting             
00003b1f  uxQueueMessagesWaitingFromISR      
00003aff  uxQueueSpacesAvailable             
00000dc9  uxTaskGetNumberOfTasks             
000017e9  uxTaskGetStackHighWaterMark        
00000e15  uxTaskGetSystemState               
00001565  uxTaskGetTaskNumber                
000006f3  uxTaskPriorityGet                  
0000071d  uxTaskPriorityGetFromISR           
00001b79  uxTaskResetEventItemValue          
000067f4  uxTopUsedPriority                  
00005385  vApplicationIdleHook               
00005387  vApplicationStackOverflowHook      
00005383  vApplicationTickHook               
00005977  vListInitialise                    
000059a7  vListInitialiseItem                
000059f3  vListInsert                        
000059b7  vListInsertEnd                     
00005d81  vPortEnableVFP                     
000057a5  vPortEndScheduler                  
000057a7  vPortEnterCritical                 
000057c7  vPortExitCritical                  
000050b7  vPortFree                          
0000513b  vPortInitialiseBlocks              
00005d3d  vPortSVCHandler                    
00005803  vPortSetupTimerInterrupt           
00005d5d  vPortStartFirstTask                
00003dd1  vQueueAddToRegistry                
00003b35  vQueueDelete                       
00003b59  vQueueSetQueueNumber               
00003e7f  vQueueUnregisterQueue              
000005e3  vTaskDelay                         
0000049b  vTaskDelete                        
00000bdf  vTaskEndScheduler                  
00002081  vTaskGenericNotifyGiveFromISR      
00001659  vTaskGetInfo                       
000014b9  vTaskInternalSetTimeOutState       
0000155d  vTaskMissedYield                   
00001193  vTaskPlaceOnEventList              
000011b9  vTaskPlaceOnUnorderedEventList     
00001a75  vTaskPriorityDisinheritAfterTimeout
00000765  vTaskPrioritySet                   
00001391  vTaskRemoveFromUnorderedEventList  
000009f3  vTaskResume                        
00001585  vTaskSetTaskNumber                 
0000149b  vTaskSetTimeOutState               
00000b95  vTaskStartScheduler                
000008c1  vTaskSuspend                       
00000bfb  vTaskSuspendAll                    
000010f1  vTaskSwitchContext                 
000041d9  xDebaunceKey                       
200055d4  xDebaunceKeyHandle                 
00005135  xPortGetFreeHeapSize               
00005cdd  xPortPendSVHandler                 
0000576f  xPortStartScheduler                
000057dd  xPortSysTickHandler                
00003321  xQueueCreateMutex                  
00003247  xQueueGenericCreate                
00003175  xQueueGenericReset                 
000033cd  xQueueGenericSend                  
000034fd  xQueueGenericSendFromISR           
000035af  xQueueGiveFromISR                  
0000334d  xQueueGiveMutexRecursive           
00003d65  xQueueIsQueueEmptyFromISR          
00003dab  xQueueIsQueueFullFromISR           
000038cb  xQueuePeek                         
00003a97  xQueuePeekFromISR                  
00003653  xQueueReceive                      
000039ed  xQueueReceiveFromISR               
200052bc  xQueueRegistry                     
00003771  xQueueSemaphoreTake                
00003389  xQueueTakeMutexRecursive           
00000eed  xTaskCatchUpTicks                  
000014d9  xTaskCheckForTimeOut               
0000026d  xTaskCreate                        
00000553  xTaskDelayUntil                    
00001d23  xTaskGenericNotify                 
00001ea9  xTaskGenericNotifyFromISR          
000021d9  xTaskGenericNotifyStateClear       
00001c61  xTaskGenericNotifyWait             
0000184f  xTaskGetCurrentTaskHandle          
00000d9d  xTaskGetTickCount                  
00000db1  xTaskGetTickCountFromISR           
00000f25  xTaskIncrementTick                 
0000199f  xTaskPriorityDisinherit            
00001889  xTaskPriorityInherit               
00001225  xTaskRemoveFromEventList           
00000c11  xTaskResumeAll                     
00000abd  xTaskResumeFromISR                 


GLOBAL SYMBOLS: SORTED BY Symbol Address 

address   name                               
-------   ----                               
00000000  __TI_static_base__                 
00000000  g_pfnVectors                       
00000200  __STACK_SIZE                       
0000026d  xTaskCreate                        
0000049b  vTaskDelete                        
00000553  xTaskDelayUntil                    
000005e3  vTaskDelay                         
00000631  eTaskGetState                      
000006f3  uxTaskPriorityGet                  
0000071d  uxTaskPriorityGetFromISR           
00000765  vTaskPrioritySet                   
000008c1  vTaskSuspend                       
000009f3  vTaskResume                        
00000abd  xTaskResumeFromISR                 
00000b95  vTaskStartScheduler                
00000bdf  vTaskEndScheduler                  
00000bfb  vTaskSuspendAll                    
00000c11  xTaskResumeAll                     
00000d9d  xTaskGetTickCount                  
00000db1  xTaskGetTickCountFromISR           
00000dc9  uxTaskGetNumberOfTasks             
00000dd9  pcTaskGetName                      
00000e15  uxTaskGetSystemState               
00000eed  xTaskCatchUpTicks                  
00000f25  xTaskIncrementTick                 
000010f1  vTaskSwitchContext                 
00001193  vTaskPlaceOnEventList              
000011b9  vTaskPlaceOnUnorderedEventList     
00001225  xTaskRemoveFromEventList           
00001391  vTaskRemoveFromUnorderedEventList  
0000149b  vTaskSetTimeOutState               
000014b9  vTaskInternalSetTimeOutState       
000014d9  xTaskCheckForTimeOut               
0000155d  vTaskMissedYield                   
00001565  uxTaskGetTaskNumber                
00001585  vTaskSetTaskNumber                 
00001659  vTaskGetInfo                       
000017e9  uxTaskGetStackHighWaterMark        
0000184f  xTaskGetCurrentTaskHandle          
00001889  xTaskPriorityInherit               
0000199f  xTaskPriorityDisinherit            
00001a75  vTaskPriorityDisinheritAfterTimeout
00001b79  uxTaskResetEventItemValue          
00001b9b  pvTaskIncrementMutexHeldCount      
00001bbd  ulTaskGenericNotifyTake            
00001c61  xTaskGenericNotifyWait             
00001d23  xTaskGenericNotify                 
00001ea9  xTaskGenericNotifyFromISR          
00002081  vTaskGenericNotifyGiveFromISR      
000021d9  xTaskGenericNotifyStateClear       
00002229  ulTaskGenericNotifyValueClear      
0000236d  I2C1_IntHandler                    
00002399  WaitACK                            
000023af  AS7341_write                       
000023ff  AS7341_writeMultiples              
00002489  AS7341_read                        
000024e1  AS7341_readMultiples               
0000257d  AS7341_i2cInit                     
000025eb  AS7341_Enable                      
00002649  AS7341_DevivceConfig               
0000278b  AS7341_ADC_TimingConfig            
000027ed  AS7341_ADC_Config                  
00002885  AS7341_InterruptionConfig          
0000288d  AS7341_DeviceStatus                
000028e1  AS7341_SpecData                    
0000296d  AS7341_SpecStatus                  
00002971  AS7341_OtherConfig                 
00002a2b  AS7341_BufferData                  
00002a5f  AS7341_BufferConfig                
00002ae5  AS7341_EnableSpecMen               
00002b15  AS7341_DisableSpecMen              
00002b45  AS7341_PowerOff                    
00002b75  AS7341_BankAcessSet                
00002bdd  AS7341_SetAcessAndWrite            
00002c05  AS7341_SetAcessAndRead             
00002c2b  AS7341_SetSMUX                     
00002cb7  AS7341_SMUXEnable                  
00002ce7  AS7341_WriteI2cReg2SMUX_Sel        
00002d11  AS7341_SetI2cRegSMUX               
000030c1  readChannels                       
00003113  AS7341_Boot                        
00003173  __aeabi_idiv0                      
00003173  __aeabi_ldiv0                      
00003175  xQueueGenericReset                 
00003247  xQueueGenericCreate                
00003321  xQueueCreateMutex                  
0000334d  xQueueGiveMutexRecursive           
00003389  xQueueTakeMutexRecursive           
000033cd  xQueueGenericSend                  
000034fd  xQueueGenericSendFromISR           
000035af  xQueueGiveFromISR                  
00003653  xQueueReceive                      
00003771  xQueueSemaphoreTake                
000038cb  xQueuePeek                         
000039ed  xQueueReceiveFromISR               
00003a97  xQueuePeekFromISR                  
00003ae9  uxQueueMessagesWaiting             
00003aff  uxQueueSpacesAvailable             
00003b1f  uxQueueMessagesWaitingFromISR      
00003b35  vQueueDelete                       
00003b4b  uxQueueGetQueueNumber              
00003b59  vQueueSetQueueNumber               
00003b6b  ucQueueGetQueueType                
00003d65  xQueueIsQueueEmptyFromISR          
00003dab  xQueueIsQueueFullFromISR           
00003dd1  vQueueAddToRegistry                
00003e3f  pcQueueGetName                     
00003e7f  vQueueUnregisterQueue              
00003ecd  PWM_SetDutyCycle                   
00003f3b  AnalogInit                         
00003f8d  sigmoid                            
00003fd7  getPWMFrequency                    
0000400f  TrigggerPWMSigmoidFrequency        
000041d9  xDebaunceKey                       
00004205  GPIOPortE_Handler                  
00004289  NemaInterruptionConfig             
00004321  NemaConfig                         
000043d5  StepLoop                           
000044bd  UARTStdioConfig                    
0000451d  UARTwrite                          
00004579  UARTgets                           
0000463f  UARTgetc                           
00004675  UARTvprintf                        
0000496f  UARTprintf                         
000049a5  exp                                
000049a5  expl                               
00004ccd  PinoutSet                          
00004db1  LEDWrite                           
00004e43  LEDRead                            
00004e6b  ButtonsPoll                        
00004f11  ButtonsInit                        
00004f91  pvPortMalloc                       
000050b7  vPortFree                          
00005135  xPortGetFreeHeapSize               
0000513b  vPortInitialiseBlocks              
0000513d  pvPortCalloc                       
000051dd  AS7341_Begin                       
000052db  main                               
00005383  vApplicationTickHook               
00005385  vApplicationIdleHook               
00005387  vApplicationStackOverflowHook      
000053e1  __aeabi_dsub                       
000053eb  __aeabi_dadd                       
00005599  GPIOPadConfigSet                   
00005705  pxPortInitialiseStack              
0000576f  xPortStartScheduler                
000057a5  vPortEndScheduler                  
000057a7  vPortEnterCritical                 
000057c7  vPortExitCritical                  
000057dd  xPortSysTickHandler                
00005803  vPortSetupTimerInterrupt           
00005841  __aeabi_ddiv                       
00005977  vListInitialise                    
000059a7  vListInitialiseItem                
000059b7  vListInsertEnd                     
000059f3  vListInsert                        
00005a59  uxListRemove                       
00005aa1  SysCtlClockGet                     
00005bb9  __aeabi_dmul                       
00005cc5  ulPortGetIPSR                      
00005cdd  xPortPendSVHandler                 
00005d3d  vPortSVCHandler                    
00005d5d  vPortStartFirstTask                
00005d81  vPortEnableVFP                     
00005d8f  __aeabi_memcpy                     
00005d8f  __aeabi_memcpy4                    
00005d8f  __aeabi_memcpy8                    
00005d8f  memcpy                             
00005e2b  __aeabi_cdcmpeq                    
00005e2b  __aeabi_cdcmple                    
00005eb1  __aeabi_cdrcmple                   
00005f37  __aeabi_memclr                     
00005f37  __aeabi_memclr4                    
00005f37  __aeabi_memclr8                    
00005f39  __aeabi_memset                     
00005f39  __aeabi_memset4                    
00005f39  __aeabi_memset8                    
00005f3f  memset                             
00005fb1  __aeabi_d2f                        
00006021  IntDisable                         
00006089  IntEnable                          
000060f1  __TI_decompress_lzss               
00006159  GPIOIntTypeSet                     
000061b1  GPIOPinConfigure                   
000061fd  I2CMasterInitExpClk                
00006249  __aeabi_d2iz                       
00006291  __TI_auto_init_nobinit_nopinit     
000062d5  __aeabi_uidiv                      
000062d5  __aeabi_uidivmod                   
00006315  SysCtlPeripheralReady              
0000634d  __aeabi_f2d                        
00006385  IntRegister                        
000063b9  SysCtlPeripheralEnable             
000063ed  _c_int00_noargs                    
00006421  __aeabi_i2d                        
0000644f  GPIODirModeSet                     
0000647b  PWMGenConfigure                    
0000649d  PWMPulseWidthSet                   
000064bb  GPIOPinTypeGPIOOutput              
000064d5  GPIOUnlockPin                      
000064ed  SysCtlPWMClockGet                  
00006505  GPIOPinTypeGPIOInput               
0000651b  GPIOPinTypeI2C                     
00006531  GPIOPinTypeI2CSCL                  
00006547  GPIOPinTypePWM                     
0000655d  SysCtlPWMClockSet                  
00006571  PWMGenPeriodGet                    
00006583  PWMOutputState                     
00006595  IntMasterDisable                   
000065a5  PWMGenPeriodSet                    
000065b5  GPIOIntDisable                     
000065c3  GPIOIntStatus                      
000065d1  __TI_decompress_none               
000065df  CPUcpsid                           
000065eb  GPIOIntEnable                      
000065f7  PWMGenEnable                       
00006603  __TI_zero_init                     
0000660f  ResetISR                           
0000661b  I2CMasterEnable                    
00006625  I2CMasterIntClear                  
0000662d  I2CMasterIntEnableEx               
00006635  I2CMasterSlaveAddrSet              
0000663d  __aeabi_errno_addr                 
00006645  GPIOIntClear                       
0000664b  GPIOPinWrite                       
00006651  SysCtlDelay                        
00006657  UARTClockSourceSet                 
0000665d  I2CMasterControl                   
00006661  I2CMasterDataGet                   
00006665  I2CMasterDataPut                   
00006669  _system_pre_init                   
0000666d  C$$EXIT                            
0000666d  abort                              
0000676c  ulMaxSyscallInterruptPriority      
000067f4  uxTopUsedPriority                  
00006818  __TI_Handler_Table_Base            
00006824  __TI_Handler_Table_Limit           
00006838  __TI_CINIT_Base                    
00006850  __TI_CINIT_Limit                   
20000000  __start___llvm_prf_cnts            
20000000  __stop___llvm_prf_cnts             
20000000  g_pfnRAMVectors                    
200052bc  xQueueRegistry                     
20005388  I2C1_Semphr                        
20005390  __stack                            
20005590  __STACK_END                        
20005590  __STACK_TOP                        
20005590  pxCurrentTCB                       
200055d4  xDebaunceKeyHandle                 
200055dc  errno                              
200055e0  BankAcessControlValue              
ffffffff  __TI_pprof_out_hndl                
ffffffff  __TI_prof_data_size                
ffffffff  __TI_prof_data_start               
ffffffff  __binit__                          
ffffffff  __c_args__                         
ffffffff  binit                              
UNDEFED   __mpu_init                         
UNDEFED   _system_post_cinit                 

[259 symbols]
