******************************************************************************
                  TI ARM Linker Unix v20.2.1                   
******************************************************************************
>> Linked Wed Aug 21 15:51:17 2024

OUTPUT FILE NAME:   <Nema17.out>
ENTRY POINT SYMBOL: "_c_int00_noargs"  address: 00006939


MEMORY CONFIGURATION

         name            origin    length      used     unused   attr    fill
----------------------  --------  ---------  --------  --------  ----  --------
  FLASH                 00000000   00040000  00006dd4  0003922c  R  X
  SRAM                  20000000   00008000  000055e1  00002a1f  RW X


SEGMENT ALLOCATION MAP

run origin  load origin   length   init length attrs members
----------  ----------- ---------- ----------- ----- -------
00000000    00000000    00006dd8   00006dd8    r-x
  00000000    00000000    0000026c   0000026c    r-- .intvecs
  0000026c    0000026c    0000698c   0000698c    r-x .text
  00006bf8    00006bf8    0000018c   0000018c    r-- .const
  00006d88    00006d88    00000050   00000050    r-- .cinit
20000000    20000000    000055e1   00000000    rw-
  20000000    20000000    0000026c   00000000    rw- .vtable
  2000026c    2000026c    00005124   00000000    rw- .bss
  20005390    20005390    00000200   00000000    rw- .stack
  20005590    20005590    00000051   00000000    rw- .data


SECTION ALLOCATION MAP

 output                                  attributes/
section   page    origin      length       input sections
--------  ----  ----------  ----------   ----------------
.intvecs   0    00000000    0000026c     
                  00000000    0000026c     tm4c123gh6pm_startup_ccs.obj (.intvecs)

.text      0    0000026c    0000698c     
                  0000026c    00002100     tasks.obj (.text)
                  0000236c    0000123c     AS7341.obj (.text)
                  000035a8    00000d58     queue.obj (.text)
                  00004300    000005f0     drv8825.obj (.text)
                  000048f0    000004e8     uartstdio.obj (.text)
                  00004dd8    00000328     rtsv7M4_T_le_v4SPD16_eabi.lib : e_exp.c.obj (.text:exp)
                  00005100    0000031c     hello.obj (.text)
                  0000541c    000002c4     rtos_hw_drivers.obj (.text)
                  000056e0    0000024c     heap_2.obj (.text)
                  0000592c    000001b6     rtsv7M4_T_le_v4SPD16_eabi.lib : fd_add_t2.asm.obj (.text)
                  00005ae2    00000002                                   : div0.asm.obj (.text)
                  00005ae4    0000016c     driverlib.lib : gpio.obj (.text:GPIOPadConfigSet)
                  00005c50    0000013c     port.obj (.text)
                  00005d8c    00000136     rtsv7M4_T_le_v4SPD16_eabi.lib : fd_div_t2.asm.obj (.text)
                  00005ec2    0000012a     list.obj (.text)
                  00005fec    00000118     driverlib.lib : sysctl.obj (.text:SysCtlClockGet)
                  00006104    000000fc     rtsv7M4_T_le_v4SPD16_eabi.lib : fd_mul_t2.asm.obj (.text)
                  00006200    000000da     portasm.obj (.text)
                  000062da    0000009c     rtsv7M4_T_le_v4SPD16_eabi.lib : memcpy_t2.asm.obj (.text)
                  00006376    00000086                                   : fd_cmp_t2.asm.obj (.text:__aeabi_cdcmple)
                  000063fc    00000086                                   : fd_cmp_t2.asm.obj (.text:__aeabi_cdrcmple)
                  00006482    0000007a                                   : memset_t2.asm.obj (.text)
                  000064fc    0000006e                                   : fd_tos_t2.asm.obj (.text)
                  0000656a    00000002     --HOLE-- [fill = 0]
                  0000656c    00000068     driverlib.lib : interrupt.obj (.text:IntDisable)
                  000065d4    00000068                   : interrupt.obj (.text:IntEnable)
                  0000663c    00000068     rtsv7M4_T_le_v4SPD16_eabi.lib : copy_decompress_lzss.c.obj (.text:decompress:lzss:__TI_decompress_lzss)
                  000066a4    00000058     driverlib.lib : gpio.obj (.text:GPIOIntTypeSet)
                  000066fc    0000004c                   : gpio.obj (.text:GPIOPinConfigure)
                  00006748    0000004c                   : i2c.obj (.text:I2CMasterInitExpClk)
                  00006794    00000048     rtsv7M4_T_le_v4SPD16_eabi.lib : fd_toi_t2.asm.obj (.text)
                  000067dc    00000044                                   : autoinit.c.obj (.text:__TI_auto_init_nobinit_nopinit:__TI_auto_init_nobinit_nopinit)
                  00006820    00000040                                   : u_divt2.asm.obj (.text)
                  00006860    00000038     driverlib.lib : sysctl.obj (.text:SysCtlPeripheralReady)
                  00006898    00000038     rtsv7M4_T_le_v4SPD16_eabi.lib : fs_tod_t2.asm.obj (.text)
                  000068d0    00000034     driverlib.lib : interrupt.obj (.text:IntRegister)
                  00006904    00000034                   : sysctl.obj (.text:SysCtlPeripheralEnable)
                  00006938    00000034     rtsv7M4_T_le_v4SPD16_eabi.lib : boot_cortex_m.c.obj (.text:_c_int00_noargs:_c_int00_noargs)
                  0000696c    0000002e                                   : i_tofd_t2.asm.obj (.text)
                  0000699a    0000002c     driverlib.lib : gpio.obj (.text:GPIODirModeSet)
                  000069c6    00000022                   : pwm.obj (.text:PWMGenConfigure)
                  000069e8    00000020     rtsv7M4_T_le_v4SPD16_eabi.lib : u_tofd_t2.asm.obj (.text)
                  00006a08    0000001e     driverlib.lib : pwm.obj (.text:PWMPulseWidthSet)
                  00006a26    0000001a                   : gpio.obj (.text:GPIOPinTypeGPIOOutput)
                  00006a40    00000018                   : gpio.obj (.text:GPIOUnlockPin)
                  00006a58    00000018                   : sysctl.obj (.text:SysCtlPWMClockGet)
                  00006a70    00000016                   : gpio.obj (.text:GPIOPinTypeGPIOInput)
                  00006a86    00000016                   : gpio.obj (.text:GPIOPinTypeI2C)
                  00006a9c    00000016                   : gpio.obj (.text:GPIOPinTypeI2CSCL)
                  00006ab2    00000016                   : gpio.obj (.text:GPIOPinTypePWM)
                  00006ac8    00000014                   : sysctl.obj (.text:SysCtlPWMClockSet)
                  00006adc    00000012                   : pwm.obj (.text:PWMGenPeriodGet)
                  00006aee    00000012                   : pwm.obj (.text:PWMOutputState)
                  00006b00    00000010                   : interrupt.obj (.text:IntMasterDisable)
                  00006b10    00000010                   : interrupt.obj (.text:IntMasterEnable)
                  00006b20    00000010                   : pwm.obj (.text:PWMGenPeriodSet)
                  00006b30    0000000e                   : gpio.obj (.text:GPIOIntDisable)
                  00006b3e    0000000e                   : gpio.obj (.text:GPIOIntStatus)
                  00006b4c    0000000e     rtsv7M4_T_le_v4SPD16_eabi.lib : copy_decompress_none.c.obj (.text:decompress:none:__TI_decompress_none)
                  00006b5a    0000000c     driverlib.lib : cpu.obj (.text:CPUcpsid)
                  00006b66    0000000c                   : cpu.obj (.text:CPUcpsie)
                  00006b72    0000000c                   : gpio.obj (.text:GPIOIntEnable)
                  00006b7e    0000000c                   : pwm.obj (.text:PWMGenEnable)
                  00006b8a    0000000c     rtsv7M4_T_le_v4SPD16_eabi.lib : copy_zero_init.c.obj (.text:decompress:ZI:__TI_zero_init)
                  00006b96    0000000c     tm4c123gh6pm_startup_ccs.obj (.text)
                  00006ba2    0000000a     driverlib.lib : i2c.obj (.text:I2CMasterEnable)
                  00006bac    00000008                   : i2c.obj (.text:I2CMasterIntClear)
                  00006bb4    00000008                   : i2c.obj (.text:I2CMasterIntEnableEx)
                  00006bbc    00000008                   : i2c.obj (.text:I2CMasterSlaveAddrSet)
                  00006bc4    00000008     rtsv7M4_T_le_v4SPD16_eabi.lib : errno.c.obj (.text:__aeabi_errno_addr)
                  00006bcc    00000006     driverlib.lib : gpio.obj (.text:GPIOIntClear)
                  00006bd2    00000006                   : gpio.obj (.text:GPIOPinWrite)
                  00006bd8    00000006                   : sysctl.obj (.text:SysCtlDelay)
                  00006bde    00000006                   : uart.obj (.text:UARTClockSourceSet)
                  00006be4    00000004                   : i2c.obj (.text:I2CMasterControl)
                  00006be8    00000004                   : i2c.obj (.text:I2CMasterDataGet)
                  00006bec    00000004                   : i2c.obj (.text:I2CMasterDataPut)
                  00006bf0    00000004     rtsv7M4_T_le_v4SPD16_eabi.lib : pre_init.c.obj (.text:_system_pre_init)
                  00006bf4    00000004                                   : exit.c.obj (.text:abort:abort)

.const     0    00006bf8    0000018c     
                  00006bf8    00000090     driverlib.lib : gpio.obj (.const:g_pui32GPIOBaseAddrs)
                  00006c88    0000006c                   : sysctl.obj (.const:g_pui32Xtals)
                  00006cf4    00000004     port.obj (.const)
                  00006cf8    00000030     rtsv7M4_T_le_v4SPD16_eabi.lib : e_exp.c.obj (.const:$O1$$)
                  00006d28    00000014     driverlib.lib : interrupt.obj (.const:g_pui32Dii16Regs)
                  00006d3c    00000014                   : interrupt.obj (.const:g_pui32EnRegs)
                  00006d50    00000012     uartstdio.obj (.const:.string)
                  00006d62    00000002     --HOLE-- [fill = 0]
                  00006d64    0000000c     uartstdio.obj (.const:g_ui32UARTBase)
                  00006d70    0000000c     uartstdio.obj (.const:g_ui32UARTPeriph)
                  00006d7c    00000004     tasks.obj (.const)
                  00006d80    00000004     uartstdio.obj (.const)

.cinit     0    00006d88    00000050     
                  00006d88    00000015     (.cinit..data.load) [load image, compression = lzss]
                  00006d9d    00000003     --HOLE-- [fill = 0]
                  00006da0    0000000c     (__TI_handler_table)
                  00006dac    00000004     --HOLE-- [fill = 0]
                  00006db0    00000008     (.cinit..bss.load) [load image, compression = zero_init]
                  00006db8    00000008     (.cinit..vtable.load) [load image, compression = zero_init]
                  00006dc0    00000018     (__TI_cinit_table)

.init_array 
*          0    00000000    00000000     UNINITIALIZED

.vtable    0    20000000    0000026c     UNINITIALIZED
                  20000000    0000026c     driverlib.lib : interrupt.obj (.vtable)

.bss       0    2000026c    00005124     UNINITIALIZED
                  2000026c    00004f10     heap_2.obj (.bss:ucHeap)
                  2000517c    00000140     tasks.obj (.bss:pxReadyTasksLists)
                  200052bc    00000050     (.common:xQueueRegistry)
                  2000530c    00000014     tasks.obj (.bss:xDelayedTaskList1)
                  20005320    00000014     tasks.obj (.bss:xDelayedTaskList2)
                  20005334    00000014     tasks.obj (.bss:xPendingReadyList)
                  20005348    00000014     tasks.obj (.bss:xSuspendedTaskList)
                  2000535c    00000014     tasks.obj (.bss:xTasksWaitingTermination)
                  20005370    00000008     tasks.obj (.bss)
                  20005378    00000008     heap_2.obj (.bss:xEnd)
                  20005380    00000008     heap_2.obj (.bss:xStart)
                  20005388    00000004     (.common:AS7341_Semphr)
                  2000538c    00000004     (.common:I2C1_Semphr)

.data      0    20005590    00000051     UNINITIALIZED
                  20005590    00000034     tasks.obj (.data)
                  200055c4    00000008     heap_2.obj (.data)
                  200055cc    00000005     uartstdio.obj (.data)
                  200055d1    00000003     rtos_hw_drivers.obj (.data)
                  200055d4    00000004     drv8825.obj (.data)
                  200055d8    00000004     port.obj (.data)
                  200055dc    00000004     rtsv7M4_T_le_v4SPD16_eabi.lib : errno.c.obj (.data)
                  200055e0    00000001     AS7341.obj (.data)

.stack     0    20005390    00000200     UNINITIALIZED
                  20005390    00000004     rtsv7M4_T_le_v4SPD16_eabi.lib : boot_cortex_m.c.obj (.stack)
                  20005394    000001fc     --HOLE--

__llvm_prf_cnts 
*          0    20000000    00000000     UNINITIALIZED

MODULE SUMMARY

       Module                         code    ro data   rw data
       ------                         ----    -------   -------
    ./
       hello.obj                      796     0         0      
       tm4c123gh6pm_startup_ccs.obj   12      620       0      
    +--+------------------------------+-------+---------+---------+
       Total:                         808     620       0      
                                                               
    ./FreeRTOS/Source/
       tasks.obj                      8448    4         480    
       queue.obj                      3416    0         80     
       list.obj                       298     0         0      
    +--+------------------------------+-------+---------+---------+
       Total:                         12162   4         560    
                                                               
    ./FreeRTOS/Source/portable/CCS/ARM_CM4F/
       port.obj                       316     4         4      
       portasm.obj                    218     0         0      
    +--+------------------------------+-------+---------+---------+
       Total:                         534     4         4      
                                                               
    ./FreeRTOS/Source/portable/MemMang/
       heap_2.obj                     588     0         20264  
    +--+------------------------------+-------+---------+---------+
       Total:                         588     0         20264  
                                                               
    ./SpecLibs/AS7341/
       AS7341.obj                     4668    0         9      
    +--+------------------------------+-------+---------+---------+
       Total:                         4668    0         9      
                                                               
    ./SpecLibs/DRV8825/
       drv8825.obj                    1520    0         4      
    +--+------------------------------+-------+---------+---------+
       Total:                         1520    0         4      
                                                               
    ./drivers/
       rtos_hw_drivers.obj            708     0         3      
    +--+------------------------------+-------+---------+---------+
       Total:                         708     0         3      
                                                               
    ./utils/
       uartstdio.obj                  1256    46        5      
    +--+------------------------------+-------+---------+---------+
       Total:                         1256    46        5      
                                                               
    /home/jao/curso/ufsm/Mestrado/Dissertacao/Pototip_DeVereda/ProjetoPrototipo/Tiva/EK-TM4C/driverlib/ccs/Debug/driverlib.lib
       interrupt.obj                  292     40        620    
       gpio.obj                       762     144       0      
       sysctl.obj                     438     108       0      
       pwm.obj                        128     0         0      
       i2c.obj                        122     0         0      
       cpu.obj                        24      0         0      
       uart.obj                       6       0         0      
    +--+------------------------------+-------+---------+---------+
       Total:                         1772    292       620    
                                                               
    /home/jao/ti/ccs1010/ccs/tools/compiler/ti-cgt-arm_20.2.1.LTS/lib/rtsv7M4_T_le_v4SPD16_eabi.lib
       e_exp.c.obj                    808     48        0      
       fd_add_t2.asm.obj              438     0         0      
       fd_div_t2.asm.obj              310     0         0      
       fd_cmp_t2.asm.obj              268     0         0      
       fd_mul_t2.asm.obj              252     0         0      
       memcpy_t2.asm.obj              156     0         0      
       memset_t2.asm.obj              122     0         0      
       fd_tos_t2.asm.obj              110     0         0      
       copy_decompress_lzss.c.obj     104     0         0      
       fd_toi_t2.asm.obj              72      0         0      
       autoinit.c.obj                 68      0         0      
       u_divt2.asm.obj                64      0         0      
       fs_tod_t2.asm.obj              56      0         0      
       boot_cortex_m.c.obj            52      0         0      
       i_tofd_t2.asm.obj              46      0         0      
       u_tofd_t2.asm.obj              32      0         0      
       copy_decompress_none.c.obj     14      0         0      
       copy_zero_init.c.obj           12      0         0      
       errno.c.obj                    8       0         4      
       exit.c.obj                     4       0         0      
       pre_init.c.obj                 4       0         0      
       div0.asm.obj                   2       0         0      
    +--+------------------------------+-------+---------+---------+
       Total:                         3002    48        4      
                                                               
       Stack:                         0       0         512    
       Linker Generated:              0       73        0      
    +--+------------------------------+-------+---------+---------+
       Grand Total:                   27018   1087      21985  


LINKER GENERATED COPY TABLES

__TI_cinit_table @ 00006dc0 records: 3, size/record: 8, table size: 24
	.data: load addr=00006d88, load size=00000015 bytes, run addr=20005590, run size=00000051 bytes, compression=lzss
	.bss: load addr=00006db0, load size=00000008 bytes, run addr=2000026c, run size=00005124 bytes, compression=zero_init
	.vtable: load addr=00006db8, load size=00000008 bytes, run addr=20000000, run size=0000026c bytes, compression=zero_init


LINKER GENERATED HANDLER TABLE

__TI_handler_table @ 00006da0 records: 3, size/record: 4, table size: 12
	index: 0, handler: __TI_zero_init
	index: 1, handler: __TI_decompress_lzss
	index: 2, handler: __TI_decompress_none


GLOBAL SYMBOLS: SORTED ALPHABETICALLY BY Name 

address   name                               
-------   ----                               
00002825  AS7341_ADC_Config                  
000027c3  AS7341_ADC_TimingConfig            
00002de7  AS7341_BankAcessSet                
00005101  AS7341_Begin                       
00003563  AS7341_Boot                        
00002c19  AS7341_BufferConfig                
00002bd5  AS7341_BufferData                  
00002a33  AS7341_DeviceStatus                
00002761  AS7341_DevivceConfig               
00002ccf  AS7341_DisableSpecMen              
00002707  AS7341_Enable                      
00002c9f  AS7341_EnableSpecMen               
0000294b  AS7341_GetIntegrationTimeADC       
00003587  AS7341_GetStatus                   
0000290f  AS7341_GetStepADC                  
0000293b  AS7341_GetTimeADC                  
00002a2f  AS7341_InterruptionConfig          
00002b17  AS7341_OtherConfig                 
00002d7b  AS7341_PowerOff                    
00002cff  AS7341_PowerOn                     
00003359  AS7341_ReadChannels                
00002f3b  AS7341_SMUXEnable                  
20005388  AS7341_Semphr                      
00002e7f  AS7341_SetAcessAndRead             
00002e57  AS7341_SetAcessAndWrite            
000029ff  AS7341_SetGainADC                  
00002f95  AS7341_SetI2cRegSMUX               
00002ea3  AS7341_SetSMUX                     
0000298d  AS7341_SetStepADC                  
000028ed  AS7341_SetTimeADC                  
000029dd  AS7341_SetWtimeADC                 
00002a87  AS7341_SpecData                    
00002b13  AS7341_SpecStatus                  
00002f6b  AS7341_WriteI2cReg2SMUX_Sel        
00002631  AS7341_i2cInit                     
000024ef  AS7341_read                        
00002547  AS7341_readMultiples               
00002415  AS7341_write                       
00002465  AS7341_writeMultiples              
0000436f  AnalogInit                         
200055e0  BankAcessControlValue              
00005661  ButtonsInit                        
000055bb  ButtonsPoll                        
00006bf5  C$$EXIT                            
00006b5b  CPUcpsid                           
00006b67  CPUcpsie                           
0000236d  CheckArray                         
0000699b  GPIODirModeSet                     
00006bcd  GPIOIntClear                       
00006b31  GPIOIntDisable                     
00006b73  GPIOIntEnable                      
00006b3f  GPIOIntStatus                      
000066a5  GPIOIntTypeSet                     
00005ae5  GPIOPadConfigSet                   
000066fd  GPIOPinConfigure                   
00006a71  GPIOPinTypeGPIOInput               
00006a27  GPIOPinTypeGPIOOutput              
00006a87  GPIOPinTypeI2C                     
00006a9d  GPIOPinTypeI2CSCL                  
00006ab3  GPIOPinTypePWM                     
00006bd3  GPIOPinWrite                       
00004639  GPIOPortE_Handler                  
00006a41  GPIOUnlockPin                      
000023d3  I2C1_IntHandler                    
2000538c  I2C1_Semphr                        
00006be5  I2CMasterControl                   
00006be9  I2CMasterDataGet                   
00006bed  I2CMasterDataPut                   
00006ba3  I2CMasterEnable                    
00006749  I2CMasterInitExpClk                
00006bad  I2CMasterIntClear                  
00006bb5  I2CMasterIntEnableEx               
00006bbd  I2CMasterSlaveAddrSet              
0000656d  IntDisable                         
000065d5  IntEnable                          
00006b01  IntMasterDisable                   
00006b11  IntMasterEnable                    
000068d1  IntRegister                        
00005593  LEDRead                            
00005501  LEDWrite                           
00004755  NemaConfig                         
000046bd  NemaInterruptionConfig             
000069c7  PWMGenConfigure                    
00006b7f  PWMGenEnable                       
00006add  PWMGenPeriodGet                    
00006b21  PWMGenPeriodSet                    
00006aef  PWMOutputState                     
00006a09  PWMPulseWidthSet                   
00004301  PWM_SetDutyCycle                   
0000541d  PinoutSet                          
000023a5  PortDIntHanlder                    
00006b97  ResetISR                           
00004809  StepLoop                           
00005fed  SysCtlClockGet                     
00006bd9  SysCtlDelay                        
00006a59  SysCtlPWMClockGet                  
00006ac9  SysCtlPWMClockSet                  
00006905  SysCtlPeripheralEnable             
00006861  SysCtlPeripheralReady              
00004443  TrigggerPWMSigmoidFrequency        
00006bdf  UARTClockSourceSet                 
000048f1  UARTStdioConfig                    
00004a73  UARTgetc                           
000049ad  UARTgets                           
00004da3  UARTprintf                         
00004aa9  UARTvprintf                        
00004951  UARTwrite                          
000023ff  WaitACK                            
20005590  __STACK_END                        
00000200  __STACK_SIZE                       
20005590  __STACK_TOP                        
00006dc0  __TI_CINIT_Base                    
00006dd8  __TI_CINIT_Limit                   
00006da0  __TI_Handler_Table_Base            
00006dac  __TI_Handler_Table_Limit           
000067dd  __TI_auto_init_nobinit_nopinit     
0000663d  __TI_decompress_lzss               
00006b4d  __TI_decompress_none               
ffffffff  __TI_pprof_out_hndl                
ffffffff  __TI_prof_data_size                
ffffffff  __TI_prof_data_start               
00000000  __TI_static_base__                 
00006b8b  __TI_zero_init                     
00006377  __aeabi_cdcmpeq                    
00006377  __aeabi_cdcmple                    
000063fd  __aeabi_cdrcmple                   
000064fd  __aeabi_d2f                        
00006795  __aeabi_d2iz                       
00005937  __aeabi_dadd                       
00005d8d  __aeabi_ddiv                       
00006105  __aeabi_dmul                       
0000592d  __aeabi_dsub                       
00006bc5  __aeabi_errno_addr                 
00006899  __aeabi_f2d                        
0000696d  __aeabi_i2d                        
00005ae3  __aeabi_idiv0                      
00005ae3  __aeabi_ldiv0                      
00006483  __aeabi_memclr                     
00006483  __aeabi_memclr4                    
00006483  __aeabi_memclr8                    
000062db  __aeabi_memcpy                     
000062db  __aeabi_memcpy4                    
000062db  __aeabi_memcpy8                    
00006485  __aeabi_memset                     
00006485  __aeabi_memset4                    
00006485  __aeabi_memset8                    
000069e9  __aeabi_ui2d                       
00006821  __aeabi_uidiv                      
00006821  __aeabi_uidivmod                   
ffffffff  __binit__                          
ffffffff  __c_args__                         
UNDEFED   __mpu_init                         
20005390  __stack                            
20000000  __start___llvm_prf_cnts            
20000000  __stop___llvm_prf_cnts             
00006939  _c_int00_noargs                    
UNDEFED   _system_post_cinit                 
00006bf1  _system_pre_init                   
00006bf5  abort                              
ffffffff  binit                              
00000631  eTaskGetState                      
200055dc  errno                              
00004dd9  exp                                
00004dd9  expl                               
20000000  g_pfnRAMVectors                    
00000000  g_pfnVectors                       
0000440b  getPWMFrequency                    
000052c1  main                               
000062db  memcpy                             
0000648b  memset                             
00004273  pcQueueGetName                     
00000dd9  pcTaskGetName                      
0000588d  pvPortCalloc                       
000056e1  pvPortMalloc                       
00001b9b  pvTaskIncrementMutexHeldCount      
20005590  pxCurrentTCB                       
00005c51  pxPortInitialiseStack              
000043c1  sigmoid                            
00003f9f  ucQueueGetQueueType                
00006cf4  ulMaxSyscallInterruptPriority      
00006211  ulPortGetIPSR                      
00001bbd  ulTaskGenericNotifyTake            
00002229  ulTaskGenericNotifyValueClear      
00005fa5  uxListRemove                       
00003f7f  uxQueueGetQueueNumber              
00003f1d  uxQueueMessagesWaiting             
00003f53  uxQueueMessagesWaitingFromISR      
00003f33  uxQueueSpacesAvailable             
00000dc9  uxTaskGetNumberOfTasks             
000017e9  uxTaskGetStackHighWaterMark        
00000e15  uxTaskGetSystemState               
00001565  uxTaskGetTaskNumber                
000006f3  uxTaskPriorityGet                  
0000071d  uxTaskPriorityGetFromISR           
00001b79  uxTaskResetEventItemValue          
00006d7c  uxTopUsedPriority                  
0000536b  vApplicationIdleHook               
0000536d  vApplicationStackOverflowHook      
00005369  vApplicationTickHook               
00005ec3  vListInitialise                    
00005ef3  vListInitialiseItem                
00005f3f  vListInsert                        
00005f03  vListInsertEnd                     
000062cd  vPortEnableVFP                     
00005cf1  vPortEndScheduler                  
00005cf3  vPortEnterCritical                 
00005d13  vPortExitCritical                  
00005807  vPortFree                          
0000588b  vPortInitialiseBlocks              
00006289  vPortSVCHandler                    
00005d4f  vPortSetupTimerInterrupt           
000062a9  vPortStartFirstTask                
00004205  vQueueAddToRegistry                
00003f69  vQueueDelete                       
00003f8d  vQueueSetQueueNumber               
000042b3  vQueueUnregisterQueue              
000005e3  vTaskDelay                         
0000049b  vTaskDelete                        
00000bdf  vTaskEndScheduler                  
00002081  vTaskGenericNotifyGiveFromISR      
00001659  vTaskGetInfo                       
000014b9  vTaskInternalSetTimeOutState       
0000155d  vTaskMissedYield                   
00001193  vTaskPlaceOnEventList              
000011b9  vTaskPlaceOnUnorderedEventList     
00001a75  vTaskPriorityDisinheritAfterTimeout
00000765  vTaskPrioritySet                   
00001391  vTaskRemoveFromUnorderedEventList  
000009f3  vTaskResume                        
00001585  vTaskSetTaskNumber                 
0000149b  vTaskSetTimeOutState               
00000b95  vTaskStartScheduler                
000008c1  vTaskSuspend                       
00000bfb  vTaskSuspendAll                    
000010f1  vTaskSwitchContext                 
0000460d  xDebaunceKey                       
200055d4  xDebaunceKeyHandle                 
00005885  xPortGetFreeHeapSize               
00006229  xPortPendSVHandler                 
00005cbb  xPortStartScheduler                
00005d29  xPortSysTickHandler                
00003755  xQueueCreateMutex                  
0000367b  xQueueGenericCreate                
000035a9  xQueueGenericReset                 
00003801  xQueueGenericSend                  
00003931  xQueueGenericSendFromISR           
000039e3  xQueueGiveFromISR                  
00003781  xQueueGiveMutexRecursive           
00004199  xQueueIsQueueEmptyFromISR          
000041df  xQueueIsQueueFullFromISR           
00003cff  xQueuePeek                         
00003ecb  xQueuePeekFromISR                  
00003a87  xQueueReceive                      
00003e21  xQueueReceiveFromISR               
200052bc  xQueueRegistry                     
00003ba5  xQueueSemaphoreTake                
000037bd  xQueueTakeMutexRecursive           
00000eed  xTaskCatchUpTicks                  
000014d9  xTaskCheckForTimeOut               
0000026d  xTaskCreate                        
00000553  xTaskDelayUntil                    
00001d23  xTaskGenericNotify                 
00001ea9  xTaskGenericNotifyFromISR          
000021d9  xTaskGenericNotifyStateClear       
00001c61  xTaskGenericNotifyWait             
0000184f  xTaskGetCurrentTaskHandle          
00000d9d  xTaskGetTickCount                  
00000db1  xTaskGetTickCountFromISR           
00000f25  xTaskIncrementTick                 
0000199f  xTaskPriorityDisinherit            
00001889  xTaskPriorityInherit               
00001225  xTaskRemoveFromEventList           
00000c11  xTaskResumeAll                     
00000abd  xTaskResumeFromISR                 


GLOBAL SYMBOLS: SORTED BY Symbol Address 

address   name                               
-------   ----                               
00000000  __TI_static_base__                 
00000000  g_pfnVectors                       
00000200  __STACK_SIZE                       
0000026d  xTaskCreate                        
0000049b  vTaskDelete                        
00000553  xTaskDelayUntil                    
000005e3  vTaskDelay                         
00000631  eTaskGetState                      
000006f3  uxTaskPriorityGet                  
0000071d  uxTaskPriorityGetFromISR           
00000765  vTaskPrioritySet                   
000008c1  vTaskSuspend                       
000009f3  vTaskResume                        
00000abd  xTaskResumeFromISR                 
00000b95  vTaskStartScheduler                
00000bdf  vTaskEndScheduler                  
00000bfb  vTaskSuspendAll                    
00000c11  xTaskResumeAll                     
00000d9d  xTaskGetTickCount                  
00000db1  xTaskGetTickCountFromISR           
00000dc9  uxTaskGetNumberOfTasks             
00000dd9  pcTaskGetName                      
00000e15  uxTaskGetSystemState               
00000eed  xTaskCatchUpTicks                  
00000f25  xTaskIncrementTick                 
000010f1  vTaskSwitchContext                 
00001193  vTaskPlaceOnEventList              
000011b9  vTaskPlaceOnUnorderedEventList     
00001225  xTaskRemoveFromEventList           
00001391  vTaskRemoveFromUnorderedEventList  
0000149b  vTaskSetTimeOutState               
000014b9  vTaskInternalSetTimeOutState       
000014d9  xTaskCheckForTimeOut               
0000155d  vTaskMissedYield                   
00001565  uxTaskGetTaskNumber                
00001585  vTaskSetTaskNumber                 
00001659  vTaskGetInfo                       
000017e9  uxTaskGetStackHighWaterMark        
0000184f  xTaskGetCurrentTaskHandle          
00001889  xTaskPriorityInherit               
0000199f  xTaskPriorityDisinherit            
00001a75  vTaskPriorityDisinheritAfterTimeout
00001b79  uxTaskResetEventItemValue          
00001b9b  pvTaskIncrementMutexHeldCount      
00001bbd  ulTaskGenericNotifyTake            
00001c61  xTaskGenericNotifyWait             
00001d23  xTaskGenericNotify                 
00001ea9  xTaskGenericNotifyFromISR          
00002081  vTaskGenericNotifyGiveFromISR      
000021d9  xTaskGenericNotifyStateClear       
00002229  ulTaskGenericNotifyValueClear      
0000236d  CheckArray                         
000023a5  PortDIntHanlder                    
000023d3  I2C1_IntHandler                    
000023ff  WaitACK                            
00002415  AS7341_write                       
00002465  AS7341_writeMultiples              
000024ef  AS7341_read                        
00002547  AS7341_readMultiples               
00002631  AS7341_i2cInit                     
00002707  AS7341_Enable                      
00002761  AS7341_DevivceConfig               
000027c3  AS7341_ADC_TimingConfig            
00002825  AS7341_ADC_Config                  
000028ed  AS7341_SetTimeADC                  
0000290f  AS7341_GetStepADC                  
0000293b  AS7341_GetTimeADC                  
0000294b  AS7341_GetIntegrationTimeADC       
0000298d  AS7341_SetStepADC                  
000029dd  AS7341_SetWtimeADC                 
000029ff  AS7341_SetGainADC                  
00002a2f  AS7341_InterruptionConfig          
00002a33  AS7341_DeviceStatus                
00002a87  AS7341_SpecData                    
00002b13  AS7341_SpecStatus                  
00002b17  AS7341_OtherConfig                 
00002bd5  AS7341_BufferData                  
00002c19  AS7341_BufferConfig                
00002c9f  AS7341_EnableSpecMen               
00002ccf  AS7341_DisableSpecMen              
00002cff  AS7341_PowerOn                     
00002d7b  AS7341_PowerOff                    
00002de7  AS7341_BankAcessSet                
00002e57  AS7341_SetAcessAndWrite            
00002e7f  AS7341_SetAcessAndRead             
00002ea3  AS7341_SetSMUX                     
00002f3b  AS7341_SMUXEnable                  
00002f6b  AS7341_WriteI2cReg2SMUX_Sel        
00002f95  AS7341_SetI2cRegSMUX               
00003359  AS7341_ReadChannels                
00003563  AS7341_Boot                        
00003587  AS7341_GetStatus                   
000035a9  xQueueGenericReset                 
0000367b  xQueueGenericCreate                
00003755  xQueueCreateMutex                  
00003781  xQueueGiveMutexRecursive           
000037bd  xQueueTakeMutexRecursive           
00003801  xQueueGenericSend                  
00003931  xQueueGenericSendFromISR           
000039e3  xQueueGiveFromISR                  
00003a87  xQueueReceive                      
00003ba5  xQueueSemaphoreTake                
00003cff  xQueuePeek                         
00003e21  xQueueReceiveFromISR               
00003ecb  xQueuePeekFromISR                  
00003f1d  uxQueueMessagesWaiting             
00003f33  uxQueueSpacesAvailable             
00003f53  uxQueueMessagesWaitingFromISR      
00003f69  vQueueDelete                       
00003f7f  uxQueueGetQueueNumber              
00003f8d  vQueueSetQueueNumber               
00003f9f  ucQueueGetQueueType                
00004199  xQueueIsQueueEmptyFromISR          
000041df  xQueueIsQueueFullFromISR           
00004205  vQueueAddToRegistry                
00004273  pcQueueGetName                     
000042b3  vQueueUnregisterQueue              
00004301  PWM_SetDutyCycle                   
0000436f  AnalogInit                         
000043c1  sigmoid                            
0000440b  getPWMFrequency                    
00004443  TrigggerPWMSigmoidFrequency        
0000460d  xDebaunceKey                       
00004639  GPIOPortE_Handler                  
000046bd  NemaInterruptionConfig             
00004755  NemaConfig                         
00004809  StepLoop                           
000048f1  UARTStdioConfig                    
00004951  UARTwrite                          
000049ad  UARTgets                           
00004a73  UARTgetc                           
00004aa9  UARTvprintf                        
00004da3  UARTprintf                         
00004dd9  exp                                
00004dd9  expl                               
00005101  AS7341_Begin                       
000052c1  main                               
00005369  vApplicationTickHook               
0000536b  vApplicationIdleHook               
0000536d  vApplicationStackOverflowHook      
0000541d  PinoutSet                          
00005501  LEDWrite                           
00005593  LEDRead                            
000055bb  ButtonsPoll                        
00005661  ButtonsInit                        
000056e1  pvPortMalloc                       
00005807  vPortFree                          
00005885  xPortGetFreeHeapSize               
0000588b  vPortInitialiseBlocks              
0000588d  pvPortCalloc                       
0000592d  __aeabi_dsub                       
00005937  __aeabi_dadd                       
00005ae3  __aeabi_idiv0                      
00005ae3  __aeabi_ldiv0                      
00005ae5  GPIOPadConfigSet                   
00005c51  pxPortInitialiseStack              
00005cbb  xPortStartScheduler                
00005cf1  vPortEndScheduler                  
00005cf3  vPortEnterCritical                 
00005d13  vPortExitCritical                  
00005d29  xPortSysTickHandler                
00005d4f  vPortSetupTimerInterrupt           
00005d8d  __aeabi_ddiv                       
00005ec3  vListInitialise                    
00005ef3  vListInitialiseItem                
00005f03  vListInsertEnd                     
00005f3f  vListInsert                        
00005fa5  uxListRemove                       
00005fed  SysCtlClockGet                     
00006105  __aeabi_dmul                       
00006211  ulPortGetIPSR                      
00006229  xPortPendSVHandler                 
00006289  vPortSVCHandler                    
000062a9  vPortStartFirstTask                
000062cd  vPortEnableVFP                     
000062db  __aeabi_memcpy                     
000062db  __aeabi_memcpy4                    
000062db  __aeabi_memcpy8                    
000062db  memcpy                             
00006377  __aeabi_cdcmpeq                    
00006377  __aeabi_cdcmple                    
000063fd  __aeabi_cdrcmple                   
00006483  __aeabi_memclr                     
00006483  __aeabi_memclr4                    
00006483  __aeabi_memclr8                    
00006485  __aeabi_memset                     
00006485  __aeabi_memset4                    
00006485  __aeabi_memset8                    
0000648b  memset                             
000064fd  __aeabi_d2f                        
0000656d  IntDisable                         
000065d5  IntEnable                          
0000663d  __TI_decompress_lzss               
000066a5  GPIOIntTypeSet                     
000066fd  GPIOPinConfigure                   
00006749  I2CMasterInitExpClk                
00006795  __aeabi_d2iz                       
000067dd  __TI_auto_init_nobinit_nopinit     
00006821  __aeabi_uidiv                      
00006821  __aeabi_uidivmod                   
00006861  SysCtlPeripheralReady              
00006899  __aeabi_f2d                        
000068d1  IntRegister                        
00006905  SysCtlPeripheralEnable             
00006939  _c_int00_noargs                    
0000696d  __aeabi_i2d                        
0000699b  GPIODirModeSet                     
000069c7  PWMGenConfigure                    
000069e9  __aeabi_ui2d                       
00006a09  PWMPulseWidthSet                   
00006a27  GPIOPinTypeGPIOOutput              
00006a41  GPIOUnlockPin                      
00006a59  SysCtlPWMClockGet                  
00006a71  GPIOPinTypeGPIOInput               
00006a87  GPIOPinTypeI2C                     
00006a9d  GPIOPinTypeI2CSCL                  
00006ab3  GPIOPinTypePWM                     
00006ac9  SysCtlPWMClockSet                  
00006add  PWMGenPeriodGet                    
00006aef  PWMOutputState                     
00006b01  IntMasterDisable                   
00006b11  IntMasterEnable                    
00006b21  PWMGenPeriodSet                    
00006b31  GPIOIntDisable                     
00006b3f  GPIOIntStatus                      
00006b4d  __TI_decompress_none               
00006b5b  CPUcpsid                           
00006b67  CPUcpsie                           
00006b73  GPIOIntEnable                      
00006b7f  PWMGenEnable                       
00006b8b  __TI_zero_init                     
00006b97  ResetISR                           
00006ba3  I2CMasterEnable                    
00006bad  I2CMasterIntClear                  
00006bb5  I2CMasterIntEnableEx               
00006bbd  I2CMasterSlaveAddrSet              
00006bc5  __aeabi_errno_addr                 
00006bcd  GPIOIntClear                       
00006bd3  GPIOPinWrite                       
00006bd9  SysCtlDelay                        
00006bdf  UARTClockSourceSet                 
00006be5  I2CMasterControl                   
00006be9  I2CMasterDataGet                   
00006bed  I2CMasterDataPut                   
00006bf1  _system_pre_init                   
00006bf5  C$$EXIT                            
00006bf5  abort                              
00006cf4  ulMaxSyscallInterruptPriority      
00006d7c  uxTopUsedPriority                  
00006da0  __TI_Handler_Table_Base            
00006dac  __TI_Handler_Table_Limit           
00006dc0  __TI_CINIT_Base                    
00006dd8  __TI_CINIT_Limit                   
20000000  __start___llvm_prf_cnts            
20000000  __stop___llvm_prf_cnts             
20000000  g_pfnRAMVectors                    
200052bc  xQueueRegistry                     
20005388  AS7341_Semphr                      
2000538c  I2C1_Semphr                        
20005390  __stack                            
20005590  __STACK_END                        
20005590  __STACK_TOP                        
20005590  pxCurrentTCB                       
200055d4  xDebaunceKeyHandle                 
200055dc  errno                              
200055e0  BankAcessControlValue              
ffffffff  __TI_pprof_out_hndl                
ffffffff  __TI_prof_data_size                
ffffffff  __TI_prof_data_start               
ffffffff  __binit__                          
ffffffff  __c_args__                         
ffffffff  binit                              
UNDEFED   __mpu_init                         
UNDEFED   _system_post_cinit                 

[274 symbols]
