******************************************************************************
                  TI ARM Linker Unix v20.2.1                   
******************************************************************************
>> Linked Tue Aug 20 18:08:26 2024

OUTPUT FILE NAME:   <Nema17.out>
ENTRY POINT SYMBOL: "_c_int00_noargs"  address: 00006ae5


MEMORY CONFIGURATION

         name            origin    length      used     unused   attr    fill
----------------------  --------  ---------  --------  --------  ----  --------
  FLASH                 00000000   00040000  00006f80  00039080  R  X
  SRAM                  20000000   00008000  000055e1  00002a1f  RW X


SEGMENT ALLOCATION MAP

run origin  load origin   length   init length attrs members
----------  ----------- ---------- ----------- ----- -------
00000000    00000000    00006f88   00006f88    r-x
  00000000    00000000    0000026c   0000026c    r-- .intvecs
  0000026c    0000026c    00006b38   00006b38    r-x .text
  00006da8    00006da8    0000018c   0000018c    r-- .const
  00006f38    00006f38    00000050   00000050    r-- .cinit
20000000    20000000    000055e1   00000000    rw-
  20000000    20000000    0000026c   00000000    rw- .vtable
  2000026c    2000026c    00005124   00000000    rw- .bss
  20005390    20005390    00000200   00000000    rw- .stack
  20005590    20005590    00000051   00000000    rw- .data


SECTION ALLOCATION MAP

 output                                  attributes/
section   page    origin      length       input sections
--------  ----  ----------  ----------   ----------------
.intvecs   0    00000000    0000026c     
                  00000000    0000026c     tm4c123gh6pm_startup_ccs.obj (.intvecs)

.text      0    0000026c    00006b38     
                  0000026c    00002100     tasks.obj (.text)
                  0000236c    000013c8     AS7341.obj (.text)
                  00003734    00000d58     queue.obj (.text)
                  0000448c    000005f0     drv8825.obj (.text)
                  00004a7c    000004e8     uartstdio.obj (.text)
                  00004f64    0000033c     hello.obj (.text)
                  000052a0    00000328     rtsv7M4_T_le_v4SPD16_eabi.lib : e_exp.c.obj (.text:exp)
                  000055c8    000002c4     rtos_hw_drivers.obj (.text)
                  0000588c    0000024c     heap_2.obj (.text)
                  00005ad8    000001b6     rtsv7M4_T_le_v4SPD16_eabi.lib : fd_add_t2.asm.obj (.text)
                  00005c8e    00000002                                   : div0.asm.obj (.text)
                  00005c90    0000016c     driverlib.lib : gpio.obj (.text:GPIOPadConfigSet)
                  00005dfc    0000013c     port.obj (.text)
                  00005f38    00000136     rtsv7M4_T_le_v4SPD16_eabi.lib : fd_div_t2.asm.obj (.text)
                  0000606e    0000012a     list.obj (.text)
                  00006198    00000118     driverlib.lib : sysctl.obj (.text:SysCtlClockGet)
                  000062b0    000000fc     rtsv7M4_T_le_v4SPD16_eabi.lib : fd_mul_t2.asm.obj (.text)
                  000063ac    000000da     portasm.obj (.text)
                  00006486    0000009c     rtsv7M4_T_le_v4SPD16_eabi.lib : memcpy_t2.asm.obj (.text)
                  00006522    00000086                                   : fd_cmp_t2.asm.obj (.text:__aeabi_cdcmple)
                  000065a8    00000086                                   : fd_cmp_t2.asm.obj (.text:__aeabi_cdrcmple)
                  0000662e    0000007a                                   : memset_t2.asm.obj (.text)
                  000066a8    0000006e                                   : fd_tos_t2.asm.obj (.text)
                  00006716    00000002     --HOLE-- [fill = 0]
                  00006718    00000068     driverlib.lib : interrupt.obj (.text:IntDisable)
                  00006780    00000068                   : interrupt.obj (.text:IntEnable)
                  000067e8    00000068     rtsv7M4_T_le_v4SPD16_eabi.lib : copy_decompress_lzss.c.obj (.text:decompress:lzss:__TI_decompress_lzss)
                  00006850    00000058     driverlib.lib : gpio.obj (.text:GPIOIntTypeSet)
                  000068a8    0000004c                   : gpio.obj (.text:GPIOPinConfigure)
                  000068f4    0000004c                   : i2c.obj (.text:I2CMasterInitExpClk)
                  00006940    00000048     rtsv7M4_T_le_v4SPD16_eabi.lib : fd_toi_t2.asm.obj (.text)
                  00006988    00000044                                   : autoinit.c.obj (.text:__TI_auto_init_nobinit_nopinit:__TI_auto_init_nobinit_nopinit)
                  000069cc    00000040                                   : u_divt2.asm.obj (.text)
                  00006a0c    00000038     driverlib.lib : sysctl.obj (.text:SysCtlPeripheralReady)
                  00006a44    00000038     rtsv7M4_T_le_v4SPD16_eabi.lib : fs_tod_t2.asm.obj (.text)
                  00006a7c    00000034     driverlib.lib : interrupt.obj (.text:IntRegister)
                  00006ab0    00000034                   : sysctl.obj (.text:SysCtlPeripheralEnable)
                  00006ae4    00000034     rtsv7M4_T_le_v4SPD16_eabi.lib : boot_cortex_m.c.obj (.text:_c_int00_noargs:_c_int00_noargs)
                  00006b18    0000002e                                   : i_tofd_t2.asm.obj (.text)
                  00006b46    0000002c     driverlib.lib : gpio.obj (.text:GPIODirModeSet)
                  00006b72    00000022                   : pwm.obj (.text:PWMGenConfigure)
                  00006b94    00000020     rtsv7M4_T_le_v4SPD16_eabi.lib : u_tofd_t2.asm.obj (.text)
                  00006bb4    0000001e     driverlib.lib : pwm.obj (.text:PWMPulseWidthSet)
                  00006bd2    0000001a                   : gpio.obj (.text:GPIOPinTypeGPIOOutput)
                  00006bec    00000018                   : gpio.obj (.text:GPIOUnlockPin)
                  00006c04    00000018                   : sysctl.obj (.text:SysCtlPWMClockGet)
                  00006c1c    00000016                   : gpio.obj (.text:GPIOPinTypeGPIOInput)
                  00006c32    00000016                   : gpio.obj (.text:GPIOPinTypeI2C)
                  00006c48    00000016                   : gpio.obj (.text:GPIOPinTypeI2CSCL)
                  00006c5e    00000016                   : gpio.obj (.text:GPIOPinTypePWM)
                  00006c74    00000014                   : sysctl.obj (.text:SysCtlPWMClockSet)
                  00006c88    00000012                   : pwm.obj (.text:PWMGenPeriodGet)
                  00006c9a    00000012                   : pwm.obj (.text:PWMOutputState)
                  00006cac    00000010                   : interrupt.obj (.text:IntMasterDisable)
                  00006cbc    00000010                   : interrupt.obj (.text:IntMasterEnable)
                  00006ccc    00000010                   : pwm.obj (.text:PWMGenPeriodSet)
                  00006cdc    0000000e                   : gpio.obj (.text:GPIOIntDisable)
                  00006cea    0000000e                   : gpio.obj (.text:GPIOIntStatus)
                  00006cf8    0000000e     rtsv7M4_T_le_v4SPD16_eabi.lib : copy_decompress_none.c.obj (.text:decompress:none:__TI_decompress_none)
                  00006d06    0000000c     driverlib.lib : cpu.obj (.text:CPUcpsid)
                  00006d12    0000000c                   : cpu.obj (.text:CPUcpsie)
                  00006d1e    0000000c                   : gpio.obj (.text:GPIOIntEnable)
                  00006d2a    0000000c                   : pwm.obj (.text:PWMGenEnable)
                  00006d36    0000000c     rtsv7M4_T_le_v4SPD16_eabi.lib : copy_zero_init.c.obj (.text:decompress:ZI:__TI_zero_init)
                  00006d42    0000000c     tm4c123gh6pm_startup_ccs.obj (.text)
                  00006d4e    0000000a     driverlib.lib : i2c.obj (.text:I2CMasterEnable)
                  00006d58    00000008                   : i2c.obj (.text:I2CMasterIntClear)
                  00006d60    00000008                   : i2c.obj (.text:I2CMasterIntEnableEx)
                  00006d68    00000008                   : i2c.obj (.text:I2CMasterSlaveAddrSet)
                  00006d70    00000008     rtsv7M4_T_le_v4SPD16_eabi.lib : errno.c.obj (.text:__aeabi_errno_addr)
                  00006d78    00000006     driverlib.lib : gpio.obj (.text:GPIOIntClear)
                  00006d7e    00000006                   : gpio.obj (.text:GPIOPinWrite)
                  00006d84    00000006                   : sysctl.obj (.text:SysCtlDelay)
                  00006d8a    00000006                   : uart.obj (.text:UARTClockSourceSet)
                  00006d90    00000004                   : i2c.obj (.text:I2CMasterControl)
                  00006d94    00000004                   : i2c.obj (.text:I2CMasterDataGet)
                  00006d98    00000004                   : i2c.obj (.text:I2CMasterDataPut)
                  00006d9c    00000004     rtsv7M4_T_le_v4SPD16_eabi.lib : pre_init.c.obj (.text:_system_pre_init)
                  00006da0    00000004                                   : exit.c.obj (.text:abort:abort)

.const     0    00006da8    0000018c     
                  00006da8    00000090     driverlib.lib : gpio.obj (.const:g_pui32GPIOBaseAddrs)
                  00006e38    0000006c                   : sysctl.obj (.const:g_pui32Xtals)
                  00006ea4    00000004     port.obj (.const)
                  00006ea8    00000030     rtsv7M4_T_le_v4SPD16_eabi.lib : e_exp.c.obj (.const:$O1$$)
                  00006ed8    00000014     driverlib.lib : interrupt.obj (.const:g_pui32Dii16Regs)
                  00006eec    00000014                   : interrupt.obj (.const:g_pui32EnRegs)
                  00006f00    00000012     uartstdio.obj (.const:.string)
                  00006f12    00000002     --HOLE-- [fill = 0]
                  00006f14    0000000c     uartstdio.obj (.const:g_ui32UARTBase)
                  00006f20    0000000c     uartstdio.obj (.const:g_ui32UARTPeriph)
                  00006f2c    00000004     tasks.obj (.const)
                  00006f30    00000004     uartstdio.obj (.const)

.cinit     0    00006f38    00000050     
                  00006f38    00000015     (.cinit..data.load) [load image, compression = lzss]
                  00006f4d    00000003     --HOLE-- [fill = 0]
                  00006f50    0000000c     (__TI_handler_table)
                  00006f5c    00000004     --HOLE-- [fill = 0]
                  00006f60    00000008     (.cinit..bss.load) [load image, compression = zero_init]
                  00006f68    00000008     (.cinit..vtable.load) [load image, compression = zero_init]
                  00006f70    00000018     (__TI_cinit_table)

.init_array 
*          0    00000000    00000000     UNINITIALIZED

.vtable    0    20000000    0000026c     UNINITIALIZED
                  20000000    0000026c     driverlib.lib : interrupt.obj (.vtable)

.bss       0    2000026c    00005124     UNINITIALIZED
                  2000026c    00004f10     heap_2.obj (.bss:ucHeap)
                  2000517c    00000140     tasks.obj (.bss:pxReadyTasksLists)
                  200052bc    00000050     (.common:xQueueRegistry)
                  2000530c    00000014     tasks.obj (.bss:xDelayedTaskList1)
                  20005320    00000014     tasks.obj (.bss:xDelayedTaskList2)
                  20005334    00000014     tasks.obj (.bss:xPendingReadyList)
                  20005348    00000014     tasks.obj (.bss:xSuspendedTaskList)
                  2000535c    00000014     tasks.obj (.bss:xTasksWaitingTermination)
                  20005370    00000008     tasks.obj (.bss)
                  20005378    00000008     heap_2.obj (.bss:xEnd)
                  20005380    00000008     heap_2.obj (.bss:xStart)
                  20005388    00000004     (.common:AS7341_Semphr)
                  2000538c    00000004     (.common:I2C1_Semphr)

.data      0    20005590    00000051     UNINITIALIZED
                  20005590    00000034     tasks.obj (.data)
                  200055c4    00000008     heap_2.obj (.data)
                  200055cc    00000005     uartstdio.obj (.data)
                  200055d1    00000003     rtos_hw_drivers.obj (.data)
                  200055d4    00000004     drv8825.obj (.data)
                  200055d8    00000004     port.obj (.data)
                  200055dc    00000004     rtsv7M4_T_le_v4SPD16_eabi.lib : errno.c.obj (.data)
                  200055e0    00000001     AS7341.obj (.data)

.stack     0    20005390    00000200     UNINITIALIZED
                  20005390    00000004     rtsv7M4_T_le_v4SPD16_eabi.lib : boot_cortex_m.c.obj (.stack)
                  20005394    000001fc     --HOLE--

__llvm_prf_cnts 
*          0    20000000    00000000     UNINITIALIZED

MODULE SUMMARY

       Module                         code    ro data   rw data
       ------                         ----    -------   -------
    ./
       hello.obj                      828     0         0      
       tm4c123gh6pm_startup_ccs.obj   12      620       0      
    +--+------------------------------+-------+---------+---------+
       Total:                         840     620       0      
                                                               
    ./FreeRTOS/Source/
       tasks.obj                      8448    4         480    
       queue.obj                      3416    0         80     
       list.obj                       298     0         0      
    +--+------------------------------+-------+---------+---------+
       Total:                         12162   4         560    
                                                               
    ./FreeRTOS/Source/portable/CCS/ARM_CM4F/
       port.obj                       316     4         4      
       portasm.obj                    218     0         0      
    +--+------------------------------+-------+---------+---------+
       Total:                         534     4         4      
                                                               
    ./FreeRTOS/Source/portable/MemMang/
       heap_2.obj                     588     0         20264  
    +--+------------------------------+-------+---------+---------+
       Total:                         588     0         20264  
                                                               
    ./SpecLibs/AS7341/
       AS7341.obj                     5064    0         9      
    +--+------------------------------+-------+---------+---------+
       Total:                         5064    0         9      
                                                               
    ./SpecLibs/DRV8825/
       drv8825.obj                    1520    0         4      
    +--+------------------------------+-------+---------+---------+
       Total:                         1520    0         4      
                                                               
    ./drivers/
       rtos_hw_drivers.obj            708     0         3      
    +--+------------------------------+-------+---------+---------+
       Total:                         708     0         3      
                                                               
    ./utils/
       uartstdio.obj                  1256    46        5      
    +--+------------------------------+-------+---------+---------+
       Total:                         1256    46        5      
                                                               
    /home/jao/curso/ufsm/Mestrado/Dissertacao/Pototip_DeVereda/ProjetoPrototipo/Tiva/EK-TM4C/driverlib/ccs/Debug/driverlib.lib
       interrupt.obj                  292     40        620    
       gpio.obj                       762     144       0      
       sysctl.obj                     438     108       0      
       pwm.obj                        128     0         0      
       i2c.obj                        122     0         0      
       cpu.obj                        24      0         0      
       uart.obj                       6       0         0      
    +--+------------------------------+-------+---------+---------+
       Total:                         1772    292       620    
                                                               
    /home/jao/ti/ccs1010/ccs/tools/compiler/ti-cgt-arm_20.2.1.LTS/lib/rtsv7M4_T_le_v4SPD16_eabi.lib
       e_exp.c.obj                    808     48        0      
       fd_add_t2.asm.obj              438     0         0      
       fd_div_t2.asm.obj              310     0         0      
       fd_cmp_t2.asm.obj              268     0         0      
       fd_mul_t2.asm.obj              252     0         0      
       memcpy_t2.asm.obj              156     0         0      
       memset_t2.asm.obj              122     0         0      
       fd_tos_t2.asm.obj              110     0         0      
       copy_decompress_lzss.c.obj     104     0         0      
       fd_toi_t2.asm.obj              72      0         0      
       autoinit.c.obj                 68      0         0      
       u_divt2.asm.obj                64      0         0      
       fs_tod_t2.asm.obj              56      0         0      
       boot_cortex_m.c.obj            52      0         0      
       i_tofd_t2.asm.obj              46      0         0      
       u_tofd_t2.asm.obj              32      0         0      
       copy_decompress_none.c.obj     14      0         0      
       copy_zero_init.c.obj           12      0         0      
       errno.c.obj                    8       0         4      
       exit.c.obj                     4       0         0      
       pre_init.c.obj                 4       0         0      
       div0.asm.obj                   2       0         0      
    +--+------------------------------+-------+---------+---------+
       Total:                         3002    48        4      
                                                               
       Stack:                         0       0         512    
       Linker Generated:              0       73        0      
    +--+------------------------------+-------+---------+---------+
       Grand Total:                   27446   1087      21985  


LINKER GENERATED COPY TABLES

__TI_cinit_table @ 00006f70 records: 3, size/record: 8, table size: 24
	.data: load addr=00006f38, load size=00000015 bytes, run addr=20005590, run size=00000051 bytes, compression=lzss
	.bss: load addr=00006f60, load size=00000008 bytes, run addr=2000026c, run size=00005124 bytes, compression=zero_init
	.vtable: load addr=00006f68, load size=00000008 bytes, run addr=20000000, run size=0000026c bytes, compression=zero_init


LINKER GENERATED HANDLER TABLE

__TI_handler_table @ 00006f50 records: 3, size/record: 4, table size: 12
	index: 0, handler: __TI_zero_init
	index: 1, handler: __TI_decompress_lzss
	index: 2, handler: __TI_decompress_none


GLOBAL SYMBOLS: SORTED ALPHABETICALLY BY Name 

address   name                               
-------   ----                               
00002905  AS7341_ADC_Config                  
0000289f  AS7341_ADC_TimingConfig            
00002ec7  AS7341_BankAcessSet                
00004f65  AS7341_Begin                       
000036a3  AS7341_Boot                        
00002cf9  AS7341_BufferConfig                
00002cb3  AS7341_BufferData                  
00002b11  AS7341_DeviceStatus                
00002761  AS7341_DevivceConfig               
00002daf  AS7341_DisableSpecMen              
00002707  AS7341_Enable                      
00002d7f  AS7341_EnableSpecMen               
00002a39  AS7341_GetIntegrationTimeADC       
00003711  AS7341_GetStatus                   
000029fd  AS7341_GetStepADC                  
00002a29  AS7341_GetTimeADC                  
00002b0d  AS7341_InterruptionConfig          
00002bf5  AS7341_OtherConfig                 
00002e5b  AS7341_PowerOff                    
00002ddf  AS7341_PowerOn                     
00003425  AS7341_ReadChannels                
00003007  AS7341_SMUXEnable                  
20005388  AS7341_Semphr                      
00002f57  AS7341_SetAcessAndRead             
00002f2f  AS7341_SetAcessAndWrite            
00002add  AS7341_SetGainADC                  
00003061  AS7341_SetI2cRegSMUX               
00002f7b  AS7341_SetSMUX                     
00002a77  AS7341_SetStepADC                  
000029d1  AS7341_SetTimeADC                  
00002abb  AS7341_SetWtimeADC                 
00002b65  AS7341_SpecData                    
00002bf1  AS7341_SpecStatus                  
00003037  AS7341_WriteI2cReg2SMUX_Sel        
00002631  AS7341_i2cInit                     
000024ef  AS7341_read                        
00002547  AS7341_readMultiples               
00002415  AS7341_write                       
00002465  AS7341_writeMultiples              
000044fb  AnalogInit                         
200055e0  BankAcessControlValue              
0000580d  ButtonsInit                        
00005767  ButtonsPoll                        
00006da1  C$$EXIT                            
00006d07  CPUcpsid                           
00006d13  CPUcpsie                           
0000236d  CheckArray                         
00006b47  GPIODirModeSet                     
00006d79  GPIOIntClear                       
00006cdd  GPIOIntDisable                     
00006d1f  GPIOIntEnable                      
00006ceb  GPIOIntStatus                      
00006851  GPIOIntTypeSet                     
00005c91  GPIOPadConfigSet                   
000068a9  GPIOPinConfigure                   
00006c1d  GPIOPinTypeGPIOInput               
00006bd3  GPIOPinTypeGPIOOutput              
00006c33  GPIOPinTypeI2C                     
00006c49  GPIOPinTypeI2CSCL                  
00006c5f  GPIOPinTypePWM                     
00006d7f  GPIOPinWrite                       
000047c5  GPIOPortE_Handler                  
00006bed  GPIOUnlockPin                      
000023d3  I2C1_IntHandler                    
2000538c  I2C1_Semphr                        
00006d91  I2CMasterControl                   
00006d95  I2CMasterDataGet                   
00006d99  I2CMasterDataPut                   
00006d4f  I2CMasterEnable                    
000068f5  I2CMasterInitExpClk                
00006d59  I2CMasterIntClear                  
00006d61  I2CMasterIntEnableEx               
00006d69  I2CMasterSlaveAddrSet              
00006719  IntDisable                         
00006781  IntEnable                          
00006cad  IntMasterDisable                   
00006cbd  IntMasterEnable                    
00006a7d  IntRegister                        
0000573f  LEDRead                            
000056ad  LEDWrite                           
000048e1  NemaConfig                         
00004849  NemaInterruptionConfig             
00006b73  PWMGenConfigure                    
00006d2b  PWMGenEnable                       
00006c89  PWMGenPeriodGet                    
00006ccd  PWMGenPeriodSet                    
00006c9b  PWMOutputState                     
00006bb5  PWMPulseWidthSet                   
0000448d  PWM_SetDutyCycle                   
000055c9  PinoutSet                          
000023a5  PortDIntHanlder                    
00006d43  ResetISR                           
00004995  StepLoop                           
00006199  SysCtlClockGet                     
00006d85  SysCtlDelay                        
00006c05  SysCtlPWMClockGet                  
00006c75  SysCtlPWMClockSet                  
00006ab1  SysCtlPeripheralEnable             
00006a0d  SysCtlPeripheralReady              
000045cf  TrigggerPWMSigmoidFrequency        
00006d8b  UARTClockSourceSet                 
00004a7d  UARTStdioConfig                    
00004bff  UARTgetc                           
00004b39  UARTgets                           
00004f2f  UARTprintf                         
00004c35  UARTvprintf                        
00004add  UARTwrite                          
000023ff  WaitACK                            
20005590  __STACK_END                        
00000200  __STACK_SIZE                       
20005590  __STACK_TOP                        
00006f70  __TI_CINIT_Base                    
00006f88  __TI_CINIT_Limit                   
00006f50  __TI_Handler_Table_Base            
00006f5c  __TI_Handler_Table_Limit           
00006989  __TI_auto_init_nobinit_nopinit     
000067e9  __TI_decompress_lzss               
00006cf9  __TI_decompress_none               
ffffffff  __TI_pprof_out_hndl                
ffffffff  __TI_prof_data_size                
ffffffff  __TI_prof_data_start               
00000000  __TI_static_base__                 
00006d37  __TI_zero_init                     
00006523  __aeabi_cdcmpeq                    
00006523  __aeabi_cdcmple                    
000065a9  __aeabi_cdrcmple                   
000066a9  __aeabi_d2f                        
00006941  __aeabi_d2iz                       
00005ae3  __aeabi_dadd                       
00005f39  __aeabi_ddiv                       
000062b1  __aeabi_dmul                       
00005ad9  __aeabi_dsub                       
00006d71  __aeabi_errno_addr                 
00006a45  __aeabi_f2d                        
00006b19  __aeabi_i2d                        
00005c8f  __aeabi_idiv0                      
00005c8f  __aeabi_ldiv0                      
0000662f  __aeabi_memclr                     
0000662f  __aeabi_memclr4                    
0000662f  __aeabi_memclr8                    
00006487  __aeabi_memcpy                     
00006487  __aeabi_memcpy4                    
00006487  __aeabi_memcpy8                    
00006631  __aeabi_memset                     
00006631  __aeabi_memset4                    
00006631  __aeabi_memset8                    
00006b95  __aeabi_ui2d                       
000069cd  __aeabi_uidiv                      
000069cd  __aeabi_uidivmod                   
ffffffff  __binit__                          
ffffffff  __c_args__                         
UNDEFED   __mpu_init                         
20005390  __stack                            
20000000  __start___llvm_prf_cnts            
20000000  __stop___llvm_prf_cnts             
00006ae5  _c_int00_noargs                    
UNDEFED   _system_post_cinit                 
00006d9d  _system_pre_init                   
00006da1  abort                              
ffffffff  binit                              
00000631  eTaskGetState                      
200055dc  errno                              
000052a1  exp                                
000052a1  expl                               
20000000  g_pfnRAMVectors                    
00000000  g_pfnVectors                       
00004597  getPWMFrequency                    
00005143  main                               
00006487  memcpy                             
00006637  memset                             
000043ff  pcQueueGetName                     
00000dd9  pcTaskGetName                      
00005a39  pvPortCalloc                       
0000588d  pvPortMalloc                       
00001b9b  pvTaskIncrementMutexHeldCount      
20005590  pxCurrentTCB                       
00005dfd  pxPortInitialiseStack              
0000454d  sigmoid                            
0000412b  ucQueueGetQueueType                
00006ea4  ulMaxSyscallInterruptPriority      
000063bd  ulPortGetIPSR                      
00001bbd  ulTaskGenericNotifyTake            
00002229  ulTaskGenericNotifyValueClear      
00006151  uxListRemove                       
0000410b  uxQueueGetQueueNumber              
000040a9  uxQueueMessagesWaiting             
000040df  uxQueueMessagesWaitingFromISR      
000040bf  uxQueueSpacesAvailable             
00000dc9  uxTaskGetNumberOfTasks             
000017e9  uxTaskGetStackHighWaterMark        
00000e15  uxTaskGetSystemState               
00001565  uxTaskGetTaskNumber                
000006f3  uxTaskPriorityGet                  
0000071d  uxTaskPriorityGetFromISR           
00001b79  uxTaskResetEventItemValue          
00006f2c  uxTopUsedPriority                  
000051ed  vApplicationIdleHook               
000051ef  vApplicationStackOverflowHook      
000051eb  vApplicationTickHook               
0000606f  vListInitialise                    
0000609f  vListInitialiseItem                
000060eb  vListInsert                        
000060af  vListInsertEnd                     
00006479  vPortEnableVFP                     
00005e9d  vPortEndScheduler                  
00005e9f  vPortEnterCritical                 
00005ebf  vPortExitCritical                  
000059b3  vPortFree                          
00005a37  vPortInitialiseBlocks              
00006435  vPortSVCHandler                    
00005efb  vPortSetupTimerInterrupt           
00006455  vPortStartFirstTask                
00004391  vQueueAddToRegistry                
000040f5  vQueueDelete                       
00004119  vQueueSetQueueNumber               
0000443f  vQueueUnregisterQueue              
000005e3  vTaskDelay                         
0000049b  vTaskDelete                        
00000bdf  vTaskEndScheduler                  
00002081  vTaskGenericNotifyGiveFromISR      
00001659  vTaskGetInfo                       
000014b9  vTaskInternalSetTimeOutState       
0000155d  vTaskMissedYield                   
00001193  vTaskPlaceOnEventList              
000011b9  vTaskPlaceOnUnorderedEventList     
00001a75  vTaskPriorityDisinheritAfterTimeout
00000765  vTaskPrioritySet                   
00001391  vTaskRemoveFromUnorderedEventList  
000009f3  vTaskResume                        
00001585  vTaskSetTaskNumber                 
0000149b  vTaskSetTimeOutState               
00000b95  vTaskStartScheduler                
000008c1  vTaskSuspend                       
00000bfb  vTaskSuspendAll                    
000010f1  vTaskSwitchContext                 
00004799  xDebaunceKey                       
200055d4  xDebaunceKeyHandle                 
00005a31  xPortGetFreeHeapSize               
000063d5  xPortPendSVHandler                 
00005e67  xPortStartScheduler                
00005ed5  xPortSysTickHandler                
000038e1  xQueueCreateMutex                  
00003807  xQueueGenericCreate                
00003735  xQueueGenericReset                 
0000398d  xQueueGenericSend                  
00003abd  xQueueGenericSendFromISR           
00003b6f  xQueueGiveFromISR                  
0000390d  xQueueGiveMutexRecursive           
00004325  xQueueIsQueueEmptyFromISR          
0000436b  xQueueIsQueueFullFromISR           
00003e8b  xQueuePeek                         
00004057  xQueuePeekFromISR                  
00003c13  xQueueReceive                      
00003fad  xQueueReceiveFromISR               
200052bc  xQueueRegistry                     
00003d31  xQueueSemaphoreTake                
00003949  xQueueTakeMutexRecursive           
00000eed  xTaskCatchUpTicks                  
000014d9  xTaskCheckForTimeOut               
0000026d  xTaskCreate                        
00000553  xTaskDelayUntil                    
00001d23  xTaskGenericNotify                 
00001ea9  xTaskGenericNotifyFromISR          
000021d9  xTaskGenericNotifyStateClear       
00001c61  xTaskGenericNotifyWait             
0000184f  xTaskGetCurrentTaskHandle          
00000d9d  xTaskGetTickCount                  
00000db1  xTaskGetTickCountFromISR           
00000f25  xTaskIncrementTick                 
0000199f  xTaskPriorityDisinherit            
00001889  xTaskPriorityInherit               
00001225  xTaskRemoveFromEventList           
00000c11  xTaskResumeAll                     
00000abd  xTaskResumeFromISR                 


GLOBAL SYMBOLS: SORTED BY Symbol Address 

address   name                               
-------   ----                               
00000000  __TI_static_base__                 
00000000  g_pfnVectors                       
00000200  __STACK_SIZE                       
0000026d  xTaskCreate                        
0000049b  vTaskDelete                        
00000553  xTaskDelayUntil                    
000005e3  vTaskDelay                         
00000631  eTaskGetState                      
000006f3  uxTaskPriorityGet                  
0000071d  uxTaskPriorityGetFromISR           
00000765  vTaskPrioritySet                   
000008c1  vTaskSuspend                       
000009f3  vTaskResume                        
00000abd  xTaskResumeFromISR                 
00000b95  vTaskStartScheduler                
00000bdf  vTaskEndScheduler                  
00000bfb  vTaskSuspendAll                    
00000c11  xTaskResumeAll                     
00000d9d  xTaskGetTickCount                  
00000db1  xTaskGetTickCountFromISR           
00000dc9  uxTaskGetNumberOfTasks             
00000dd9  pcTaskGetName                      
00000e15  uxTaskGetSystemState               
00000eed  xTaskCatchUpTicks                  
00000f25  xTaskIncrementTick                 
000010f1  vTaskSwitchContext                 
00001193  vTaskPlaceOnEventList              
000011b9  vTaskPlaceOnUnorderedEventList     
00001225  xTaskRemoveFromEventList           
00001391  vTaskRemoveFromUnorderedEventList  
0000149b  vTaskSetTimeOutState               
000014b9  vTaskInternalSetTimeOutState       
000014d9  xTaskCheckForTimeOut               
0000155d  vTaskMissedYield                   
00001565  uxTaskGetTaskNumber                
00001585  vTaskSetTaskNumber                 
00001659  vTaskGetInfo                       
000017e9  uxTaskGetStackHighWaterMark        
0000184f  xTaskGetCurrentTaskHandle          
00001889  xTaskPriorityInherit               
0000199f  xTaskPriorityDisinherit            
00001a75  vTaskPriorityDisinheritAfterTimeout
00001b79  uxTaskResetEventItemValue          
00001b9b  pvTaskIncrementMutexHeldCount      
00001bbd  ulTaskGenericNotifyTake            
00001c61  xTaskGenericNotifyWait             
00001d23  xTaskGenericNotify                 
00001ea9  xTaskGenericNotifyFromISR          
00002081  vTaskGenericNotifyGiveFromISR      
000021d9  xTaskGenericNotifyStateClear       
00002229  ulTaskGenericNotifyValueClear      
0000236d  CheckArray                         
000023a5  PortDIntHanlder                    
000023d3  I2C1_IntHandler                    
000023ff  WaitACK                            
00002415  AS7341_write                       
00002465  AS7341_writeMultiples              
000024ef  AS7341_read                        
00002547  AS7341_readMultiples               
00002631  AS7341_i2cInit                     
00002707  AS7341_Enable                      
00002761  AS7341_DevivceConfig               
0000289f  AS7341_ADC_TimingConfig            
00002905  AS7341_ADC_Config                  
000029d1  AS7341_SetTimeADC                  
000029fd  AS7341_GetStepADC                  
00002a29  AS7341_GetTimeADC                  
00002a39  AS7341_GetIntegrationTimeADC       
00002a77  AS7341_SetStepADC                  
00002abb  AS7341_SetWtimeADC                 
00002add  AS7341_SetGainADC                  
00002b0d  AS7341_InterruptionConfig          
00002b11  AS7341_DeviceStatus                
00002b65  AS7341_SpecData                    
00002bf1  AS7341_SpecStatus                  
00002bf5  AS7341_OtherConfig                 
00002cb3  AS7341_BufferData                  
00002cf9  AS7341_BufferConfig                
00002d7f  AS7341_EnableSpecMen               
00002daf  AS7341_DisableSpecMen              
00002ddf  AS7341_PowerOn                     
00002e5b  AS7341_PowerOff                    
00002ec7  AS7341_BankAcessSet                
00002f2f  AS7341_SetAcessAndWrite            
00002f57  AS7341_SetAcessAndRead             
00002f7b  AS7341_SetSMUX                     
00003007  AS7341_SMUXEnable                  
00003037  AS7341_WriteI2cReg2SMUX_Sel        
00003061  AS7341_SetI2cRegSMUX               
00003425  AS7341_ReadChannels                
000036a3  AS7341_Boot                        
00003711  AS7341_GetStatus                   
00003735  xQueueGenericReset                 
00003807  xQueueGenericCreate                
000038e1  xQueueCreateMutex                  
0000390d  xQueueGiveMutexRecursive           
00003949  xQueueTakeMutexRecursive           
0000398d  xQueueGenericSend                  
00003abd  xQueueGenericSendFromISR           
00003b6f  xQueueGiveFromISR                  
00003c13  xQueueReceive                      
00003d31  xQueueSemaphoreTake                
00003e8b  xQueuePeek                         
00003fad  xQueueReceiveFromISR               
00004057  xQueuePeekFromISR                  
000040a9  uxQueueMessagesWaiting             
000040bf  uxQueueSpacesAvailable             
000040df  uxQueueMessagesWaitingFromISR      
000040f5  vQueueDelete                       
0000410b  uxQueueGetQueueNumber              
00004119  vQueueSetQueueNumber               
0000412b  ucQueueGetQueueType                
00004325  xQueueIsQueueEmptyFromISR          
0000436b  xQueueIsQueueFullFromISR           
00004391  vQueueAddToRegistry                
000043ff  pcQueueGetName                     
0000443f  vQueueUnregisterQueue              
0000448d  PWM_SetDutyCycle                   
000044fb  AnalogInit                         
0000454d  sigmoid                            
00004597  getPWMFrequency                    
000045cf  TrigggerPWMSigmoidFrequency        
00004799  xDebaunceKey                       
000047c5  GPIOPortE_Handler                  
00004849  NemaInterruptionConfig             
000048e1  NemaConfig                         
00004995  StepLoop                           
00004a7d  UARTStdioConfig                    
00004add  UARTwrite                          
00004b39  UARTgets                           
00004bff  UARTgetc                           
00004c35  UARTvprintf                        
00004f2f  UARTprintf                         
00004f65  AS7341_Begin                       
00005143  main                               
000051eb  vApplicationTickHook               
000051ed  vApplicationIdleHook               
000051ef  vApplicationStackOverflowHook      
000052a1  exp                                
000052a1  expl                               
000055c9  PinoutSet                          
000056ad  LEDWrite                           
0000573f  LEDRead                            
00005767  ButtonsPoll                        
0000580d  ButtonsInit                        
0000588d  pvPortMalloc                       
000059b3  vPortFree                          
00005a31  xPortGetFreeHeapSize               
00005a37  vPortInitialiseBlocks              
00005a39  pvPortCalloc                       
00005ad9  __aeabi_dsub                       
00005ae3  __aeabi_dadd                       
00005c8f  __aeabi_idiv0                      
00005c8f  __aeabi_ldiv0                      
00005c91  GPIOPadConfigSet                   
00005dfd  pxPortInitialiseStack              
00005e67  xPortStartScheduler                
00005e9d  vPortEndScheduler                  
00005e9f  vPortEnterCritical                 
00005ebf  vPortExitCritical                  
00005ed5  xPortSysTickHandler                
00005efb  vPortSetupTimerInterrupt           
00005f39  __aeabi_ddiv                       
0000606f  vListInitialise                    
0000609f  vListInitialiseItem                
000060af  vListInsertEnd                     
000060eb  vListInsert                        
00006151  uxListRemove                       
00006199  SysCtlClockGet                     
000062b1  __aeabi_dmul                       
000063bd  ulPortGetIPSR                      
000063d5  xPortPendSVHandler                 
00006435  vPortSVCHandler                    
00006455  vPortStartFirstTask                
00006479  vPortEnableVFP                     
00006487  __aeabi_memcpy                     
00006487  __aeabi_memcpy4                    
00006487  __aeabi_memcpy8                    
00006487  memcpy                             
00006523  __aeabi_cdcmpeq                    
00006523  __aeabi_cdcmple                    
000065a9  __aeabi_cdrcmple                   
0000662f  __aeabi_memclr                     
0000662f  __aeabi_memclr4                    
0000662f  __aeabi_memclr8                    
00006631  __aeabi_memset                     
00006631  __aeabi_memset4                    
00006631  __aeabi_memset8                    
00006637  memset                             
000066a9  __aeabi_d2f                        
00006719  IntDisable                         
00006781  IntEnable                          
000067e9  __TI_decompress_lzss               
00006851  GPIOIntTypeSet                     
000068a9  GPIOPinConfigure                   
000068f5  I2CMasterInitExpClk                
00006941  __aeabi_d2iz                       
00006989  __TI_auto_init_nobinit_nopinit     
000069cd  __aeabi_uidiv                      
000069cd  __aeabi_uidivmod                   
00006a0d  SysCtlPeripheralReady              
00006a45  __aeabi_f2d                        
00006a7d  IntRegister                        
00006ab1  SysCtlPeripheralEnable             
00006ae5  _c_int00_noargs                    
00006b19  __aeabi_i2d                        
00006b47  GPIODirModeSet                     
00006b73  PWMGenConfigure                    
00006b95  __aeabi_ui2d                       
00006bb5  PWMPulseWidthSet                   
00006bd3  GPIOPinTypeGPIOOutput              
00006bed  GPIOUnlockPin                      
00006c05  SysCtlPWMClockGet                  
00006c1d  GPIOPinTypeGPIOInput               
00006c33  GPIOPinTypeI2C                     
00006c49  GPIOPinTypeI2CSCL                  
00006c5f  GPIOPinTypePWM                     
00006c75  SysCtlPWMClockSet                  
00006c89  PWMGenPeriodGet                    
00006c9b  PWMOutputState                     
00006cad  IntMasterDisable                   
00006cbd  IntMasterEnable                    
00006ccd  PWMGenPeriodSet                    
00006cdd  GPIOIntDisable                     
00006ceb  GPIOIntStatus                      
00006cf9  __TI_decompress_none               
00006d07  CPUcpsid                           
00006d13  CPUcpsie                           
00006d1f  GPIOIntEnable                      
00006d2b  PWMGenEnable                       
00006d37  __TI_zero_init                     
00006d43  ResetISR                           
00006d4f  I2CMasterEnable                    
00006d59  I2CMasterIntClear                  
00006d61  I2CMasterIntEnableEx               
00006d69  I2CMasterSlaveAddrSet              
00006d71  __aeabi_errno_addr                 
00006d79  GPIOIntClear                       
00006d7f  GPIOPinWrite                       
00006d85  SysCtlDelay                        
00006d8b  UARTClockSourceSet                 
00006d91  I2CMasterControl                   
00006d95  I2CMasterDataGet                   
00006d99  I2CMasterDataPut                   
00006d9d  _system_pre_init                   
00006da1  C$$EXIT                            
00006da1  abort                              
00006ea4  ulMaxSyscallInterruptPriority      
00006f2c  uxTopUsedPriority                  
00006f50  __TI_Handler_Table_Base            
00006f5c  __TI_Handler_Table_Limit           
00006f70  __TI_CINIT_Base                    
00006f88  __TI_CINIT_Limit                   
20000000  __start___llvm_prf_cnts            
20000000  __stop___llvm_prf_cnts             
20000000  g_pfnRAMVectors                    
200052bc  xQueueRegistry                     
20005388  AS7341_Semphr                      
2000538c  I2C1_Semphr                        
20005390  __stack                            
20005590  __STACK_END                        
20005590  __STACK_TOP                        
20005590  pxCurrentTCB                       
200055d4  xDebaunceKeyHandle                 
200055dc  errno                              
200055e0  BankAcessControlValue              
ffffffff  __TI_pprof_out_hndl                
ffffffff  __TI_prof_data_size                
ffffffff  __TI_prof_data_start               
ffffffff  __binit__                          
ffffffff  __c_args__                         
ffffffff  binit                              
UNDEFED   __mpu_init                         
UNDEFED   _system_post_cinit                 

[274 symbols]
