******************************************************************************
                  TI ARM Linker Unix v20.2.1                   
******************************************************************************
>> Linked Mon Apr  8 11:21:14 2024

OUTPUT FILE NAME:   <hello.out>
ENTRY POINT SYMBOL: "_c_int00_noargs"  address: 00002885


MEMORY CONFIGURATION

         name            origin    length      used     unused   attr    fill
----------------------  --------  ---------  --------  --------  ----  --------
  FLASH                 00000000   00040000  00002da4  0003d25c  R  X
  SRAM                  20000000   00008000  0000611c  00001ee4  RW X


SEGMENT ALLOCATION MAP

run origin  load origin   length   init length attrs members
----------  ----------- ---------- ----------- ----- -------
00000000    00000000    00002da8   00002da8    r-x
  00000000    00000000    0000026c   0000026c    r-- .intvecs
  0000026c    0000026c    00002a24   00002a24    r-x .text
  00002c90    00002c90    000000dc   000000dc    r-- .const
  00002d70    00002d70    00000038   00000038    r-- .cinit
20000000    20000000    00006120   00000000    rw-
  20000000    20000000    000050d4   00000000    rw- .bss
  200050d8    200050d8    00001000   00000000    rw- .stack
  200060d8    200060d8    00000048   00000000    rw- .data


SECTION ALLOCATION MAP

 output                                  attributes/
section   page    origin      length       input sections
--------  ----  ----------  ----------   ----------------
.intvecs   0    00000000    0000026c     
                  00000000    0000026c     startup_ccs.obj (.intvecs)

.text      0    0000026c    00002a24     
                  0000026c    0000030c     uartstdio.obj (.text:UARTvprintf)
                  00000578    000001e8     tasks.obj (.text:xTaskIncrementTick)
                  00000760    000001b4     tasks.obj (.text:xTaskResumeAll)
                  00000914    0000016c     driverlib.lib : gpio.obj (.text:GPIOPadConfigSet)
                  00000a80    0000016c     tasks.obj (.text:xTaskRemoveFromEventList)
                  00000bec    00000160     queue.obj (.text:xQueueSemaphoreTake)
                  00000d4c    00000138     heap_2.obj (.text:pvPortMalloc)
                  00000e84    00000130     queue.obj (.text:xQueueGenericSend)
                  00000fb4    00000120     tasks.obj (.text:xTaskPriorityInherit)
                  000010d4    0000010c     rtos_hw_drivers.obj (.text:PinoutSet)
                  000011e0    0000010c     tasks.obj (.text:vTaskPriorityDisinheritAfterTimeout)
                  000012ec    00000104     tasks.obj (.text:prvAddNewTaskToReadyList)
                  000013f0    000000e8     tasks.obj (.text:prvAddCurrentTaskToDelayedList)
                  000014d8    000000dc     tasks.obj (.text:vTaskDelete)
                  000015b4    000000dc     tasks.obj (.text:xTaskPriorityDisinherit)
                  00001690    000000da     portasm.obj (.text)
                  0000176a    00000002     startup_ccs.obj (.text:FaultISR)
                  0000176c    000000d8     queue.obj (.text:xQueueGenericReset)
                  00001844    000000c6     tasks.obj (.text:prvInitialiseNewTask)
                  0000190a    000000bc     queue.obj (.text:prvCopyDataToQueue)
                  000019c6    00000002     startup_ccs.obj (.text:IntDefaultHandler)
                  000019c8    000000b8     tasks.obj (.text:vTaskSwitchContext)
                  00001a80    000000ae     queue.obj (.text:prvUnlockQueue)
                  00001b2e    00000002     startup_ccs.obj (.text:NmiSR)
                  00001b30    000000a4     main.obj (.text:prvSetupHardware)
                  00001bd4    000000a4     queue.obj (.text:xQueueGiveFromISR)
                  00001c78    0000009c     rtsv7M4_T_le_v4SPD16_eabi.lib : memcpy_t2.asm.obj (.text)
                  00001d14    0000008c     main.obj (.text:main)
                  00001da0    0000008c     tasks.obj (.text:xTaskCheckForTimeOut)
                  00001e2c    00000088     main.obj (.text:TriggerLed1)
                  00001eb4    00000088     main.obj (.text:TriggerLed2)
                  00001f3c    00000088     heap_2.obj (.text:vPortFree)
                  00001fc4    00000084     tasks.obj (.text:xTaskCreate)
                  00002048    0000007a     rtsv7M4_T_le_v4SPD16_eabi.lib : memset_t2.asm.obj (.text)
                  000020c2    00000002     myLib.obj (.text:VoidFunc)
                  000020c4    00000076     hello_task.obj (.text:prvHelloTask)
                  0000213a    00000002     rtsv7M4_T_le_v4SPD16_eabi.lib : div0.asm.obj (.text)
                  0000213c    00000074     uartstdio.obj (.text:UARTStdioConfig)
                  000021b0    00000074     tasks.obj (.text:prvInitialiseTaskLists)
                  00002224    0000006c     tasks.obj (.text:vTaskStartScheduler)
                  00002290    0000006c     queue.obj (.text:xQueueGenericCreate)
                  000022fc    00000068     driverlib.lib : interrupt.obj (.text:IntEnable)
                  00002364    00000068     rtsv7M4_T_le_v4SPD16_eabi.lib : copy_decompress_lzss.c.obj (.text:decompress:lzss:__TI_decompress_lzss)
                  000023cc    00000066     list.obj (.text:vListInsert)
                  00002432    00000002     main.obj (.text:vApplicationIdleHook)
                  00002434    00000064     uartstdio.obj (.text:UARTwrite)
                  00002498    00000060     port.obj (.text:pxPortInitialiseStack)
                  000024f8    00000058     driverlib.lib : gpio.obj (.text:GPIOIntTypeSet)
                  00002550    00000050     heap_2.obj (.text:prvHeapInit)
                  000025a0    0000004c     driverlib.lib : gpio.obj (.text:GPIOPinConfigure)
                  000025ec    0000004c     tasks.obj (.text:prvCheckTasksWaitingTermination)
                  00002638    0000004c     main.obj (.text:prvConfigureUART)
                  00002684    00000048     list.obj (.text:uxListRemove)
                  000026cc    00000044     rtsv7M4_T_le_v4SPD16_eabi.lib : autoinit.c.obj (.text:__TI_auto_init_nobinit_nopinit:__TI_auto_init_nobinit_nopinit)
                  00002710    00000044     queue.obj (.text:prvInitialiseNewQueue)
                  00002754    00000044     port.obj (.text:xPortStartScheduler)
                  00002798    00000040     rtsv7M4_T_le_v4SPD16_eabi.lib : u_divt2.asm.obj (.text)
                  000027d8    0000003c     list.obj (.text:vListInsertEnd)
                  00002814    0000003c     tasks.obj (.text:vTaskDelay)
                  00002850    00000034     driverlib.lib : sysctl.obj (.text:SysCtlPeripheralEnable)
                  00002884    00000034     rtsv7M4_T_le_v4SPD16_eabi.lib : boot_cortex_m.c.obj (.text:_c_int00_noargs:_c_int00_noargs)
                  000028b8    00000030     tasks.obj (.text:prvResetNextTaskUnblockTime)
                  000028e8    00000030     list.obj (.text:vListInitialise)
                  00002918    0000002c     driverlib.lib : gpio.obj (.text:GPIODirModeSet)
                  00002944    0000002c     port.obj (.text:vPortSetupTimerInterrupt)
                  00002970    0000002c     port.obj (.text:xPortSysTickHandler)
                  0000299c    0000002c     queue.obj (.text:xQueueCreateMutex)
                  000029c8    0000002a     queue.obj (.text:prvInitialiseMutex)
                  000029f2    00000026     queue.obj (.text:prvIsQueueFull)
                  00002a18    00000024     main.obj (.text:GPIObIntHandler)
                  00002a3c    00000024     uartstdio.obj (.text:UARTprintf)
                  00002a60    00000024     queue.obj (.text:prvGetDisinheritPriorityAfterTimeout)
                  00002a84    00000024     hello_task.obj (.text:vHelloTask)
                  00002aa8    00000024     port.obj (.text:vPortEnterCritical)
                  00002acc    00000024     tasks.obj (.text:vTaskInternalSetTimeOutState)
                  00002af0    00000020     main.obj (.text:GPIOaIntHandler)
                  00002b10    00000020     queue.obj (.text:prvIsQueueEmpty)
                  00002b30    00000020     tasks.obj (.text:vTaskPlaceOnEventList)
                  00002b50    0000001c     tasks.obj (.text:pvTaskIncrementMutexHeldCount)
                  00002b6c    0000001c     port.obj (.text:vPortExitCritical)
                  00002b88    00000018     driverlib.lib : gpio.obj (.text:GPIOUnlockPin)
                  00002ba0    00000016                   : gpio.obj (.text:GPIOPinTypeUART)
                  00002bb6    00000014     tasks.obj (.text:prvDeleteTCB)
                  00002bca    00000010     driverlib.lib : interrupt.obj (.text:IntMasterDisable)
                  00002bda    00000010     port.obj (.text:prvTaskExitError)
                  00002bea    00000010     list.obj (.text:vListInitialiseItem)
                  00002bfa    00000002     --HOLE-- [fill = 0]
                  00002bfc    00000010     tasks.obj (.text:vTaskSuspendAll)
                  00002c0c    0000000e     rtsv7M4_T_le_v4SPD16_eabi.lib : copy_decompress_none.c.obj (.text:decompress:none:__TI_decompress_none)
                  00002c1a    0000000e     tasks.obj (.text:prvIdleTask)
                  00002c28    0000000c     driverlib.lib : cpu.obj (.text:CPUcpsid)
                  00002c34    0000000c                   : gpio.obj (.text:GPIOIntEnable)
                  00002c40    0000000c     rtsv7M4_T_le_v4SPD16_eabi.lib : copy_zero_init.c.obj (.text:decompress:ZI:__TI_zero_init)
                  00002c4c    0000000c     tasks.obj (.text:uxTaskGetNumberOfTasks)
                  00002c58    0000000c     main.obj (.text:vApplicationStackOverflowHook)
                  00002c64    0000000c     tasks.obj (.text:vTaskMissedYield)
                  00002c70    00000006     driverlib.lib : gpio.obj (.text:GPIOIntClear)
                  00002c76    00000006                   : gpio.obj (.text:GPIOPinWrite)
                  00002c7c    00000006     startup_ccs.obj (.text:ResetISR)
                  00002c82    00000006     driverlib.lib : uart.obj (.text:UARTClockSourceSet)
                  00002c88    00000004     rtsv7M4_T_le_v4SPD16_eabi.lib : pre_init.c.obj (.text:_system_pre_init)
                  00002c8c    00000004                                   : exit.c.obj (.text:abort:abort)

.const     0    00002c90    000000dc     
                  00002c90    00000090     driverlib.lib : gpio.obj (.const:g_pui32GPIOBaseAddrs)
                  00002d20    00000014                   : interrupt.obj (.const:g_pui32EnRegs)
                  00002d34    00000012     uartstdio.obj (.const:.string)
                  00002d46    00000002     --HOLE-- [fill = 0]
                  00002d48    0000000c     uartstdio.obj (.const:g_ui32UARTBase)
                  00002d54    0000000c     uartstdio.obj (.const:g_ui32UARTPeriph)
                  00002d60    00000004     port.obj (.const)
                  00002d64    00000004     tasks.obj (.const)
                  00002d68    00000004     uartstdio.obj (.const)

.cinit     0    00002d70    00000038     
                  00002d70    0000000f     (.cinit..data.load) [load image, compression = lzss]
                  00002d7f    00000001     --HOLE-- [fill = 0]
                  00002d80    0000000c     (__TI_handler_table)
                  00002d8c    00000004     --HOLE-- [fill = 0]
                  00002d90    00000008     (.cinit..bss.load) [load image, compression = zero_init]
                  00002d98    00000010     (__TI_cinit_table)

.init_array 
*          0    00000000    00000000     UNINITIALIZED

.bss       0    20000000    000050d4     UNINITIALIZED
                  20000000    00004f10     heap_2.obj (.bss:ucHeap)
                  20004f10    00000140     tasks.obj (.bss:pxReadyTasksLists)
                  20005050    00000014     tasks.obj (.bss:xDelayedTaskList1)
                  20005064    00000014     tasks.obj (.bss:xDelayedTaskList2)
                  20005078    00000014     tasks.obj (.bss:xPendingReadyList)
                  2000508c    00000014     tasks.obj (.bss:xSuspendedTaskList)
                  200050a0    00000014     tasks.obj (.bss:xTasksWaitingTermination)
                  200050b4    00000008     tasks.obj (.bss)
                  200050bc    00000008     heap_2.obj (.bss:xEnd)
                  200050c4    00000008     heap_2.obj (.bss:xStart)
                  200050cc    00000004     (.common:ToogleLED1)
                  200050d0    00000004     (.common:ToogleLED2)

.data      0    200060d8    00000048     UNINITIALIZED
                  200060d8    00000034     tasks.obj (.data)
                  2000610c    00000008     heap_2.obj (.data)
                  20006114    00000005     uartstdio.obj (.data)
                  20006119    00000002     main.obj (.data)
                  2000611b    00000001     --HOLE--
                  2000611c    00000004     port.obj (.data)

.stack     0    200050d8    00001000     UNINITIALIZED
                  200050d8    00000004     rtsv7M4_T_le_v4SPD16_eabi.lib : boot_cortex_m.c.obj (.stack)
                  200050dc    00000ffc     --HOLE--

__llvm_prf_cnts 
*          0    20000000    00000000     UNINITIALIZED

.binit     0    00000000    00000000     

MODULE SUMMARY

       Module                       code    ro data   rw data
       ------                       ----    -------   -------
    ./
       main.obj                     734     0         10     
       startup_ccs.obj              12      620       0      
    +--+----------------------------+-------+---------+---------+
       Total:                       746     620       10     
                                                             
    ./drivers/
       rtos_hw_drivers.obj          268     0         0      
    +--+----------------------------+-------+---------+---------+
       Total:                       268     0         0      
                                                             
    ./hellow_dir/
       hello_task.obj               154     0         0      
       myLib.obj                    2       0         0      
    +--+----------------------------+-------+---------+---------+
       Total:                       156     0         0      
                                                             
    ./third_party/FreeRTOS/Source/
       tasks.obj                    4008    4         480    
       queue.obj                    1766    0         0      
       list.obj                     298     0         0      
    +--+----------------------------+-------+---------+---------+
       Total:                       6072    4         480    
                                                             
    ./third_party/FreeRTOS/Source/portable/CCS/ARM_CM4F/
       port.obj                     332     4         4      
       portasm.obj                  218     0         0      
    +--+----------------------------+-------+---------+---------+
       Total:                       550     4         4      
                                                             
    ./third_party/FreeRTOS/Source/portable/MemMang/
       heap_2.obj                   528     0         20264  
    +--+----------------------------+-------+---------+---------+
       Total:                       528     0         20264  
                                                             
    ./utils/
       uartstdio.obj                1032    46        5      
    +--+----------------------------+-------+---------+---------+
       Total:                       1032    46        5      
                                                             
    /home/jao/curso/ufsm/Mestrado/Dissertacao/Pototip_DeVereda/ProjetoPrototipo/Tiva/TM4C/driverlib/ccs/Debug/driverlib.lib
       gpio.obj                     642     144       0      
       interrupt.obj                120     20        0      
       sysctl.obj                   52      0         0      
       cpu.obj                      12      0         0      
       uart.obj                     6       0         0      
    +--+----------------------------+-------+---------+---------+
       Total:                       832     164       0      
                                                             
    /home/jao/ti/ccs1010/ccs/tools/compiler/ti-cgt-arm_20.2.1.LTS/lib/rtsv7M4_T_le_v4SPD16_eabi.lib
       memcpy_t2.asm.obj            156     0         0      
       memset_t2.asm.obj            122     0         0      
       copy_decompress_lzss.c.obj   104     0         0      
       autoinit.c.obj               68      0         0      
       u_divt2.asm.obj              64      0         0      
       boot_cortex_m.c.obj          52      0         0      
       copy_decompress_none.c.obj   14      0         0      
       copy_zero_init.c.obj         12      0         0      
       exit.c.obj                   4       0         0      
       pre_init.c.obj               4       0         0      
       div0.asm.obj                 2       0         0      
    +--+----------------------------+-------+---------+---------+
       Total:                       602     0         0      
                                                             
       Stack:                       0       0         4096   
       Linker Generated:            0       51        0      
    +--+----------------------------+-------+---------+---------+
       Grand Total:                 10786   889       24859  


LINKER GENERATED COPY TABLES

__TI_cinit_table @ 00002d98 records: 2, size/record: 8, table size: 16
	.data: load addr=00002d70, load size=0000000f bytes, run addr=200060d8, run size=00000048 bytes, compression=lzss
	.bss: load addr=00002d90, load size=00000008 bytes, run addr=20000000, run size=000050d4 bytes, compression=zero_init


LINKER GENERATED HANDLER TABLE

__TI_handler_table @ 00002d80 records: 3, size/record: 4, table size: 12
	index: 0, handler: __TI_decompress_lzss
	index: 1, handler: __TI_decompress_none
	index: 2, handler: __TI_zero_init


GLOBAL SYMBOLS: SORTED ALPHABETICALLY BY Name 

address   name                               
-------   ----                               
00002c8d  C$$EXIT                            
00002c29  CPUcpsid                           
00002919  GPIODirModeSet                     
00002c71  GPIOIntClear                       
00002c35  GPIOIntEnable                      
000024f9  GPIOIntTypeSet                     
00000915  GPIOPadConfigSet                   
000025a1  GPIOPinConfigure                   
00002ba1  GPIOPinTypeUART                    
00002c77  GPIOPinWrite                       
00002b89  GPIOUnlockPin                      
00002af1  GPIOaIntHandler                    
00002a19  GPIObIntHandler                    
000022fd  IntEnable                          
00002bcb  IntMasterDisable                   
20006119  Led1Value                          
2000611a  Led2Value                          
000010d5  PinoutSet                          
00002c7d  ResetISR                           
00002851  SysCtlPeripheralEnable             
200050cc  ToogleLED1                         
200050d0  ToogleLED2                         
00001e2d  TriggerLed1                        
00001eb5  TriggerLed2                        
00002c83  UARTClockSourceSet                 
0000213d  UARTStdioConfig                    
00002a3d  UARTprintf                         
0000026d  UARTvprintf                        
00002435  UARTwrite                          
000020c3  VoidFunc                           
200060d8  __STACK_END                        
00001000  __STACK_SIZE                       
200060d8  __STACK_TOP                        
00002d98  __TI_CINIT_Base                    
00002da8  __TI_CINIT_Limit                   
00002d80  __TI_Handler_Table_Base            
00002d8c  __TI_Handler_Table_Limit           
000026cd  __TI_auto_init_nobinit_nopinit     
00002365  __TI_decompress_lzss               
00002c0d  __TI_decompress_none               
ffffffff  __TI_pprof_out_hndl                
ffffffff  __TI_prof_data_size                
ffffffff  __TI_prof_data_start               
00000000  __TI_static_base__                 
00002c41  __TI_zero_init                     
0000213b  __aeabi_idiv0                      
0000213b  __aeabi_ldiv0                      
00002049  __aeabi_memclr                     
00002049  __aeabi_memclr4                    
00002049  __aeabi_memclr8                    
00001c79  __aeabi_memcpy                     
00001c79  __aeabi_memcpy4                    
00001c79  __aeabi_memcpy8                    
0000204b  __aeabi_memset                     
0000204b  __aeabi_memset4                    
0000204b  __aeabi_memset8                    
00002799  __aeabi_uidiv                      
00002799  __aeabi_uidivmod                   
ffffffff  __binit__                          
ffffffff  __c_args__                         
UNDEFED   __mpu_init                         
200050d8  __stack                            
20000000  __start___llvm_prf_cnts            
20000000  __stop___llvm_prf_cnts             
00002885  _c_int00_noargs                    
UNDEFED   _system_post_cinit                 
00002c89  _system_pre_init                   
00002c8d  abort                              
ffffffff  binit                              
00000000  g_pfnVectors                       
00001d15  main                               
00001c79  memcpy                             
00002051  memset                             
00000d4d  pvPortMalloc                       
00002b51  pvTaskIncrementMutexHeldCount      
200060d8  pxCurrentTCB                       
00002499  pxPortInitialiseStack              
00002d60  ulMaxSyscallInterruptPriority      
000016a1  ulPortGetIPSR                      
00002685  uxListRemove                       
00002c4d  uxTaskGetNumberOfTasks             
00002d64  uxTopUsedPriority                  
00002433  vApplicationIdleHook               
00002c59  vApplicationStackOverflowHook      
00002a85  vHelloTask                         
000028e9  vListInitialise                    
00002beb  vListInitialiseItem                
000023cd  vListInsert                        
000027d9  vListInsertEnd                     
0000175d  vPortEnableVFP                     
00002aa9  vPortEnterCritical                 
00002b6d  vPortExitCritical                  
00001f3d  vPortFree                          
00001719  vPortSVCHandler                    
00002945  vPortSetupTimerInterrupt           
00001739  vPortStartFirstTask                
00002815  vTaskDelay                         
000014d9  vTaskDelete                        
00002acd  vTaskInternalSetTimeOutState       
00002c65  vTaskMissedYield                   
00002b31  vTaskPlaceOnEventList              
000011e1  vTaskPriorityDisinheritAfterTimeout
00002225  vTaskStartScheduler                
00002bfd  vTaskSuspendAll                    
000019c9  vTaskSwitchContext                 
000016b9  xPortPendSVHandler                 
00002755  xPortStartScheduler                
00002971  xPortSysTickHandler                
0000299d  xQueueCreateMutex                  
00002291  xQueueGenericCreate                
0000176d  xQueueGenericReset                 
00000e85  xQueueGenericSend                  
00001bd5  xQueueGiveFromISR                  
00000bed  xQueueSemaphoreTake                
00001da1  xTaskCheckForTimeOut               
00001fc5  xTaskCreate                        
00000579  xTaskIncrementTick                 
000015b5  xTaskPriorityDisinherit            
00000fb5  xTaskPriorityInherit               
00000a81  xTaskRemoveFromEventList           
00000761  xTaskResumeAll                     


GLOBAL SYMBOLS: SORTED BY Symbol Address 

address   name                               
-------   ----                               
00000000  __TI_static_base__                 
00000000  g_pfnVectors                       
0000026d  UARTvprintf                        
00000579  xTaskIncrementTick                 
00000761  xTaskResumeAll                     
00000915  GPIOPadConfigSet                   
00000a81  xTaskRemoveFromEventList           
00000bed  xQueueSemaphoreTake                
00000d4d  pvPortMalloc                       
00000e85  xQueueGenericSend                  
00000fb5  xTaskPriorityInherit               
00001000  __STACK_SIZE                       
000010d5  PinoutSet                          
000011e1  vTaskPriorityDisinheritAfterTimeout
000014d9  vTaskDelete                        
000015b5  xTaskPriorityDisinherit            
000016a1  ulPortGetIPSR                      
000016b9  xPortPendSVHandler                 
00001719  vPortSVCHandler                    
00001739  vPortStartFirstTask                
0000175d  vPortEnableVFP                     
0000176d  xQueueGenericReset                 
000019c9  vTaskSwitchContext                 
00001bd5  xQueueGiveFromISR                  
00001c79  __aeabi_memcpy                     
00001c79  __aeabi_memcpy4                    
00001c79  __aeabi_memcpy8                    
00001c79  memcpy                             
00001d15  main                               
00001da1  xTaskCheckForTimeOut               
00001e2d  TriggerLed1                        
00001eb5  TriggerLed2                        
00001f3d  vPortFree                          
00001fc5  xTaskCreate                        
00002049  __aeabi_memclr                     
00002049  __aeabi_memclr4                    
00002049  __aeabi_memclr8                    
0000204b  __aeabi_memset                     
0000204b  __aeabi_memset4                    
0000204b  __aeabi_memset8                    
00002051  memset                             
000020c3  VoidFunc                           
0000213b  __aeabi_idiv0                      
0000213b  __aeabi_ldiv0                      
0000213d  UARTStdioConfig                    
00002225  vTaskStartScheduler                
00002291  xQueueGenericCreate                
000022fd  IntEnable                          
00002365  __TI_decompress_lzss               
000023cd  vListInsert                        
00002433  vApplicationIdleHook               
00002435  UARTwrite                          
00002499  pxPortInitialiseStack              
000024f9  GPIOIntTypeSet                     
000025a1  GPIOPinConfigure                   
00002685  uxListRemove                       
000026cd  __TI_auto_init_nobinit_nopinit     
00002755  xPortStartScheduler                
00002799  __aeabi_uidiv                      
00002799  __aeabi_uidivmod                   
000027d9  vListInsertEnd                     
00002815  vTaskDelay                         
00002851  SysCtlPeripheralEnable             
00002885  _c_int00_noargs                    
000028e9  vListInitialise                    
00002919  GPIODirModeSet                     
00002945  vPortSetupTimerInterrupt           
00002971  xPortSysTickHandler                
0000299d  xQueueCreateMutex                  
00002a19  GPIObIntHandler                    
00002a3d  UARTprintf                         
00002a85  vHelloTask                         
00002aa9  vPortEnterCritical                 
00002acd  vTaskInternalSetTimeOutState       
00002af1  GPIOaIntHandler                    
00002b31  vTaskPlaceOnEventList              
00002b51  pvTaskIncrementMutexHeldCount      
00002b6d  vPortExitCritical                  
00002b89  GPIOUnlockPin                      
00002ba1  GPIOPinTypeUART                    
00002bcb  IntMasterDisable                   
00002beb  vListInitialiseItem                
00002bfd  vTaskSuspendAll                    
00002c0d  __TI_decompress_none               
00002c29  CPUcpsid                           
00002c35  GPIOIntEnable                      
00002c41  __TI_zero_init                     
00002c4d  uxTaskGetNumberOfTasks             
00002c59  vApplicationStackOverflowHook      
00002c65  vTaskMissedYield                   
00002c71  GPIOIntClear                       
00002c77  GPIOPinWrite                       
00002c7d  ResetISR                           
00002c83  UARTClockSourceSet                 
00002c89  _system_pre_init                   
00002c8d  C$$EXIT                            
00002c8d  abort                              
00002d60  ulMaxSyscallInterruptPriority      
00002d64  uxTopUsedPriority                  
00002d80  __TI_Handler_Table_Base            
00002d8c  __TI_Handler_Table_Limit           
00002d98  __TI_CINIT_Base                    
00002da8  __TI_CINIT_Limit                   
20000000  __start___llvm_prf_cnts            
20000000  __stop___llvm_prf_cnts             
200050cc  ToogleLED1                         
200050d0  ToogleLED2                         
200050d8  __stack                            
200060d8  __STACK_END                        
200060d8  __STACK_TOP                        
200060d8  pxCurrentTCB                       
20006119  Led1Value                          
2000611a  Led2Value                          
ffffffff  __TI_pprof_out_hndl                
ffffffff  __TI_prof_data_size                
ffffffff  __TI_prof_data_start               
ffffffff  __binit__                          
ffffffff  __c_args__                         
ffffffff  binit                              
UNDEFED   __mpu_init                         
UNDEFED   _system_post_cinit                 

[121 symbols]
